---------------------------------------------- Log begins on Sat Oct 03 17:28:03 2026 ----------------------------------------------
I           m3dapp.cpp[0088]03/10 17:28:03 Starting up...
I           m3dapp.cpp[1498]03/10 17:28:03 ExMachina - release version release build v1.02 (Dec 21 2005 12:15:10)
I      Stackwalker.cpp[0608]03/10 17:28:03 Stackwalker: log file name will be 'b:/exmachina.gm.mod.sdk_/exceptions/hta.exe0035.log'
I      Stackwalker.cpp[0609]03/10 17:28:03 Stackwalker: dump file name will be 'b:/exmachina.gm.mod.sdk_/exceptions/hta.exe0035.dmp'
I      Stackwalker.cpp[0610]03/10 17:28:03 Stackwalker: game log file name will be 'b:/exmachina.gm.mod.sdk_/exceptions/hta.exe0035_game.log'
I           m3dapp.cpp[1391]03/10 17:28:03 Path: B:\ExMachina.GM.mod.SDK_
I           m3dapp.cpp[1392]03/10 17:28:03 Exe: B:\ExMachina.GM.mod.SDK_\hta.exe
I           m3dapp.cpp[1401]03/10 17:28:03 Windows version: 6.2.9200
I           m3dapp.cpp[1410]03/10 17:28:03 Computer name: DESKTOP-QQPV5MQ
I           m3dapp.cpp[1430]03/10 17:28:03 Cpu: GenuineIntel
I           m3dapp.cpp[1434]03/10 17:28:03 Cpu clock: ~3302
I           m3dapp.cpp[1459]03/10 17:28:03 Processor is mmx able
I           m3dapp.cpp[1470]03/10 17:28:03 Physical memory: 4095 MB
I           m3dapp.cpp[1471]03/10 17:28:03 Total memory:    4095 MB
I           m3dapp.cpp[1472]03/10 17:28:03 Physical memory available: 4095 MB
I           m3dapp.cpp[1473]03/10 17:28:03 Total memory available:    3809 MB
I           m3dapp.cpp[2846]03/10 17:28:03 SetCodepage -- using codepage 1251 '1251  (ANSI - кириллица)'
I           m3dapp.cpp[2154]03/10 17:28:03 NOTE! renderer is bind to dxrender9.dll
I           m3dapp.cpp[1336]03/10 17:28:03 d3d: Given device behavior: 80
I           m3dapp.cpp[1336]03/10 17:28:03 d3d: Confirmed device behavior: 80
I           m3dapp.cpp[1336]03/10 17:28:03 d3d: Description: NVIDIA GeForce GTX 1650
I           m3dapp.cpp[1336]03/10 17:28:03 d3d: Driver:      nvldumd.dll
I           m3dapp.cpp[1336]03/10 17:28:03 d3d: VendorId:    0x10de
I           m3dapp.cpp[1336]03/10 17:28:03 d3d: DeviceId:    0x1f0a
I           m3dapp.cpp[1336]03/10 17:28:03 d3d: SubSysId:    0x145c1771
I           m3dapp.cpp[1336]03/10 17:28:03 d3d: Revision:    161
I           m3dapp.cpp[1336]03/10 17:28:03 d3d: Driver version info:
I           m3dapp.cpp[1336]03/10 17:28:03 d3d:   Product:    32
I           m3dapp.cpp[1336]03/10 17:28:03 d3d:   Version:    0
I           m3dapp.cpp[1336]03/10 17:28:03 d3d:   SubVersion: 15
I           m3dapp.cpp[1336]03/10 17:28:03 d3d:   Build:      8129
I           m3dapp.cpp[1336]03/10 17:28:03 d3d: WHQLLevel:    0
I           m3dapp.cpp[1336]03/10 17:28:03 d3d: Texture max size: 16384x16384
I           m3dapp.cpp[1336]03/10 17:28:03 d3d: Guard band: (-100000000.000,-100000000.000,100000000.000,100000000.000)
I           m3dapp.cpp[1336]03/10 17:28:03 d3d: MaxTextureBlendStages: 8
I           m3dapp.cpp[1336]03/10 17:28:03 d3d: MaxSimultaneousTextures: 8
I           m3dapp.cpp[1336]03/10 17:28:03 d3d: MaxActiveLights: 10
I           m3dapp.cpp[1336]03/10 17:28:03 d3d: MaxUserClipPlanes: 8
I           m3dapp.cpp[1336]03/10 17:28:03 d3d: VertexShaderVersion: 0xfffe0300
I           m3dapp.cpp[1336]03/10 17:28:03 d3d: PixelShaderVersion: 0xffff0300
I           m3dapp.cpp[1336]03/10 17:28:03 d3d: Geometry instancing: supported
I           m3dapp.cpp[1336]03/10 17:28:03 d3d: Depth bias supported: yes
I           m3dapp.cpp[1336]03/10 17:28:03 d3d: Slope-scale based depth bias supported: yes
I           m3dapp.cpp[1336]03/10 17:28:03 d3d: HwRasterization: true
I           m3dapp.cpp[1336]03/10 17:28:03 d3d: HwTnL: true
I           m3dapp.cpp[1336]03/10 17:28:03 d3d: PureDevice: true
I           m3dapp.cpp[1336]03/10 17:28:03 d3d: CubeMap: true
I           m3dapp.cpp[1336]03/10 17:28:03 d3d: VolumeMap: true
I           m3dapp.cpp[1336]03/10 17:28:03 d3d: TextureAddressCaps:
I           m3dapp.cpp[1336]03/10 17:28:03 d3d: 	wrap: true
I           m3dapp.cpp[1336]03/10 17:28:03 d3d: 	clamp: true
I           m3dapp.cpp[1336]03/10 17:28:03 d3d: 	border: true
I           m3dapp.cpp[1336]03/10 17:28:03 d3d: Projective textures: true
I           m3dapp.cpp[1336]03/10 17:28:03 d3d: MaxPointSize: 8192.000
I           m3dapp.cpp[1336]03/10 17:28:03 d3d: MaxPrimitiveCount: 16777215
I           m3dapp.cpp[1336]03/10 17:28:03 d3d: MaxVertexIndex: 16777215
I           m3dapp.cpp[1336]03/10 17:28:03 d3d: MaxStreams: 16
I           m3dapp.cpp[1336]03/10 17:28:03 d3d: MaxStreamsStride: 255
I           m3dapp.cpp[1336]03/10 17:28:03 d3d: MaxAnisotropy: 16
I           m3dapp.cpp[1336]03/10 17:28:03 d3d: MaxVertexBlendMatrices: 4
I           m3dapp.cpp[1336]03/10 17:28:03 d3d: MaxVertexBlendMatrixIndex: 8
I           m3dapp.cpp[1336]03/10 17:28:03 d3d: FullScreenGamma: true
I           m3dapp.cpp[1336]03/10 17:28:03 d3d: COLORWRITEENABLE: true
I           m3dapp.cpp[1336]03/10 17:28:03 d3d: MASKZ: true
I           m3dapp.cpp[1336]03/10 17:28:03 d3d: BLENDOP: true
I           m3dapp.cpp[1336]03/10 17:28:03 d3d: CLIPPLANESCALEDPOINTS: false
I           m3dapp.cpp[1336]03/10 17:28:03 d3d: CLIPTLVERTS: true
I           m3dapp.cpp[1336]03/10 17:28:03 d3d: TSSARGTEMP: true
I           m3dapp.cpp[1336]03/10 17:28:03 d3d: DIRECTIONALLIGHTS: true
I           m3dapp.cpp[1336]03/10 17:28:03 d3d: LOCALVIEWER: true
I           m3dapp.cpp[1336]03/10 17:28:03 d3d: POSITIONALLIGHTS: true
I           m3dapp.cpp[1336]03/10 17:28:03 d3d: TEXGEN:  true
I           m3dapp.cpp[1336]03/10 17:28:03 d3d: TWEENING:  true
I           m3dapp.cpp[1336]03/10 17:28:03 d3d: Dp3: true
I           m3dapp.cpp[1336]03/10 17:28:03 d3d: Lerp: true
I           m3dapp.cpp[1336]03/10 17:28:03 d3d: MaxNpatchTessellationLevel: 0.000
I           m3dapp.cpp[1336]03/10 17:28:03 d3d: Query VCACHE support: true
I           m3dapp.cpp[1336]03/10 17:28:03 d3d: Query EVENT support: true
I           m3dapp.cpp[1336]03/10 17:28:03 d3d: Query OCCLUSION support: true
I           m3dapp.cpp[1336]03/10 17:28:03 d3d: Query TIMESTAMP support: true
I           m3dapp.cpp[1336]03/10 17:28:03 d3d: Query TIMESTAMPDISJOINT support: true
I           m3dapp.cpp[1336]03/10 17:28:03 d3d: Query TIMESTAMPFREQ support: true
I           m3dapp.cpp[1336]03/10 17:28:03 d3d: Query PIPELINETIMINGS support: false
I           m3dapp.cpp[1336]03/10 17:28:03 d3d: Query INTERFACETIMINGS support: false
I           m3dapp.cpp[1336]03/10 17:28:03 d3d: Query VERTEXTIMINGS support: false
I           m3dapp.cpp[1336]03/10 17:28:03 d3d: Query PIXELTIMINGS support: false
I           m3dapp.cpp[1336]03/10 17:28:03 d3d: Query BANDWIDTHTIMINGS support: false
I           m3dapp.cpp[1336]03/10 17:28:03 d3d: Query CACHEUTILIZATION support: false
I           m3dapp.cpp[1336]03/10 17:28:03 d3d: Creating or resetting the device
I           m3dapp.cpp[1336]03/10 17:28:03 d3d: Back buffer format: X8R8G8B8
I           m3dapp.cpp[1336]03/10 17:28:03 d3d: Depth/stencil buffer format: D24S8
I           m3dapp.cpp[1336]03/10 17:28:03 d3d: Stenciling: off
I           m3dapp.cpp[1336]03/10 17:28:03 d3d: Rgba textures format: DXT5
I           m3dapp.cpp[1336]03/10 17:28:03 d3d: Rgba no c. textures format: A8R8G8B8
I           m3dapp.cpp[1336]03/10 17:28:03 d3d: RgbA textures format: DXT5
I           m3dapp.cpp[1336]03/10 17:28:03 d3d: RgbA no c. textures format: A4R4G4B4
I           m3dapp.cpp[1336]03/10 17:28:03 d3d: Rt textures format: A8R8G8B8
I           m3dapp.cpp[1336]03/10 17:28:03 d3d: Shadow textures format: R5G6B5
I           m3dapp.cpp[1336]03/10 17:28:03 d3d: Rt depth format: D16
I           m3dapp.cpp[2206]03/10 17:28:03 NOTE! input is bind to input_di8.dll
I           m3dapp.cpp[1938]03/10 17:28:03 NOTE! sound is bind to sound.dll
I           m3dapp.cpp[1343]03/10 17:28:03 snd: Max sound channels available: 128
I           m3dapp.cpp[1343]03/10 17:28:03 snd: Sound is inited successfully
I           m3dapp.cpp[1350]03/10 17:28:03 input: Joystick not found
I             font.cpp[0976]03/10 17:28:03 FontManager: fonts are loaded successfully
I           m3dapp.cpp[1336]03/10 17:28:03 d3d: Cannot open data\models\logos\fishmen.dds
I           m3dapp.cpp[1336]03/10 17:28:03 d3d: texmap failed to load: data\models\logos\fishmen.dds
E       DraftModel.cpp[1002]03/10 17:28:03 Error: Couldn't load texture data\models\logos\fishmen.dds for model logos.gam
I           m3dapp.cpp[1336]03/10 17:28:03 d3d: Cannot open data\models\logos\logo36.dds
I           m3dapp.cpp[1336]03/10 17:28:03 d3d: texmap failed to load: data\models\logos\logo36.dds
E       DraftModel.cpp[1002]03/10 17:28:03 Error: Couldn't load texture data\models\logos\logo36.dds for model logos.gam
I           m3dapp.cpp[1336]03/10 17:28:03 d3d: Cannot open data\models\logos\logo37.dds
I           m3dapp.cpp[1336]03/10 17:28:03 d3d: texmap failed to load: data\models\logos\logo37.dds
E       DraftModel.cpp[1002]03/10 17:28:03 Error: Couldn't load texture data\models\logos\logo37.dds for model logos.gam
I           m3dapp.cpp[1336]03/10 17:28:03 d3d: Cannot open data\models\logos\logo38.dds
I           m3dapp.cpp[1336]03/10 17:28:03 d3d: texmap failed to load: data\models\logos\logo38.dds
E       DraftModel.cpp[1002]03/10 17:28:03 Error: Couldn't load texture data\models\logos\logo38.dds for model logos.gam
I           m3dapp.cpp[1336]03/10 17:28:03 d3d: Cannot open data\models\logos\logo39.dds
I           m3dapp.cpp[1336]03/10 17:28:03 d3d: texmap failed to load: data\models\logos\logo39.dds
E       DraftModel.cpp[1002]03/10 17:28:03 Error: Couldn't load texture data\models\logos\logo39.dds for model logos.gam
I           m3dapp.cpp[1336]03/10 17:28:03 d3d: Cannot open data\models\logos\logo40.dds
I           m3dapp.cpp[1336]03/10 17:28:03 d3d: texmap failed to load: data\models\logos\logo40.dds
E       DraftModel.cpp[1002]03/10 17:28:03 Error: Couldn't load texture data\models\logos\logo40.dds for model logos.gam
I           m3dapp.cpp[1336]03/10 17:28:03 d3d: Cannot open data\models\logos\logo41.dds
I           m3dapp.cpp[1336]03/10 17:28:03 d3d: texmap failed to load: data\models\logos\logo41.dds
E       DraftModel.cpp[1002]03/10 17:28:03 Error: Couldn't load texture data\models\logos\logo41.dds for model logos.gam
I           m3dapp.cpp[1336]03/10 17:28:03 d3d: Cannot open data\models\logos\logo42.dds
I           m3dapp.cpp[1336]03/10 17:28:03 d3d: texmap failed to load: data\models\logos\logo42.dds
E       DraftModel.cpp[1002]03/10 17:28:03 Error: Couldn't load texture data\models\logos\logo42.dds for model logos.gam
I           m3dapp.cpp[1336]03/10 17:28:03 d3d: Cannot open data\models\logos\logo43.dds
I           m3dapp.cpp[1336]03/10 17:28:03 d3d: texmap failed to load: data\models\logos\logo43.dds
E       DraftModel.cpp[1002]03/10 17:28:03 Error: Couldn't load texture data\models\logos\logo43.dds for model logos.gam
I           m3dapp.cpp[1336]03/10 17:28:03 d3d: Cannot open data\models\logos\logo44.dds
I           m3dapp.cpp[1336]03/10 17:28:03 d3d: texmap failed to load: data\models\logos\logo44.dds
E       DraftModel.cpp[1002]03/10 17:28:03 Error: Couldn't load texture data\models\logos\logo44.dds for model logos.gam
I           m3dapp.cpp[1336]03/10 17:28:03 d3d: Cannot open data\models\logos\logo45.dds
I           m3dapp.cpp[1336]03/10 17:28:03 d3d: texmap failed to load: data\models\logos\logo45.dds
E       DraftModel.cpp[1002]03/10 17:28:03 Error: Couldn't load texture data\models\logos\logo45.dds for model logos.gam
I           m3dapp.cpp[1336]03/10 17:28:03 d3d: Cannot open data\models\logos\logo46.dds
I           m3dapp.cpp[1336]03/10 17:28:03 d3d: texmap failed to load: data\models\logos\logo46.dds
E       DraftModel.cpp[1002]03/10 17:28:03 Error: Couldn't load texture data\models\logos\logo46.dds for model logos.gam
I           m3dapp.cpp[1336]03/10 17:28:03 d3d: Cannot open data\models\logos\logo47.dds
I           m3dapp.cpp[1336]03/10 17:28:03 d3d: texmap failed to load: data\models\logos\logo47.dds
E       DraftModel.cpp[1002]03/10 17:28:03 Error: Couldn't load texture data\models\logos\logo47.dds for model logos.gam
I           m3dapp.cpp[1336]03/10 17:28:03 d3d: Cannot open data\models\logos\logo48.dds
I           m3dapp.cpp[1336]03/10 17:28:03 d3d: texmap failed to load: data\models\logos\logo48.dds
E       DraftModel.cpp[1002]03/10 17:28:03 Error: Couldn't load texture data\models\logos\logo48.dds for model logos.gam
I           m3dapp.cpp[1336]03/10 17:28:03 d3d: Cannot open data\models\logos\logo49.dds
I           m3dapp.cpp[1336]03/10 17:28:03 d3d: texmap failed to load: data\models\logos\logo49.dds
E       DraftModel.cpp[1002]03/10 17:28:03 Error: Couldn't load texture data\models\logos\logo49.dds for model logos.gam
I           m3dapp.cpp[1336]03/10 17:28:03 d3d: Cannot open data\models\logos\logo50.dds
I           m3dapp.cpp[1336]03/10 17:28:03 d3d: texmap failed to load: data\models\logos\logo50.dds
E       DraftModel.cpp[1002]03/10 17:28:03 Error: Couldn't load texture data\models\logos\logo50.dds for model logos.gam
I           m3dapp.cpp[1336]03/10 17:28:03 d3d: Cannot open data\models\logos\logo51.dds
I           m3dapp.cpp[1336]03/10 17:28:03 d3d: texmap failed to load: data\models\logos\logo51.dds
E       DraftModel.cpp[1002]03/10 17:28:03 Error: Couldn't load texture data\models\logos\logo51.dds for model logos.gam
I           m3dapp.cpp[1336]03/10 17:28:03 d3d: Cannot open data\models\logos\logo52.dds
I           m3dapp.cpp[1336]03/10 17:28:03 d3d: texmap failed to load: data\models\logos\logo52.dds
E       DraftModel.cpp[1002]03/10 17:28:03 Error: Couldn't load texture data\models\logos\logo52.dds for model logos.gam
I           m3dapp.cpp[1336]03/10 17:28:03 d3d: Cannot open data\models\logos\logo53.dds
I           m3dapp.cpp[1336]03/10 17:28:03 d3d: texmap failed to load: data\models\logos\logo53.dds
E       DraftModel.cpp[1002]03/10 17:28:03 Error: Couldn't load texture data\models\logos\logo53.dds for model logos.gam
I           m3dapp.cpp[1336]03/10 17:28:03 d3d: Cannot open data\models\logos\logo54.dds
I           m3dapp.cpp[1336]03/10 17:28:03 d3d: texmap failed to load: data\models\logos\logo54.dds
E       DraftModel.cpp[1002]03/10 17:28:03 Error: Couldn't load texture data\models\logos\logo54.dds for model logos.gam
I           m3dapp.cpp[1336]03/10 17:28:03 d3d: Cannot open data\models\logos\logo55.dds
I           m3dapp.cpp[1336]03/10 17:28:03 d3d: texmap failed to load: data\models\logos\logo55.dds
E       DraftModel.cpp[1002]03/10 17:28:03 Error: Couldn't load texture data\models\logos\logo55.dds for model logos.gam
I           m3dapp.cpp[1336]03/10 17:28:03 d3d: Cannot open data\models\logos\logo56.dds
I           m3dapp.cpp[1336]03/10 17:28:03 d3d: texmap failed to load: data\models\logos\logo56.dds
E       DraftModel.cpp[1002]03/10 17:28:03 Error: Couldn't load texture data\models\logos\logo56.dds for model logos.gam
I           m3dapp.cpp[1336]03/10 17:28:03 d3d: Cannot open data\models\logos\logo57.dds
I           m3dapp.cpp[1336]03/10 17:28:03 d3d: texmap failed to load: data\models\logos\logo57.dds
E       DraftModel.cpp[1002]03/10 17:28:03 Error: Couldn't load texture data\models\logos\logo57.dds for model logos.gam
I           m3dapp.cpp[1336]03/10 17:28:03 d3d: Cannot open data\models\logos\logo58.dds
I           m3dapp.cpp[1336]03/10 17:28:03 d3d: texmap failed to load: data\models\logos\logo58.dds
E       DraftModel.cpp[1002]03/10 17:28:03 Error: Couldn't load texture data\models\logos\logo58.dds for model logos.gam
I           m3dapp.cpp[1336]03/10 17:28:03 d3d: Cannot open data\models\logos\logo59.dds
I           m3dapp.cpp[1336]03/10 17:28:03 d3d: texmap failed to load: data\models\logos\logo59.dds
E       DraftModel.cpp[1002]03/10 17:28:03 Error: Couldn't load texture data\models\logos\logo59.dds for model logos.gam
I           m3dapp.cpp[1336]03/10 17:28:03 d3d: Cannot open data\models\logos\logo60.dds
I           m3dapp.cpp[1336]03/10 17:28:03 d3d: texmap failed to load: data\models\logos\logo60.dds
E       DraftModel.cpp[1002]03/10 17:28:03 Error: Couldn't load texture data\models\logos\logo60.dds for model logos.gam
I           m3dapp.cpp[1336]03/10 17:28:03 d3d: Cannot open data\models\logos\logo61.dds
I           m3dapp.cpp[1336]03/10 17:28:03 d3d: texmap failed to load: data\models\logos\logo61.dds
E       DraftModel.cpp[1002]03/10 17:28:03 Error: Couldn't load texture data\models\logos\logo61.dds for model logos.gam
I           m3dapp.cpp[1336]03/10 17:28:03 d3d: Cannot open data\models\logos\logo62.dds
I           m3dapp.cpp[1336]03/10 17:28:03 d3d: texmap failed to load: data\models\logos\logo62.dds
E       DraftModel.cpp[1002]03/10 17:28:03 Error: Couldn't load texture data\models\logos\logo62.dds for model logos.gam
I           m3dapp.cpp[1336]03/10 17:28:03 d3d: Cannot open data\models\logos\logo63.dds
I           m3dapp.cpp[1336]03/10 17:28:03 d3d: texmap failed to load: data\models\logos\logo63.dds
E       DraftModel.cpp[1002]03/10 17:28:03 Error: Couldn't load texture data\models\logos\logo63.dds for model logos.gam
I           m3dapp.cpp[1336]03/10 17:28:03 d3d: Cannot open data\models\logos\logo64.dds
I           m3dapp.cpp[1336]03/10 17:28:03 d3d: texmap failed to load: data\models\logos\logo64.dds
E       DraftModel.cpp[1002]03/10 17:28:03 Error: Couldn't load texture data\models\logos\logo64.dds for model logos.gam
I           m3dapp.cpp[1336]03/10 17:28:03 d3d: Cannot open data\models\logos\logo65.dds
I           m3dapp.cpp[1336]03/10 17:28:03 d3d: texmap failed to load: data\models\logos\logo65.dds
E       DraftModel.cpp[1002]03/10 17:28:03 Error: Couldn't load texture data\models\logos\logo65.dds for model logos.gam
I           m3dapp.cpp[1336]03/10 17:28:03 d3d: Cannot open data\models\logos\logo66.dds
I           m3dapp.cpp[1336]03/10 17:28:03 d3d: texmap failed to load: data\models\logos\logo66.dds
E       DraftModel.cpp[1002]03/10 17:28:03 Error: Couldn't load texture data\models\logos\logo66.dds for model logos.gam
I           m3dapp.cpp[1336]03/10 17:28:03 d3d: Cannot open data\models\logos\logo67.dds
I           m3dapp.cpp[1336]03/10 17:28:03 d3d: texmap failed to load: data\models\logos\logo67.dds
E       DraftModel.cpp[1002]03/10 17:28:03 Error: Couldn't load texture data\models\logos\logo67.dds for model logos.gam
I           m3dapp.cpp[1336]03/10 17:28:03 d3d: Cannot open data\models\logos\logo68.dds
I           m3dapp.cpp[1336]03/10 17:28:03 d3d: texmap failed to load: data\models\logos\logo68.dds
E       DraftModel.cpp[1002]03/10 17:28:03 Error: Couldn't load texture data\models\logos\logo68.dds for model logos.gam
I           m3dapp.cpp[1336]03/10 17:28:03 d3d: Cannot open data\models\logos\logo69.dds
I           m3dapp.cpp[1336]03/10 17:28:03 d3d: texmap failed to load: data\models\logos\logo69.dds
E       DraftModel.cpp[1002]03/10 17:28:03 Error: Couldn't load texture data\models\logos\logo69.dds for model logos.gam
I           m3dapp.cpp[1336]03/10 17:28:03 d3d: Cannot open data\models\logos\logo70.dds
I           m3dapp.cpp[1336]03/10 17:28:03 d3d: texmap failed to load: data\models\logos\logo70.dds
E       DraftModel.cpp[1002]03/10 17:28:03 Error: Couldn't load texture data\models\logos\logo70.dds for model logos.gam
I      gameimpulse.cpp[0288]03/10 17:28:03 Key bindings: were inited successfully
I           view32.cpp[0705]03/10 17:28:03 --- Init Media ---
I    GameUiManager.cpp[0303]03/10 17:28:03 Interface: is initializing...
I    GameUiManager.cpp[1580]03/10 17:28:03 Interface: clearing resource infos ...
I    GameUiManager.cpp[1491]03/10 17:28:03 Interface: loading resource infos ...
I    GameUiManager.cpp[1603]03/10 17:28:03 Interface: loading resources ...
I           m3dapp.cpp[1343]03/10 17:28:03 snd: Error: Can't Open SoundFile: 
I           m3dapp.cpp[1343]03/10 17:28:03 snd: Cannot open sound stream from file . Error: File not found, flags: 8272
I    GameUiManager.cpp[0395]03/10 17:28:03 Interface: is inited successfully
I        LevelInfo.cpp[0806]03/10 17:28:03 Level infos were loaded successfully from file data\if\diz\LevelInfo.xml
I        LevelInfo.cpp[0837]03/10 17:28:03 Error: could't open data\maps\r1m8.ssl file
E        LevelInfo.cpp[0749]03/10 17:28:03 LevelInfoManager was inited with errors
I   TruxxUiManager.cpp[0191]03/10 17:28:03 TruxxUiManager: was inited successfully
I      gameimpulse.cpp[0618]03/10 17:28:04 Key bindings: unbind all is done
I      gameimpulse.cpp[0324]03/10 17:28:04 Key bindings: were loaded successfully from file data\scripts\DefaultKeyBindings.lua
I      gameimpulse.cpp[1194]03/10 17:28:04 Key bindings: were bind from defaults
I            video.cpp[0704]03/10 17:28:04 Could not load specified video file: data\video\logobuka.wmv (hr = 80070003)
I     view32_video.cpp[0061]03/10 17:28:04 Error: couldn't load video 'data\video\logobuka.wmv'
I            video.cpp[0704]03/10 17:28:04 Could not load specified video file: data\video\logotargem.wmv (hr = 80070003)
I     view32_video.cpp[0061]03/10 17:28:04 Error: couldn't load video 'data\video\logotargem.wmv'
I            video.cpp[0704]03/10 17:28:04 Could not load specified video file: data\video\INTRO_RUS_FIELD.wmv (hr = 80070003)
I     view32_video.cpp[0061]03/10 17:28:04 Error: couldn't load video 'data\video\INTRO_RUS_FIELD.wmv'
I             core.lua[0013]03/10 17:28:04 IMPROVED STORYLINE V1.0.5.3 ORIGINAL BUILD 220422
I           m3dapp.cpp[1808]03/10 17:28:04 ----------------------- Engine inited in: 0
I          Profile.cpp[0602]03/10 17:28:04 Profile "RiverZone" set
I   TruxxUiManager.cpp[1422]03/10 17:28:04 Game mode changed. Old mode = 3, new mode = 2
I        SplashWnd.cpp[0244]03/10 17:28:04 Start splashing 11
I           view32.cpp[1048]03/10 17:28:04 -- Loading Level: data\maps\mainmenu.ssl --
I            world.cpp[0132]03/10 17:28:04 ----------------------- World Loading
F        landscape.cpp[1674]03/10 17:28:04  +- Enter function: Landscape::Load()
I        landscape.cpp[1911]03/10 17:28:04  |  ----------------------- Normal map loaded in: 0
I        landscape.cpp[1920]03/10 17:28:04  |  ----------------------- Tiles loaded in: 9
I        landscape.cpp[1944]03/10 17:28:04  |  ----------------------- ShoreLine loaded in: 0
F        landscape.cpp[1944]03/10 17:28:04  +- Exit function: Landscape::Load()
I            world.cpp[0169]03/10 17:28:04 ----------------------- Landscape loaded in: 46
I       DataServer.cpp[0587]03/10 17:28:04 Loading Servers: data\maps\MainMenu\servers.xml
I serverAnimatedModel.cpp[0630]03/10 17:28:04 ### Total time: 469, GAM time: 251
I       DataServer.cpp[0587]03/10 17:28:04 Loading Servers: data\models\commonservers.xml
E      serverMusic.cpp[0216]03/10 17:28:05 MusicServer: cannot read file: data\music\music.xml id = 'LaBelleTown'
E      serverMusic.cpp[0216]03/10 17:28:05 MusicServer: cannot read file: data\music\music.xml id = 'block6_driving2'
I            world.cpp[0210]03/10 17:28:05 ----------------------- Servers loaded in: 1654
I            world.cpp[0338]03/10 17:28:05 LoadWorld begin...
I            world.cpp[0350]03/10 17:28:05 %%%% read/parse xml: 7
I            world.cpp[0362]03/10 17:28:05 %%%% read from xml: 2
E    PlayerPassMap.cpp[0139]03/10 17:28:05 Couldn't load player pass map from file data\maps\MainMenu\player_passmap.xml
I            world.cpp[0444]03/10 17:28:05 %%%% link nodes: 8
I            world.cpp[0220]03/10 17:28:05 ----------------------- Nodes loaded in: 18
I            world.cpp[0228]03/10 17:28:05 ----------------------- Prefabs loaded in: 0
I            world.cpp[0247]03/10 17:28:06 ----------------------- World loaded in: 1791
I            world.cpp[0278]03/10 17:28:06 ----------------------- Roads loaded in: 63
I           view32.cpp[1078]03/10 17:28:06 Load Server begin...
I   TruxxUiManager.cpp[0974]03/10 17:28:06 Interface: is loaded successfully
I           server.cpp[0789]03/10 17:28:06 AI: Loading Server...
I           server.cpp[0796]03/10 17:28:06 	AI: Loading Relationship
I     Relationship.cpp[0134]03/10 17:28:06 		 File readed
I           server.cpp[0801]03/10 17:28:06 	AI: Loading SoilProps
I           server.cpp[0804]03/10 17:28:06 	AI: Loading ExternalPaths
I           server.cpp[0807]03/10 17:28:06 	AI: Loading PlayerPassMap
E    PlayerPassMap.cpp[0139]03/10 17:28:06 Couldn't load player pass map from file data\maps\MainMenu\player_passmap.xml
I           server.cpp[0813]03/10 17:28:06 	AI: Loading GameObjects
I           server.cpp[0816]03/10 17:28:06 	AI: Initializing VehicleGeneratorInfoCache
I           server.cpp[0820]03/10 17:28:06 	AI: Refreshing GameObjects
I           server.cpp[0824]03/10 17:28:06 	AI: Loading QuestStates
I       QuestState.cpp[0904]03/10 17:28:06 Quest 'Human1_Quest1' can be given now
I       QuestState.cpp[0904]03/10 17:28:06 Quest 'Human1_Quest2' can be given now
I       QuestState.cpp[0904]03/10 17:28:06 Quest 'BenGoodEnd' can be given now
I       QuestState.cpp[0904]03/10 17:28:06 Quest 'q_PlaceWithSign' can be given now
I       QuestState.cpp[0904]03/10 17:28:06 Quest 'r3m2_OracleMemory' can be given now
I       QuestState.cpp[0904]03/10 17:28:06 Quest 'r3m2_TalkWithLisa' can be given now
I       QuestState.cpp[0904]03/10 17:28:06 Quest 'r3m2_TalkWithBenAboutCarAfterOracul' can be given now
I       QuestState.cpp[0904]03/10 17:28:06 Quest 'r3m2_FindInfoAboutFather' can be given now
I       QuestState.cpp[0904]03/10 17:28:06 Quest 'r3m1_LureMainDriud' can be given now
I       QuestState.cpp[0904]03/10 17:28:06 Quest 'r3m1_ClearSanctuary' can be given now
I       QuestState.cpp[0904]03/10 17:28:06 Quest 'r3m1_KnowAboutUluk' can be given now
I       QuestState.cpp[0904]03/10 17:28:06 Quest 'r3m1_RescueUlukCivil' can be given now
I       QuestState.cpp[0904]03/10 17:28:06 Quest 'q_VisitDruid' can be given now
I       QuestState.cpp[0904]03/10 17:28:06 Quest 'r2m2_Znaki2_Quest' can be given now
I       QuestState.cpp[0904]03/10 17:28:06 Quest 'r2m2_HeadsHunterQuest' can be given now
I       QuestState.cpp[0904]03/10 17:28:06 Quest 'r2m2_OldDvigatel1_Quest' can be given now
I       QuestState.cpp[0904]03/10 17:28:06 Quest 'r2m2_OldDvigatel2_Quest' can be given now
I       QuestState.cpp[0904]03/10 17:28:06 Quest 'r2m2_FightFelix' can be given now
I       QuestState.cpp[0904]03/10 17:28:06 Quest 'r2m2_ReturnToMarecciaFromCastle' can be given now
I       QuestState.cpp[0904]03/10 17:28:06 Quest 'r2m2_FightWithAxelInArena_Quest' can be given now
I       QuestState.cpp[0904]03/10 17:28:06 Quest 'r2m2_FindLisAfterAxelAndFatherDie_Quest' can be given now
I       QuestState.cpp[0904]03/10 17:28:06 Quest 'r2m2_ToLisaToMonastir' can be given now
I       QuestState.cpp[0904]03/10 17:28:06 Quest 'r2m2_FightLisaToMonastir' can be given now
I       QuestState.cpp[0904]03/10 17:28:06 Quest 'r2m2_GiveDisk2ToOrakul' can be given now
I       QuestState.cpp[0904]03/10 17:28:06 Quest 'MrShlyapa3_Quest' can be given now
I       QuestState.cpp[0904]03/10 17:28:06 Quest 'r2m1_ArtAntipod_Quest' can be given now
I       QuestState.cpp[0904]03/10 17:28:06 Quest 'r2m1_TakeNarcotics_Quest' can be given now
I       QuestState.cpp[0904]03/10 17:28:06 Quest 'r2m1_KillGodFather_Quest' can be given now
I       QuestState.cpp[0904]03/10 17:28:06 Quest 'MrShlyapaSecret' can be given now
I       QuestState.cpp[0904]03/10 17:28:06 Quest 'd_GetSupportOneOfTheBands2_Quest' can be given now
I       QuestState.cpp[0904]03/10 17:28:06 Quest 'd_GetSupportOneOfTheBands1_Quest' can be given now
I       QuestState.cpp[0904]03/10 17:28:06 Quest 'd_FindVerbInAR_Quest' can be given now
I       QuestState.cpp[0904]03/10 17:28:06 Quest 'd_FindVerbInSNG_Quest' can be given now
I       QuestState.cpp[0904]03/10 17:28:06 Quest 'd_PatrulSideSNG_Quest' can be given now
I       QuestState.cpp[0904]03/10 17:28:06 Quest 'd_TakeGeneralOfBandits_Quest' can be given now
I       QuestState.cpp[0904]03/10 17:28:06 Quest 'r2m1_TW_AlienInShip' can be given now
I       QuestState.cpp[0904]03/10 17:28:06 Quest 'Podderzhka_Quest' can be given now
I       QuestState.cpp[0904]03/10 17:28:06 Quest 'Zashita_Quest' can be given now
I       QuestState.cpp[0904]03/10 17:28:06 Quest 'preEretik_Quest' can be given now
I       QuestState.cpp[0904]03/10 17:28:06 Quest 'ReturnQuest' can be given now
I       QuestState.cpp[0904]03/10 17:28:06 Quest 'd_FindVerbInAM_Quest' can be given now
I       QuestState.cpp[0904]03/10 17:28:06 Quest 'OdettIsDead_Quest' can be given now
I       QuestState.cpp[0904]03/10 17:28:06 Quest 'Disk2OrakulLisa' can be given now
I       QuestState.cpp[0904]03/10 17:28:06 Quest 'FindGomerB_Quest1' can be given now
I       QuestState.cpp[0904]03/10 17:28:06 Quest 'FreeExtremistLeader_Quest1' can be given now
I       QuestState.cpp[0904]03/10 17:28:06 Quest 'KillExtremist_Quest1' can be given now
I       QuestState.cpp[0904]03/10 17:28:06 Quest 'r1m4_TalkWithOldTraderAboutSecondDisk' can be given now
I       QuestState.cpp[0904]03/10 17:28:06 Quest 'q_FindHusbent' can be given now
I       QuestState.cpp[0904]03/10 17:28:06 Quest 'RybakToOlm_Quest' can be given now
I       QuestState.cpp[0904]03/10 17:28:06 Quest 'AnanagaTech_Quest' can be given now
I       QuestState.cpp[0904]03/10 17:28:06 Quest 'MrShlyapa2_Quest' can be given now
I       QuestState.cpp[0904]03/10 17:28:06 Quest 'ToCordanToTikhomir_Quest' can be given now
I       QuestState.cpp[0904]03/10 17:28:06 Quest 'r1m3_BonnyAndKlideQuest' can be given now
I       QuestState.cpp[0904]03/10 17:28:06 Quest 'r1m3_ArchHelp' can be given now
I       QuestState.cpp[0904]03/10 17:28:06 Quest 'r1m3_CrazyManQuest' can be given now
I       QuestState.cpp[0904]03/10 17:28:06 Quest 'r1m3_OldTownOutsiderCar2_Quest' can be given now
I       QuestState.cpp[0904]03/10 17:28:06 Quest 'FightForPesht' can be given now
I       QuestState.cpp[0904]03/10 17:28:06 Quest 'd_RideAcrossBase_Quest' can be given now
I       QuestState.cpp[0904]03/10 17:28:06 Quest 'd_GiveMoneyToBase_Quest' can be given now
I       QuestState.cpp[0904]03/10 17:28:06 Quest 'd_GetBomb_Quest' can be given now
I       QuestState.cpp[0904]03/10 17:28:06 Quest 'd_IntrigaOfMerMinin_Quest' can be given now
I       QuestState.cpp[0904]03/10 17:28:06 Quest 'd_MoveFreelancersToOilMine_Quest' can be given now
I       QuestState.cpp[0904]03/10 17:28:06 Quest 'd_MoveCanistraToMinin_Quest' can be given now
I       QuestState.cpp[0904]03/10 17:28:06 Quest 'd_OpenTunel_Quest' can be given now
I       QuestState.cpp[0904]03/10 17:28:06 Quest 'r1m3_TalkWithThiefFromFatherHouse' can be given now
I       QuestState.cpp[0904]03/10 17:28:06 Quest 'r1m3_MoveToOraculAfterThief' can be given now
I       QuestState.cpp[0904]03/10 17:28:06 Quest 'r1m3_ToLisaToAsgard' can be given now
I       QuestState.cpp[0904]03/10 17:28:06 Quest 'r1m3_TW_OralceAboutAlien' can be given now
I       QuestState.cpp[0904]03/10 17:28:06 Quest 'r1m3_DestroyRadiationSource' can be given now
I       QuestState.cpp[0904]03/10 17:28:06 Quest 'r2m1_DestroyAlienShip' can be given now
I       QuestState.cpp[0904]03/10 17:28:06 Quest 'd_PayWorkersMoney_Quest' can be given now
I       QuestState.cpp[0904]03/10 17:28:06 Quest 'r2m1_TW_SellsCivilian' can be given now
I       QuestState.cpp[0904]03/10 17:28:06 Quest 'MorskieVrata2_Quest' can be given now
I       QuestState.cpp[0904]03/10 17:28:06 Quest 'Zachisti1_Quest' can be given now
I       QuestState.cpp[0904]03/10 17:28:06 Quest 'LisaVPeshte' can be given now
I       QuestState.cpp[0904]03/10 17:28:06 Quest 'LisaUBena' can be given now
I       QuestState.cpp[0904]03/10 17:28:06 Quest 'WhereSigns_Quest' can be given now
I       QuestState.cpp[0904]03/10 17:28:06 Quest 'CombatInKollizey_Quest' can be given now
I       QuestState.cpp[0904]03/10 17:28:06 Quest 'BuyKollizey_Quest' can be given now
I       QuestState.cpp[0904]03/10 17:28:06 Quest 'Kollizey_Quest' can be given now
I       QuestState.cpp[0904]03/10 17:28:06 Quest 'HelpRuins_Quest' can be given now
I       QuestState.cpp[0904]03/10 17:28:06 Quest 'DestroyRuins_Quest' can be given now
I       QuestState.cpp[0904]03/10 17:28:06 Quest 'DestroyRuins2_Quest' can be given now
I       QuestState.cpp[0904]03/10 17:28:06 Quest 'Signs_Quest' can be given now
I       QuestState.cpp[0904]03/10 17:28:06 Quest 'MrShlyapa1_Quest' can be given now
I       QuestState.cpp[0904]03/10 17:28:06 Quest 'FindBen2_Quest' can be given now
I       QuestState.cpp[0904]03/10 17:28:06 Quest 'd_FindHouseOfBen_Quest' can be given now
I       QuestState.cpp[0904]03/10 17:28:06 Quest 'r1m2_TW_BanAboutAlien' can be given now
I       QuestState.cpp[0904]03/10 17:28:06 Quest 'r1m3_DestroyOracle' can be given now
I       QuestState.cpp[0904]03/10 17:28:06 Quest 'Pomiritsa_Quest' can be given now
I       QuestState.cpp[0904]03/10 17:28:06 Quest 'VYar_Quest' can be given now
I       QuestState.cpp[0904]03/10 17:28:06 Quest 'FindBenMZ_Quest' can be given now
I       QuestState.cpp[0904]03/10 17:28:06 Quest 'QuickFindBen' can be given now
I       QuestState.cpp[0904]03/10 17:28:06 Quest 'OpenMid_Quest' can be given now
I       QuestState.cpp[0904]03/10 17:28:06 Quest 'TalkBeforeDesert' can be given now
I       QuestState.cpp[0904]03/10 17:28:06 Quest 'ZashitaGotova' can be given now
I       QuestState.cpp[0904]03/10 17:28:06 Quest 'FakeQuest1' can be given now
I       QuestState.cpp[0904]03/10 17:28:06 Quest 'Chehly_Quest' can be given now
I       QuestState.cpp[0904]03/10 17:28:06 Quest 'WorkGiver_Quest1' can be given now
I       QuestState.cpp[0904]03/10 17:28:06 Quest 'd_PunishBandits_Quest' can be given now
I       QuestState.cpp[0904]03/10 17:28:06 Quest 'r1m1_Hospital_Quest' can be given now
I       QuestState.cpp[0904]03/10 17:28:06 Quest 'r1m1_Botanik_Quest' can be given now
I       QuestState.cpp[0904]03/10 17:28:06 Quest 'r1m1_FindBotanik_Quest' can be given now
I       QuestState.cpp[0904]03/10 17:28:06 Quest 'Buyer_Quest1' can be given now
I       QuestState.cpp[0904]03/10 17:28:06 Quest 'FirstTimePlay' can be given now
I       QuestState.cpp[0904]03/10 17:28:06 Quest 'TalkWithFather_Quest' can be given now
I       QuestState.cpp[0904]03/10 17:28:06 Quest 'LisaAtSouth' can be given now
I       QuestState.cpp[0904]03/10 17:28:06 Quest 'FindBen_Quest' can be given now
I       QuestState.cpp[0904]03/10 17:28:06 Quest 'FindBenAgain_Quest' can be given now
I       QuestState.cpp[0904]03/10 17:28:06 Quest 'd_SinFather_Quest' can be given now
I       QuestState.cpp[0904]03/10 17:28:06 Quest 'TalkToVasily' can be given now
I       QuestState.cpp[0904]03/10 17:28:06 Quest 'CheckTheEast' can be given now
I       QuestState.cpp[0904]03/10 17:28:06 Quest 'BenSouth_Quest' can be given now
I           server.cpp[0826]03/10 17:28:06 	AI: QuestStates loaded
I           server.cpp[0828]03/10 17:28:06 	AI: Loading DynamicScene
I     DynamicScene.cpp[1470]03/10 17:28:06 		 Scene loading begin
I     DynamicScene.cpp[1472]03/10 17:28:06 		 Scene loading end
I           server.cpp[0837]03/10 17:28:06 	AI: DynamicScene loaded
I           server.cpp[0852]03/10 17:28:06 	AI: Loading Triggers
E           server.cpp[1242]03/10 17:28:06 Error: cannot open data\maps\MainMenu\
I           server.cpp[0855]03/10 17:28:06 	AI: Triggers loaded
I           server.cpp[0857]03/10 17:28:06 	AI: Loading Object Names
E     ObjContainer.cpp[1104]03/10 17:28:06 Error: cannot open data\maps\MainMenu\object_names.xml
I           server.cpp[0868]03/10 17:28:06 	AI: Initing Player
I           server.cpp[0888]03/10 17:28:06 		Before first Update
I   TruxxUiManager.cpp[1422]03/10 17:28:06 Game mode changed. Old mode = 2, new mode = 1
I           server.cpp[0909]03/10 17:28:06 		After first Update
I           server.cpp[0911]03/10 17:28:06 AI: Finished Loading Server
I           view32.cpp[1106]03/10 17:28:06 Load server end
I        QuestInfo.cpp[0847]03/10 17:28:06 Quest infos were loaded successfully from file data\if\diz\QuestInfoGlobal.xml
I        QuestInfo.cpp[0783]03/10 17:28:06 QuestInfo manager was inited successfully
I       MsgManager.cpp[0391]03/10 17:28:06 Can't open file data\maps\MainMenu\strings.xml for read.
I    GameUiManager.cpp[0303]03/10 17:28:06 Interface: is initializing...
I    GameUiManager.cpp[0405]03/10 17:28:06 Interface: is clearing...
I    GameUiManager.cpp[0495]03/10 17:28:06 Interface: is cleared successfully
I    GameUiManager.cpp[0395]03/10 17:28:06 Interface: is inited successfully
I blockMusicManager.cpp[0199]03/10 17:28:06 BlockMusicManager: resetting
I      gameimpulse.cpp[0618]03/10 17:28:06 Key bindings: unbind all is done
I      gameimpulse.cpp[0618]03/10 17:28:06 Key bindings: unbind all is done
I      gameimpulse.cpp[0324]03/10 17:28:06 Key bindings: were loaded successfully from file data/profiles/riverzone\KeyBindings.lua
I      gameimpulse.cpp[1222]03/10 17:28:06 Key bindings: were loaded from profile
I        SplashWnd.cpp[0244]03/10 17:28:18 Start splashing 11
I   TruxxUiManager.cpp[1422]03/10 17:28:18 Game mode changed. Old mode = 1, new mode = 0
I    GameUiManager.cpp[0405]03/10 17:28:18 Interface: is clearing...
I    GameUiManager.cpp[0495]03/10 17:28:18 Interface: is cleared successfully
I           view32.cpp[1048]03/10 17:28:18 -- Loading Level: data\maps\r4m1.ssl --
I            world.cpp[0132]03/10 17:28:18 ----------------------- World Loading
F        landscape.cpp[1674]03/10 17:28:18  +- Enter function: Landscape::Load()
I        landscape.cpp[1911]03/10 17:28:19  |  ----------------------- Normal map loaded in: 7
I        landscape.cpp[1920]03/10 17:28:19  |  ----------------------- Tiles loaded in: 31
I        landscape.cpp[1944]03/10 17:28:19  |  ----------------------- ShoreLine loaded in: 1
F        landscape.cpp[1944]03/10 17:28:19  +- Exit function: Landscape::Load()
I            world.cpp[0169]03/10 17:28:19 ----------------------- Landscape loaded in: 113
I       DataServer.cpp[0587]03/10 17:28:19 Loading Servers: data\maps\r4m1\servers.xml
E       DraftModel.cpp[1002]03/10 17:28:19 Error: Couldn't load texture data\models\vehicles\belaz\cab01_mt.dds for model cargov1.gam
E       DraftModel.cpp[1002]03/10 17:28:19 Error: Couldn't load texture data\models\vehicles\belaz\cab01_mt.dds for model cargov1.gam
E       DraftModel.cpp[1002]03/10 17:28:19 Error: Couldn't load texture data\models\vehicles\belaz\cab01_mt.dds for model cargov1.gam
E       DraftModel.cpp[1002]03/10 17:28:19 Error: Couldn't load texture data\models\vehicles\belaz\cab01_mt.dds for model cargov1.gam
E       DraftModel.cpp[1002]03/10 17:28:19 Error: Couldn't load texture data\models\vehicles\belaz\cab01_mt.dds for model cargov1.gam
I serverAnimatedModel.cpp[0630]03/10 17:28:20 ### Total time: 1875, GAM time: 1641
I           m3dapp.cpp[1343]03/10 17:28:21 snd: Cannot load sound sample from file data\sounds\Shoot_hits\wood05.wav. Error: An invalid parameter was passed to this function
I      serverSound.cpp[0622]03/10 17:28:21 SoundServer: cannot add sound data\sounds\Shoot_hits\wood05.wav
I      serverSound.cpp[0546]03/10 17:28:21 DataServer: cannot read data\sounds\Shoot_hits\wood05.wav id = S_WOOD05
I       DataServer.cpp[0587]03/10 17:28:21 Loading Servers: data\models\commonservers.xml
E      serverMusic.cpp[0216]03/10 17:28:21 MusicServer: cannot read file: data\music\music.xml id = 'LaBelleTown'
E      serverMusic.cpp[0216]03/10 17:28:21 MusicServer: cannot read file: data\music\music.xml id = 'block6_driving2'
I            world.cpp[0210]03/10 17:28:21 ----------------------- Servers loaded in: 2140
I            world.cpp[0338]03/10 17:28:21 LoadWorld begin...
I            world.cpp[0350]03/10 17:28:21 %%%% read/parse xml: 27
I            world.cpp[0362]03/10 17:28:21 %%%% read from xml: 13
I            world.cpp[0444]03/10 17:28:21 %%%% link nodes: 176
I            world.cpp[0220]03/10 17:28:21 ----------------------- Nodes loaded in: 217
I            world.cpp[0228]03/10 17:28:21 ----------------------- Prefabs loaded in: 1
I            world.cpp[0247]03/10 17:28:21 ----------------------- World loaded in: 2557
I            world.cpp[0278]03/10 17:28:21 ----------------------- Roads loaded in: 251
I           view32.cpp[1078]03/10 17:28:21 Load Server begin...
I            Reply.cpp[0415]03/10 17:28:21 Replies were loaded successfully from file data\if\diz\DialogsGlobal.xml
I            Reply.cpp[0415]03/10 17:28:21 Replies were loaded successfully from file data\if\diz\DynamicDialogsGlobal.xml
I            Reply.cpp[0343]03/10 17:28:21 RepliesManager was inited successfully
I    GameUiManager.cpp[1603]03/10 17:28:21 Interface: loading resources ...
I     ObjectsIcons.cpp[0198]03/10 17:28:22 ObjectsIcons::AddIcon warning - ico with id SpeedPointer already exists and wiil be replaced
I    GameUiManager.cpp[1603]03/10 17:28:22 Interface: loading resources ...
I   TruxxUiManager.cpp[0974]03/10 17:28:22 Interface: is loaded successfully
I           server.cpp[0789]03/10 17:28:22 AI: Loading Server...
I           server.cpp[0796]03/10 17:28:22 	AI: Loading Relationship
I     Relationship.cpp[0134]03/10 17:28:22 		 File readed
I           server.cpp[0801]03/10 17:28:22 	AI: Loading SoilProps
I           server.cpp[0804]03/10 17:28:22 	AI: Loading ExternalPaths
I           server.cpp[0807]03/10 17:28:22 	AI: Loading PlayerPassMap
I           server.cpp[0813]03/10 17:28:22 	AI: Loading GameObjects
I           server.cpp[0816]03/10 17:28:22 	AI: Initializing VehicleGeneratorInfoCache
I           server.cpp[0820]03/10 17:28:22 	AI: Refreshing GameObjects
E      VehiclePart.cpp[0138]03/10 17:28:22 Error: collision geom in vehicle part name = 'heavy_dot1' is not BOX
I           server.cpp[0824]03/10 17:28:22 	AI: Loading QuestStates
I       QuestState.cpp[0904]03/10 17:28:22 Quest 'Human1_Quest1' can be given now
I       QuestState.cpp[0904]03/10 17:28:22 Quest 'Human1_Quest2' can be given now
I       QuestState.cpp[0904]03/10 17:28:22 Quest 'BenGoodEnd' can be given now
I       QuestState.cpp[0904]03/10 17:28:22 Quest 'q_PlaceWithSign' can be given now
I       QuestState.cpp[0904]03/10 17:28:22 Quest 'r3m2_OracleMemory' can be given now
I       QuestState.cpp[0904]03/10 17:28:22 Quest 'r3m2_TalkWithLisa' can be given now
I       QuestState.cpp[0904]03/10 17:28:22 Quest 'r3m2_TalkWithBenAboutCarAfterOracul' can be given now
I       QuestState.cpp[0904]03/10 17:28:22 Quest 'r3m2_FindInfoAboutFather' can be given now
I       QuestState.cpp[0904]03/10 17:28:22 Quest 'r3m1_LureMainDriud' can be given now
I       QuestState.cpp[0904]03/10 17:28:22 Quest 'r3m1_ClearSanctuary' can be given now
I       QuestState.cpp[0904]03/10 17:28:22 Quest 'r3m1_KnowAboutUluk' can be given now
I       QuestState.cpp[0904]03/10 17:28:22 Quest 'r3m1_RescueUlukCivil' can be given now
I       QuestState.cpp[0904]03/10 17:28:22 Quest 'q_VisitDruid' can be given now
I       QuestState.cpp[0904]03/10 17:28:22 Quest 'r2m2_Znaki2_Quest' can be given now
I       QuestState.cpp[0904]03/10 17:28:22 Quest 'r2m2_HeadsHunterQuest' can be given now
I       QuestState.cpp[0904]03/10 17:28:22 Quest 'r2m2_OldDvigatel1_Quest' can be given now
I       QuestState.cpp[0904]03/10 17:28:22 Quest 'r2m2_OldDvigatel2_Quest' can be given now
I       QuestState.cpp[0904]03/10 17:28:22 Quest 'r2m2_FightFelix' can be given now
I       QuestState.cpp[0904]03/10 17:28:22 Quest 'r2m2_ReturnToMarecciaFromCastle' can be given now
I       QuestState.cpp[0904]03/10 17:28:22 Quest 'r2m2_FightWithAxelInArena_Quest' can be given now
I       QuestState.cpp[0904]03/10 17:28:22 Quest 'r2m2_FindLisAfterAxelAndFatherDie_Quest' can be given now
I       QuestState.cpp[0904]03/10 17:28:22 Quest 'r2m2_ToLisaToMonastir' can be given now
I       QuestState.cpp[0904]03/10 17:28:22 Quest 'r2m2_FightLisaToMonastir' can be given now
I       QuestState.cpp[0904]03/10 17:28:22 Quest 'r2m2_GiveDisk2ToOrakul' can be given now
I       QuestState.cpp[0904]03/10 17:28:22 Quest 'MrShlyapa3_Quest' can be given now
I       QuestState.cpp[0904]03/10 17:28:22 Quest 'r2m1_ArtAntipod_Quest' can be given now
I       QuestState.cpp[0904]03/10 17:28:22 Quest 'r2m1_TakeNarcotics_Quest' can be given now
I       QuestState.cpp[0904]03/10 17:28:22 Quest 'r2m1_KillGodFather_Quest' can be given now
I       QuestState.cpp[0904]03/10 17:28:22 Quest 'MrShlyapaSecret' can be given now
I       QuestState.cpp[0904]03/10 17:28:22 Quest 'd_GetSupportOneOfTheBands2_Quest' can be given now
I       QuestState.cpp[0904]03/10 17:28:22 Quest 'd_GetSupportOneOfTheBands1_Quest' can be given now
I       QuestState.cpp[0904]03/10 17:28:22 Quest 'd_FindVerbInAR_Quest' can be given now
I       QuestState.cpp[0904]03/10 17:28:22 Quest 'd_FindVerbInSNG_Quest' can be given now
I       QuestState.cpp[0904]03/10 17:28:22 Quest 'd_PatrulSideSNG_Quest' can be given now
I       QuestState.cpp[0904]03/10 17:28:22 Quest 'd_TakeGeneralOfBandits_Quest' can be given now
I       QuestState.cpp[0904]03/10 17:28:22 Quest 'r2m1_TW_AlienInShip' can be given now
I       QuestState.cpp[0904]03/10 17:28:22 Quest 'Podderzhka_Quest' can be given now
I       QuestState.cpp[0904]03/10 17:28:22 Quest 'Zashita_Quest' can be given now
I       QuestState.cpp[0904]03/10 17:28:22 Quest 'preEretik_Quest' can be given now
I       QuestState.cpp[0904]03/10 17:28:22 Quest 'ReturnQuest' can be given now
I       QuestState.cpp[0904]03/10 17:28:22 Quest 'd_FindVerbInAM_Quest' can be given now
I       QuestState.cpp[0904]03/10 17:28:22 Quest 'OdettIsDead_Quest' can be given now
I       QuestState.cpp[0904]03/10 17:28:22 Quest 'Disk2OrakulLisa' can be given now
I       QuestState.cpp[0904]03/10 17:28:22 Quest 'FindGomerB_Quest1' can be given now
I       QuestState.cpp[0904]03/10 17:28:22 Quest 'FreeExtremistLeader_Quest1' can be given now
I       QuestState.cpp[0904]03/10 17:28:22 Quest 'KillExtremist_Quest1' can be given now
I       QuestState.cpp[0904]03/10 17:28:22 Quest 'r1m4_TalkWithOldTraderAboutSecondDisk' can be given now
I       QuestState.cpp[0904]03/10 17:28:22 Quest 'q_FindHusbent' can be given now
I       QuestState.cpp[0904]03/10 17:28:22 Quest 'RybakToOlm_Quest' can be given now
I       QuestState.cpp[0904]03/10 17:28:22 Quest 'AnanagaTech_Quest' can be given now
I       QuestState.cpp[0904]03/10 17:28:22 Quest 'MrShlyapa2_Quest' can be given now
I       QuestState.cpp[0904]03/10 17:28:22 Quest 'ToCordanToTikhomir_Quest' can be given now
I       QuestState.cpp[0904]03/10 17:28:22 Quest 'r1m3_BonnyAndKlideQuest' can be given now
I       QuestState.cpp[0904]03/10 17:28:22 Quest 'r1m3_ArchHelp' can be given now
I       QuestState.cpp[0904]03/10 17:28:22 Quest 'r1m3_CrazyManQuest' can be given now
I       QuestState.cpp[0904]03/10 17:28:22 Quest 'r1m3_OldTownOutsiderCar2_Quest' can be given now
I       QuestState.cpp[0904]03/10 17:28:22 Quest 'FightForPesht' can be given now
I       QuestState.cpp[0904]03/10 17:28:22 Quest 'd_RideAcrossBase_Quest' can be given now
I       QuestState.cpp[0904]03/10 17:28:22 Quest 'd_GiveMoneyToBase_Quest' can be given now
I       QuestState.cpp[0904]03/10 17:28:22 Quest 'd_GetBomb_Quest' can be given now
I       QuestState.cpp[0904]03/10 17:28:22 Quest 'd_IntrigaOfMerMinin_Quest' can be given now
I       QuestState.cpp[0904]03/10 17:28:22 Quest 'd_MoveFreelancersToOilMine_Quest' can be given now
I       QuestState.cpp[0904]03/10 17:28:22 Quest 'd_MoveCanistraToMinin_Quest' can be given now
I       QuestState.cpp[0904]03/10 17:28:22 Quest 'd_OpenTunel_Quest' can be given now
I       QuestState.cpp[0904]03/10 17:28:22 Quest 'r1m3_TalkWithThiefFromFatherHouse' can be given now
I       QuestState.cpp[0904]03/10 17:28:22 Quest 'r1m3_MoveToOraculAfterThief' can be given now
I       QuestState.cpp[0904]03/10 17:28:22 Quest 'r1m3_ToLisaToAsgard' can be given now
I       QuestState.cpp[0904]03/10 17:28:22 Quest 'r1m3_TW_OralceAboutAlien' can be given now
I       QuestState.cpp[0904]03/10 17:28:22 Quest 'r1m3_DestroyRadiationSource' can be given now
I       QuestState.cpp[0904]03/10 17:28:22 Quest 'r2m1_DestroyAlienShip' can be given now
I       QuestState.cpp[0904]03/10 17:28:22 Quest 'd_PayWorkersMoney_Quest' can be given now
I       QuestState.cpp[0904]03/10 17:28:22 Quest 'r2m1_TW_SellsCivilian' can be given now
I       QuestState.cpp[0904]03/10 17:28:22 Quest 'MorskieVrata2_Quest' can be given now
I       QuestState.cpp[0904]03/10 17:28:22 Quest 'Zachisti1_Quest' can be given now
I       QuestState.cpp[0904]03/10 17:28:22 Quest 'LisaVPeshte' can be given now
I       QuestState.cpp[0904]03/10 17:28:22 Quest 'LisaUBena' can be given now
I       QuestState.cpp[0904]03/10 17:28:22 Quest 'WhereSigns_Quest' can be given now
I       QuestState.cpp[0904]03/10 17:28:22 Quest 'CombatInKollizey_Quest' can be given now
I       QuestState.cpp[0904]03/10 17:28:22 Quest 'BuyKollizey_Quest' can be given now
I       QuestState.cpp[0904]03/10 17:28:22 Quest 'Kollizey_Quest' can be given now
I       QuestState.cpp[0904]03/10 17:28:22 Quest 'HelpRuins_Quest' can be given now
I       QuestState.cpp[0904]03/10 17:28:22 Quest 'DestroyRuins_Quest' can be given now
I       QuestState.cpp[0904]03/10 17:28:22 Quest 'DestroyRuins2_Quest' can be given now
I       QuestState.cpp[0904]03/10 17:28:22 Quest 'Signs_Quest' can be given now
I       QuestState.cpp[0904]03/10 17:28:22 Quest 'MrShlyapa1_Quest' can be given now
I       QuestState.cpp[0904]03/10 17:28:22 Quest 'FindBen2_Quest' can be given now
I       QuestState.cpp[0904]03/10 17:28:22 Quest 'd_FindHouseOfBen_Quest' can be given now
I       QuestState.cpp[0904]03/10 17:28:22 Quest 'r1m2_TW_BanAboutAlien' can be given now
I       QuestState.cpp[0904]03/10 17:28:22 Quest 'r1m3_DestroyOracle' can be given now
I       QuestState.cpp[0904]03/10 17:28:22 Quest 'Pomiritsa_Quest' can be given now
I       QuestState.cpp[0904]03/10 17:28:22 Quest 'VYar_Quest' can be given now
I       QuestState.cpp[0904]03/10 17:28:22 Quest 'FindBenMZ_Quest' can be given now
I       QuestState.cpp[0904]03/10 17:28:22 Quest 'QuickFindBen' can be given now
I       QuestState.cpp[0904]03/10 17:28:22 Quest 'OpenMid_Quest' can be given now
I       QuestState.cpp[0904]03/10 17:28:22 Quest 'TalkBeforeDesert' can be given now
I       QuestState.cpp[0904]03/10 17:28:22 Quest 'ZashitaGotova' can be given now
I       QuestState.cpp[0904]03/10 17:28:22 Quest 'FakeQuest1' can be given now
I       QuestState.cpp[0904]03/10 17:28:22 Quest 'Chehly_Quest' can be given now
I       QuestState.cpp[0904]03/10 17:28:22 Quest 'WorkGiver_Quest1' can be given now
I       QuestState.cpp[0904]03/10 17:28:22 Quest 'd_PunishBandits_Quest' can be given now
I       QuestState.cpp[0904]03/10 17:28:22 Quest 'r1m1_Hospital_Quest' can be given now
I       QuestState.cpp[0904]03/10 17:28:22 Quest 'r1m1_Botanik_Quest' can be given now
I       QuestState.cpp[0904]03/10 17:28:22 Quest 'r1m1_FindBotanik_Quest' can be given now
I       QuestState.cpp[0904]03/10 17:28:22 Quest 'Buyer_Quest1' can be given now
I       QuestState.cpp[0904]03/10 17:28:22 Quest 'FirstTimePlay' can be given now
I       QuestState.cpp[0904]03/10 17:28:22 Quest 'TalkWithFather_Quest' can be given now
I       QuestState.cpp[0904]03/10 17:28:22 Quest 'LisaAtSouth' can be given now
I       QuestState.cpp[0904]03/10 17:28:22 Quest 'FindBen_Quest' can be given now
I       QuestState.cpp[0904]03/10 17:28:22 Quest 'FindBenAgain_Quest' can be given now
I       QuestState.cpp[0904]03/10 17:28:22 Quest 'd_SinFather_Quest' can be given now
I       QuestState.cpp[0904]03/10 17:28:22 Quest 'TalkToVasily' can be given now
I       QuestState.cpp[0904]03/10 17:28:22 Quest 'CheckTheEast' can be given now
I       QuestState.cpp[0904]03/10 17:28:22 Quest 'BenSouth_Quest' can be given now
I           server.cpp[0826]03/10 17:28:22 	AI: QuestStates loaded
I           server.cpp[0828]03/10 17:28:22 	AI: Loading DynamicScene
I     DynamicScene.cpp[1470]03/10 17:28:22 		 Scene loading begin
I     DynamicScene.cpp[1472]03/10 17:28:24 		 Scene loading end
I           server.cpp[0837]03/10 17:28:24 	AI: DynamicScene loaded
I           server.cpp[0852]03/10 17:28:24 	AI: Loading Triggers
I           server.cpp[0855]03/10 17:28:24 	AI: Triggers loaded
I           server.cpp[0857]03/10 17:28:24 	AI: Loading Object Names
I           server.cpp[0868]03/10 17:28:24 	AI: Initing Player
I           server.cpp[0888]03/10 17:28:24 		Before first Update
I DynamicQuestManager.cpp[0089]03/10 17:28:24 DynamicQuestDestroy id = 2444 prototype = 'dynamicQuestDestroy' created
I DynamicQuestManager.cpp[0090]03/10 17:28:24 targetName = 'urod9', hirerName = 'TheGadad', reward = 350
E              Gun.cpp[0866]03/10 17:28:24 Error: LoadPoint not found: LP_GUN for TurboAccelerationPusher id = 2447 prototype = 'someTurboAccelerationPusher', modelName = Turboakselerator
E              Gun.cpp[0866]03/10 17:28:24 Error: LoadPoint not found: LP_GUN for TurboAccelerationPusher id = 2448 prototype = 'someTurboAccelerationPusher', modelName = Turboakselerator
E              Gun.cpp[0866]03/10 17:28:24 Error: LoadPoint not found: LP_GUN for RocketLauncher id = 2456 prototype = 'hunter01L' name = 'BASKET_SIDE_GUN_L', modelName = hunter01L
E              Gun.cpp[0866]03/10 17:28:24 Error: LoadPoint not found: LP_GUN for RocketLauncher id = 2457 prototype = 'hunter01R' name = 'BASKET_SIDE_GUN_R', modelName = hunter01R
E              Gun.cpp[0866]03/10 17:28:24 Error: LoadPoint not found: LP_GUN for RocketLauncher id = 2459 prototype = 'hunter01L' name = 'BASKET_SIDE_GUN_L', modelName = hunter01L
E              Gun.cpp[0866]03/10 17:28:24 Error: LoadPoint not found: LP_GUN for RocketLauncher id = 2460 prototype = 'hunter01R' name = 'BASKET_SIDE_GUN_R', modelName = hunter01R
E              Gun.cpp[0866]03/10 17:28:24 Error: LoadPoint not found: LP_GUN for LocationPusher id = 2461 prototype = 'Smoke', modelName = Dimzavesa
E              Gun.cpp[0866]03/10 17:28:24 Error: LoadPoint not found: LP_GUN for LocationPusher id = 2462 prototype = 'Smoke', modelName = Dimzavesa
E              Gun.cpp[0866]03/10 17:28:24 Error: LoadPoint not found: LP_GUN for MinePusher id = 2473 prototype = 'minePusher_1', modelName = minoYkladchiK
E              Gun.cpp[0866]03/10 17:28:24 Error: LoadPoint not found: LP_GUN for MinePusher id = 2474 prototype = 'minePusher_1', modelName = minoYkladchiK
E              Gun.cpp[0866]03/10 17:28:24 Error: LoadPoint not found: LP_GUN for RocketLauncher id = 2476 prototype = 'hunter01L' name = 'BASKET_SIDE_GUN_L', modelName = hunter01L
E              Gun.cpp[0866]03/10 17:28:24 Error: LoadPoint not found: LP_GUN for RocketLauncher id = 2477 prototype = 'hunter01R' name = 'BASKET_SIDE_GUN_R', modelName = hunter01R
E              Gun.cpp[0866]03/10 17:28:24 Error: LoadPoint not found: LP_GUN for RocketLauncher id = 2479 prototype = 'hunter01L' name = 'BASKET_SIDE_GUN_L', modelName = hunter01L
E              Gun.cpp[0866]03/10 17:28:24 Error: LoadPoint not found: LP_GUN for RocketLauncher id = 2480 prototype = 'hunter01R' name = 'BASKET_SIDE_GUN_R', modelName = hunter01R
I DynamicQuestManager.cpp[0089]03/10 17:28:24 DynamicQuestDestroy id = 2481 prototype = 'dynamicQuestDestroy' created
I DynamicQuestManager.cpp[0090]03/10 17:28:24 targetName = 'urod2', hirerName = 'TheKef', reward = 350
E              Gun.cpp[0866]03/10 17:28:24 Error: LoadPoint not found: LP_GUN for RocketLauncher id = 2483 prototype = 'hunter01L' name = 'BASKET_SIDE_GUN_L', modelName = hunter01L
E              Gun.cpp[0866]03/10 17:28:24 Error: LoadPoint not found: LP_GUN for RocketLauncher id = 2484 prototype = 'hunter01R' name = 'BASKET_SIDE_GUN_R', modelName = hunter01R
E              Gun.cpp[0866]03/10 17:28:24 Error: LoadPoint not found: LP_GUN for RocketLauncher id = 2486 prototype = 'hunter01L' name = 'BASKET_SIDE_GUN_L', modelName = hunter01L
E              Gun.cpp[0866]03/10 17:28:24 Error: LoadPoint not found: LP_GUN for RocketLauncher id = 2487 prototype = 'hunter01R' name = 'BASKET_SIDE_GUN_R', modelName = hunter01R
E              Gun.cpp[0866]03/10 17:28:24 Error: LoadPoint not found: LP_GUN for MinePusher id = 2494 prototype = 'minePusher_1', modelName = minoYkladchiK
E              Gun.cpp[0866]03/10 17:28:24 Error: LoadPoint not found: LP_GUN for MinePusher id = 2495 prototype = 'minePusher_1', modelName = minoYkladchiK
E              Gun.cpp[0866]03/10 17:28:24 Error: LoadPoint not found: LP_GUN for TurboAccelerationPusher id = 2502 prototype = 'someTurboAccelerationPusher', modelName = Turboakselerator
E              Gun.cpp[0866]03/10 17:28:24 Error: LoadPoint not found: LP_GUN for TurboAccelerationPusher id = 2503 prototype = 'someTurboAccelerationPusher', modelName = Turboakselerator
E              Gun.cpp[0866]03/10 17:28:24 Error: LoadPoint not found: LP_GUN for Mortar id = 2508 prototype = 'omega01', modelName = omega01
E              Gun.cpp[0866]03/10 17:28:24 Error: LoadPoint not found: LP_GUN for Mortar id = 2509 prototype = 'omega01', modelName = omega01
E            Affix.cpp[0075]03/10 17:28:24 Error: attempt to apply affix 'rusty_gun' for property 'Accuracy' of Mortar id = 2509 prototype = 'omega01'
E            Affix.cpp[0075]03/10 17:28:24 Error: attempt to apply affix 'rusty_gun' for property 'Accuracy' of PlasmaBunchLauncher id = 2499 prototype = 'hammer01'
E            Affix.cpp[0075]03/10 17:28:24 Error: attempt to apply affix 'excellent_gun' for property 'Accuracy' of PlasmaBunchLauncher id = 2499 prototype = 'hammer01'
I DynamicQuestManager.cpp[0089]03/10 17:28:24 DynamicQuestDestroy id = 2510 prototype = 'dynamicQuestDestroy' created
I DynamicQuestManager.cpp[0090]03/10 17:28:24 targetName = 'urod8', hirerName = 'TheKazif', reward = 350
E              Gun.cpp[0866]03/10 17:28:24 Error: LoadPoint not found: LP_GUN for MinePusher id = 2521 prototype = 'minePusher_1', modelName = minoYkladchiK
E              Gun.cpp[0866]03/10 17:28:24 Error: LoadPoint not found: LP_GUN for MinePusher id = 2522 prototype = 'minePusher_1', modelName = minoYkladchiK
E              Gun.cpp[0866]03/10 17:28:24 Error: LoadPoint not found: LP_GUN for LocationPusher id = 2527 prototype = 'engineOilPusher', modelName = MasloRazliF
E              Gun.cpp[0866]03/10 17:28:24 Error: LoadPoint not found: LP_GUN for LocationPusher id = 2528 prototype = 'engineOilPusher', modelName = MasloRazliF
I DynamicQuestManager.cpp[0089]03/10 17:28:24 DynamicQuestReach id = 2541 prototype = 'dynamicQuestReach' created
I DynamicQuestManager.cpp[0090]03/10 17:28:24 targetName = 'TheOilCity', hirerName = 'r4_AlihamVil', reward = 250
I DynamicQuestManager.cpp[0089]03/10 17:28:24 DynamicQuestDestroy id = 2542 prototype = 'dynamicQuestDestroy' created
I DynamicQuestManager.cpp[0090]03/10 17:28:24 targetName = 'urod1', hirerName = 'TheOilCity', reward = 350
I DynamicQuestManager.cpp[0089]03/10 17:28:24 DynamicQuestDestroy id = 2543 prototype = 'dynamicQuestDestroy' created
I DynamicQuestManager.cpp[0090]03/10 17:28:24 targetName = 'urod6', hirerName = 'TheZuhel', reward = 350
I DynamicQuestManager.cpp[0089]03/10 17:28:24 DynamicQuestReach id = 2544 prototype = 'dynamicQuestReach' created
I DynamicQuestManager.cpp[0090]03/10 17:28:24 targetName = 'TheZuhel', hirerName = 'PetrolStationTown1', reward = 250
I DynamicQuestManager.cpp[0089]03/10 17:28:24 DynamicQuestReach id = 2545 prototype = 'dynamicQuestReach' created
I DynamicQuestManager.cpp[0090]03/10 17:28:24 targetName = 'TheKef', hirerName = 'PetrolStationTown3', reward = 250
I DynamicQuestManager.cpp[0089]03/10 17:28:24 DynamicQuestReach id = 2546 prototype = 'dynamicQuestReach' created
I DynamicQuestManager.cpp[0090]03/10 17:28:24 targetName = 'PetrolStationTown3', hirerName = 'PetrolStationTown4', reward = 250
I DynamicQuestManager.cpp[0089]03/10 17:28:24 DynamicQuestReach id = 2547 prototype = 'dynamicQuestReach' created
I DynamicQuestManager.cpp[0090]03/10 17:28:24 targetName = 'r4_AlihamVil', hirerName = 'PetrolStationTown7', reward = 250
I           server.cpp[0909]03/10 17:28:24 		After first Update
I           server.cpp[0911]03/10 17:28:24 AI: Finished Loading Server
I           view32.cpp[1106]03/10 17:28:24 Load server end
I        QuestInfo.cpp[0847]03/10 17:28:24 Quest infos were loaded successfully from file data\if\diz\QuestInfoGlobal.xml
I        QuestInfo.cpp[0783]03/10 17:28:24 QuestInfo manager was inited successfully
I    GameUiManager.cpp[0303]03/10 17:28:24 Interface: is initializing...
I    GameUiManager.cpp[0395]03/10 17:28:24 Interface: is inited successfully
I     GlobalMapWnd.cpp[0157]03/10 17:28:24 Make control error: control mainmenu_ico is not found or incorrect type
I     GlobalMapWnd.cpp[0157]03/10 17:28:24 Make control error: control r1m8_ico is not found or incorrect type
I     GlobalMapWnd.cpp[0157]03/10 17:28:24 Make control error: control r1m7_ico is not found or incorrect type
I     GlobalMapWnd.cpp[0157]03/10 17:28:24 Make control error: control r9m1_ico is not found or incorrect type
I     GlobalMapWnd.cpp[0203]03/10 17:28:24 GlobalMapWnd: error - fail to init because of a bad resource
I blockMusicManager.cpp[0185]03/10 17:28:24 BlockMusicManager: start playing new music: blockNum = 10, musicType = 0, name = 'r4_1_driving'
E            Affix.cpp[0075]03/10 17:28:24 Error: attempt to apply affix 'rusty_gun' for property 'Accuracy' of PlasmaBunchLauncher id = 18921 prototype = 'fagot01' name = 'RandomGuns1417'
E            Affix.cpp[0075]03/10 17:28:24 Error: attempt to apply affix 'with_laser_sight_gun' for property 'Accuracy' of PlasmaBunchLauncher id = 18921 prototype = 'fagot01' name = 'RandomGuns1417'
E            Affix.cpp[0075]03/10 17:28:24 Error: attempt to apply affix 'excellent_gun' for property 'Accuracy' of RocketLauncher id = 18867 prototype = 'big_swingfire01' name = 'RandomGuns9305'
E            Affix.cpp[0075]03/10 17:28:24 Error: attempt to apply affix 'excellent_gun' for property 'Accuracy' of PlasmaBunchLauncher id = 2548 prototype = 'fagot01' name = 'RandomGuns6117'
E            Affix.cpp[0075]03/10 17:28:24 Error: attempt to apply affix 'useless_gun' for property 'Accuracy' of PlasmaBunchLauncher id = 2560 prototype = 'maxim01' name = 'RandomGuns1124'
I WanderersManager.cpp[0641]03/10 17:30:29 Spawning caravan: WanderersManager id = 314 prototype = 'JSinxManager' name = 'KefCaravan' spawns CaravanTeam id = 2599 prototype = 'jsCaravanTeam'
I WanderersManager.cpp[0641]03/10 17:30:29 Spawning caravan: WanderersManager id = 315 prototype = 'JSinxManager' name = 'GadadCaravan' spawns CaravanTeam id = 2644 prototype = 'jsCaravanTeam'
I       console_string[0236]03/10 17:30:31 ---------------------- CHEAT WAS USED --------- ANTICHEAT -----------------
I        FadingMsg.cpp[0199]03/10 17:30:31 Fading message: '@FFFF1493Обнаружено использование чит-кодов. Система достижений @FFFF0000ЗАБЛОКИРОВАНА. @FFFF1493В техподдержке @FFFF0000ОТКАЗАНО.'
I        FadingMsg.cpp[0199]03/10 17:30:31 Fading message: '@FFFF1493Обнаружено использование чит-кодов. Система достижений @FFFF0000ЗАБЛОКИРОВАНА. @FFFF1493В техподдержке @FFFF0000ОТКАЗАНО.'
I     ObjContainer.cpp[1278]03/10 17:30:49 Passing to map 'r1m1', location 'FromR4M1', angle = -1, immediate = 0
I        PhysicObj.cpp[0313]03/10 17:30:51 Vehicle 'PlayerVehicle_0_0' id=51752 passes to another map
I       PhysicBody.cpp[1171]03/10 17:30:51 Object is  visible in SetPassed...
I       PhysicBody.cpp[1171]03/10 17:30:51 Object is  visible in SetPassed...
I       PhysicBody.cpp[1171]03/10 17:30:51 Object is  visible in SetPassed...
I       PhysicBody.cpp[1171]03/10 17:30:51 Object is  visible in SetPassed...
I       PhysicBody.cpp[1171]03/10 17:30:51 Object is  visible in SetPassed...
I        PhysicObj.cpp[0313]03/10 17:30:51 Wheel '' id=19019 passes to another map
I       PhysicBody.cpp[1171]03/10 17:30:51 Object is  visible in SetPassed...
I        PhysicObj.cpp[0313]03/10 17:30:51 Wheel '' id=19027 passes to another map
I       PhysicBody.cpp[1171]03/10 17:30:51 Object is  visible in SetPassed...
I        PhysicObj.cpp[0313]03/10 17:30:51 Wheel '' id=19026 passes to another map
I       PhysicBody.cpp[1171]03/10 17:30:51 Object is  visible in SetPassed...
I        PhysicObj.cpp[0313]03/10 17:30:51 Wheel '' id=19025 passes to another map
I       PhysicBody.cpp[1171]03/10 17:30:51 Object is  visible in SetPassed...
I        PhysicObj.cpp[0313]03/10 17:30:51 Wheel '' id=19024 passes to another map
I       PhysicBody.cpp[1171]03/10 17:30:51 Object is  visible in SetPassed...
I        PhysicObj.cpp[0313]03/10 17:30:51 Wheel '' id=19014 passes to another map
I       PhysicBody.cpp[1171]03/10 17:30:51 Object is  visible in SetPassed...
I        PhysicObj.cpp[0313]03/10 17:30:51 Wheel '' id=19013 passes to another map
I       PhysicBody.cpp[1171]03/10 17:30:51 Object is  visible in SetPassed...
I        PhysicObj.cpp[0313]03/10 17:30:51 Wheel '' id=19012 passes to another map
I       PhysicBody.cpp[1171]03/10 17:30:51 Object is  visible in SetPassed...
I        SplashWnd.cpp[0244]03/10 17:30:51 Start splashing 11
I   TruxxUiManager.cpp[1422]03/10 17:30:51 Game mode changed. Old mode = 0, new mode = 0
I    GameUiManager.cpp[0405]03/10 17:30:52 Interface: is clearing...
I    GameUiManager.cpp[0495]03/10 17:30:52 Interface: is cleared successfully
I           view32.cpp[1048]03/10 17:30:52 -- Loading Level: data\maps\r1m1.ssl --
I            world.cpp[0132]03/10 17:30:52 ----------------------- World Loading
F        landscape.cpp[1674]03/10 17:30:52  +- Enter function: Landscape::Load()
I        landscape.cpp[1911]03/10 17:30:52  |  ----------------------- Normal map loaded in: 2
I        landscape.cpp[1920]03/10 17:30:52  |  ----------------------- Tiles loaded in: 18
I        landscape.cpp[1944]03/10 17:30:52  |  ----------------------- ShoreLine loaded in: 0
F        landscape.cpp[1944]03/10 17:30:52  +- Exit function: Landscape::Load()
I            world.cpp[0169]03/10 17:30:52 ----------------------- Landscape loaded in: 66
I       DataServer.cpp[0587]03/10 17:30:52 Loading Servers: data\maps\r1m1\servers.xml
E       DraftModel.cpp[1002]03/10 17:30:52 Error: Couldn't load texture data\models\vehicles\belaz\cab01_mt.dds for model cargov1.gam
E       DraftModel.cpp[1002]03/10 17:30:52 Error: Couldn't load texture data\models\vehicles\belaz\cab01_mt.dds for model cargov1.gam
I serverAnimatedModel.cpp[0630]03/10 17:30:52 ### Total time: 328, GAM time: 47
I       DataServer.cpp[0587]03/10 17:30:52 Loading Servers: data\models\commonservers.xml
E      serverMusic.cpp[0216]03/10 17:30:52 MusicServer: cannot read file: data\music\music.xml id = 'LaBelleTown'
E      serverMusic.cpp[0216]03/10 17:30:52 MusicServer: cannot read file: data\music\music.xml id = 'block6_driving2'
I            world.cpp[0210]03/10 17:30:52 ----------------------- Servers loaded in: 480
I            world.cpp[0338]03/10 17:30:52 LoadWorld begin...
I            world.cpp[0350]03/10 17:30:52 %%%% read/parse xml: 30
I            world.cpp[0362]03/10 17:30:52 %%%% read from xml: 15
I            world.cpp[0444]03/10 17:30:52 %%%% link nodes: 30
I            world.cpp[0220]03/10 17:30:52 ----------------------- Nodes loaded in: 77
I            world.cpp[0228]03/10 17:30:52 ----------------------- Prefabs loaded in: 1
I            world.cpp[0247]03/10 17:30:53 ----------------------- World loaded in: 858
I            world.cpp[0278]03/10 17:30:53 ----------------------- Roads loaded in: 100
I           view32.cpp[1078]03/10 17:30:53 Load Server begin...
I    GameUiManager.cpp[1603]03/10 17:30:53 Interface: loading resources ...
I   TruxxUiManager.cpp[0974]03/10 17:30:53 Interface: is loaded successfully
I           server.cpp[0789]03/10 17:30:53 AI: Loading Server...
I           server.cpp[0801]03/10 17:30:53 	AI: Loading SoilProps
I           server.cpp[0804]03/10 17:30:53 	AI: Loading ExternalPaths
I           server.cpp[0807]03/10 17:30:53 	AI: Loading PlayerPassMap
I           server.cpp[0820]03/10 17:30:53 	AI: Refreshing GameObjects
E      VehiclePart.cpp[0138]03/10 17:30:53 Error: collision geom in vehicle part name = 'heavy_dot1' is not BOX
I           server.cpp[0824]03/10 17:30:53 	AI: Loading QuestStates
I           server.cpp[0826]03/10 17:30:53 	AI: QuestStates loaded
I           server.cpp[0828]03/10 17:30:53 	AI: Loading DynamicScene
I     DynamicScene.cpp[1470]03/10 17:30:53 		 Scene loading begin
E     DynamicScene.cpp[1589]03/10 17:30:53 Attempting to load object Player1 of prototype player, but an object with this name already exists!
E      PassageData.cpp[0041]03/10 17:30:53 Error: invalid location name 'FromR4M1' in passage data
I     DynamicScene.cpp[1472]03/10 17:30:53 		 Scene loading end
I           server.cpp[0837]03/10 17:30:53 	AI: DynamicScene loaded
I           server.cpp[0852]03/10 17:30:53 	AI: Loading Triggers
I           server.cpp[0855]03/10 17:30:53 	AI: Triggers loaded
I           server.cpp[0857]03/10 17:30:53 	AI: Loading Object Names
I           server.cpp[0868]03/10 17:30:53 	AI: Initing Player
I           server.cpp[0888]03/10 17:30:53 		Before first Update
I DynamicQuestManager.cpp[0089]03/10 17:30:53 DynamicQuestDestroy id = 5198 prototype = 'dynamicQuestDestroy' created
I DynamicQuestManager.cpp[0090]03/10 17:30:53 targetName = 'u2', hirerName = 'TheTown', reward = 413
E              Gun.cpp[0866]03/10 17:30:53 Error: LoadPoint not found: LP_GUN for MinePusher id = 5207 prototype = 'minePusher', modelName = minoYkladchiK
E              Gun.cpp[0866]03/10 17:30:53 Error: LoadPoint not found: LP_GUN for MinePusher id = 5208 prototype = 'minePusher', modelName = minoYkladchiK
E              Gun.cpp[0866]03/10 17:30:53 Error: LoadPoint not found: LP_GUN for MinePusher id = 5209 prototype = 'minePusher', modelName = minoYkladchiK
E              Gun.cpp[0866]03/10 17:30:53 Error: LoadPoint not found: LP_GUN for MinePusher id = 5210 prototype = 'minePusher', modelName = minoYkladchiK
I DynamicQuestManager.cpp[0089]03/10 17:30:53 DynamicQuestHunt id = 5223 prototype = 'dynamicQuestHunt' created
I DynamicQuestManager.cpp[0090]03/10 17:30:53 targetName = 'PlayerVehicle_0_0', hirerName = 'TheGloohoe', reward = 1561
E              Gun.cpp[0866]03/10 17:30:53 Error: LoadPoint not found: LP_GUN for MinePusher id = 5224 prototype = 'minePusher', modelName = minoYkladchiK
E              Gun.cpp[0866]03/10 17:30:53 Error: LoadPoint not found: LP_GUN for MinePusher id = 5225 prototype = 'minePusher', modelName = minoYkladchiK
E              Gun.cpp[0866]03/10 17:30:53 Error: LoadPoint not found: LP_GUN for MinePusher id = 5226 prototype = 'minePusher', modelName = minoYkladchiK
E              Gun.cpp[0866]03/10 17:30:53 Error: LoadPoint not found: LP_GUN for MinePusher id = 5227 prototype = 'minePusher', modelName = minoYkladchiK
E              Gun.cpp[0866]03/10 17:30:53 Error: LoadPoint not found: LP_GUN for MinePusher id = 5228 prototype = 'minePusher', modelName = minoYkladchiK
E              Gun.cpp[0866]03/10 17:30:53 Error: LoadPoint not found: LP_GUN for MinePusher id = 5229 prototype = 'minePusher', modelName = minoYkladchiK
I DynamicQuestManager.cpp[0089]03/10 17:30:53 DynamicQuestConvoy id = 5236 prototype = 'dynamicQuestConvoy' created
I DynamicQuestManager.cpp[0090]03/10 17:30:53 targetName = 'TheOilVillage_enter', hirerName = 'TheContraVillage', reward = 5681
I DynamicQuestManager.cpp[0089]03/10 17:30:53 DynamicQuestConvoy id = 5243 prototype = 'dynamicQuestConvoy' created
I DynamicQuestManager.cpp[0090]03/10 17:30:53 targetName = 'TheContraVillage_defend', hirerName = 'TheFreedom', reward = 4117
I DynamicQuestManager.cpp[0089]03/10 17:30:53 DynamicQuestReach id = 5250 prototype = 'dynamicQuestReach' created
I DynamicQuestManager.cpp[0090]03/10 17:30:53 targetName = 'PetrolStationTown2', hirerName = 'PetrolStationTown1', reward = 2665
I DynamicQuestManager.cpp[0089]03/10 17:30:53 DynamicQuestReach id = 5251 prototype = 'dynamicQuestReach' created
I DynamicQuestManager.cpp[0090]03/10 17:30:53 targetName = 'TheOilVillage', hirerName = 'PetrolStationTown3', reward = 4311
I DynamicQuestManager.cpp[0089]03/10 17:30:53 DynamicQuestHunt id = 5252 prototype = 'dynamicQuestHunt' created
I DynamicQuestManager.cpp[0090]03/10 17:30:53 targetName = 'PlayerVehicle_0_0', hirerName = 'PetrolStationTown2', reward = 1561
I   TruxxUiManager.cpp[1422]03/10 17:30:53 Game mode changed. Old mode = 0, new mode = 1
E          Vehicle.cpp[5160]03/10 17:30:53 Error: LoadPoint not found: LP_SSP03L for model 'dozerChassis'
I             util.cpp[0423]03/10 17:30:53 Maximum joint count reached: 31
I           server.cpp[0909]03/10 17:30:53 		After first Update
I           server.cpp[0911]03/10 17:30:53 AI: Finished Loading Server
I           view32.cpp[1106]03/10 17:30:53 Load server end
I    GameUiManager.cpp[0303]03/10 17:30:53 Interface: is initializing...
I    GameUiManager.cpp[0395]03/10 17:30:53 Interface: is inited successfully
I blockMusicManager.cpp[0199]03/10 17:30:53 BlockMusicManager: resetting
I blockMusicManager.cpp[0185]03/10 17:30:53 BlockMusicManager: start playing new music: blockNum = 1, musicType = 0, name = 'block1_driving'
I   triggeratgrolikend[0011]03/10 17:30:53 KRAYCITY ADDON IS NOT INSTALLED.
I   TruxxUiManager.cpp[1422]03/10 17:30:55 Game mode changed. Old mode = 1, new mode = 0
I   TruxxUiManager.cpp[1422]03/10 17:30:55 Game mode changed. Old mode = 0, new mode = 0
I   TruxxUiManager.cpp[1422]03/10 17:30:55 Game mode changed. Old mode = 0, new mode = 1
I   TruxxUiManager.cpp[1422]03/10 17:30:55 Game mode changed. Old mode = 1, new mode = 1
I   TruxxUiManager.cpp[1422]03/10 17:30:55 Game mode changed. Old mode = 1, new mode = 1
I   TruxxUiManager.cpp[1422]03/10 17:30:55 Game mode changed. Old mode = 1, new mode = 1
I   TruxxUiManager.cpp[1422]03/10 17:30:55 Game mode changed. Old mode = 1, new mode = 1
I   TruxxUiManager.cpp[1422]03/10 17:30:55 Game mode changed. Old mode = 1, new mode = 1
I   TruxxUiManager.cpp[1422]03/10 17:30:55 Game mode changed. Old mode = 1, new mode = 1
I   TruxxUiManager.cpp[1422]03/10 17:30:55 Game mode changed. Old mode = 1, new mode = 1
I   TruxxUiManager.cpp[1422]03/10 17:30:55 Game mode changed. Old mode = 1, new mode = 1
I   TruxxUiManager.cpp[1422]03/10 17:30:55 Game mode changed. Old mode = 1, new mode = 1
I   TruxxUiManager.cpp[1422]03/10 17:30:55 Game mode changed. Old mode = 1, new mode = 1
I   TruxxUiManager.cpp[1422]03/10 17:30:55 Game mode changed. Old mode = 1, new mode = 1
I   TruxxUiManager.cpp[1422]03/10 17:30:55 Game mode changed. Old mode = 1, new mode = 1
I   TruxxUiManager.cpp[1422]03/10 17:30:55 Game mode changed. Old mode = 1, new mode = 1
I   TruxxUiManager.cpp[1422]03/10 17:30:55 Game mode changed. Old mode = 1, new mode = 1
I   TruxxUiManager.cpp[1422]03/10 17:30:55 Game mode changed. Old mode = 1, new mode = 1
I   TruxxUiManager.cpp[1422]03/10 17:30:55 Game mode changed. Old mode = 1, new mode = 1
I   TruxxUiManager.cpp[1422]03/10 17:30:55 Game mode changed. Old mode = 1, new mode = 1
I       QuestState.cpp[0881]03/10 17:30:55 Quest 'Buyer_Quest1' is taken
I       QuestState.cpp[0956]03/10 17:30:55 	Recalc begin...
I       QuestState.cpp[1004]03/10 17:30:55 	Recalc end...
I        FadingMsg.cpp[0199]03/10 17:30:55 Fading message: 'Вы получили новое задание.'
I        FadingMsg.cpp[0199]03/10 17:30:55 Fading message: 'Новая запись в дневнике.'
I   TruxxUiManager.cpp[1422]03/10 17:30:56 Game mode changed. Old mode = 1, new mode = 0
I blockMusicManager.cpp[0199]03/10 17:30:56 BlockMusicManager: resetting
I blockMusicManager.cpp[0185]03/10 17:30:56 BlockMusicManager: start playing new music: blockNum = 1, musicType = 0, name = 'block1_driving'
I        FadingMsg.cpp[0199]03/10 17:30:58 Fading message: 'Мистер Шляпа включен.'
I        FadingMsg.cpp[0199]03/10 17:30:58 Fading message: 'Нажмите гудок (%1m) для въезда в город'
I       console_string[0236]03/10 17:31:24 ---------------------- CHEAT WAS USED --------- ANTICHEAT -----------------
I        FadingMsg.cpp[0199]03/10 17:31:24 Fading message: '@FFFF1493Обнаружено использование чит-кодов. Система достижений @FFFF0000ЗАБЛОКИРОВАНА. @FFFF1493В техподдержке @FFFF0000ОТКАЗАНО.'
I        FadingMsg.cpp[0199]03/10 17:31:24 Fading message: '@FFFF1493Обнаружено использование чит-кодов. Система достижений @FFFF0000ЗАБЛОКИРОВАНА. @FFFF1493В техподдержке @FFFF0000ОТКАЗАНО.'
I   TruxxUiManager.cpp[1422]03/10 17:31:25 Game mode changed. Old mode = 0, new mode = 1
I   TruxxUiManager.cpp[1422]03/10 17:31:25 Game mode changed. Old mode = 1, new mode = 1
I   TruxxUiManager.cpp[1422]03/10 17:31:26 Game mode changed. Old mode = 1, new mode = 0
I blockMusicManager.cpp[0199]03/10 17:31:26 BlockMusicManager: resetting
I blockMusicManager.cpp[0185]03/10 17:31:26 BlockMusicManager: start playing new music: blockNum = 1, musicType = 0, name = 'block1_driving'
I       QuestState.cpp[0881]03/10 17:31:29 Quest 'LisaAtSouth' is taken
I       QuestState.cpp[0956]03/10 17:31:29 	Recalc begin...
I       QuestState.cpp[1004]03/10 17:31:29 	Recalc end...
I        FadingMsg.cpp[0199]03/10 17:31:29 Fading message: 'Вы получили новое задание.'
I WanderersManager.cpp[0641]03/10 17:31:30 Spawning caravan: WanderersManager id = 214 prototype = 'LiveCaravanManager' name = 'r1m1_CaravanGlobalObject' spawns CaravanTeam id = 21583 prototype = 'r1m1_CaravanOne'
I        FadingMsg.cpp[0199]03/10 17:31:34 Fading message: 'Нажмите гудок (%1m) для въезда в город'
I   TruxxUiManager.cpp[1422]03/10 17:31:38 Game mode changed. Old mode = 0, new mode = 1
I   TruxxUiManager.cpp[1422]03/10 17:31:39 Game mode changed. Old mode = 1, new mode = 0
I   TruxxUiManager.cpp[1422]03/10 17:31:39 Game mode changed. Old mode = 0, new mode = 0
I townMusicManager.cpp[0096]03/10 17:31:39 TownMusicManager: start playing new music: 'trade_town1'
I        FadingMsg.cpp[0199]03/10 17:31:44 Fading message: 'Вы получили %1d монет!'
I        FadingMsg.cpp[0199]03/10 17:31:44 Fading message: 'Вы отдали предмет %1p.'
I       QuestState.cpp[0931]03/10 17:31:44 Quest 'Buyer_Quest1' is complete
I       QuestState.cpp[0956]03/10 17:31:44 	Recalc begin...
I       QuestState.cpp[0904]03/10 17:31:44 Quest 'd_Lisa_Quest' can be given now
I       QuestState.cpp[0904]03/10 17:31:44 Quest 'd_Lisa_Quest_NoKC' can be given now
I       QuestState.cpp[1004]03/10 17:31:44 	Recalc end...
I        FadingMsg.cpp[0199]03/10 17:31:44 Fading message: 'Вы выполнили задание.'
I        FadingMsg.cpp[0199]03/10 17:31:44 Fading message: 'У вас новая книга.'
I blockMusicManager.cpp[0199]03/10 17:31:46 BlockMusicManager: resetting
I   TruxxUiManager.cpp[1422]03/10 17:31:46 Game mode changed. Old mode = 0, new mode = 1
I blockMusicManager.cpp[0185]03/10 17:31:46 BlockMusicManager: start playing new music: blockNum = 0, musicType = 0, name = 'block0_driving'
I   TruxxUiManager.cpp[1422]03/10 17:31:47 Game mode changed. Old mode = 1, new mode = 0
I   TruxxUiManager.cpp[1422]03/10 17:31:47 Game mode changed. Old mode = 0, new mode = 0
I        FadingMsg.cpp[0199]03/10 17:31:47 Fading message: 'Нажмите гудок (%1m) для въезда в город'
I       console_string[0236]03/10 17:32:01 ---------------------- CHEAT WAS USED --------- ANTICHEAT -----------------
I        FadingMsg.cpp[0199]03/10 17:32:01 Fading message: '@FFFF1493Обнаружено использование чит-кодов. Система достижений @FFFF0000ЗАБЛОКИРОВАНА. @FFFF1493В техподдержке @FFFF0000ОТКАЗАНО.'
I        FadingMsg.cpp[0199]03/10 17:32:01 Fading message: '@FFFF1493Обнаружено использование чит-кодов. Система достижений @FFFF0000ЗАБЛОКИРОВАНА. @FFFF1493В техподдержке @FFFF0000ОТКАЗАНО.'
I WanderersManager.cpp[0641]03/10 17:32:07 Spawning caravan: WanderersManager id = 214 prototype = 'LiveCaravanManager' name = 'r1m1_CaravanGlobalObject' spawns CaravanTeam id = 21670 prototype = 'r1m1_CaravanOne'
I   TruxxUiManager.cpp[1422]03/10 17:32:25 Game mode changed. Old mode = 0, new mode = 1
I   TruxxUiManager.cpp[1422]03/10 17:32:31 Game mode changed. Old mode = 1, new mode = 0
I WanderersManager.cpp[0641]03/10 17:32:50 Spawning caravan: WanderersManager id = 214 prototype = 'LiveCaravanManager' name = 'r1m1_CaravanGlobalObject' spawns CaravanTeam id = 136371 prototype = 'r1m1_CaravanOne'
I         gamemenu.cpp[0283]03/10 17:34:13 Quit to Windows
I           view32.cpp[0815]03/10 17:34:13 --- Done Media ---
I    GameUiManager.cpp[0405]03/10 17:34:13 Interface: is clearing...
I    GameUiManager.cpp[0495]03/10 17:34:13 Interface: is cleared successfully
I    GameUiManager.cpp[0257]03/10 17:34:13 Interface: done...
I    GameUiManager.cpp[1580]03/10 17:34:13 Interface: clearing resource infos ...
I    GameUiManager.cpp[0292]03/10 17:34:13 Interface: is done
I           view32.cpp[0843]03/10 17:34:13 --- Done Media: Ok ---
I           m3dapp.cpp[1343]03/10 17:34:13 snd: Deleting Sound...
I           m3dapp.cpp[1343]03/10 17:34:13 snd: Stopping all sounds in FMOD...
I           m3dapp.cpp[1343]03/10 17:34:13 snd: Closing FMOD...
I           m3dapp.cpp[1343]03/10 17:34:13 snd: Deleting all sounds...
I           m3dapp.cpp[1343]03/10 17:34:13 snd: 	Stopping all sounds
I           m3dapp.cpp[1343]03/10 17:34:13 snd: 	Deleting all sounds from table
I           m3dapp.cpp[1343]03/10 17:34:13 snd: 	Sounds deleted
I           m3dapp.cpp[1343]03/10 17:34:13 snd: Sound is uninstalled
I      gameimpulse.cpp[0618]03/10 17:34:13 Key bindings: unbind all is done
I      gameimpulse.cpp[0343]03/10 17:34:13 Key bindings: is done
----------------------------------------------- Log ends on Sat Oct 03 17:34:13 2026 -----------------------------------------------




