-==- -==- -==- -==- -==- -==- -==- -==- -==- -==- -==- -==- -==- -==- -==-
-==
-== Log category   : Unhandled exception info
-== Build          : ExMachina - release version release build v1.02 (Dec 21 2005 12:15:04)
-==
-== Exception      : 0xC0000005 at address 0x109CDA4C
-== Exception type : ACCESS VIOLATION  read attempt to address 0x7C2A2A7B 
-==
-==- -==- -==- -==- -==- -==- -==- -==- -==- -==- -==- -==- -==- -==- -==-

1: 07/01/26 14:21:17
1: Physical memory = 4095 MB
1: Total memory    = 4095 MB
1: Physical memory available      = 4095 MB
1: Total virtual memory           = 4095 MB
1: Total virtual memory available = 2001 MB
1: Page file available            = 4095 MB

1: Data from MemoryManager:
1: mem used:           243317606
1: mem allocated:      285516569
1: mem overhead:        23111568
1: last allocation:            0
1: mem used by sound:   77099398


1:   0     createIRenderer +631276 bytes
1:     Decl: createIRenderer
1:     Mod:  dxrender9, base: 10920000h

1:   1     createIRenderer +633496 bytes
1:     Decl: createIRenderer
1:     Mod:  dxrender9, base: 10920000h

1:   2     createIRenderer +649382 bytes
1:     Decl: createIRenderer
1:     Mod:  dxrender9, base: 10920000h

1:   3     createIRenderer +229141 bytes
1:     Decl: createIRenderer
1:     Mod:  dxrender9, base: 10920000h

1:   4     createIRenderer +188447 bytes
1:     Decl: createIRenderer
1:     Mod:  dxrender9, base: 10920000h


Registers:
	CS:EIP 0x0023:109CDA4C
	SS:ESP 0x002B:039C3EA0
	DS:EDI 0x002B:83D5B8DC
	ES:ESI 0x002B:00000000
	   EAX        7C2A2A6B
	   EBX        83D5B8DC
	   ECX        0000D594
	   EDX        03B80574

