-==- -==- -==- -==- -==- -==- -==- -==- -==- -==- -==- -==- -==- -==- -==-
-==
-== Log category   : Unhandled exception info
-== Build          : ExMachina - release version release build v1.02 (Dec 21 2005 12:15:04)
-==
-== Exception      : 0xC0000005 at address 0x1089D880
-== Exception type : ACCESS VIOLATION  read attempt to address 0x7BC9B5E3 
-==
-==- -==- -==- -==- -==- -==- -==- -==- -==- -==- -==- -==- -==- -==- -==-

1: 04/19/26 11:49:32
1: Physical memory = 4095 MB
1: Total memory    = 4095 MB
1: Physical memory available      = 4095 MB
1: Total virtual memory           = 4095 MB
1: Total virtual memory available = 2215 MB
1: Page file available            = 4095 MB

1: Data from MemoryManager:
1: mem used:           143419576
1: mem allocated:      287753194
1: mem overhead:        10483376
1: last allocation:            0
1: mem used by sound:  110710849


1:   0     createIRenderer +565280 bytes
1:     Decl: createIRenderer
1:     Mod:  dxrender9, base: 10800000h

1:   1     createIRenderer +617865 bytes
1:     Decl: createIRenderer
1:     Mod:  dxrender9, base: 10800000h

1:   2     createIRenderer +626911 bytes
1:     Decl: createIRenderer
1:     Mod:  dxrender9, base: 10800000h

1:   3     createIRenderer +627137 bytes
1:     Decl: createIRenderer
1:     Mod:  dxrender9, base: 10800000h

1:   4     createIRenderer +628469 bytes
1:     Decl: createIRenderer
1:     Mod:  dxrender9, base: 10800000h

1:   5     createIRenderer +229155 bytes
1:     Decl: createIRenderer
1:     Mod:  dxrender9, base: 10800000h

1:   6     createIRenderer +188447 bytes
1:     Decl: createIRenderer
1:     Mod:  dxrender9, base: 10800000h


Registers:
	CS:EIP 0x0023:1089D880
	SS:ESP 0x002B:039C3DEC
	DS:EDI 0x002B:77E17A14
	ES:ESI 0x002B:7BC9B5D3
	   EAX        7BC9B5D3
	   EBX        00000000
	   ECX        77E17A14
	   EDX        00000001

