-==- -==- -==- -==- -==- -==- -==- -==- -==- -==- -==- -==- -==- -==- -==-
-==
-== Log category   : Unhandled exception info
-== Build          : ExMachina - release version release build v1.02 (Dec 21 2005 12:15:04)
-==
-== Exception      : 0xC0000005 at address 0x1096D880
-== Exception type : ACCESS VIOLATION  read attempt to address 0x7FE63C2F 
-==
-==- -==- -==- -==- -==- -==- -==- -==- -==- -==- -==- -==- -==- -==- -==-

1: 04/19/26 11:04:56
1: Physical memory = 4095 MB
1: Total memory    = 4095 MB
1: Physical memory available      = 4095 MB
1: Total virtual memory           = 4095 MB
1: Total virtual memory available = 2281 MB
1: Page file available            = 4095 MB

1: Data from MemoryManager:
1: mem used:           192219278
1: mem allocated:      254195651
1: mem overhead:        15831920
1: last allocation:            0
1: mem used by sound:  110595411


1:   0     createIRenderer +565280 bytes
1:     Decl: createIRenderer
1:     Mod:  dxrender9, base: 108d0000h

1:   1     createIRenderer +613910 bytes
1:     Decl: createIRenderer
1:     Mod:  dxrender9, base: 108d0000h

1:   2     createIRenderer +626800 bytes
1:     Decl: createIRenderer
1:     Mod:  dxrender9, base: 108d0000h

1:   3     createIRenderer +627137 bytes
1:     Decl: createIRenderer
1:     Mod:  dxrender9, base: 108d0000h

1:   4     createIRenderer +628469 bytes
1:     Decl: createIRenderer
1:     Mod:  dxrender9, base: 108d0000h

1:   5     createIRenderer +229155 bytes
1:     Decl: createIRenderer
1:     Mod:  dxrender9, base: 108d0000h

1:   6     createIRenderer +188447 bytes
1:     Decl: createIRenderer
1:     Mod:  dxrender9, base: 108d0000h


Registers:
	CS:EIP 0x0023:1096D880
	SS:ESP 0x002B:039C3DF4
	DS:EDI 0x002B:65C11954
	ES:ESI 0x002B:7FE63C1F
	   EAX        7FE63C1F
	   EBX        00000000
	   ECX        65C11954
	   EDX        00000005

