---------------------------------------------- Log begins on Sun Apr 19 10:51:13 2026 ----------------------------------------------
I           m3dapp.cpp[0088]19/04 10:51:13 Starting up...
I           m3dapp.cpp[1498]19/04 10:51:13 ExMachina - release version release build v1.02 (Dec 21 2005 12:15:10)
I      Stackwalker.cpp[0608]19/04 10:51:13 Stackwalker: log file name will be 'b:/exmachina.gm.mod.sdk_/exceptions/hta.exe0019.log'
I      Stackwalker.cpp[0609]19/04 10:51:13 Stackwalker: dump file name will be 'b:/exmachina.gm.mod.sdk_/exceptions/hta.exe0019.dmp'
I      Stackwalker.cpp[0610]19/04 10:51:13 Stackwalker: game log file name will be 'b:/exmachina.gm.mod.sdk_/exceptions/hta.exe0019_game.log'
I           m3dapp.cpp[1391]19/04 10:51:13 Path: B:\ExMachina.GM.mod.SDK_
I           m3dapp.cpp[1392]19/04 10:51:13 Exe: B:\ExMachina.GM.mod.SDK_\hta.exe
I           m3dapp.cpp[1401]19/04 10:51:13 Windows version: 6.2.9200
I           m3dapp.cpp[1410]19/04 10:51:13 Computer name: DESKTOP-QQPV5MQ
I           m3dapp.cpp[1430]19/04 10:51:13 Cpu: GenuineIntel
I           m3dapp.cpp[1434]19/04 10:51:13 Cpu clock: ~3302
I           m3dapp.cpp[1459]19/04 10:51:13 Processor is mmx able
I           m3dapp.cpp[1470]19/04 10:51:13 Physical memory: 4095 MB
I           m3dapp.cpp[1471]19/04 10:51:13 Total memory:    4095 MB
I           m3dapp.cpp[1472]19/04 10:51:13 Physical memory available: 4095 MB
I           m3dapp.cpp[1473]19/04 10:51:13 Total memory available:    3809 MB
I           m3dapp.cpp[2846]19/04 10:51:13 SetCodepage -- using codepage 1251 '1251  (ANSI - кириллица)'
I           m3dapp.cpp[2154]19/04 10:51:13 NOTE! renderer is bind to dxrender9.dll
I           m3dapp.cpp[1336]19/04 10:51:13 d3d: Given device behavior: 80
I           m3dapp.cpp[1336]19/04 10:51:13 d3d: Confirmed device behavior: 80
I           m3dapp.cpp[1336]19/04 10:51:13 d3d: Description: NVIDIA GeForce GTX 1650
I           m3dapp.cpp[1336]19/04 10:51:13 d3d: Driver:      nvldumd.dll
I           m3dapp.cpp[1336]19/04 10:51:13 d3d: VendorId:    0x10de
I           m3dapp.cpp[1336]19/04 10:51:13 d3d: DeviceId:    0x1f0a
I           m3dapp.cpp[1336]19/04 10:51:13 d3d: SubSysId:    0x145c1771
I           m3dapp.cpp[1336]19/04 10:51:13 d3d: Revision:    161
I           m3dapp.cpp[1336]19/04 10:51:13 d3d: Driver version info:
I           m3dapp.cpp[1336]19/04 10:51:13 d3d:   Product:    32
I           m3dapp.cpp[1336]19/04 10:51:13 d3d:   Version:    0
I           m3dapp.cpp[1336]19/04 10:51:13 d3d:   SubVersion: 15
I           m3dapp.cpp[1336]19/04 10:51:13 d3d:   Build:      8129
I           m3dapp.cpp[1336]19/04 10:51:13 d3d: WHQLLevel:    0
I           m3dapp.cpp[1336]19/04 10:51:13 d3d: Texture max size: 16384x16384
I           m3dapp.cpp[1336]19/04 10:51:13 d3d: Guard band: (-100000000.000,-100000000.000,100000000.000,100000000.000)
I           m3dapp.cpp[1336]19/04 10:51:13 d3d: MaxTextureBlendStages: 8
I           m3dapp.cpp[1336]19/04 10:51:13 d3d: MaxSimultaneousTextures: 8
I           m3dapp.cpp[1336]19/04 10:51:13 d3d: MaxActiveLights: 10
I           m3dapp.cpp[1336]19/04 10:51:13 d3d: MaxUserClipPlanes: 8
I           m3dapp.cpp[1336]19/04 10:51:13 d3d: VertexShaderVersion: 0xfffe0300
I           m3dapp.cpp[1336]19/04 10:51:13 d3d: PixelShaderVersion: 0xffff0300
I           m3dapp.cpp[1336]19/04 10:51:13 d3d: Geometry instancing: supported
I           m3dapp.cpp[1336]19/04 10:51:13 d3d: Depth bias supported: yes
I           m3dapp.cpp[1336]19/04 10:51:13 d3d: Slope-scale based depth bias supported: yes
I           m3dapp.cpp[1336]19/04 10:51:13 d3d: HwRasterization: true
I           m3dapp.cpp[1336]19/04 10:51:13 d3d: HwTnL: true
I           m3dapp.cpp[1336]19/04 10:51:13 d3d: PureDevice: true
I           m3dapp.cpp[1336]19/04 10:51:13 d3d: CubeMap: true
I           m3dapp.cpp[1336]19/04 10:51:13 d3d: VolumeMap: true
I           m3dapp.cpp[1336]19/04 10:51:13 d3d: TextureAddressCaps:
I           m3dapp.cpp[1336]19/04 10:51:13 d3d: 	wrap: true
I           m3dapp.cpp[1336]19/04 10:51:13 d3d: 	clamp: true
I           m3dapp.cpp[1336]19/04 10:51:13 d3d: 	border: true
I           m3dapp.cpp[1336]19/04 10:51:13 d3d: Projective textures: true
I           m3dapp.cpp[1336]19/04 10:51:13 d3d: MaxPointSize: 8192.000
I           m3dapp.cpp[1336]19/04 10:51:13 d3d: MaxPrimitiveCount: 16777215
I           m3dapp.cpp[1336]19/04 10:51:13 d3d: MaxVertexIndex: 16777215
I           m3dapp.cpp[1336]19/04 10:51:13 d3d: MaxStreams: 16
I           m3dapp.cpp[1336]19/04 10:51:13 d3d: MaxStreamsStride: 255
I           m3dapp.cpp[1336]19/04 10:51:13 d3d: MaxAnisotropy: 16
I           m3dapp.cpp[1336]19/04 10:51:13 d3d: MaxVertexBlendMatrices: 4
I           m3dapp.cpp[1336]19/04 10:51:13 d3d: MaxVertexBlendMatrixIndex: 8
I           m3dapp.cpp[1336]19/04 10:51:13 d3d: FullScreenGamma: true
I           m3dapp.cpp[1336]19/04 10:51:13 d3d: COLORWRITEENABLE: true
I           m3dapp.cpp[1336]19/04 10:51:13 d3d: MASKZ: true
I           m3dapp.cpp[1336]19/04 10:51:13 d3d: BLENDOP: true
I           m3dapp.cpp[1336]19/04 10:51:13 d3d: CLIPPLANESCALEDPOINTS: false
I           m3dapp.cpp[1336]19/04 10:51:13 d3d: CLIPTLVERTS: true
I           m3dapp.cpp[1336]19/04 10:51:13 d3d: TSSARGTEMP: true
I           m3dapp.cpp[1336]19/04 10:51:13 d3d: DIRECTIONALLIGHTS: true
I           m3dapp.cpp[1336]19/04 10:51:13 d3d: LOCALVIEWER: true
I           m3dapp.cpp[1336]19/04 10:51:13 d3d: POSITIONALLIGHTS: true
I           m3dapp.cpp[1336]19/04 10:51:13 d3d: TEXGEN:  true
I           m3dapp.cpp[1336]19/04 10:51:13 d3d: TWEENING:  true
I           m3dapp.cpp[1336]19/04 10:51:13 d3d: Dp3: true
I           m3dapp.cpp[1336]19/04 10:51:13 d3d: Lerp: true
I           m3dapp.cpp[1336]19/04 10:51:13 d3d: MaxNpatchTessellationLevel: 0.000
I           m3dapp.cpp[1336]19/04 10:51:13 d3d: Query VCACHE support: true
I           m3dapp.cpp[1336]19/04 10:51:13 d3d: Query EVENT support: true
I           m3dapp.cpp[1336]19/04 10:51:13 d3d: Query OCCLUSION support: true
I           m3dapp.cpp[1336]19/04 10:51:13 d3d: Query TIMESTAMP support: true
I           m3dapp.cpp[1336]19/04 10:51:13 d3d: Query TIMESTAMPDISJOINT support: true
I           m3dapp.cpp[1336]19/04 10:51:13 d3d: Query TIMESTAMPFREQ support: true
I           m3dapp.cpp[1336]19/04 10:51:13 d3d: Query PIPELINETIMINGS support: false
I           m3dapp.cpp[1336]19/04 10:51:13 d3d: Query INTERFACETIMINGS support: false
I           m3dapp.cpp[1336]19/04 10:51:13 d3d: Query VERTEXTIMINGS support: false
I           m3dapp.cpp[1336]19/04 10:51:13 d3d: Query PIXELTIMINGS support: false
I           m3dapp.cpp[1336]19/04 10:51:13 d3d: Query BANDWIDTHTIMINGS support: false
I           m3dapp.cpp[1336]19/04 10:51:13 d3d: Query CACHEUTILIZATION support: false
I           m3dapp.cpp[1336]19/04 10:51:13 d3d: Creating or resetting the device
I           m3dapp.cpp[1336]19/04 10:51:13 d3d: Back buffer format: X8R8G8B8
I           m3dapp.cpp[1336]19/04 10:51:13 d3d: Depth/stencil buffer format: D24S8
I           m3dapp.cpp[1336]19/04 10:51:13 d3d: Stenciling: off
I           m3dapp.cpp[1336]19/04 10:51:13 d3d: Rgba textures format: DXT5
I           m3dapp.cpp[1336]19/04 10:51:13 d3d: Rgba no c. textures format: A8R8G8B8
I           m3dapp.cpp[1336]19/04 10:51:13 d3d: RgbA textures format: DXT5
I           m3dapp.cpp[1336]19/04 10:51:13 d3d: RgbA no c. textures format: A4R4G4B4
I           m3dapp.cpp[1336]19/04 10:51:13 d3d: Rt textures format: A8R8G8B8
I           m3dapp.cpp[1336]19/04 10:51:13 d3d: Shadow textures format: R5G6B5
I           m3dapp.cpp[1336]19/04 10:51:13 d3d: Rt depth format: D16
I           m3dapp.cpp[2206]19/04 10:51:13 NOTE! input is bind to input_di8.dll
I           m3dapp.cpp[1938]19/04 10:51:13 NOTE! sound is bind to sound.dll
I           m3dapp.cpp[1343]19/04 10:51:13 snd: Max sound channels available: 128
I           m3dapp.cpp[1343]19/04 10:51:13 snd: Sound is inited successfully
I           m3dapp.cpp[1350]19/04 10:51:13 input: Joystick not found
I             font.cpp[0976]19/04 10:51:13 FontManager: fonts are loaded successfully
I           m3dapp.cpp[1336]19/04 10:51:13 d3d: Cannot open data\models\logos\fishmen.dds
I           m3dapp.cpp[1336]19/04 10:51:13 d3d: texmap failed to load: data\models\logos\fishmen.dds
E       DraftModel.cpp[1002]19/04 10:51:13 Error: Couldn't load texture data\models\logos\fishmen.dds for model logos.gam
I           m3dapp.cpp[1336]19/04 10:51:13 d3d: Cannot open data\models\logos\logo36.dds
I           m3dapp.cpp[1336]19/04 10:51:13 d3d: texmap failed to load: data\models\logos\logo36.dds
E       DraftModel.cpp[1002]19/04 10:51:13 Error: Couldn't load texture data\models\logos\logo36.dds for model logos.gam
I           m3dapp.cpp[1336]19/04 10:51:13 d3d: Cannot open data\models\logos\logo37.dds
I           m3dapp.cpp[1336]19/04 10:51:13 d3d: texmap failed to load: data\models\logos\logo37.dds
E       DraftModel.cpp[1002]19/04 10:51:13 Error: Couldn't load texture data\models\logos\logo37.dds for model logos.gam
I           m3dapp.cpp[1336]19/04 10:51:13 d3d: Cannot open data\models\logos\logo38.dds
I           m3dapp.cpp[1336]19/04 10:51:13 d3d: texmap failed to load: data\models\logos\logo38.dds
E       DraftModel.cpp[1002]19/04 10:51:13 Error: Couldn't load texture data\models\logos\logo38.dds for model logos.gam
I           m3dapp.cpp[1336]19/04 10:51:13 d3d: Cannot open data\models\logos\logo39.dds
I           m3dapp.cpp[1336]19/04 10:51:13 d3d: texmap failed to load: data\models\logos\logo39.dds
E       DraftModel.cpp[1002]19/04 10:51:13 Error: Couldn't load texture data\models\logos\logo39.dds for model logos.gam
I           m3dapp.cpp[1336]19/04 10:51:13 d3d: Cannot open data\models\logos\logo40.dds
I           m3dapp.cpp[1336]19/04 10:51:13 d3d: texmap failed to load: data\models\logos\logo40.dds
E       DraftModel.cpp[1002]19/04 10:51:13 Error: Couldn't load texture data\models\logos\logo40.dds for model logos.gam
I           m3dapp.cpp[1336]19/04 10:51:13 d3d: Cannot open data\models\logos\logo41.dds
I           m3dapp.cpp[1336]19/04 10:51:13 d3d: texmap failed to load: data\models\logos\logo41.dds
E       DraftModel.cpp[1002]19/04 10:51:13 Error: Couldn't load texture data\models\logos\logo41.dds for model logos.gam
I           m3dapp.cpp[1336]19/04 10:51:13 d3d: Cannot open data\models\logos\logo42.dds
I           m3dapp.cpp[1336]19/04 10:51:13 d3d: texmap failed to load: data\models\logos\logo42.dds
E       DraftModel.cpp[1002]19/04 10:51:13 Error: Couldn't load texture data\models\logos\logo42.dds for model logos.gam
I           m3dapp.cpp[1336]19/04 10:51:13 d3d: Cannot open data\models\logos\logo43.dds
I           m3dapp.cpp[1336]19/04 10:51:13 d3d: texmap failed to load: data\models\logos\logo43.dds
E       DraftModel.cpp[1002]19/04 10:51:13 Error: Couldn't load texture data\models\logos\logo43.dds for model logos.gam
I           m3dapp.cpp[1336]19/04 10:51:13 d3d: Cannot open data\models\logos\logo44.dds
I           m3dapp.cpp[1336]19/04 10:51:13 d3d: texmap failed to load: data\models\logos\logo44.dds
E       DraftModel.cpp[1002]19/04 10:51:13 Error: Couldn't load texture data\models\logos\logo44.dds for model logos.gam
I           m3dapp.cpp[1336]19/04 10:51:13 d3d: Cannot open data\models\logos\logo45.dds
I           m3dapp.cpp[1336]19/04 10:51:13 d3d: texmap failed to load: data\models\logos\logo45.dds
E       DraftModel.cpp[1002]19/04 10:51:13 Error: Couldn't load texture data\models\logos\logo45.dds for model logos.gam
I           m3dapp.cpp[1336]19/04 10:51:13 d3d: Cannot open data\models\logos\logo46.dds
I           m3dapp.cpp[1336]19/04 10:51:13 d3d: texmap failed to load: data\models\logos\logo46.dds
E       DraftModel.cpp[1002]19/04 10:51:13 Error: Couldn't load texture data\models\logos\logo46.dds for model logos.gam
I           m3dapp.cpp[1336]19/04 10:51:13 d3d: Cannot open data\models\logos\logo47.dds
I           m3dapp.cpp[1336]19/04 10:51:13 d3d: texmap failed to load: data\models\logos\logo47.dds
E       DraftModel.cpp[1002]19/04 10:51:13 Error: Couldn't load texture data\models\logos\logo47.dds for model logos.gam
I           m3dapp.cpp[1336]19/04 10:51:13 d3d: Cannot open data\models\logos\logo48.dds
I           m3dapp.cpp[1336]19/04 10:51:13 d3d: texmap failed to load: data\models\logos\logo48.dds
E       DraftModel.cpp[1002]19/04 10:51:13 Error: Couldn't load texture data\models\logos\logo48.dds for model logos.gam
I           m3dapp.cpp[1336]19/04 10:51:13 d3d: Cannot open data\models\logos\logo49.dds
I           m3dapp.cpp[1336]19/04 10:51:13 d3d: texmap failed to load: data\models\logos\logo49.dds
E       DraftModel.cpp[1002]19/04 10:51:13 Error: Couldn't load texture data\models\logos\logo49.dds for model logos.gam
I           m3dapp.cpp[1336]19/04 10:51:13 d3d: Cannot open data\models\logos\logo50.dds
I           m3dapp.cpp[1336]19/04 10:51:13 d3d: texmap failed to load: data\models\logos\logo50.dds
E       DraftModel.cpp[1002]19/04 10:51:13 Error: Couldn't load texture data\models\logos\logo50.dds for model logos.gam
I           m3dapp.cpp[1336]19/04 10:51:13 d3d: Cannot open data\models\logos\logo51.dds
I           m3dapp.cpp[1336]19/04 10:51:13 d3d: texmap failed to load: data\models\logos\logo51.dds
E       DraftModel.cpp[1002]19/04 10:51:13 Error: Couldn't load texture data\models\logos\logo51.dds for model logos.gam
I           m3dapp.cpp[1336]19/04 10:51:13 d3d: Cannot open data\models\logos\logo52.dds
I           m3dapp.cpp[1336]19/04 10:51:13 d3d: texmap failed to load: data\models\logos\logo52.dds
E       DraftModel.cpp[1002]19/04 10:51:13 Error: Couldn't load texture data\models\logos\logo52.dds for model logos.gam
I           m3dapp.cpp[1336]19/04 10:51:13 d3d: Cannot open data\models\logos\logo53.dds
I           m3dapp.cpp[1336]19/04 10:51:13 d3d: texmap failed to load: data\models\logos\logo53.dds
E       DraftModel.cpp[1002]19/04 10:51:13 Error: Couldn't load texture data\models\logos\logo53.dds for model logos.gam
I           m3dapp.cpp[1336]19/04 10:51:13 d3d: Cannot open data\models\logos\logo54.dds
I           m3dapp.cpp[1336]19/04 10:51:13 d3d: texmap failed to load: data\models\logos\logo54.dds
E       DraftModel.cpp[1002]19/04 10:51:13 Error: Couldn't load texture data\models\logos\logo54.dds for model logos.gam
I           m3dapp.cpp[1336]19/04 10:51:13 d3d: Cannot open data\models\logos\logo55.dds
I           m3dapp.cpp[1336]19/04 10:51:13 d3d: texmap failed to load: data\models\logos\logo55.dds
E       DraftModel.cpp[1002]19/04 10:51:13 Error: Couldn't load texture data\models\logos\logo55.dds for model logos.gam
I           m3dapp.cpp[1336]19/04 10:51:13 d3d: Cannot open data\models\logos\logo56.dds
I           m3dapp.cpp[1336]19/04 10:51:13 d3d: texmap failed to load: data\models\logos\logo56.dds
E       DraftModel.cpp[1002]19/04 10:51:13 Error: Couldn't load texture data\models\logos\logo56.dds for model logos.gam
I           m3dapp.cpp[1336]19/04 10:51:13 d3d: Cannot open data\models\logos\logo57.dds
I           m3dapp.cpp[1336]19/04 10:51:13 d3d: texmap failed to load: data\models\logos\logo57.dds
E       DraftModel.cpp[1002]19/04 10:51:13 Error: Couldn't load texture data\models\logos\logo57.dds for model logos.gam
I           m3dapp.cpp[1336]19/04 10:51:13 d3d: Cannot open data\models\logos\logo58.dds
I           m3dapp.cpp[1336]19/04 10:51:13 d3d: texmap failed to load: data\models\logos\logo58.dds
E       DraftModel.cpp[1002]19/04 10:51:13 Error: Couldn't load texture data\models\logos\logo58.dds for model logos.gam
I           m3dapp.cpp[1336]19/04 10:51:13 d3d: Cannot open data\models\logos\logo59.dds
I           m3dapp.cpp[1336]19/04 10:51:13 d3d: texmap failed to load: data\models\logos\logo59.dds
E       DraftModel.cpp[1002]19/04 10:51:13 Error: Couldn't load texture data\models\logos\logo59.dds for model logos.gam
I           m3dapp.cpp[1336]19/04 10:51:13 d3d: Cannot open data\models\logos\logo60.dds
I           m3dapp.cpp[1336]19/04 10:51:13 d3d: texmap failed to load: data\models\logos\logo60.dds
E       DraftModel.cpp[1002]19/04 10:51:13 Error: Couldn't load texture data\models\logos\logo60.dds for model logos.gam
I           m3dapp.cpp[1336]19/04 10:51:13 d3d: Cannot open data\models\logos\logo61.dds
I           m3dapp.cpp[1336]19/04 10:51:13 d3d: texmap failed to load: data\models\logos\logo61.dds
E       DraftModel.cpp[1002]19/04 10:51:13 Error: Couldn't load texture data\models\logos\logo61.dds for model logos.gam
I           m3dapp.cpp[1336]19/04 10:51:13 d3d: Cannot open data\models\logos\logo62.dds
I           m3dapp.cpp[1336]19/04 10:51:13 d3d: texmap failed to load: data\models\logos\logo62.dds
E       DraftModel.cpp[1002]19/04 10:51:13 Error: Couldn't load texture data\models\logos\logo62.dds for model logos.gam
I           m3dapp.cpp[1336]19/04 10:51:13 d3d: Cannot open data\models\logos\logo63.dds
I           m3dapp.cpp[1336]19/04 10:51:13 d3d: texmap failed to load: data\models\logos\logo63.dds
E       DraftModel.cpp[1002]19/04 10:51:13 Error: Couldn't load texture data\models\logos\logo63.dds for model logos.gam
I           m3dapp.cpp[1336]19/04 10:51:13 d3d: Cannot open data\models\logos\logo64.dds
I           m3dapp.cpp[1336]19/04 10:51:13 d3d: texmap failed to load: data\models\logos\logo64.dds
E       DraftModel.cpp[1002]19/04 10:51:13 Error: Couldn't load texture data\models\logos\logo64.dds for model logos.gam
I           m3dapp.cpp[1336]19/04 10:51:13 d3d: Cannot open data\models\logos\logo65.dds
I           m3dapp.cpp[1336]19/04 10:51:13 d3d: texmap failed to load: data\models\logos\logo65.dds
E       DraftModel.cpp[1002]19/04 10:51:13 Error: Couldn't load texture data\models\logos\logo65.dds for model logos.gam
I           m3dapp.cpp[1336]19/04 10:51:13 d3d: Cannot open data\models\logos\logo66.dds
I           m3dapp.cpp[1336]19/04 10:51:13 d3d: texmap failed to load: data\models\logos\logo66.dds
E       DraftModel.cpp[1002]19/04 10:51:13 Error: Couldn't load texture data\models\logos\logo66.dds for model logos.gam
I           m3dapp.cpp[1336]19/04 10:51:13 d3d: Cannot open data\models\logos\logo67.dds
I           m3dapp.cpp[1336]19/04 10:51:13 d3d: texmap failed to load: data\models\logos\logo67.dds
E       DraftModel.cpp[1002]19/04 10:51:13 Error: Couldn't load texture data\models\logos\logo67.dds for model logos.gam
I           m3dapp.cpp[1336]19/04 10:51:13 d3d: Cannot open data\models\logos\logo68.dds
I           m3dapp.cpp[1336]19/04 10:51:13 d3d: texmap failed to load: data\models\logos\logo68.dds
E       DraftModel.cpp[1002]19/04 10:51:13 Error: Couldn't load texture data\models\logos\logo68.dds for model logos.gam
I           m3dapp.cpp[1336]19/04 10:51:13 d3d: Cannot open data\models\logos\logo69.dds
I           m3dapp.cpp[1336]19/04 10:51:13 d3d: texmap failed to load: data\models\logos\logo69.dds
E       DraftModel.cpp[1002]19/04 10:51:13 Error: Couldn't load texture data\models\logos\logo69.dds for model logos.gam
I           m3dapp.cpp[1336]19/04 10:51:13 d3d: Cannot open data\models\logos\logo70.dds
I           m3dapp.cpp[1336]19/04 10:51:13 d3d: texmap failed to load: data\models\logos\logo70.dds
E       DraftModel.cpp[1002]19/04 10:51:13 Error: Couldn't load texture data\models\logos\logo70.dds for model logos.gam
I      gameimpulse.cpp[0288]19/04 10:51:13 Key bindings: were inited successfully
I           view32.cpp[0705]19/04 10:51:13 --- Init Media ---
I    GameUiManager.cpp[0303]19/04 10:51:13 Interface: is initializing...
I    GameUiManager.cpp[1580]19/04 10:51:13 Interface: clearing resource infos ...
I    GameUiManager.cpp[1491]19/04 10:51:13 Interface: loading resource infos ...
I    GameUiManager.cpp[1603]19/04 10:51:13 Interface: loading resources ...
I           m3dapp.cpp[1343]19/04 10:51:14 snd: Error: Can't Open SoundFile: 
I           m3dapp.cpp[1343]19/04 10:51:14 snd: Cannot open sound stream from file . Error: File not found, flags: 8272
I    GameUiManager.cpp[0395]19/04 10:51:14 Interface: is inited successfully
I        LevelInfo.cpp[0806]19/04 10:51:14 Level infos were loaded successfully from file data\if\diz\LevelInfo.xml
I        LevelInfo.cpp[0837]19/04 10:51:14 Error: could't open data\maps\r1m8.ssl file
E        LevelInfo.cpp[0749]19/04 10:51:14 LevelInfoManager was inited with errors
I   TruxxUiManager.cpp[0191]19/04 10:51:14 TruxxUiManager: was inited successfully
I      gameimpulse.cpp[0618]19/04 10:51:14 Key bindings: unbind all is done
I      gameimpulse.cpp[0324]19/04 10:51:14 Key bindings: were loaded successfully from file data\scripts\DefaultKeyBindings.lua
I      gameimpulse.cpp[1194]19/04 10:51:14 Key bindings: were bind from defaults
I            video.cpp[0704]19/04 10:51:15 Could not load specified video file: data\video\logobuka.wmv (hr = 80070003)
I     view32_video.cpp[0061]19/04 10:51:15 Error: couldn't load video 'data\video\logobuka.wmv'
I            video.cpp[0704]19/04 10:51:15 Could not load specified video file: data\video\logotargem.wmv (hr = 80070003)
I     view32_video.cpp[0061]19/04 10:51:15 Error: couldn't load video 'data\video\logotargem.wmv'
I            video.cpp[0704]19/04 10:51:15 Could not load specified video file: data\video\INTRO_RUS_FIELD.wmv (hr = 80070003)
I     view32_video.cpp[0061]19/04 10:51:15 Error: couldn't load video 'data\video\INTRO_RUS_FIELD.wmv'
I             core.lua[0013]19/04 10:51:15 IMPROVED STORYLINE V1.0.5.3 ORIGINAL BUILD 220422
I           m3dapp.cpp[1808]19/04 10:51:15 ----------------------- Engine inited in: 0
I          Profile.cpp[0602]19/04 10:51:15 Profile "RiverZone" set
I   TruxxUiManager.cpp[1422]19/04 10:51:15 Game mode changed. Old mode = 3, new mode = 2
I        SplashWnd.cpp[0244]19/04 10:51:15 Start splashing 11
I           view32.cpp[1048]19/04 10:51:15 -- Loading Level: data\maps\mainmenu.ssl --
I            world.cpp[0132]19/04 10:51:15 ----------------------- World Loading
F        landscape.cpp[1674]19/04 10:51:15  +- Enter function: Landscape::Load()
I        landscape.cpp[1911]19/04 10:51:15  |  ----------------------- Normal map loaded in: 27
I        landscape.cpp[1920]19/04 10:51:15  |  ----------------------- Tiles loaded in: 127
I        landscape.cpp[1944]19/04 10:51:15  |  ----------------------- ShoreLine loaded in: 1
F        landscape.cpp[1944]19/04 10:51:15  +- Exit function: Landscape::Load()
I            world.cpp[0169]19/04 10:51:15 ----------------------- Landscape loaded in: 359
I       DataServer.cpp[0587]19/04 10:51:15 Loading Servers: data\maps\MainMenu\servers.xml
I serverAnimatedModel.cpp[0630]19/04 10:51:20 ### Total time: 4250, GAM time: 3225
I       DataServer.cpp[0587]19/04 10:51:20 Loading Servers: data\models\commonservers.xml
E      serverMusic.cpp[0216]19/04 10:51:24 MusicServer: cannot read file: data\music\music.xml id = 'LaBelleTown'
E      serverMusic.cpp[0216]19/04 10:51:24 MusicServer: cannot read file: data\music\music.xml id = 'block6_driving2'
I            world.cpp[0210]19/04 10:51:24 ----------------------- Servers loaded in: 8850
I            world.cpp[0338]19/04 10:51:24 LoadWorld begin...
I            world.cpp[0350]19/04 10:51:24 %%%% read/parse xml: 13
I            world.cpp[0362]19/04 10:51:24 %%%% read from xml: 46
E    PlayerPassMap.cpp[0139]19/04 10:51:24 Couldn't load player pass map from file data\maps\MainMenu\player_passmap.xml
I            world.cpp[0444]19/04 10:51:24 %%%% link nodes: 17
I            world.cpp[0220]19/04 10:51:24 ----------------------- Nodes loaded in: 76
I            world.cpp[0228]19/04 10:51:24 ----------------------- Prefabs loaded in: 1
I            world.cpp[0247]19/04 10:51:24 ----------------------- World loaded in: 9519
I            world.cpp[0278]19/04 10:51:25 ----------------------- Roads loaded in: 562
I           view32.cpp[1078]19/04 10:51:25 Load Server begin...
I   TruxxUiManager.cpp[0974]19/04 10:51:25 Interface: is loaded successfully
I           server.cpp[0789]19/04 10:51:25 AI: Loading Server...
I           server.cpp[0796]19/04 10:51:25 	AI: Loading Relationship
I     Relationship.cpp[0134]19/04 10:51:25 		 File readed
I           server.cpp[0801]19/04 10:51:25 	AI: Loading SoilProps
I           server.cpp[0804]19/04 10:51:25 	AI: Loading ExternalPaths
I           server.cpp[0807]19/04 10:51:25 	AI: Loading PlayerPassMap
E    PlayerPassMap.cpp[0139]19/04 10:51:25 Couldn't load player pass map from file data\maps\MainMenu\player_passmap.xml
I           server.cpp[0813]19/04 10:51:25 	AI: Loading GameObjects
I           server.cpp[0816]19/04 10:51:25 	AI: Initializing VehicleGeneratorInfoCache
I           server.cpp[0820]19/04 10:51:25 	AI: Refreshing GameObjects
I           server.cpp[0824]19/04 10:51:25 	AI: Loading QuestStates
I       QuestState.cpp[0904]19/04 10:51:25 Quest 'Human1_Quest1' can be given now
I       QuestState.cpp[0904]19/04 10:51:25 Quest 'Human1_Quest2' can be given now
I       QuestState.cpp[0904]19/04 10:51:25 Quest 'BenGoodEnd' can be given now
I       QuestState.cpp[0904]19/04 10:51:25 Quest 'q_PlaceWithSign' can be given now
I       QuestState.cpp[0904]19/04 10:51:25 Quest 'r3m2_OracleMemory' can be given now
I       QuestState.cpp[0904]19/04 10:51:25 Quest 'r3m2_TalkWithLisa' can be given now
I       QuestState.cpp[0904]19/04 10:51:25 Quest 'r3m2_TalkWithBenAboutCarAfterOracul' can be given now
I       QuestState.cpp[0904]19/04 10:51:25 Quest 'r3m2_FindInfoAboutFather' can be given now
I       QuestState.cpp[0904]19/04 10:51:25 Quest 'r3m1_LureMainDriud' can be given now
I       QuestState.cpp[0904]19/04 10:51:25 Quest 'r3m1_ClearSanctuary' can be given now
I       QuestState.cpp[0904]19/04 10:51:25 Quest 'r3m1_KnowAboutUluk' can be given now
I       QuestState.cpp[0904]19/04 10:51:25 Quest 'r3m1_RescueUlukCivil' can be given now
I       QuestState.cpp[0904]19/04 10:51:25 Quest 'q_VisitDruid' can be given now
I       QuestState.cpp[0904]19/04 10:51:25 Quest 'r2m2_Znaki2_Quest' can be given now
I       QuestState.cpp[0904]19/04 10:51:25 Quest 'r2m2_HeadsHunterQuest' can be given now
I       QuestState.cpp[0904]19/04 10:51:25 Quest 'r2m2_OldDvigatel1_Quest' can be given now
I       QuestState.cpp[0904]19/04 10:51:25 Quest 'r2m2_OldDvigatel2_Quest' can be given now
I       QuestState.cpp[0904]19/04 10:51:25 Quest 'r2m2_FightFelix' can be given now
I       QuestState.cpp[0904]19/04 10:51:25 Quest 'r2m2_ReturnToMarecciaFromCastle' can be given now
I       QuestState.cpp[0904]19/04 10:51:25 Quest 'r2m2_FightWithAxelInArena_Quest' can be given now
I       QuestState.cpp[0904]19/04 10:51:25 Quest 'r2m2_FindLisAfterAxelAndFatherDie_Quest' can be given now
I       QuestState.cpp[0904]19/04 10:51:25 Quest 'r2m2_ToLisaToMonastir' can be given now
I       QuestState.cpp[0904]19/04 10:51:25 Quest 'r2m2_FightLisaToMonastir' can be given now
I       QuestState.cpp[0904]19/04 10:51:25 Quest 'r2m2_GiveDisk2ToOrakul' can be given now
I       QuestState.cpp[0904]19/04 10:51:25 Quest 'MrShlyapa3_Quest' can be given now
I       QuestState.cpp[0904]19/04 10:51:25 Quest 'r2m1_ArtAntipod_Quest' can be given now
I       QuestState.cpp[0904]19/04 10:51:25 Quest 'r2m1_TakeNarcotics_Quest' can be given now
I       QuestState.cpp[0904]19/04 10:51:25 Quest 'r2m1_KillGodFather_Quest' can be given now
I       QuestState.cpp[0904]19/04 10:51:25 Quest 'MrShlyapaSecret' can be given now
I       QuestState.cpp[0904]19/04 10:51:25 Quest 'd_GetSupportOneOfTheBands2_Quest' can be given now
I       QuestState.cpp[0904]19/04 10:51:25 Quest 'd_GetSupportOneOfTheBands1_Quest' can be given now
I       QuestState.cpp[0904]19/04 10:51:25 Quest 'd_FindVerbInAR_Quest' can be given now
I       QuestState.cpp[0904]19/04 10:51:25 Quest 'd_FindVerbInSNG_Quest' can be given now
I       QuestState.cpp[0904]19/04 10:51:25 Quest 'd_PatrulSideSNG_Quest' can be given now
I       QuestState.cpp[0904]19/04 10:51:25 Quest 'd_TakeGeneralOfBandits_Quest' can be given now
I       QuestState.cpp[0904]19/04 10:51:25 Quest 'r2m1_TW_AlienInShip' can be given now
I       QuestState.cpp[0904]19/04 10:51:25 Quest 'Podderzhka_Quest' can be given now
I       QuestState.cpp[0904]19/04 10:51:25 Quest 'Zashita_Quest' can be given now
I       QuestState.cpp[0904]19/04 10:51:25 Quest 'preEretik_Quest' can be given now
I       QuestState.cpp[0904]19/04 10:51:25 Quest 'ReturnQuest' can be given now
I       QuestState.cpp[0904]19/04 10:51:25 Quest 'd_FindVerbInAM_Quest' can be given now
I       QuestState.cpp[0904]19/04 10:51:25 Quest 'OdettIsDead_Quest' can be given now
I       QuestState.cpp[0904]19/04 10:51:25 Quest 'Disk2OrakulLisa' can be given now
I       QuestState.cpp[0904]19/04 10:51:25 Quest 'FindGomerB_Quest1' can be given now
I       QuestState.cpp[0904]19/04 10:51:25 Quest 'FreeExtremistLeader_Quest1' can be given now
I       QuestState.cpp[0904]19/04 10:51:25 Quest 'KillExtremist_Quest1' can be given now
I       QuestState.cpp[0904]19/04 10:51:25 Quest 'r1m4_TalkWithOldTraderAboutSecondDisk' can be given now
I       QuestState.cpp[0904]19/04 10:51:25 Quest 'q_FindHusbent' can be given now
I       QuestState.cpp[0904]19/04 10:51:25 Quest 'RybakToOlm_Quest' can be given now
I       QuestState.cpp[0904]19/04 10:51:25 Quest 'AnanagaTech_Quest' can be given now
I       QuestState.cpp[0904]19/04 10:51:25 Quest 'MrShlyapa2_Quest' can be given now
I       QuestState.cpp[0904]19/04 10:51:25 Quest 'ToCordanToTikhomir_Quest' can be given now
I       QuestState.cpp[0904]19/04 10:51:25 Quest 'r1m3_BonnyAndKlideQuest' can be given now
I       QuestState.cpp[0904]19/04 10:51:25 Quest 'r1m3_ArchHelp' can be given now
I       QuestState.cpp[0904]19/04 10:51:25 Quest 'r1m3_CrazyManQuest' can be given now
I       QuestState.cpp[0904]19/04 10:51:25 Quest 'r1m3_OldTownOutsiderCar2_Quest' can be given now
I       QuestState.cpp[0904]19/04 10:51:25 Quest 'FightForPesht' can be given now
I       QuestState.cpp[0904]19/04 10:51:25 Quest 'd_RideAcrossBase_Quest' can be given now
I       QuestState.cpp[0904]19/04 10:51:25 Quest 'd_GiveMoneyToBase_Quest' can be given now
I       QuestState.cpp[0904]19/04 10:51:25 Quest 'd_GetBomb_Quest' can be given now
I       QuestState.cpp[0904]19/04 10:51:25 Quest 'd_IntrigaOfMerMinin_Quest' can be given now
I       QuestState.cpp[0904]19/04 10:51:25 Quest 'd_MoveFreelancersToOilMine_Quest' can be given now
I       QuestState.cpp[0904]19/04 10:51:25 Quest 'd_MoveCanistraToMinin_Quest' can be given now
I       QuestState.cpp[0904]19/04 10:51:25 Quest 'd_OpenTunel_Quest' can be given now
I       QuestState.cpp[0904]19/04 10:51:25 Quest 'r1m3_TalkWithThiefFromFatherHouse' can be given now
I       QuestState.cpp[0904]19/04 10:51:25 Quest 'r1m3_MoveToOraculAfterThief' can be given now
I       QuestState.cpp[0904]19/04 10:51:25 Quest 'r1m3_ToLisaToAsgard' can be given now
I       QuestState.cpp[0904]19/04 10:51:25 Quest 'r1m3_TW_OralceAboutAlien' can be given now
I       QuestState.cpp[0904]19/04 10:51:25 Quest 'r1m3_DestroyRadiationSource' can be given now
I       QuestState.cpp[0904]19/04 10:51:25 Quest 'r2m1_DestroyAlienShip' can be given now
I       QuestState.cpp[0904]19/04 10:51:25 Quest 'd_PayWorkersMoney_Quest' can be given now
I       QuestState.cpp[0904]19/04 10:51:25 Quest 'r2m1_TW_SellsCivilian' can be given now
I       QuestState.cpp[0904]19/04 10:51:25 Quest 'MorskieVrata2_Quest' can be given now
I       QuestState.cpp[0904]19/04 10:51:25 Quest 'Zachisti1_Quest' can be given now
I       QuestState.cpp[0904]19/04 10:51:25 Quest 'LisaVPeshte' can be given now
I       QuestState.cpp[0904]19/04 10:51:25 Quest 'LisaUBena' can be given now
I       QuestState.cpp[0904]19/04 10:51:25 Quest 'WhereSigns_Quest' can be given now
I       QuestState.cpp[0904]19/04 10:51:25 Quest 'CombatInKollizey_Quest' can be given now
I       QuestState.cpp[0904]19/04 10:51:25 Quest 'BuyKollizey_Quest' can be given now
I       QuestState.cpp[0904]19/04 10:51:25 Quest 'Kollizey_Quest' can be given now
I       QuestState.cpp[0904]19/04 10:51:25 Quest 'HelpRuins_Quest' can be given now
I       QuestState.cpp[0904]19/04 10:51:25 Quest 'DestroyRuins_Quest' can be given now
I       QuestState.cpp[0904]19/04 10:51:25 Quest 'DestroyRuins2_Quest' can be given now
I       QuestState.cpp[0904]19/04 10:51:25 Quest 'Signs_Quest' can be given now
I       QuestState.cpp[0904]19/04 10:51:25 Quest 'MrShlyapa1_Quest' can be given now
I       QuestState.cpp[0904]19/04 10:51:25 Quest 'FindBen2_Quest' can be given now
I       QuestState.cpp[0904]19/04 10:51:25 Quest 'd_FindHouseOfBen_Quest' can be given now
I       QuestState.cpp[0904]19/04 10:51:25 Quest 'r1m2_TW_BanAboutAlien' can be given now
I       QuestState.cpp[0904]19/04 10:51:25 Quest 'r1m3_DestroyOracle' can be given now
I       QuestState.cpp[0904]19/04 10:51:25 Quest 'Pomiritsa_Quest' can be given now
I       QuestState.cpp[0904]19/04 10:51:25 Quest 'VYar_Quest' can be given now
I       QuestState.cpp[0904]19/04 10:51:25 Quest 'FindBenMZ_Quest' can be given now
I       QuestState.cpp[0904]19/04 10:51:25 Quest 'QuickFindBen' can be given now
I       QuestState.cpp[0904]19/04 10:51:25 Quest 'OpenMid_Quest' can be given now
I       QuestState.cpp[0904]19/04 10:51:25 Quest 'TalkBeforeDesert' can be given now
I       QuestState.cpp[0904]19/04 10:51:25 Quest 'ZashitaGotova' can be given now
I       QuestState.cpp[0904]19/04 10:51:25 Quest 'FakeQuest1' can be given now
I       QuestState.cpp[0904]19/04 10:51:25 Quest 'Chehly_Quest' can be given now
I       QuestState.cpp[0904]19/04 10:51:25 Quest 'WorkGiver_Quest1' can be given now
I       QuestState.cpp[0904]19/04 10:51:25 Quest 'd_PunishBandits_Quest' can be given now
I       QuestState.cpp[0904]19/04 10:51:25 Quest 'r1m1_Hospital_Quest' can be given now
I       QuestState.cpp[0904]19/04 10:51:25 Quest 'r1m1_Botanik_Quest' can be given now
I       QuestState.cpp[0904]19/04 10:51:25 Quest 'r1m1_FindBotanik_Quest' can be given now
I       QuestState.cpp[0904]19/04 10:51:25 Quest 'Buyer_Quest1' can be given now
I       QuestState.cpp[0904]19/04 10:51:25 Quest 'FirstTimePlay' can be given now
I       QuestState.cpp[0904]19/04 10:51:25 Quest 'TalkWithFather_Quest' can be given now
I       QuestState.cpp[0904]19/04 10:51:25 Quest 'LisaAtSouth' can be given now
I       QuestState.cpp[0904]19/04 10:51:25 Quest 'FindBen_Quest' can be given now
I       QuestState.cpp[0904]19/04 10:51:25 Quest 'FindBenAgain_Quest' can be given now
I       QuestState.cpp[0904]19/04 10:51:25 Quest 'd_SinFather_Quest' can be given now
I       QuestState.cpp[0904]19/04 10:51:25 Quest 'TalkToVasily' can be given now
I       QuestState.cpp[0904]19/04 10:51:25 Quest 'CheckTheEast' can be given now
I       QuestState.cpp[0904]19/04 10:51:25 Quest 'BenSouth_Quest' can be given now
I           server.cpp[0826]19/04 10:51:25 	AI: QuestStates loaded
I           server.cpp[0828]19/04 10:51:25 	AI: Loading DynamicScene
I     DynamicScene.cpp[1470]19/04 10:51:25 		 Scene loading begin
I     DynamicScene.cpp[1472]19/04 10:51:25 		 Scene loading end
I           server.cpp[0837]19/04 10:51:25 	AI: DynamicScene loaded
I           server.cpp[0852]19/04 10:51:25 	AI: Loading Triggers
E           server.cpp[1242]19/04 10:51:25 Error: cannot open data\maps\MainMenu\
I           server.cpp[0855]19/04 10:51:25 	AI: Triggers loaded
I           server.cpp[0857]19/04 10:51:25 	AI: Loading Object Names
E     ObjContainer.cpp[1104]19/04 10:51:25 Error: cannot open data\maps\MainMenu\object_names.xml
I           server.cpp[0868]19/04 10:51:25 	AI: Initing Player
I           server.cpp[0888]19/04 10:51:25 		Before first Update
I   TruxxUiManager.cpp[1422]19/04 10:51:25 Game mode changed. Old mode = 2, new mode = 1
I           server.cpp[0909]19/04 10:51:25 		After first Update
I           server.cpp[0911]19/04 10:51:25 AI: Finished Loading Server
I           view32.cpp[1106]19/04 10:51:25 Load server end
I        QuestInfo.cpp[0847]19/04 10:51:25 Quest infos were loaded successfully from file data\if\diz\QuestInfoGlobal.xml
I        QuestInfo.cpp[0783]19/04 10:51:25 QuestInfo manager was inited successfully
I       MsgManager.cpp[0391]19/04 10:51:25 Can't open file data\maps\MainMenu\strings.xml for read.
I    GameUiManager.cpp[0303]19/04 10:51:25 Interface: is initializing...
I    GameUiManager.cpp[0405]19/04 10:51:25 Interface: is clearing...
I    GameUiManager.cpp[0495]19/04 10:51:25 Interface: is cleared successfully
I    GameUiManager.cpp[0395]19/04 10:51:25 Interface: is inited successfully
I blockMusicManager.cpp[0199]19/04 10:51:25 BlockMusicManager: resetting
I      gameimpulse.cpp[0618]19/04 10:51:25 Key bindings: unbind all is done
I      gameimpulse.cpp[0618]19/04 10:51:25 Key bindings: unbind all is done
I      gameimpulse.cpp[0324]19/04 10:51:25 Key bindings: were loaded successfully from file data/profiles/riverzone\KeyBindings.lua
I      gameimpulse.cpp[1222]19/04 10:51:25 Key bindings: were loaded from profile
I        SplashWnd.cpp[0244]19/04 10:51:35 Start splashing 11
I   TruxxUiManager.cpp[1422]19/04 10:51:35 Game mode changed. Old mode = 1, new mode = 0
I    GameUiManager.cpp[0405]19/04 10:51:35 Interface: is clearing...
I    GameUiManager.cpp[0495]19/04 10:51:35 Interface: is cleared successfully
I           view32.cpp[1048]19/04 10:51:35 -- Loading Level: data\maps\r1m1.ssl --
I            world.cpp[0132]19/04 10:51:35 ----------------------- World Loading
F        landscape.cpp[1674]19/04 10:51:35  +- Enter function: Landscape::Load()
I        landscape.cpp[1911]19/04 10:51:35  |  ----------------------- Normal map loaded in: 22
I        landscape.cpp[1920]19/04 10:51:35  |  ----------------------- Tiles loaded in: 50
I        landscape.cpp[1944]19/04 10:51:35  |  ----------------------- ShoreLine loaded in: 5
F        landscape.cpp[1944]19/04 10:51:35  +- Exit function: Landscape::Load()
I            world.cpp[0169]19/04 10:51:35 ----------------------- Landscape loaded in: 269
I       DataServer.cpp[0587]19/04 10:51:35 Loading Servers: data\maps\r1m1\servers.xml
E       DraftModel.cpp[1002]19/04 10:51:40 Error: Couldn't load texture data\models\vehicles\belaz\cab01_mt.dds for model cargov1.gam
E       DraftModel.cpp[1002]19/04 10:51:40 Error: Couldn't load texture data\models\vehicles\belaz\cab01_mt.dds for model cargov1.gam
E       DraftModel.cpp[1002]19/04 10:51:40 Error: Couldn't load texture data\models\vehicles\belaz\cab01_mt.dds for model cargov1.gam
E       DraftModel.cpp[1002]19/04 10:51:40 Error: Couldn't load texture data\models\vehicles\belaz\cab01_mt.dds for model cargov1.gam
E       DraftModel.cpp[1002]19/04 10:51:40 Error: Couldn't load texture data\models\vehicles\belaz\cab01_mt.dds for model cargov1.gam
I serverAnimatedModel.cpp[0630]19/04 10:51:43 ### Total time: 7656, GAM time: 7138
I       DataServer.cpp[0587]19/04 10:51:45 Loading Servers: data\models\commonservers.xml
E      serverMusic.cpp[0216]19/04 10:51:46 MusicServer: cannot read file: data\music\music.xml id = 'LaBelleTown'
E      serverMusic.cpp[0216]19/04 10:51:46 MusicServer: cannot read file: data\music\music.xml id = 'block6_driving2'
I            world.cpp[0210]19/04 10:51:46 ----------------------- Servers loaded in: 10700
I            world.cpp[0338]19/04 10:51:46 LoadWorld begin...
I            world.cpp[0350]19/04 10:51:46 %%%% read/parse xml: 53
I            world.cpp[0362]19/04 10:51:46 %%%% read from xml: 15
I            world.cpp[0444]19/04 10:51:46 %%%% link nodes: 47
I            world.cpp[0220]19/04 10:51:46 ----------------------- Nodes loaded in: 117
I            world.cpp[0228]19/04 10:51:46 ----------------------- Prefabs loaded in: 0
I            world.cpp[0247]19/04 10:51:46 ----------------------- World loaded in: 11258
I            world.cpp[0278]19/04 10:51:46 ----------------------- Roads loaded in: 126
I           view32.cpp[1078]19/04 10:51:46 Load Server begin...
I            Reply.cpp[0415]19/04 10:51:46 Replies were loaded successfully from file data\if\diz\DialogsGlobal.xml
I            Reply.cpp[0415]19/04 10:51:46 Replies were loaded successfully from file data\if\diz\DynamicDialogsGlobal.xml
I            Reply.cpp[0343]19/04 10:51:46 RepliesManager was inited successfully
I    GameUiManager.cpp[1603]19/04 10:51:46 Interface: loading resources ...
I     ObjectsIcons.cpp[0198]19/04 10:51:47 ObjectsIcons::AddIcon warning - ico with id SpeedPointer already exists and wiil be replaced
I    GameUiManager.cpp[1603]19/04 10:51:49 Interface: loading resources ...
I   TruxxUiManager.cpp[0974]19/04 10:51:49 Interface: is loaded successfully
I           server.cpp[0789]19/04 10:51:49 AI: Loading Server...
I           server.cpp[0796]19/04 10:51:49 	AI: Loading Relationship
I     Relationship.cpp[0134]19/04 10:51:49 		 File readed
I           server.cpp[0801]19/04 10:51:49 	AI: Loading SoilProps
I           server.cpp[0804]19/04 10:51:49 	AI: Loading ExternalPaths
I           server.cpp[0807]19/04 10:51:49 	AI: Loading PlayerPassMap
I           server.cpp[0813]19/04 10:51:49 	AI: Loading GameObjects
I           server.cpp[0816]19/04 10:51:49 	AI: Initializing VehicleGeneratorInfoCache
I           server.cpp[0820]19/04 10:51:49 	AI: Refreshing GameObjects
E      VehiclePart.cpp[0138]19/04 10:51:50 Error: collision geom in vehicle part name = 'heavy_dot1' is not BOX
I           server.cpp[0824]19/04 10:51:50 	AI: Loading QuestStates
I       QuestState.cpp[0904]19/04 10:51:50 Quest 'Human1_Quest1' can be given now
I       QuestState.cpp[0904]19/04 10:51:50 Quest 'Human1_Quest2' can be given now
I       QuestState.cpp[0904]19/04 10:51:50 Quest 'BenGoodEnd' can be given now
I       QuestState.cpp[0904]19/04 10:51:50 Quest 'q_PlaceWithSign' can be given now
I       QuestState.cpp[0904]19/04 10:51:50 Quest 'r3m2_OracleMemory' can be given now
I       QuestState.cpp[0904]19/04 10:51:50 Quest 'r3m2_TalkWithLisa' can be given now
I       QuestState.cpp[0904]19/04 10:51:50 Quest 'r3m2_TalkWithBenAboutCarAfterOracul' can be given now
I       QuestState.cpp[0904]19/04 10:51:50 Quest 'r3m2_FindInfoAboutFather' can be given now
I       QuestState.cpp[0904]19/04 10:51:50 Quest 'r3m1_LureMainDriud' can be given now
I       QuestState.cpp[0904]19/04 10:51:50 Quest 'r3m1_ClearSanctuary' can be given now
I       QuestState.cpp[0904]19/04 10:51:50 Quest 'r3m1_KnowAboutUluk' can be given now
I       QuestState.cpp[0904]19/04 10:51:50 Quest 'r3m1_RescueUlukCivil' can be given now
I       QuestState.cpp[0904]19/04 10:51:50 Quest 'q_VisitDruid' can be given now
I       QuestState.cpp[0904]19/04 10:51:50 Quest 'r2m2_Znaki2_Quest' can be given now
I       QuestState.cpp[0904]19/04 10:51:50 Quest 'r2m2_HeadsHunterQuest' can be given now
I       QuestState.cpp[0904]19/04 10:51:50 Quest 'r2m2_OldDvigatel1_Quest' can be given now
I       QuestState.cpp[0904]19/04 10:51:50 Quest 'r2m2_OldDvigatel2_Quest' can be given now
I       QuestState.cpp[0904]19/04 10:51:50 Quest 'r2m2_FightFelix' can be given now
I       QuestState.cpp[0904]19/04 10:51:50 Quest 'r2m2_ReturnToMarecciaFromCastle' can be given now
I       QuestState.cpp[0904]19/04 10:51:50 Quest 'r2m2_FightWithAxelInArena_Quest' can be given now
I       QuestState.cpp[0904]19/04 10:51:50 Quest 'r2m2_FindLisAfterAxelAndFatherDie_Quest' can be given now
I       QuestState.cpp[0904]19/04 10:51:50 Quest 'r2m2_ToLisaToMonastir' can be given now
I       QuestState.cpp[0904]19/04 10:51:50 Quest 'r2m2_FightLisaToMonastir' can be given now
I       QuestState.cpp[0904]19/04 10:51:50 Quest 'r2m2_GiveDisk2ToOrakul' can be given now
I       QuestState.cpp[0904]19/04 10:51:50 Quest 'MrShlyapa3_Quest' can be given now
I       QuestState.cpp[0904]19/04 10:51:50 Quest 'r2m1_ArtAntipod_Quest' can be given now
I       QuestState.cpp[0904]19/04 10:51:50 Quest 'r2m1_TakeNarcotics_Quest' can be given now
I       QuestState.cpp[0904]19/04 10:51:50 Quest 'r2m1_KillGodFather_Quest' can be given now
I       QuestState.cpp[0904]19/04 10:51:50 Quest 'MrShlyapaSecret' can be given now
I       QuestState.cpp[0904]19/04 10:51:50 Quest 'd_GetSupportOneOfTheBands2_Quest' can be given now
I       QuestState.cpp[0904]19/04 10:51:50 Quest 'd_GetSupportOneOfTheBands1_Quest' can be given now
I       QuestState.cpp[0904]19/04 10:51:50 Quest 'd_FindVerbInAR_Quest' can be given now
I       QuestState.cpp[0904]19/04 10:51:50 Quest 'd_FindVerbInSNG_Quest' can be given now
I       QuestState.cpp[0904]19/04 10:51:50 Quest 'd_PatrulSideSNG_Quest' can be given now
I       QuestState.cpp[0904]19/04 10:51:50 Quest 'd_TakeGeneralOfBandits_Quest' can be given now
I       QuestState.cpp[0904]19/04 10:51:50 Quest 'r2m1_TW_AlienInShip' can be given now
I       QuestState.cpp[0904]19/04 10:51:50 Quest 'Podderzhka_Quest' can be given now
I       QuestState.cpp[0904]19/04 10:51:50 Quest 'Zashita_Quest' can be given now
I       QuestState.cpp[0904]19/04 10:51:50 Quest 'preEretik_Quest' can be given now
I       QuestState.cpp[0904]19/04 10:51:50 Quest 'ReturnQuest' can be given now
I       QuestState.cpp[0904]19/04 10:51:50 Quest 'd_FindVerbInAM_Quest' can be given now
I       QuestState.cpp[0904]19/04 10:51:50 Quest 'OdettIsDead_Quest' can be given now
I       QuestState.cpp[0904]19/04 10:51:50 Quest 'Disk2OrakulLisa' can be given now
I       QuestState.cpp[0904]19/04 10:51:50 Quest 'FindGomerB_Quest1' can be given now
I       QuestState.cpp[0904]19/04 10:51:50 Quest 'FreeExtremistLeader_Quest1' can be given now
I       QuestState.cpp[0904]19/04 10:51:50 Quest 'KillExtremist_Quest1' can be given now
I       QuestState.cpp[0904]19/04 10:51:50 Quest 'r1m4_TalkWithOldTraderAboutSecondDisk' can be given now
I       QuestState.cpp[0904]19/04 10:51:50 Quest 'q_FindHusbent' can be given now
I       QuestState.cpp[0904]19/04 10:51:50 Quest 'RybakToOlm_Quest' can be given now
I       QuestState.cpp[0904]19/04 10:51:50 Quest 'AnanagaTech_Quest' can be given now
I       QuestState.cpp[0904]19/04 10:51:50 Quest 'MrShlyapa2_Quest' can be given now
I       QuestState.cpp[0904]19/04 10:51:50 Quest 'ToCordanToTikhomir_Quest' can be given now
I       QuestState.cpp[0904]19/04 10:51:50 Quest 'r1m3_BonnyAndKlideQuest' can be given now
I       QuestState.cpp[0904]19/04 10:51:50 Quest 'r1m3_ArchHelp' can be given now
I       QuestState.cpp[0904]19/04 10:51:50 Quest 'r1m3_CrazyManQuest' can be given now
I       QuestState.cpp[0904]19/04 10:51:50 Quest 'r1m3_OldTownOutsiderCar2_Quest' can be given now
I       QuestState.cpp[0904]19/04 10:51:50 Quest 'FightForPesht' can be given now
I       QuestState.cpp[0904]19/04 10:51:50 Quest 'd_RideAcrossBase_Quest' can be given now
I       QuestState.cpp[0904]19/04 10:51:50 Quest 'd_GiveMoneyToBase_Quest' can be given now
I       QuestState.cpp[0904]19/04 10:51:50 Quest 'd_GetBomb_Quest' can be given now
I       QuestState.cpp[0904]19/04 10:51:50 Quest 'd_IntrigaOfMerMinin_Quest' can be given now
I       QuestState.cpp[0904]19/04 10:51:50 Quest 'd_MoveFreelancersToOilMine_Quest' can be given now
I       QuestState.cpp[0904]19/04 10:51:50 Quest 'd_MoveCanistraToMinin_Quest' can be given now
I       QuestState.cpp[0904]19/04 10:51:50 Quest 'd_OpenTunel_Quest' can be given now
I       QuestState.cpp[0904]19/04 10:51:50 Quest 'r1m3_TalkWithThiefFromFatherHouse' can be given now
I       QuestState.cpp[0904]19/04 10:51:50 Quest 'r1m3_MoveToOraculAfterThief' can be given now
I       QuestState.cpp[0904]19/04 10:51:50 Quest 'r1m3_ToLisaToAsgard' can be given now
I       QuestState.cpp[0904]19/04 10:51:50 Quest 'r1m3_TW_OralceAboutAlien' can be given now
I       QuestState.cpp[0904]19/04 10:51:50 Quest 'r1m3_DestroyRadiationSource' can be given now
I       QuestState.cpp[0904]19/04 10:51:50 Quest 'r2m1_DestroyAlienShip' can be given now
I       QuestState.cpp[0904]19/04 10:51:50 Quest 'd_PayWorkersMoney_Quest' can be given now
I       QuestState.cpp[0904]19/04 10:51:50 Quest 'r2m1_TW_SellsCivilian' can be given now
I       QuestState.cpp[0904]19/04 10:51:50 Quest 'MorskieVrata2_Quest' can be given now
I       QuestState.cpp[0904]19/04 10:51:50 Quest 'Zachisti1_Quest' can be given now
I       QuestState.cpp[0904]19/04 10:51:50 Quest 'LisaVPeshte' can be given now
I       QuestState.cpp[0904]19/04 10:51:50 Quest 'LisaUBena' can be given now
I       QuestState.cpp[0904]19/04 10:51:50 Quest 'WhereSigns_Quest' can be given now
I       QuestState.cpp[0904]19/04 10:51:50 Quest 'CombatInKollizey_Quest' can be given now
I       QuestState.cpp[0904]19/04 10:51:50 Quest 'BuyKollizey_Quest' can be given now
I       QuestState.cpp[0904]19/04 10:51:50 Quest 'Kollizey_Quest' can be given now
I       QuestState.cpp[0904]19/04 10:51:50 Quest 'HelpRuins_Quest' can be given now
I       QuestState.cpp[0904]19/04 10:51:50 Quest 'DestroyRuins_Quest' can be given now
I       QuestState.cpp[0904]19/04 10:51:50 Quest 'DestroyRuins2_Quest' can be given now
I       QuestState.cpp[0904]19/04 10:51:50 Quest 'Signs_Quest' can be given now
I       QuestState.cpp[0904]19/04 10:51:50 Quest 'MrShlyapa1_Quest' can be given now
I       QuestState.cpp[0904]19/04 10:51:50 Quest 'FindBen2_Quest' can be given now
I       QuestState.cpp[0904]19/04 10:51:50 Quest 'd_FindHouseOfBen_Quest' can be given now
I       QuestState.cpp[0904]19/04 10:51:50 Quest 'r1m2_TW_BanAboutAlien' can be given now
I       QuestState.cpp[0904]19/04 10:51:50 Quest 'r1m3_DestroyOracle' can be given now
I       QuestState.cpp[0904]19/04 10:51:50 Quest 'Pomiritsa_Quest' can be given now
I       QuestState.cpp[0904]19/04 10:51:50 Quest 'VYar_Quest' can be given now
I       QuestState.cpp[0904]19/04 10:51:50 Quest 'FindBenMZ_Quest' can be given now
I       QuestState.cpp[0904]19/04 10:51:50 Quest 'QuickFindBen' can be given now
I       QuestState.cpp[0904]19/04 10:51:50 Quest 'OpenMid_Quest' can be given now
I       QuestState.cpp[0904]19/04 10:51:50 Quest 'TalkBeforeDesert' can be given now
I       QuestState.cpp[0904]19/04 10:51:50 Quest 'ZashitaGotova' can be given now
I       QuestState.cpp[0904]19/04 10:51:50 Quest 'FakeQuest1' can be given now
I       QuestState.cpp[0904]19/04 10:51:50 Quest 'Chehly_Quest' can be given now
I       QuestState.cpp[0904]19/04 10:51:50 Quest 'WorkGiver_Quest1' can be given now
I       QuestState.cpp[0904]19/04 10:51:50 Quest 'd_PunishBandits_Quest' can be given now
I       QuestState.cpp[0904]19/04 10:51:50 Quest 'r1m1_Hospital_Quest' can be given now
I       QuestState.cpp[0904]19/04 10:51:50 Quest 'r1m1_Botanik_Quest' can be given now
I       QuestState.cpp[0904]19/04 10:51:50 Quest 'r1m1_FindBotanik_Quest' can be given now
I       QuestState.cpp[0904]19/04 10:51:50 Quest 'Buyer_Quest1' can be given now
I       QuestState.cpp[0904]19/04 10:51:50 Quest 'FirstTimePlay' can be given now
I       QuestState.cpp[0904]19/04 10:51:50 Quest 'TalkWithFather_Quest' can be given now
I       QuestState.cpp[0904]19/04 10:51:50 Quest 'LisaAtSouth' can be given now
I       QuestState.cpp[0904]19/04 10:51:50 Quest 'FindBen_Quest' can be given now
I       QuestState.cpp[0904]19/04 10:51:50 Quest 'FindBenAgain_Quest' can be given now
I       QuestState.cpp[0904]19/04 10:51:50 Quest 'd_SinFather_Quest' can be given now
I       QuestState.cpp[0904]19/04 10:51:50 Quest 'TalkToVasily' can be given now
I       QuestState.cpp[0904]19/04 10:51:50 Quest 'CheckTheEast' can be given now
I       QuestState.cpp[0904]19/04 10:51:50 Quest 'BenSouth_Quest' can be given now
I           server.cpp[0826]19/04 10:51:50 	AI: QuestStates loaded
I           server.cpp[0828]19/04 10:51:50 	AI: Loading DynamicScene
I     DynamicScene.cpp[1470]19/04 10:51:50 		 Scene loading begin
I     DynamicScene.cpp[1472]19/04 10:51:50 		 Scene loading end
I           server.cpp[0837]19/04 10:51:50 	AI: DynamicScene loaded
I           server.cpp[0852]19/04 10:51:50 	AI: Loading Triggers
I           server.cpp[0855]19/04 10:51:50 	AI: Triggers loaded
I           server.cpp[0857]19/04 10:51:50 	AI: Loading Object Names
I           server.cpp[0868]19/04 10:51:50 	AI: Initing Player
I           server.cpp[0888]19/04 10:51:50 		Before first Update
I DynamicQuestManager.cpp[0089]19/04 10:51:50 DynamicQuestHunt id = 5206 prototype = 'dynamicQuestHunt' created
I DynamicQuestManager.cpp[0090]19/04 10:51:50 targetName = 'MyCar', hirerName = 'TheTown', reward = 110
E              Gun.cpp[0866]19/04 10:51:50 Error: LoadPoint not found: LP_GUN for MinePusher id = 5217 prototype = 'minePusher', modelName = minoYkladchiK
E              Gun.cpp[0866]19/04 10:51:50 Error: LoadPoint not found: LP_GUN for MinePusher id = 5218 prototype = 'minePusher', modelName = minoYkladchiK
E              Gun.cpp[0866]19/04 10:51:50 Error: LoadPoint not found: LP_GUN for MinePusher id = 5229 prototype = 'minePusher', modelName = minoYkladchiK
E              Gun.cpp[0866]19/04 10:51:50 Error: LoadPoint not found: LP_GUN for MinePusher id = 5230 prototype = 'minePusher', modelName = minoYkladchiK
E              Gun.cpp[0866]19/04 10:51:50 Error: LoadPoint not found: LP_GUN for MinePusher id = 5231 prototype = 'minePusher', modelName = minoYkladchiK
E              Gun.cpp[0866]19/04 10:51:50 Error: LoadPoint not found: LP_GUN for MinePusher id = 5232 prototype = 'minePusher', modelName = minoYkladchiK
E              Gun.cpp[0866]19/04 10:51:50 Error: LoadPoint not found: LP_GUN for MinePusher id = 5233 prototype = 'minePusher', modelName = minoYkladchiK
E              Gun.cpp[0866]19/04 10:51:50 Error: LoadPoint not found: LP_GUN for MinePusher id = 5234 prototype = 'minePusher', modelName = minoYkladchiK
E              Gun.cpp[0866]19/04 10:51:50 Error: LoadPoint not found: LP_GUN for MinePusher id = 5235 prototype = 'minePusher', modelName = minoYkladchiK
E              Gun.cpp[0866]19/04 10:51:50 Error: LoadPoint not found: LP_GUN for MinePusher id = 5236 prototype = 'minePusher', modelName = minoYkladchiK
I DynamicQuestManager.cpp[0089]19/04 10:51:50 DynamicQuestReach id = 5237 prototype = 'dynamicQuestReach' created
I DynamicQuestManager.cpp[0090]19/04 10:51:50 targetName = 'TheTown', hirerName = 'TheOilVillage', reward = 379
I DynamicQuestManager.cpp[0089]19/04 10:51:50 DynamicQuestDestroy id = 5250 prototype = 'dynamicQuestDestroy' created
I DynamicQuestManager.cpp[0090]19/04 10:51:50 targetName = 'u7', hirerName = 'TheFreedom', reward = 413
I DynamicQuestManager.cpp[0089]19/04 10:51:50 DynamicQuestReach id = 5257 prototype = 'dynamicQuestReach' created
I DynamicQuestManager.cpp[0090]19/04 10:51:50 targetName = 'TheGloohoe', hirerName = 'PetrolStationTown1', reward = 432
I   TruxxUiManager.cpp[1422]19/04 10:51:50 Game mode changed. Old mode = 0, new mode = 1
E          Vehicle.cpp[5160]19/04 10:51:50 Error: LoadPoint not found: LP_SSP03L for model 'dozerChassis'
I           server.cpp[0909]19/04 10:51:50 		After first Update
I           server.cpp[0911]19/04 10:51:50 AI: Finished Loading Server
I           view32.cpp[1106]19/04 10:51:50 Load server end
I        QuestInfo.cpp[0847]19/04 10:51:50 Quest infos were loaded successfully from file data\if\diz\QuestInfoGlobal.xml
I        QuestInfo.cpp[0783]19/04 10:51:50 QuestInfo manager was inited successfully
I    GameUiManager.cpp[0303]19/04 10:51:50 Interface: is initializing...
I    GameUiManager.cpp[0395]19/04 10:51:50 Interface: is inited successfully
I     GlobalMapWnd.cpp[0157]19/04 10:51:50 Make control error: control mainmenu_ico is not found or incorrect type
I     GlobalMapWnd.cpp[0157]19/04 10:51:50 Make control error: control r1m8_ico is not found or incorrect type
I     GlobalMapWnd.cpp[0157]19/04 10:51:50 Make control error: control r1m7_ico is not found or incorrect type
I     GlobalMapWnd.cpp[0157]19/04 10:51:50 Make control error: control r4m0_ico is not found or incorrect type
I     GlobalMapWnd.cpp[0157]19/04 10:51:50 Make control error: control r9m1_ico is not found or incorrect type
I     GlobalMapWnd.cpp[0203]19/04 10:51:50 GlobalMapWnd: error - fail to init because of a bad resource
I        FadingMsg.cpp[0199]19/04 10:51:50 Fading message: 'Нажмите гудок (%1m) для въезда в город'
I blockMusicManager.cpp[0185]19/04 10:51:50 BlockMusicManager: start playing new music: blockNum = 1, musicType = 0, name = 'block1_driving'
I   triggeratgrolikend[0011]19/04 10:51:50 KRAYCITY ADDON IS NOT INSTALLED.
I   TruxxUiManager.cpp[1422]19/04 10:51:54 Game mode changed. Old mode = 1, new mode = 0
I   TruxxUiManager.cpp[1422]19/04 10:51:54 Game mode changed. Old mode = 0, new mode = 0
I   TruxxUiManager.cpp[1422]19/04 10:51:54 Game mode changed. Old mode = 0, new mode = 1
I   TruxxUiManager.cpp[1422]19/04 10:51:54 Game mode changed. Old mode = 1, new mode = 1
I   TruxxUiManager.cpp[1422]19/04 10:51:54 Game mode changed. Old mode = 1, new mode = 1
I   TruxxUiManager.cpp[1422]19/04 10:51:54 Game mode changed. Old mode = 1, new mode = 1
I   TruxxUiManager.cpp[1422]19/04 10:51:54 Game mode changed. Old mode = 1, new mode = 1
I   TruxxUiManager.cpp[1422]19/04 10:51:54 Game mode changed. Old mode = 1, new mode = 1
I   TruxxUiManager.cpp[1422]19/04 10:51:54 Game mode changed. Old mode = 1, new mode = 1
I   TruxxUiManager.cpp[1422]19/04 10:51:54 Game mode changed. Old mode = 1, new mode = 1
I   TruxxUiManager.cpp[1422]19/04 10:51:54 Game mode changed. Old mode = 1, new mode = 1
I   TruxxUiManager.cpp[1422]19/04 10:51:54 Game mode changed. Old mode = 1, new mode = 1
I   TruxxUiManager.cpp[1422]19/04 10:51:54 Game mode changed. Old mode = 1, new mode = 1
I   TruxxUiManager.cpp[1422]19/04 10:51:54 Game mode changed. Old mode = 1, new mode = 1
I   TruxxUiManager.cpp[1422]19/04 10:51:54 Game mode changed. Old mode = 1, new mode = 1
I   TruxxUiManager.cpp[1422]19/04 10:51:54 Game mode changed. Old mode = 1, new mode = 1
I   TruxxUiManager.cpp[1422]19/04 10:51:54 Game mode changed. Old mode = 1, new mode = 1
I   TruxxUiManager.cpp[1422]19/04 10:51:54 Game mode changed. Old mode = 1, new mode = 1
I   TruxxUiManager.cpp[1422]19/04 10:51:54 Game mode changed. Old mode = 1, new mode = 1
I   TruxxUiManager.cpp[1422]19/04 10:51:54 Game mode changed. Old mode = 1, new mode = 1
I       QuestState.cpp[0881]19/04 10:51:54 Quest 'Buyer_Quest1' is taken
I       QuestState.cpp[0956]19/04 10:51:54 	Recalc begin...
I       QuestState.cpp[1004]19/04 10:51:54 	Recalc end...
I        FadingMsg.cpp[0199]19/04 10:51:54 Fading message: 'Вы получили новое задание.'
I        FadingMsg.cpp[0199]19/04 10:51:54 Fading message: 'Новая запись в дневнике.'
I   TruxxUiManager.cpp[1422]19/04 10:51:54 Game mode changed. Old mode = 1, new mode = 0
I blockMusicManager.cpp[0199]19/04 10:51:55 BlockMusicManager: resetting
I blockMusicManager.cpp[0185]19/04 10:51:55 BlockMusicManager: start playing new music: blockNum = 1, musicType = 0, name = 'block1_driving'
I        FadingMsg.cpp[0199]19/04 10:51:56 Fading message: 'Мистер Шляпа включен.'
I        FadingMsg.cpp[0199]19/04 10:51:56 Fading message: 'Нажмите гудок (%1m) для въезда в город'
I       console_string[0236]19/04 10:52:06 ---------------------- CHEAT WAS USED --------- ANTICHEAT -----------------
I        FadingMsg.cpp[0199]19/04 10:52:06 Fading message: '@FFFF1493Обнаружено использование чит-кодов. Система достижений @FFFF0000ЗАБЛОКИРОВАНА. @FFFF1493В техподдержке @FFFF0000ОТКАЗАНО.'
I        FadingMsg.cpp[0199]19/04 10:52:06 Fading message: '@FFFF1493Обнаружено использование чит-кодов. Система достижений @FFFF0000ЗАБЛОКИРОВАНА. @FFFF1493В техподдержке @FFFF0000ОТКАЗАНО.'
I WanderersManager.cpp[0641]19/04 10:52:22 Spawning caravan: WanderersManager id = 213 prototype = 'LiveCaravanManager' name = 'r1m1_CaravanGlobalObject' spawns CaravanTeam id = 37989 prototype = 'r1m1_CaravanTeam'
I        FadingMsg.cpp[0199]19/04 10:53:01 Fading message: 'Чуть в глаз не попал!'
I WanderersManager.cpp[0641]19/04 10:53:15 Spawning caravan: WanderersManager id = 213 prototype = 'LiveCaravanManager' name = 'r1m1_CaravanGlobalObject' spawns CaravanTeam id = 21672 prototype = 'r1m1_CaravanOne'
I   TruxxUiManager.cpp[1422]19/04 10:53:26 Game mode changed. Old mode = 0, new mode = 1
I   TruxxUiManager.cpp[1422]19/04 10:53:27 Game mode changed. Old mode = 1, new mode = 0
I             util.cpp[0423]19/04 10:53:30 Maximum joint count reached: 30
I blockMusicManager.cpp[0185]19/04 10:53:30 BlockMusicManager: start playing new music: blockNum = 0, musicType = 0, name = 'block0_driving'
I           m3dapp.cpp[1336]19/04 10:57:00 d3d: Device reset ok
I WanderersManager.cpp[0641]19/04 10:57:13 Spawning caravan: WanderersManager id = 213 prototype = 'LiveCaravanManager' name = 'r1m1_CaravanGlobalObject' spawns CaravanTeam id = 38113 prototype = 'r1m1_CaravanOne'
I        FadingMsg.cpp[0199]19/04 10:57:21 Fading message: 'Нажмите гудок (%1m) для въезда в город'
I townMusicManager.cpp[0096]19/04 10:57:22 TownMusicManager: start playing new music: ''
E           m3dapp.cpp[3625]19/04 10:57:22 Error: invalid music name: ''
I blockMusicManager.cpp[0199]19/04 10:57:23 BlockMusicManager: resetting
I        FadingMsg.cpp[0199]19/04 10:57:24 Fading message: 'Начался тяжелый трудовой день.'
I blockMusicManager.cpp[0185]19/04 10:57:24 BlockMusicManager: start playing new music: blockNum = 1, musicType = 0, name = 'block1_driving'
I blockMusicManager.cpp[0185]19/04 10:57:35 BlockMusicManager: start playing new music: blockNum = 1, musicType = 1, name = 'block1_alarm'
I        FadingMsg.cpp[0199]19/04 10:57:35 Fading message: 'Возьмем его!'
I        FadingMsg.cpp[0199]19/04 10:57:40 Fading message: 'ААААААААА!'
I        FadingMsg.cpp[0199]19/04 10:57:41 Fading message: 'Нажмите (%1m), чтобы поднять груз'
I blockMusicManager.cpp[0185]19/04 10:57:42 BlockMusicManager: start playing new music: blockNum = 1, musicType = 2, name = 'block1_battle'
I        FadingMsg.cpp[0199]19/04 10:57:43 Fading message: 'Вы подняли предмет: %1s'
I        FadingMsg.cpp[0199]19/04 10:57:43 Fading message: 'Вы подняли предмет: %1s'
I        FadingMsg.cpp[0199]19/04 10:57:43 Fading message: 'Вы подняли предмет: %1s'
I blockMusicManager.cpp[0199]19/04 10:57:49 BlockMusicManager: resetting
I blockMusicManager.cpp[0185]19/04 10:57:49 BlockMusicManager: start playing new music: blockNum = 1, musicType = 0, name = 'block1_driving'
I   TruxxUiManager.cpp[1422]19/04 10:58:22 Game mode changed. Old mode = 0, new mode = 1
I   TruxxUiManager.cpp[1422]19/04 10:58:22 Game mode changed. Old mode = 1, new mode = 1
I   TruxxUiManager.cpp[1422]19/04 10:58:23 Game mode changed. Old mode = 1, new mode = 0
I blockMusicManager.cpp[0199]19/04 10:58:23 BlockMusicManager: resetting
I blockMusicManager.cpp[0185]19/04 10:58:23 BlockMusicManager: start playing new music: blockNum = 1, musicType = 0, name = 'block1_driving'
I       QuestState.cpp[0881]19/04 10:58:27 Quest 'LisaAtSouth' is taken
I       QuestState.cpp[0956]19/04 10:58:27 	Recalc begin...
I       QuestState.cpp[1004]19/04 10:58:27 	Recalc end...
I        FadingMsg.cpp[0199]19/04 10:58:27 Fading message: 'Вы получили новое задание.'
I        FadingMsg.cpp[0199]19/04 10:58:29 Fading message: 'Нажмите гудок (%1m) для въезда в город'
I   TruxxUiManager.cpp[1422]19/04 10:58:30 Game mode changed. Old mode = 0, new mode = 1
I   TruxxUiManager.cpp[1422]19/04 10:58:35 Game mode changed. Old mode = 1, new mode = 0
I   TruxxUiManager.cpp[1422]19/04 10:58:35 Game mode changed. Old mode = 0, new mode = 0
I townMusicManager.cpp[0096]19/04 10:58:35 TownMusicManager: start playing new music: 'trade_town1'
I blockMusicManager.cpp[0199]19/04 10:58:36 BlockMusicManager: resetting
I   TruxxUiManager.cpp[1422]19/04 10:58:36 Game mode changed. Old mode = 0, new mode = 1
I blockMusicManager.cpp[0185]19/04 10:58:36 BlockMusicManager: start playing new music: blockNum = 0, musicType = 0, name = 'block0_driving'
I   TruxxUiManager.cpp[1422]19/04 10:58:38 Game mode changed. Old mode = 1, new mode = 0
I   TruxxUiManager.cpp[1422]19/04 10:58:38 Game mode changed. Old mode = 0, new mode = 0
I        FadingMsg.cpp[0199]19/04 10:58:38 Fading message: 'Нажмите гудок (%1m) для въезда в город'
I   TruxxUiManager.cpp[1422]19/04 10:58:39 Game mode changed. Old mode = 0, new mode = 1
I   TruxxUiManager.cpp[1422]19/04 10:58:40 Game mode changed. Old mode = 1, new mode = 0
I   TruxxUiManager.cpp[1422]19/04 10:58:40 Game mode changed. Old mode = 0, new mode = 0
I townMusicManager.cpp[0096]19/04 10:58:40 TownMusicManager: start playing new music: 'trade_town1'
I blockMusicManager.cpp[0199]19/04 10:58:41 BlockMusicManager: resetting
I   TruxxUiManager.cpp[1422]19/04 10:58:41 Game mode changed. Old mode = 0, new mode = 1
I blockMusicManager.cpp[0185]19/04 10:58:41 BlockMusicManager: start playing new music: blockNum = 0, musicType = 0, name = 'block0_driving'
I        FadingMsg.cpp[0199]19/04 10:58:43 Fading message: 'Нажмите гудок (%1m) для въезда в город'
I   TruxxUiManager.cpp[1422]19/04 10:58:45 Game mode changed. Old mode = 1, new mode = 0
I           m3dapp.cpp[1336]19/04 10:59:34 d3d: Device reset ok
I           m3dapp.cpp[1350]19/04 10:59:42 input: CInput_di8::GetLastKbdEvent() error - cannot translate key wit scan code 183
I           m3dapp.cpp[1350]19/04 10:59:42 input: CInput_di8::GetLastKbdEvent() error - cannot translate key wit scan code 183
I           m3dapp.cpp[1336]19/04 10:59:50 d3d: Device reset ok
I           m3dapp.cpp[1350]19/04 11:00:00 input: CInput_di8::GetLastKbdEvent() error - cannot translate key wit scan code 8923
I           m3dapp.cpp[1350]19/04 11:00:01 input: CInput_di8::GetLastKbdEvent() error - cannot translate key wit scan code 219
I           m3dapp.cpp[1350]19/04 11:00:05 input: CInput_di8::GetLastKbdEvent() error - cannot translate key wit scan code 731
I           m3dapp.cpp[1350]19/04 11:00:05 input: CInput_di8::GetLastKbdEvent() error - cannot translate key wit scan code 731
I           m3dapp.cpp[1350]19/04 11:00:07 input: CInput_di8::GetLastKbdEvent() error - cannot translate key wit scan code 8411
I        FadingMsg.cpp[0199]19/04 11:00:35 Fading message: 'Как дела?'
I             util.cpp[0423]19/04 11:01:11 Maximum joint count reached: 31
I             util.cpp[0423]19/04 11:01:13 Maximum joint count reached: 32
I             util.cpp[0423]19/04 11:01:13 Maximum joint count reached: 33
I blockMusicManager.cpp[0185]19/04 11:01:13 BlockMusicManager: start playing new music: blockNum = 0, musicType = 1, name = 'block0_alarm'
I             util.cpp[0423]19/04 11:01:15 Maximum joint count reached: 34
I             util.cpp[0423]19/04 11:01:16 Maximum joint count reached: 35
I blockMusicManager.cpp[0199]19/04 11:01:16 BlockMusicManager: resetting
I blockMusicManager.cpp[0185]19/04 11:01:16 BlockMusicManager: start playing new music: blockNum = 1, musicType = 0, name = 'block1_driving'
I        FadingMsg.cpp[0199]19/04 11:01:16 Fading message: 'Тысяча чертей!'
I             util.cpp[0423]19/04 11:01:17 Maximum joint count reached: 36
I        FadingMsg.cpp[0199]19/04 11:01:18 Fading message: 'Нажмите (%1m), чтобы поднять груз'
I        FadingMsg.cpp[0199]19/04 11:01:18 Fading message: 'Вы подняли предмет: %1s'
I        FadingMsg.cpp[0199]19/04 11:01:18 Fading message: 'Не хватает места в кузове. Для вызова окна снаряжения нажмите %1m'
I             util.cpp[0423]19/04 11:01:18 Maximum joint count reached: 37
I             util.cpp[0423]19/04 11:01:18 Maximum joint count reached: 38
I             util.cpp[0423]19/04 11:01:18 Maximum joint count reached: 40
I        FadingMsg.cpp[0199]19/04 11:01:19 Fading message: 'Так тебе и надо!'
E ComplexPhysicObj.cpp[1428]19/04 11:01:25 Error: LoadPoint not found! Model = 'uralCab01', lp = LP_BIG01 for Vehicle id = 5500 prototype = 'Ural02'
E ComplexPhysicObj.cpp[1428]19/04 11:01:25 Error: LoadPoint not found! Model = 'uralCab01', lp = LP_BIG02 for Vehicle id = 5500 prototype = 'Ural02'
E ComplexPhysicObj.cpp[1428]19/04 11:01:25 Error: LoadPoint not found! Model = 'uralCab01', lp = LP_BIG02 for Vehicle id = 5500 prototype = 'Ural02'
E ComplexPhysicObj.cpp[1428]19/04 11:01:25 Error: LoadPoint not found! Model = 'fighterCab01', lp = LP_BIG01 for Vehicle id = 5584 prototype = 'Fighter02'
I        FadingMsg.cpp[0199]19/04 11:01:32 Fading message: 'Нажмите гудок (%1m) для въезда в город'
I townMusicManager.cpp[0096]19/04 11:01:32 TownMusicManager: start playing new music: ''
E           m3dapp.cpp[3625]19/04 11:01:32 Error: invalid music name: ''
I blockMusicManager.cpp[0199]19/04 11:01:37 BlockMusicManager: resetting
I blockMusicManager.cpp[0185]19/04 11:01:37 BlockMusicManager: start playing new music: blockNum = 1, musicType = 0, name = 'block1_driving'
I        FadingMsg.cpp[0199]19/04 11:01:42 Fading message: 'Привет!'
E ComplexPhysicObj.cpp[1428]19/04 11:01:47 Error: LoadPoint not found! Model = 'uralCab01', lp = LP_BIG01 for Vehicle id = 22009 prototype = 'Ural02'
E ComplexPhysicObj.cpp[1428]19/04 11:01:47 Error: LoadPoint not found! Model = 'uralCab01', lp = LP_BIG02 for Vehicle id = 22009 prototype = 'Ural02'
E ComplexPhysicObj.cpp[1428]19/04 11:01:47 Error: LoadPoint not found! Model = 'uralCab01', lp = LP_BIG02 for Vehicle id = 22009 prototype = 'Ural02'
E ComplexPhysicObj.cpp[1428]19/04 11:01:47 Error: LoadPoint not found! Model = 'fighterCab01', lp = LP_BIG01 for Vehicle id = 21846 prototype = 'Fighter02'
E ComplexPhysicObj.cpp[1428]19/04 11:01:47 Error: LoadPoint not found! Model = 'hunterCab01', lp = LP_BIG01 for Vehicle id = 38190 prototype = 'Hunter02'
E ComplexPhysicObj.cpp[1428]19/04 11:01:47 Error: LoadPoint not found! Model = 'hunterCab01', lp = LP_SML01 for Vehicle id = 38190 prototype = 'Hunter02'
E ComplexPhysicObj.cpp[1428]19/04 11:01:47 Error: LoadPoint not found! Model = 'hunterCab01', lp = LP_SML01 for Vehicle id = 38190 prototype = 'Hunter02'
I        FadingMsg.cpp[0199]19/04 11:01:48 Fading message: 'Понадобится капремонт.'
I        FadingMsg.cpp[0199]19/04 11:01:52 Fading message: 'Не надо!!!'
I blockMusicManager.cpp[0185]19/04 11:01:55 BlockMusicManager: start playing new music: blockNum = 1, musicType = 1, name = 'block1_alarm'
I        FadingMsg.cpp[0199]19/04 11:01:55 Fading message: 'Возьмем его!'
I        FadingMsg.cpp[0199]19/04 11:01:58 Fading message: 'Зацепило!'
I blockMusicManager.cpp[0185]19/04 11:01:59 BlockMusicManager: start playing new music: blockNum = 1, musicType = 2, name = 'block1_battle'
I             util.cpp[0423]19/04 11:02:05 Maximum joint count reached: 43
I        FadingMsg.cpp[0199]19/04 11:02:06 Fading message: 'Нажмите (%1m), чтобы поднять груз'
I blockMusicManager.cpp[0199]19/04 11:02:19 BlockMusicManager: resetting
I blockMusicManager.cpp[0185]19/04 11:02:19 BlockMusicManager: start playing new music: blockNum = 0, musicType = 0, name = 'block0_driving'
E ComplexPhysicObj.cpp[1428]19/04 11:02:35 Error: LoadPoint not found! Model = 'uralCab01', lp = LP_BIG01 for Vehicle id = 22157 prototype = 'Ural01'
E ComplexPhysicObj.cpp[1428]19/04 11:02:35 Error: LoadPoint not found! Model = 'fighterCab01', lp = LP_BIG01 for Vehicle id = 22104 prototype = 'Fighter02'
E ComplexPhysicObj.cpp[1428]19/04 11:02:35 Error: LoadPoint not found! Model = 'molokovozCab01', lp = LP_SML01 for Vehicle id = 120363 prototype = 'Molokovoz02'
E ComplexPhysicObj.cpp[1428]19/04 11:02:35 Error: LoadPoint not found! Model = 'molokovozCargo01', lp = LP_BIG01 for Vehicle id = 120363 prototype = 'Molokovoz02'
I blockMusicManager.cpp[0185]19/04 11:02:35 BlockMusicManager: start playing new music: blockNum = 0, musicType = 1, name = 'block0_alarm'
I        FadingMsg.cpp[0199]19/04 11:02:35 Fading message: 'Умриииии!!'
I        FadingMsg.cpp[0199]19/04 11:02:38 Fading message: 'Зацепило!'
I blockMusicManager.cpp[0199]19/04 11:02:44 BlockMusicManager: resetting
I blockMusicManager.cpp[0185]19/04 11:02:44 BlockMusicManager: start playing new music: blockNum = 1, musicType = 0, name = 'block1_driving'
I        FadingMsg.cpp[0199]19/04 11:02:50 Fading message: 'Нажмите гудок (%1m) для въезда в город'
I        FadingMsg.cpp[0199]19/04 11:02:51 Fading message: 'Не впервой! Выживем!'
I townMusicManager.cpp[0096]19/04 11:02:51 TownMusicManager: start playing new music: 'agriculruar_town1'
I blockMusicManager.cpp[0199]19/04 11:02:55 BlockMusicManager: resetting
I blockMusicManager.cpp[0185]19/04 11:02:55 BlockMusicManager: start playing new music: blockNum = 1, musicType = 0, name = 'block1_driving'
E ComplexPhysicObj.cpp[1428]19/04 11:03:06 Error: LoadPoint not found! Model = 'fighterCab01', lp = LP_BIG01 for Vehicle id = 201932 prototype = 'Fighter02'
E ComplexPhysicObj.cpp[1428]19/04 11:03:06 Error: LoadPoint not found! Model = 'fighterCab01', lp = LP_BIG01 for Vehicle id = 54893 prototype = 'Fighter02'
E ComplexPhysicObj.cpp[1428]19/04 11:03:06 Error: LoadPoint not found! Model = 'molokovozCab01', lp = LP_SML01 for Vehicle id = 54847 prototype = 'Molokovoz02'
E ComplexPhysicObj.cpp[1428]19/04 11:03:06 Error: LoadPoint not found! Model = 'molokovozCargo01', lp = LP_BIG01 for Vehicle id = 54847 prototype = 'Molokovoz02'
I blockMusicManager.cpp[0185]19/04 11:03:07 BlockMusicManager: start playing new music: blockNum = 1, musicType = 1, name = 'block1_alarm'
I        FadingMsg.cpp[0199]19/04 11:03:07 Fading message: 'Возьмем его!'
I blockMusicManager.cpp[0199]19/04 11:03:12 BlockMusicManager: resetting
I blockMusicManager.cpp[0185]19/04 11:03:12 BlockMusicManager: start playing new music: blockNum = 1, musicType = 0, name = 'block1_driving'
I        FadingMsg.cpp[0199]19/04 11:03:18 Fading message: 'Похоже, мы не одни.'
I blockMusicManager.cpp[0185]19/04 11:03:18 BlockMusicManager: start playing new music: blockNum = 1, musicType = 1, name = 'block1_alarm'
I        FadingMsg.cpp[0199]19/04 11:03:22 Fading message: 'Чуть в глаз не попал!'
I blockMusicManager.cpp[0199]19/04 11:03:39 BlockMusicManager: resetting
I blockMusicManager.cpp[0185]19/04 11:03:39 BlockMusicManager: start playing new music: blockNum = 0, musicType = 0, name = 'block0_driving'
I        FadingMsg.cpp[0199]19/04 11:03:39 Fading message: 'За что?'
E ComplexPhysicObj.cpp[1428]19/04 11:03:44 Error: LoadPoint not found! Model = 'fighterCab01', lp = LP_BIG01 for Vehicle id = 136478 prototype = 'Fighter02'
E ComplexPhysicObj.cpp[1428]19/04 11:03:44 Error: LoadPoint not found! Model = 'molokovozCab01', lp = LP_SML01 for Vehicle id = 103844 prototype = 'Molokovoz02'
E ComplexPhysicObj.cpp[1428]19/04 11:03:44 Error: LoadPoint not found! Model = 'molokovozCargo01', lp = LP_BIG01 for Vehicle id = 103844 prototype = 'Molokovoz02'
E ComplexPhysicObj.cpp[1428]19/04 11:03:44 Error: LoadPoint not found! Model = 'molokovozCab01', lp = LP_SML01 for Vehicle id = 87306 prototype = 'Molokovoz02'
E ComplexPhysicObj.cpp[1428]19/04 11:03:44 Error: LoadPoint not found! Model = 'molokovozCargo01', lp = LP_BIG01 for Vehicle id = 87306 prototype = 'Molokovoz02'
E ComplexPhysicObj.cpp[1428]19/04 11:04:06 Error: LoadPoint not found! Model = 'uralCab01', lp = LP_BIG01 for Vehicle id = 218338 prototype = 'Ural02'
E ComplexPhysicObj.cpp[1428]19/04 11:04:06 Error: LoadPoint not found! Model = 'uralCab01', lp = LP_BIG02 for Vehicle id = 218338 prototype = 'Ural02'
E ComplexPhysicObj.cpp[1428]19/04 11:04:06 Error: LoadPoint not found! Model = 'uralCab01', lp = LP_BIG02 for Vehicle id = 218338 prototype = 'Ural02'
E ComplexPhysicObj.cpp[1428]19/04 11:04:06 Error: LoadPoint not found! Model = 'molokovozCab01', lp = LP_SML01 for Vehicle id = 169169 prototype = 'Molokovoz02'
E ComplexPhysicObj.cpp[1428]19/04 11:04:06 Error: LoadPoint not found! Model = 'molokovozCargo01', lp = LP_BIG01 for Vehicle id = 169169 prototype = 'Molokovoz02'
E ComplexPhysicObj.cpp[1428]19/04 11:04:31 Error: LoadPoint not found! Model = 'fighterCab01', lp = LP_BIG01 for Vehicle id = 513488 prototype = 'Fighter02'
E ComplexPhysicObj.cpp[1428]19/04 11:04:31 Error: LoadPoint not found! Model = 'fighterCab01', lp = LP_BIG01 for Vehicle id = 2053419 prototype = 'Fighter02'
E ComplexPhysicObj.cpp[1428]19/04 11:04:31 Error: LoadPoint not found! Model = 'hunterCab01', lp = LP_BIG01 for Vehicle id = 546115 prototype = 'Hunter02'
E ComplexPhysicObj.cpp[1428]19/04 11:04:31 Error: LoadPoint not found! Model = 'hunterCab01', lp = LP_SML01 for Vehicle id = 546115 prototype = 'Hunter02'
E ComplexPhysicObj.cpp[1428]19/04 11:04:31 Error: LoadPoint not found! Model = 'hunterCab01', lp = LP_SML01 for Vehicle id = 546115 prototype = 'Hunter02'
E            Affix.cpp[0075]19/04 11:04:31 Error: attempt to apply affix 'rusty_gun' for property 'Accuracy' of RocketLauncher id = 955954 prototype = 'hunterLauncher'
I blockMusicManager.cpp[0185]19/04 11:04:33 BlockMusicManager: start playing new music: blockNum = 0, musicType = 1, name = 'block0_alarm'
I     ObjContainer.cpp[1278]19/04 11:04:47 Passing to map 'r8m1', location 'FromR1M1', angle = -1, immediate = 0
I     DynamicQuest.cpp[0279]19/04 11:04:49 Dynamic quest id 5206 status changed to FORGOTTEN
I     DynamicQuest.cpp[0324]19/04 11:04:49 Dynamic quest id 5206 removed
I        PhysicObj.cpp[0313]19/04 11:04:49 Vehicle 'PlayerVehicle_0_1' id=33044 passes to another map
I       PhysicBody.cpp[1171]19/04 11:04:49 Object is  visible in SetPassed...
I       PhysicBody.cpp[1171]19/04 11:04:49 Object is  visible in SetPassed...
I       PhysicBody.cpp[1171]19/04 11:04:49 Object is  visible in SetPassed...
I       PhysicBody.cpp[1171]19/04 11:04:49 Object is  visible in SetPassed...
I       PhysicBody.cpp[1171]19/04 11:04:49 Object is  visible in SetPassed...
I        PhysicObj.cpp[0313]19/04 11:04:49 Wheel '' id=5280 passes to another map
I       PhysicBody.cpp[1171]19/04 11:04:49 Object is  visible in SetPassed...
I        PhysicObj.cpp[0313]19/04 11:04:49 Wheel '' id=5281 passes to another map
I       PhysicBody.cpp[1171]19/04 11:04:49 Object is  visible in SetPassed...
I        PhysicObj.cpp[0313]19/04 11:04:49 Wheel '' id=5282 passes to another map
I       PhysicBody.cpp[1171]19/04 11:04:49 Object is  visible in SetPassed...
I        PhysicObj.cpp[0313]19/04 11:04:49 Wheel '' id=5283 passes to another map
I       PhysicBody.cpp[1171]19/04 11:04:49 Object is  visible in SetPassed...
I        PhysicObj.cpp[0313]19/04 11:04:49 Wheel '' id=5284 passes to another map
I       PhysicBody.cpp[1171]19/04 11:04:49 Object is  visible in SetPassed...
I        PhysicObj.cpp[0313]19/04 11:04:49 Wheel '' id=5285 passes to another map
I       PhysicBody.cpp[1171]19/04 11:04:49 Object is  visible in SetPassed...
I        PhysicObj.cpp[0313]19/04 11:04:49 Wheel '' id=5286 passes to another map
I       PhysicBody.cpp[1171]19/04 11:04:49 Object is  visible in SetPassed...
I        PhysicObj.cpp[0313]19/04 11:04:49 Wheel '' id=5287 passes to another map
I       PhysicBody.cpp[1171]19/04 11:04:49 Object is  visible in SetPassed...
I        SplashWnd.cpp[0244]19/04 11:04:49 Start splashing 11
I   TruxxUiManager.cpp[1422]19/04 11:04:49 Game mode changed. Old mode = 0, new mode = 0
I    GameUiManager.cpp[0405]19/04 11:04:50 Interface: is clearing...
I    GameUiManager.cpp[0495]19/04 11:04:50 Interface: is cleared successfully
I           view32.cpp[1048]19/04 11:04:50 -- Loading Level: data\maps\r8m1.ssl --
I            world.cpp[0132]19/04 11:04:50 ----------------------- World Loading
F        landscape.cpp[1674]19/04 11:04:50  +- Enter function: Landscape::Load()
I        landscape.cpp[1911]19/04 11:04:50  |  ----------------------- Normal map loaded in: 29
I        landscape.cpp[1920]19/04 11:04:50  |  ----------------------- Tiles loaded in: 31
I        landscape.cpp[1944]19/04 11:04:50  |  ----------------------- ShoreLine loaded in: 16
F        landscape.cpp[1944]19/04 11:04:50  +- Exit function: Landscape::Load()
I            world.cpp[0169]19/04 11:04:50 ----------------------- Landscape loaded in: 193
I       DataServer.cpp[0587]19/04 11:04:50 Loading Servers: data\maps\r8m1\servers.xml
E       DraftModel.cpp[1002]19/04 11:04:51 Error: Couldn't load texture data\models\vehicles\belaz\cab01_mt.dds for model cargov1.gam
E       DraftModel.cpp[1002]19/04 11:04:51 Error: Couldn't load texture data\models\vehicles\belaz\cab01_mt.dds for model cargov1.gam
E       DraftModel.cpp[1002]19/04 11:04:51 Error: Couldn't load texture data\models\vehicles\belaz\cab01_mt.dds for model cargov1.gam
E       DraftModel.cpp[1002]19/04 11:04:51 Error: Couldn't load texture data\models\vehicles\belaz\cab01_mt.dds for model cargov1.gam
E serverAnimatedModel.cpp[0627]19/04 11:04:53 ServerAnimatedModels: cannot read file: file:data\models\AnimModels.xml id = barrel1_dyn
E serverAnimatedModel.cpp[0627]19/04 11:04:53 ServerAnimatedModels: cannot read file: file:data\models\AnimModels.xml id = barrel3_dyn
E serverAnimatedModel.cpp[0627]19/04 11:04:53 ServerAnimatedModels: cannot read file: file:data\models\AnimModels.xml id = brick_dot1gun
E serverAnimatedModel.cpp[0627]19/04 11:04:53 ServerAnimatedModels: cannot read file: file:data\models\AnimModels.xml id = brick_dot2gun
E serverAnimatedModel.cpp[0627]19/04 11:04:53 ServerAnimatedModels: cannot read file: file:data\models\AnimModels.xml id = data\models\Ammo\plasma01.gam
E serverAnimatedModel.cpp[0627]19/04 11:04:53 ServerAnimatedModels: cannot read file: file:data\models\AnimModels.xml id = data\models\ammo\shell_big_gun01.gam
E serverAnimatedModel.cpp[0627]19/04 11:04:53 ServerAnimatedModels: cannot read file: file:data\models\AnimModels.xml id = data\models\ammo\shell_big_gun02.gam
E serverAnimatedModel.cpp[0627]19/04 11:04:53 ServerAnimatedModels: cannot read file: file:data\models\AnimModels.xml id = data\models\ammo\shell_sml_pulemet01.gam
E serverAnimatedModel.cpp[0627]19/04 11:04:53 ServerAnimatedModels: cannot read file: file:data\models\AnimModels.xml id = data\models\buildings\region1\brick_debris1.gam
E serverAnimatedModel.cpp[0627]19/04 11:04:53 ServerAnimatedModels: cannot read file: file:data\models\AnimModels.xml id = data\models\buildings\region1\wood_debris1.gam
E serverAnimatedModel.cpp[0627]19/04 11:04:53 ServerAnimatedModels: cannot read file: file:data\models\AnimModels.xml id = dungeon_1
E serverAnimatedModel.cpp[0627]19/04 11:04:53 ServerAnimatedModels: cannot read file: file:data\models\AnimModels.xml id = dungeon_1_dead
E serverAnimatedModel.cpp[0627]19/04 11:04:53 ServerAnimatedModels: cannot read file: file:data\models\AnimModels.xml id = heavy_dot1gun
E serverAnimatedModel.cpp[0627]19/04 11:04:53 ServerAnimatedModels: cannot read file: file:data\models\AnimModels.xml id = heavy_dot2gun
E serverAnimatedModel.cpp[0627]19/04 11:04:53 ServerAnimatedModels: cannot read file: file:data\models\AnimModels.xml id = heavy_dot3gun
E serverAnimatedModel.cpp[0627]19/04 11:04:53 ServerAnimatedModels: cannot read file: file:data\models\AnimModels.xml id = heavy_dot4gun
E serverAnimatedModel.cpp[0627]19/04 11:04:53 ServerAnimatedModels: cannot read file: file:data\models\AnimModels.xml id = sack_dot1gun
E serverAnimatedModel.cpp[0627]19/04 11:04:53 ServerAnimatedModels: cannot read file: file:data\models\AnimModels.xml id = sack_dot2gun
E serverAnimatedModel.cpp[0627]19/04 11:04:53 ServerAnimatedModels: cannot read file: file:data\models\AnimModels.xml id = shell
E serverAnimatedModel.cpp[0627]19/04 11:04:53 ServerAnimatedModels: cannot read file: file:data\models\AnimModels.xml id = tankSusp01
I serverAnimatedModel.cpp[0630]19/04 11:04:53 ### Total time: 3406, GAM time: 2455
E      serverSound.cpp[0293]19/04 11:04:54 MusicServer: cannot read file: data\sounds\sounds.xml id = 'Fake_Sound_Do_Not_Use_It'
I       DataServer.cpp[0587]19/04 11:04:54 Loading Servers: data\models\commonservers.xml
E      serverMusic.cpp[0216]19/04 11:04:54 MusicServer: cannot read file: data\music\music.xml id = 'LaBelleTown'
E      serverMusic.cpp[0216]19/04 11:04:54 MusicServer: cannot read file: data\music\music.xml id = 'block6_driving2'
I            world.cpp[0210]19/04 11:04:54 ----------------------- Servers loaded in: 4248
I            world.cpp[0338]19/04 11:04:54 LoadWorld begin...
I            world.cpp[0350]19/04 11:04:54 %%%% read/parse xml: 143
I            world.cpp[0362]19/04 11:04:54 %%%% read from xml: 196
I            world.cpp[0444]19/04 11:04:55 %%%% link nodes: 264
I            world.cpp[0220]19/04 11:04:55 ----------------------- Nodes loaded in: 607
I            world.cpp[0228]19/04 11:04:55 ----------------------- Prefabs loaded in: 1
I            world.cpp[0247]19/04 11:04:55 ----------------------- World loaded in: 5261
E        GamParser.cpp[0399]19/04 11:04:55 AnimatedModel::LoadGAM -- cannot open file data\models\roads\road_small_highway\small_highway_end.gam-
I      roadManager.cpp[0139]19/04 11:04:55 RoadManager error( model not loaded ): data\models\roads\road_small_highway\small_highway_end.gam-
