---------------------------------------------- Log begins on Sat Oct 03 17:22:26 2026 ----------------------------------------------
I           m3dapp.cpp[0088]03/10 17:22:26 Starting up...
I           m3dapp.cpp[1498]03/10 17:22:26 ExMachina - release version release build v1.02 (Dec 21 2005 12:15:10)
I      Stackwalker.cpp[0608]03/10 17:22:26 Stackwalker: log file name will be 'b:/exmachina.gm.mod.sdk_/exceptions/hta.exe0034.log'
I      Stackwalker.cpp[0609]03/10 17:22:26 Stackwalker: dump file name will be 'b:/exmachina.gm.mod.sdk_/exceptions/hta.exe0034.dmp'
I      Stackwalker.cpp[0610]03/10 17:22:26 Stackwalker: game log file name will be 'b:/exmachina.gm.mod.sdk_/exceptions/hta.exe0034_game.log'
I           m3dapp.cpp[1391]03/10 17:22:26 Path: B:\ExMachina.GM.mod.SDK_
I           m3dapp.cpp[1392]03/10 17:22:26 Exe: B:\ExMachina.GM.mod.SDK_\hta.exe
I           m3dapp.cpp[1401]03/10 17:22:26 Windows version: 6.2.9200
I           m3dapp.cpp[1410]03/10 17:22:26 Computer name: DESKTOP-QQPV5MQ
I           m3dapp.cpp[1430]03/10 17:22:26 Cpu: GenuineIntel
I           m3dapp.cpp[1434]03/10 17:22:26 Cpu clock: ~3302
I           m3dapp.cpp[1459]03/10 17:22:26 Processor is mmx able
I           m3dapp.cpp[1470]03/10 17:22:26 Physical memory: 4095 MB
I           m3dapp.cpp[1471]03/10 17:22:26 Total memory:    4095 MB
I           m3dapp.cpp[1472]03/10 17:22:26 Physical memory available: 4095 MB
I           m3dapp.cpp[1473]03/10 17:22:26 Total memory available:    3809 MB
I           m3dapp.cpp[2846]03/10 17:22:26 SetCodepage -- using codepage 1251 '1251  (ANSI - кириллица)'
I           m3dapp.cpp[2154]03/10 17:22:26 NOTE! renderer is bind to dxrender9.dll
I           m3dapp.cpp[1336]03/10 17:22:26 d3d: Given device behavior: 80
I           m3dapp.cpp[1336]03/10 17:22:26 d3d: Confirmed device behavior: 80
I           m3dapp.cpp[1336]03/10 17:22:26 d3d: Description: NVIDIA GeForce GTX 1650
I           m3dapp.cpp[1336]03/10 17:22:26 d3d: Driver:      nvldumd.dll
I           m3dapp.cpp[1336]03/10 17:22:26 d3d: VendorId:    0x10de
I           m3dapp.cpp[1336]03/10 17:22:26 d3d: DeviceId:    0x1f0a
I           m3dapp.cpp[1336]03/10 17:22:26 d3d: SubSysId:    0x145c1771
I           m3dapp.cpp[1336]03/10 17:22:26 d3d: Revision:    161
I           m3dapp.cpp[1336]03/10 17:22:26 d3d: Driver version info:
I           m3dapp.cpp[1336]03/10 17:22:26 d3d:   Product:    32
I           m3dapp.cpp[1336]03/10 17:22:26 d3d:   Version:    0
I           m3dapp.cpp[1336]03/10 17:22:26 d3d:   SubVersion: 15
I           m3dapp.cpp[1336]03/10 17:22:26 d3d:   Build:      8129
I           m3dapp.cpp[1336]03/10 17:22:26 d3d: WHQLLevel:    0
I           m3dapp.cpp[1336]03/10 17:22:26 d3d: Texture max size: 16384x16384
I           m3dapp.cpp[1336]03/10 17:22:26 d3d: Guard band: (-100000000.000,-100000000.000,100000000.000,100000000.000)
I           m3dapp.cpp[1336]03/10 17:22:26 d3d: MaxTextureBlendStages: 8
I           m3dapp.cpp[1336]03/10 17:22:26 d3d: MaxSimultaneousTextures: 8
I           m3dapp.cpp[1336]03/10 17:22:26 d3d: MaxActiveLights: 10
I           m3dapp.cpp[1336]03/10 17:22:26 d3d: MaxUserClipPlanes: 8
I           m3dapp.cpp[1336]03/10 17:22:26 d3d: VertexShaderVersion: 0xfffe0300
I           m3dapp.cpp[1336]03/10 17:22:26 d3d: PixelShaderVersion: 0xffff0300
I           m3dapp.cpp[1336]03/10 17:22:26 d3d: Geometry instancing: supported
I           m3dapp.cpp[1336]03/10 17:22:26 d3d: Depth bias supported: yes
I           m3dapp.cpp[1336]03/10 17:22:26 d3d: Slope-scale based depth bias supported: yes
I           m3dapp.cpp[1336]03/10 17:22:26 d3d: HwRasterization: true
I           m3dapp.cpp[1336]03/10 17:22:26 d3d: HwTnL: true
I           m3dapp.cpp[1336]03/10 17:22:26 d3d: PureDevice: true
I           m3dapp.cpp[1336]03/10 17:22:26 d3d: CubeMap: true
I           m3dapp.cpp[1336]03/10 17:22:26 d3d: VolumeMap: true
I           m3dapp.cpp[1336]03/10 17:22:26 d3d: TextureAddressCaps:
I           m3dapp.cpp[1336]03/10 17:22:26 d3d: 	wrap: true
I           m3dapp.cpp[1336]03/10 17:22:26 d3d: 	clamp: true
I           m3dapp.cpp[1336]03/10 17:22:26 d3d: 	border: true
I           m3dapp.cpp[1336]03/10 17:22:26 d3d: Projective textures: true
I           m3dapp.cpp[1336]03/10 17:22:26 d3d: MaxPointSize: 8192.000
I           m3dapp.cpp[1336]03/10 17:22:26 d3d: MaxPrimitiveCount: 16777215
I           m3dapp.cpp[1336]03/10 17:22:26 d3d: MaxVertexIndex: 16777215
I           m3dapp.cpp[1336]03/10 17:22:26 d3d: MaxStreams: 16
I           m3dapp.cpp[1336]03/10 17:22:26 d3d: MaxStreamsStride: 255
I           m3dapp.cpp[1336]03/10 17:22:26 d3d: MaxAnisotropy: 16
I           m3dapp.cpp[1336]03/10 17:22:26 d3d: MaxVertexBlendMatrices: 4
I           m3dapp.cpp[1336]03/10 17:22:26 d3d: MaxVertexBlendMatrixIndex: 8
I           m3dapp.cpp[1336]03/10 17:22:26 d3d: FullScreenGamma: true
I           m3dapp.cpp[1336]03/10 17:22:26 d3d: COLORWRITEENABLE: true
I           m3dapp.cpp[1336]03/10 17:22:26 d3d: MASKZ: true
I           m3dapp.cpp[1336]03/10 17:22:26 d3d: BLENDOP: true
I           m3dapp.cpp[1336]03/10 17:22:26 d3d: CLIPPLANESCALEDPOINTS: false
I           m3dapp.cpp[1336]03/10 17:22:26 d3d: CLIPTLVERTS: true
I           m3dapp.cpp[1336]03/10 17:22:26 d3d: TSSARGTEMP: true
I           m3dapp.cpp[1336]03/10 17:22:26 d3d: DIRECTIONALLIGHTS: true
I           m3dapp.cpp[1336]03/10 17:22:26 d3d: LOCALVIEWER: true
I           m3dapp.cpp[1336]03/10 17:22:26 d3d: POSITIONALLIGHTS: true
I           m3dapp.cpp[1336]03/10 17:22:26 d3d: TEXGEN:  true
I           m3dapp.cpp[1336]03/10 17:22:26 d3d: TWEENING:  true
I           m3dapp.cpp[1336]03/10 17:22:26 d3d: Dp3: true
I           m3dapp.cpp[1336]03/10 17:22:26 d3d: Lerp: true
I           m3dapp.cpp[1336]03/10 17:22:26 d3d: MaxNpatchTessellationLevel: 0.000
I           m3dapp.cpp[1336]03/10 17:22:26 d3d: Query VCACHE support: true
I           m3dapp.cpp[1336]03/10 17:22:26 d3d: Query EVENT support: true
I           m3dapp.cpp[1336]03/10 17:22:26 d3d: Query OCCLUSION support: true
I           m3dapp.cpp[1336]03/10 17:22:26 d3d: Query TIMESTAMP support: true
I           m3dapp.cpp[1336]03/10 17:22:26 d3d: Query TIMESTAMPDISJOINT support: true
I           m3dapp.cpp[1336]03/10 17:22:26 d3d: Query TIMESTAMPFREQ support: true
I           m3dapp.cpp[1336]03/10 17:22:26 d3d: Query PIPELINETIMINGS support: false
I           m3dapp.cpp[1336]03/10 17:22:26 d3d: Query INTERFACETIMINGS support: false
I           m3dapp.cpp[1336]03/10 17:22:26 d3d: Query VERTEXTIMINGS support: false
I           m3dapp.cpp[1336]03/10 17:22:26 d3d: Query PIXELTIMINGS support: false
I           m3dapp.cpp[1336]03/10 17:22:26 d3d: Query BANDWIDTHTIMINGS support: false
I           m3dapp.cpp[1336]03/10 17:22:26 d3d: Query CACHEUTILIZATION support: false
I           m3dapp.cpp[1336]03/10 17:22:26 d3d: Creating or resetting the device
I           m3dapp.cpp[1336]03/10 17:22:26 d3d: Back buffer format: X8R8G8B8
I           m3dapp.cpp[1336]03/10 17:22:26 d3d: Depth/stencil buffer format: D24S8
I           m3dapp.cpp[1336]03/10 17:22:26 d3d: Stenciling: off
I           m3dapp.cpp[1336]03/10 17:22:26 d3d: Rgba textures format: DXT5
I           m3dapp.cpp[1336]03/10 17:22:26 d3d: Rgba no c. textures format: A8R8G8B8
I           m3dapp.cpp[1336]03/10 17:22:26 d3d: RgbA textures format: DXT5
I           m3dapp.cpp[1336]03/10 17:22:26 d3d: RgbA no c. textures format: A4R4G4B4
I           m3dapp.cpp[1336]03/10 17:22:26 d3d: Rt textures format: A8R8G8B8
I           m3dapp.cpp[1336]03/10 17:22:26 d3d: Shadow textures format: R5G6B5
I           m3dapp.cpp[1336]03/10 17:22:26 d3d: Rt depth format: D16
I           m3dapp.cpp[2206]03/10 17:22:26 NOTE! input is bind to input_di8.dll
I           m3dapp.cpp[1938]03/10 17:22:26 NOTE! sound is bind to sound.dll
I           m3dapp.cpp[1350]03/10 17:22:26 input: Joystick not found
I           m3dapp.cpp[1343]03/10 17:22:26 snd: Max sound channels available: 128
I           m3dapp.cpp[1343]03/10 17:22:26 snd: Sound is inited successfully
I             font.cpp[0976]03/10 17:22:26 FontManager: fonts are loaded successfully
I           m3dapp.cpp[1336]03/10 17:22:26 d3d: Cannot open data\models\logos\fishmen.dds
I           m3dapp.cpp[1336]03/10 17:22:26 d3d: texmap failed to load: data\models\logos\fishmen.dds
E       DraftModel.cpp[1002]03/10 17:22:26 Error: Couldn't load texture data\models\logos\fishmen.dds for model logos.gam
I           m3dapp.cpp[1336]03/10 17:22:26 d3d: Cannot open data\models\logos\logo36.dds
I           m3dapp.cpp[1336]03/10 17:22:26 d3d: texmap failed to load: data\models\logos\logo36.dds
E       DraftModel.cpp[1002]03/10 17:22:26 Error: Couldn't load texture data\models\logos\logo36.dds for model logos.gam
I           m3dapp.cpp[1336]03/10 17:22:26 d3d: Cannot open data\models\logos\logo37.dds
I           m3dapp.cpp[1336]03/10 17:22:26 d3d: texmap failed to load: data\models\logos\logo37.dds
E       DraftModel.cpp[1002]03/10 17:22:26 Error: Couldn't load texture data\models\logos\logo37.dds for model logos.gam
I           m3dapp.cpp[1336]03/10 17:22:26 d3d: Cannot open data\models\logos\logo38.dds
I           m3dapp.cpp[1336]03/10 17:22:26 d3d: texmap failed to load: data\models\logos\logo38.dds
E       DraftModel.cpp[1002]03/10 17:22:26 Error: Couldn't load texture data\models\logos\logo38.dds for model logos.gam
I           m3dapp.cpp[1336]03/10 17:22:26 d3d: Cannot open data\models\logos\logo39.dds
I           m3dapp.cpp[1336]03/10 17:22:26 d3d: texmap failed to load: data\models\logos\logo39.dds
E       DraftModel.cpp[1002]03/10 17:22:26 Error: Couldn't load texture data\models\logos\logo39.dds for model logos.gam
I           m3dapp.cpp[1336]03/10 17:22:26 d3d: Cannot open data\models\logos\logo40.dds
I           m3dapp.cpp[1336]03/10 17:22:26 d3d: texmap failed to load: data\models\logos\logo40.dds
E       DraftModel.cpp[1002]03/10 17:22:26 Error: Couldn't load texture data\models\logos\logo40.dds for model logos.gam
I           m3dapp.cpp[1336]03/10 17:22:26 d3d: Cannot open data\models\logos\logo41.dds
I           m3dapp.cpp[1336]03/10 17:22:26 d3d: texmap failed to load: data\models\logos\logo41.dds
E       DraftModel.cpp[1002]03/10 17:22:26 Error: Couldn't load texture data\models\logos\logo41.dds for model logos.gam
I           m3dapp.cpp[1336]03/10 17:22:26 d3d: Cannot open data\models\logos\logo42.dds
I           m3dapp.cpp[1336]03/10 17:22:26 d3d: texmap failed to load: data\models\logos\logo42.dds
E       DraftModel.cpp[1002]03/10 17:22:26 Error: Couldn't load texture data\models\logos\logo42.dds for model logos.gam
I           m3dapp.cpp[1336]03/10 17:22:26 d3d: Cannot open data\models\logos\logo43.dds
I           m3dapp.cpp[1336]03/10 17:22:26 d3d: texmap failed to load: data\models\logos\logo43.dds
E       DraftModel.cpp[1002]03/10 17:22:26 Error: Couldn't load texture data\models\logos\logo43.dds for model logos.gam
I           m3dapp.cpp[1336]03/10 17:22:26 d3d: Cannot open data\models\logos\logo44.dds
I           m3dapp.cpp[1336]03/10 17:22:26 d3d: texmap failed to load: data\models\logos\logo44.dds
E       DraftModel.cpp[1002]03/10 17:22:26 Error: Couldn't load texture data\models\logos\logo44.dds for model logos.gam
I           m3dapp.cpp[1336]03/10 17:22:26 d3d: Cannot open data\models\logos\logo45.dds
I           m3dapp.cpp[1336]03/10 17:22:26 d3d: texmap failed to load: data\models\logos\logo45.dds
E       DraftModel.cpp[1002]03/10 17:22:26 Error: Couldn't load texture data\models\logos\logo45.dds for model logos.gam
I           m3dapp.cpp[1336]03/10 17:22:26 d3d: Cannot open data\models\logos\logo46.dds
I           m3dapp.cpp[1336]03/10 17:22:26 d3d: texmap failed to load: data\models\logos\logo46.dds
E       DraftModel.cpp[1002]03/10 17:22:26 Error: Couldn't load texture data\models\logos\logo46.dds for model logos.gam
I           m3dapp.cpp[1336]03/10 17:22:26 d3d: Cannot open data\models\logos\logo47.dds
I           m3dapp.cpp[1336]03/10 17:22:26 d3d: texmap failed to load: data\models\logos\logo47.dds
E       DraftModel.cpp[1002]03/10 17:22:26 Error: Couldn't load texture data\models\logos\logo47.dds for model logos.gam
I           m3dapp.cpp[1336]03/10 17:22:26 d3d: Cannot open data\models\logos\logo48.dds
I           m3dapp.cpp[1336]03/10 17:22:26 d3d: texmap failed to load: data\models\logos\logo48.dds
E       DraftModel.cpp[1002]03/10 17:22:26 Error: Couldn't load texture data\models\logos\logo48.dds for model logos.gam
I           m3dapp.cpp[1336]03/10 17:22:26 d3d: Cannot open data\models\logos\logo49.dds
I           m3dapp.cpp[1336]03/10 17:22:26 d3d: texmap failed to load: data\models\logos\logo49.dds
E       DraftModel.cpp[1002]03/10 17:22:26 Error: Couldn't load texture data\models\logos\logo49.dds for model logos.gam
I           m3dapp.cpp[1336]03/10 17:22:26 d3d: Cannot open data\models\logos\logo50.dds
I           m3dapp.cpp[1336]03/10 17:22:26 d3d: texmap failed to load: data\models\logos\logo50.dds
E       DraftModel.cpp[1002]03/10 17:22:26 Error: Couldn't load texture data\models\logos\logo50.dds for model logos.gam
I           m3dapp.cpp[1336]03/10 17:22:26 d3d: Cannot open data\models\logos\logo51.dds
I           m3dapp.cpp[1336]03/10 17:22:26 d3d: texmap failed to load: data\models\logos\logo51.dds
E       DraftModel.cpp[1002]03/10 17:22:26 Error: Couldn't load texture data\models\logos\logo51.dds for model logos.gam
I           m3dapp.cpp[1336]03/10 17:22:26 d3d: Cannot open data\models\logos\logo52.dds
I           m3dapp.cpp[1336]03/10 17:22:26 d3d: texmap failed to load: data\models\logos\logo52.dds
E       DraftModel.cpp[1002]03/10 17:22:26 Error: Couldn't load texture data\models\logos\logo52.dds for model logos.gam
I           m3dapp.cpp[1336]03/10 17:22:26 d3d: Cannot open data\models\logos\logo53.dds
I           m3dapp.cpp[1336]03/10 17:22:26 d3d: texmap failed to load: data\models\logos\logo53.dds
E       DraftModel.cpp[1002]03/10 17:22:26 Error: Couldn't load texture data\models\logos\logo53.dds for model logos.gam
I           m3dapp.cpp[1336]03/10 17:22:26 d3d: Cannot open data\models\logos\logo54.dds
I           m3dapp.cpp[1336]03/10 17:22:26 d3d: texmap failed to load: data\models\logos\logo54.dds
E       DraftModel.cpp[1002]03/10 17:22:26 Error: Couldn't load texture data\models\logos\logo54.dds for model logos.gam
I           m3dapp.cpp[1336]03/10 17:22:26 d3d: Cannot open data\models\logos\logo55.dds
I           m3dapp.cpp[1336]03/10 17:22:26 d3d: texmap failed to load: data\models\logos\logo55.dds
E       DraftModel.cpp[1002]03/10 17:22:26 Error: Couldn't load texture data\models\logos\logo55.dds for model logos.gam
I           m3dapp.cpp[1336]03/10 17:22:26 d3d: Cannot open data\models\logos\logo56.dds
I           m3dapp.cpp[1336]03/10 17:22:26 d3d: texmap failed to load: data\models\logos\logo56.dds
E       DraftModel.cpp[1002]03/10 17:22:26 Error: Couldn't load texture data\models\logos\logo56.dds for model logos.gam
I           m3dapp.cpp[1336]03/10 17:22:26 d3d: Cannot open data\models\logos\logo57.dds
I           m3dapp.cpp[1336]03/10 17:22:26 d3d: texmap failed to load: data\models\logos\logo57.dds
E       DraftModel.cpp[1002]03/10 17:22:26 Error: Couldn't load texture data\models\logos\logo57.dds for model logos.gam
I           m3dapp.cpp[1336]03/10 17:22:26 d3d: Cannot open data\models\logos\logo58.dds
I           m3dapp.cpp[1336]03/10 17:22:26 d3d: texmap failed to load: data\models\logos\logo58.dds
E       DraftModel.cpp[1002]03/10 17:22:26 Error: Couldn't load texture data\models\logos\logo58.dds for model logos.gam
I           m3dapp.cpp[1336]03/10 17:22:26 d3d: Cannot open data\models\logos\logo59.dds
I           m3dapp.cpp[1336]03/10 17:22:26 d3d: texmap failed to load: data\models\logos\logo59.dds
E       DraftModel.cpp[1002]03/10 17:22:26 Error: Couldn't load texture data\models\logos\logo59.dds for model logos.gam
I           m3dapp.cpp[1336]03/10 17:22:26 d3d: Cannot open data\models\logos\logo60.dds
I           m3dapp.cpp[1336]03/10 17:22:26 d3d: texmap failed to load: data\models\logos\logo60.dds
E       DraftModel.cpp[1002]03/10 17:22:26 Error: Couldn't load texture data\models\logos\logo60.dds for model logos.gam
I           m3dapp.cpp[1336]03/10 17:22:26 d3d: Cannot open data\models\logos\logo61.dds
I           m3dapp.cpp[1336]03/10 17:22:26 d3d: texmap failed to load: data\models\logos\logo61.dds
E       DraftModel.cpp[1002]03/10 17:22:26 Error: Couldn't load texture data\models\logos\logo61.dds for model logos.gam
I           m3dapp.cpp[1336]03/10 17:22:26 d3d: Cannot open data\models\logos\logo62.dds
I           m3dapp.cpp[1336]03/10 17:22:26 d3d: texmap failed to load: data\models\logos\logo62.dds
E       DraftModel.cpp[1002]03/10 17:22:26 Error: Couldn't load texture data\models\logos\logo62.dds for model logos.gam
I           m3dapp.cpp[1336]03/10 17:22:26 d3d: Cannot open data\models\logos\logo63.dds
I           m3dapp.cpp[1336]03/10 17:22:26 d3d: texmap failed to load: data\models\logos\logo63.dds
E       DraftModel.cpp[1002]03/10 17:22:26 Error: Couldn't load texture data\models\logos\logo63.dds for model logos.gam
I           m3dapp.cpp[1336]03/10 17:22:26 d3d: Cannot open data\models\logos\logo64.dds
I           m3dapp.cpp[1336]03/10 17:22:26 d3d: texmap failed to load: data\models\logos\logo64.dds
E       DraftModel.cpp[1002]03/10 17:22:26 Error: Couldn't load texture data\models\logos\logo64.dds for model logos.gam
I           m3dapp.cpp[1336]03/10 17:22:26 d3d: Cannot open data\models\logos\logo65.dds
I           m3dapp.cpp[1336]03/10 17:22:26 d3d: texmap failed to load: data\models\logos\logo65.dds
E       DraftModel.cpp[1002]03/10 17:22:26 Error: Couldn't load texture data\models\logos\logo65.dds for model logos.gam
I           m3dapp.cpp[1336]03/10 17:22:26 d3d: Cannot open data\models\logos\logo66.dds
I           m3dapp.cpp[1336]03/10 17:22:26 d3d: texmap failed to load: data\models\logos\logo66.dds
E       DraftModel.cpp[1002]03/10 17:22:26 Error: Couldn't load texture data\models\logos\logo66.dds for model logos.gam
I           m3dapp.cpp[1336]03/10 17:22:26 d3d: Cannot open data\models\logos\logo67.dds
I           m3dapp.cpp[1336]03/10 17:22:26 d3d: texmap failed to load: data\models\logos\logo67.dds
E       DraftModel.cpp[1002]03/10 17:22:26 Error: Couldn't load texture data\models\logos\logo67.dds for model logos.gam
I           m3dapp.cpp[1336]03/10 17:22:26 d3d: Cannot open data\models\logos\logo68.dds
I           m3dapp.cpp[1336]03/10 17:22:26 d3d: texmap failed to load: data\models\logos\logo68.dds
E       DraftModel.cpp[1002]03/10 17:22:26 Error: Couldn't load texture data\models\logos\logo68.dds for model logos.gam
I           m3dapp.cpp[1336]03/10 17:22:26 d3d: Cannot open data\models\logos\logo69.dds
I           m3dapp.cpp[1336]03/10 17:22:26 d3d: texmap failed to load: data\models\logos\logo69.dds
E       DraftModel.cpp[1002]03/10 17:22:26 Error: Couldn't load texture data\models\logos\logo69.dds for model logos.gam
I           m3dapp.cpp[1336]03/10 17:22:26 d3d: Cannot open data\models\logos\logo70.dds
I           m3dapp.cpp[1336]03/10 17:22:26 d3d: texmap failed to load: data\models\logos\logo70.dds
E       DraftModel.cpp[1002]03/10 17:22:26 Error: Couldn't load texture data\models\logos\logo70.dds for model logos.gam
I      gameimpulse.cpp[0288]03/10 17:22:27 Key bindings: were inited successfully
I           view32.cpp[0705]03/10 17:22:27 --- Init Media ---
I    GameUiManager.cpp[0303]03/10 17:22:27 Interface: is initializing...
I    GameUiManager.cpp[1580]03/10 17:22:27 Interface: clearing resource infos ...
I    GameUiManager.cpp[1491]03/10 17:22:27 Interface: loading resource infos ...
I    GameUiManager.cpp[1603]03/10 17:22:27 Interface: loading resources ...
I           m3dapp.cpp[1343]03/10 17:22:27 snd: Error: Can't Open SoundFile: 
I           m3dapp.cpp[1343]03/10 17:22:27 snd: Cannot open sound stream from file . Error: File not found, flags: 8272
I    GameUiManager.cpp[0395]03/10 17:22:27 Interface: is inited successfully
I        LevelInfo.cpp[0806]03/10 17:22:27 Level infos were loaded successfully from file data\if\diz\LevelInfo.xml
I        LevelInfo.cpp[0837]03/10 17:22:27 Error: could't open data\maps\r1m8.ssl file
E        LevelInfo.cpp[0749]03/10 17:22:27 LevelInfoManager was inited with errors
I   TruxxUiManager.cpp[0191]03/10 17:22:27 TruxxUiManager: was inited successfully
I      gameimpulse.cpp[0618]03/10 17:22:27 Key bindings: unbind all is done
I      gameimpulse.cpp[0324]03/10 17:22:27 Key bindings: were loaded successfully from file data\scripts\DefaultKeyBindings.lua
I      gameimpulse.cpp[1194]03/10 17:22:27 Key bindings: were bind from defaults
I            video.cpp[0704]03/10 17:22:27 Could not load specified video file: data\video\logobuka.wmv (hr = 80070003)
I     view32_video.cpp[0061]03/10 17:22:27 Error: couldn't load video 'data\video\logobuka.wmv'
I            video.cpp[0704]03/10 17:22:27 Could not load specified video file: data\video\logotargem.wmv (hr = 80070003)
I     view32_video.cpp[0061]03/10 17:22:27 Error: couldn't load video 'data\video\logotargem.wmv'
I            video.cpp[0704]03/10 17:22:27 Could not load specified video file: data\video\INTRO_RUS_FIELD.wmv (hr = 80070003)
I     view32_video.cpp[0061]03/10 17:22:27 Error: couldn't load video 'data\video\INTRO_RUS_FIELD.wmv'
I             core.lua[0013]03/10 17:22:27 IMPROVED STORYLINE V1.0.5.3 ORIGINAL BUILD 220422
I           m3dapp.cpp[1808]03/10 17:22:27 ----------------------- Engine inited in: 0
I          Profile.cpp[0602]03/10 17:22:27 Profile "RiverZone" set
I   TruxxUiManager.cpp[1422]03/10 17:22:27 Game mode changed. Old mode = 3, new mode = 2
I        SplashWnd.cpp[0244]03/10 17:22:28 Start splashing 11
I           view32.cpp[1048]03/10 17:22:28 -- Loading Level: data\maps\mainmenu.ssl --
I            world.cpp[0132]03/10 17:22:28 ----------------------- World Loading
F        landscape.cpp[1674]03/10 17:22:28  +- Enter function: Landscape::Load()
I        landscape.cpp[1911]03/10 17:22:28  |  ----------------------- Normal map loaded in: 22
I        landscape.cpp[1920]03/10 17:22:28  |  ----------------------- Tiles loaded in: 185
I        landscape.cpp[1944]03/10 17:22:28  |  ----------------------- ShoreLine loaded in: 0
F        landscape.cpp[1944]03/10 17:22:28  +- Exit function: Landscape::Load()
I            world.cpp[0169]03/10 17:22:28 ----------------------- Landscape loaded in: 463
I       DataServer.cpp[0587]03/10 17:22:28 Loading Servers: data\maps\MainMenu\servers.xml
I serverAnimatedModel.cpp[0630]03/10 17:22:32 ### Total time: 3922, GAM time: 3173
I       DataServer.cpp[0587]03/10 17:22:32 Loading Servers: data\models\commonservers.xml
E      serverMusic.cpp[0216]03/10 17:22:37 MusicServer: cannot read file: data\music\music.xml id = 'LaBelleTown'
E      serverMusic.cpp[0216]03/10 17:22:37 MusicServer: cannot read file: data\music\music.xml id = 'block6_driving2'
I            world.cpp[0210]03/10 17:22:37 ----------------------- Servers loaded in: 8598
I            world.cpp[0338]03/10 17:22:37 LoadWorld begin...
I            world.cpp[0350]03/10 17:22:37 %%%% read/parse xml: 12
I            world.cpp[0362]03/10 17:22:37 %%%% read from xml: 28
E    PlayerPassMap.cpp[0139]03/10 17:22:37 Couldn't load player pass map from file data\maps\MainMenu\player_passmap.xml
I            world.cpp[0444]03/10 17:22:37 %%%% link nodes: 20
I            world.cpp[0220]03/10 17:22:37 ----------------------- Nodes loaded in: 60
I            world.cpp[0228]03/10 17:22:37 ----------------------- Prefabs loaded in: 0
I            world.cpp[0247]03/10 17:22:37 ----------------------- World loaded in: 9425
I            world.cpp[0278]03/10 17:22:38 ----------------------- Roads loaded in: 652
I           view32.cpp[1078]03/10 17:22:38 Load Server begin...
I   TruxxUiManager.cpp[0974]03/10 17:22:38 Interface: is loaded successfully
I           server.cpp[0789]03/10 17:22:38 AI: Loading Server...
I           server.cpp[0796]03/10 17:22:38 	AI: Loading Relationship
I     Relationship.cpp[0134]03/10 17:22:38 		 File readed
I           server.cpp[0801]03/10 17:22:38 	AI: Loading SoilProps
I           server.cpp[0804]03/10 17:22:38 	AI: Loading ExternalPaths
I           server.cpp[0807]03/10 17:22:38 	AI: Loading PlayerPassMap
E    PlayerPassMap.cpp[0139]03/10 17:22:38 Couldn't load player pass map from file data\maps\MainMenu\player_passmap.xml
I           server.cpp[0813]03/10 17:22:38 	AI: Loading GameObjects
I           server.cpp[0816]03/10 17:22:38 	AI: Initializing VehicleGeneratorInfoCache
I           server.cpp[0820]03/10 17:22:38 	AI: Refreshing GameObjects
I           server.cpp[0824]03/10 17:22:38 	AI: Loading QuestStates
I       QuestState.cpp[0904]03/10 17:22:38 Quest 'Human1_Quest1' can be given now
I       QuestState.cpp[0904]03/10 17:22:38 Quest 'Human1_Quest2' can be given now
I       QuestState.cpp[0904]03/10 17:22:38 Quest 'BenGoodEnd' can be given now
I       QuestState.cpp[0904]03/10 17:22:38 Quest 'q_PlaceWithSign' can be given now
I       QuestState.cpp[0904]03/10 17:22:38 Quest 'r3m2_OracleMemory' can be given now
I       QuestState.cpp[0904]03/10 17:22:38 Quest 'r3m2_TalkWithLisa' can be given now
I       QuestState.cpp[0904]03/10 17:22:38 Quest 'r3m2_TalkWithBenAboutCarAfterOracul' can be given now
I       QuestState.cpp[0904]03/10 17:22:38 Quest 'r3m2_FindInfoAboutFather' can be given now
I       QuestState.cpp[0904]03/10 17:22:38 Quest 'r3m1_LureMainDriud' can be given now
I       QuestState.cpp[0904]03/10 17:22:38 Quest 'r3m1_ClearSanctuary' can be given now
I       QuestState.cpp[0904]03/10 17:22:38 Quest 'r3m1_KnowAboutUluk' can be given now
I       QuestState.cpp[0904]03/10 17:22:38 Quest 'r3m1_RescueUlukCivil' can be given now
I       QuestState.cpp[0904]03/10 17:22:38 Quest 'q_VisitDruid' can be given now
I       QuestState.cpp[0904]03/10 17:22:38 Quest 'r2m2_Znaki2_Quest' can be given now
I       QuestState.cpp[0904]03/10 17:22:38 Quest 'r2m2_HeadsHunterQuest' can be given now
I       QuestState.cpp[0904]03/10 17:22:38 Quest 'r2m2_OldDvigatel1_Quest' can be given now
I       QuestState.cpp[0904]03/10 17:22:38 Quest 'r2m2_OldDvigatel2_Quest' can be given now
I       QuestState.cpp[0904]03/10 17:22:38 Quest 'r2m2_FightFelix' can be given now
I       QuestState.cpp[0904]03/10 17:22:38 Quest 'r2m2_ReturnToMarecciaFromCastle' can be given now
I       QuestState.cpp[0904]03/10 17:22:38 Quest 'r2m2_FightWithAxelInArena_Quest' can be given now
I       QuestState.cpp[0904]03/10 17:22:38 Quest 'r2m2_FindLisAfterAxelAndFatherDie_Quest' can be given now
I       QuestState.cpp[0904]03/10 17:22:38 Quest 'r2m2_ToLisaToMonastir' can be given now
I       QuestState.cpp[0904]03/10 17:22:38 Quest 'r2m2_FightLisaToMonastir' can be given now
I       QuestState.cpp[0904]03/10 17:22:38 Quest 'r2m2_GiveDisk2ToOrakul' can be given now
I       QuestState.cpp[0904]03/10 17:22:38 Quest 'MrShlyapa3_Quest' can be given now
I       QuestState.cpp[0904]03/10 17:22:38 Quest 'r2m1_ArtAntipod_Quest' can be given now
I       QuestState.cpp[0904]03/10 17:22:38 Quest 'r2m1_TakeNarcotics_Quest' can be given now
I       QuestState.cpp[0904]03/10 17:22:38 Quest 'r2m1_KillGodFather_Quest' can be given now
I       QuestState.cpp[0904]03/10 17:22:38 Quest 'MrShlyapaSecret' can be given now
I       QuestState.cpp[0904]03/10 17:22:38 Quest 'd_GetSupportOneOfTheBands2_Quest' can be given now
I       QuestState.cpp[0904]03/10 17:22:38 Quest 'd_GetSupportOneOfTheBands1_Quest' can be given now
I       QuestState.cpp[0904]03/10 17:22:38 Quest 'd_FindVerbInAR_Quest' can be given now
I       QuestState.cpp[0904]03/10 17:22:38 Quest 'd_FindVerbInSNG_Quest' can be given now
I       QuestState.cpp[0904]03/10 17:22:38 Quest 'd_PatrulSideSNG_Quest' can be given now
I       QuestState.cpp[0904]03/10 17:22:38 Quest 'd_TakeGeneralOfBandits_Quest' can be given now
I       QuestState.cpp[0904]03/10 17:22:38 Quest 'r2m1_TW_AlienInShip' can be given now
I       QuestState.cpp[0904]03/10 17:22:38 Quest 'Podderzhka_Quest' can be given now
I       QuestState.cpp[0904]03/10 17:22:38 Quest 'Zashita_Quest' can be given now
I       QuestState.cpp[0904]03/10 17:22:38 Quest 'preEretik_Quest' can be given now
I       QuestState.cpp[0904]03/10 17:22:38 Quest 'ReturnQuest' can be given now
I       QuestState.cpp[0904]03/10 17:22:38 Quest 'd_FindVerbInAM_Quest' can be given now
I       QuestState.cpp[0904]03/10 17:22:38 Quest 'OdettIsDead_Quest' can be given now
I       QuestState.cpp[0904]03/10 17:22:38 Quest 'Disk2OrakulLisa' can be given now
I       QuestState.cpp[0904]03/10 17:22:38 Quest 'FindGomerB_Quest1' can be given now
I       QuestState.cpp[0904]03/10 17:22:38 Quest 'FreeExtremistLeader_Quest1' can be given now
I       QuestState.cpp[0904]03/10 17:22:38 Quest 'KillExtremist_Quest1' can be given now
I       QuestState.cpp[0904]03/10 17:22:38 Quest 'r1m4_TalkWithOldTraderAboutSecondDisk' can be given now
I       QuestState.cpp[0904]03/10 17:22:38 Quest 'q_FindHusbent' can be given now
I       QuestState.cpp[0904]03/10 17:22:38 Quest 'RybakToOlm_Quest' can be given now
I       QuestState.cpp[0904]03/10 17:22:38 Quest 'AnanagaTech_Quest' can be given now
I       QuestState.cpp[0904]03/10 17:22:38 Quest 'MrShlyapa2_Quest' can be given now
I       QuestState.cpp[0904]03/10 17:22:38 Quest 'ToCordanToTikhomir_Quest' can be given now
I       QuestState.cpp[0904]03/10 17:22:38 Quest 'r1m3_BonnyAndKlideQuest' can be given now
I       QuestState.cpp[0904]03/10 17:22:38 Quest 'r1m3_ArchHelp' can be given now
I       QuestState.cpp[0904]03/10 17:22:38 Quest 'r1m3_CrazyManQuest' can be given now
I       QuestState.cpp[0904]03/10 17:22:38 Quest 'r1m3_OldTownOutsiderCar2_Quest' can be given now
I       QuestState.cpp[0904]03/10 17:22:38 Quest 'FightForPesht' can be given now
I       QuestState.cpp[0904]03/10 17:22:38 Quest 'd_RideAcrossBase_Quest' can be given now
I       QuestState.cpp[0904]03/10 17:22:38 Quest 'd_GiveMoneyToBase_Quest' can be given now
I       QuestState.cpp[0904]03/10 17:22:38 Quest 'd_GetBomb_Quest' can be given now
I       QuestState.cpp[0904]03/10 17:22:38 Quest 'd_IntrigaOfMerMinin_Quest' can be given now
I       QuestState.cpp[0904]03/10 17:22:38 Quest 'd_MoveFreelancersToOilMine_Quest' can be given now
I       QuestState.cpp[0904]03/10 17:22:38 Quest 'd_MoveCanistraToMinin_Quest' can be given now
I       QuestState.cpp[0904]03/10 17:22:38 Quest 'd_OpenTunel_Quest' can be given now
I       QuestState.cpp[0904]03/10 17:22:38 Quest 'r1m3_TalkWithThiefFromFatherHouse' can be given now
I       QuestState.cpp[0904]03/10 17:22:38 Quest 'r1m3_MoveToOraculAfterThief' can be given now
I       QuestState.cpp[0904]03/10 17:22:38 Quest 'r1m3_ToLisaToAsgard' can be given now
I       QuestState.cpp[0904]03/10 17:22:38 Quest 'r1m3_TW_OralceAboutAlien' can be given now
I       QuestState.cpp[0904]03/10 17:22:38 Quest 'r1m3_DestroyRadiationSource' can be given now
I       QuestState.cpp[0904]03/10 17:22:38 Quest 'r2m1_DestroyAlienShip' can be given now
I       QuestState.cpp[0904]03/10 17:22:38 Quest 'd_PayWorkersMoney_Quest' can be given now
I       QuestState.cpp[0904]03/10 17:22:38 Quest 'r2m1_TW_SellsCivilian' can be given now
I       QuestState.cpp[0904]03/10 17:22:38 Quest 'MorskieVrata2_Quest' can be given now
I       QuestState.cpp[0904]03/10 17:22:38 Quest 'Zachisti1_Quest' can be given now
I       QuestState.cpp[0904]03/10 17:22:38 Quest 'LisaVPeshte' can be given now
I       QuestState.cpp[0904]03/10 17:22:38 Quest 'LisaUBena' can be given now
I       QuestState.cpp[0904]03/10 17:22:38 Quest 'WhereSigns_Quest' can be given now
I       QuestState.cpp[0904]03/10 17:22:38 Quest 'CombatInKollizey_Quest' can be given now
I       QuestState.cpp[0904]03/10 17:22:38 Quest 'BuyKollizey_Quest' can be given now
I       QuestState.cpp[0904]03/10 17:22:38 Quest 'Kollizey_Quest' can be given now
I       QuestState.cpp[0904]03/10 17:22:38 Quest 'HelpRuins_Quest' can be given now
I       QuestState.cpp[0904]03/10 17:22:38 Quest 'DestroyRuins_Quest' can be given now
I       QuestState.cpp[0904]03/10 17:22:38 Quest 'DestroyRuins2_Quest' can be given now
I       QuestState.cpp[0904]03/10 17:22:38 Quest 'Signs_Quest' can be given now
I       QuestState.cpp[0904]03/10 17:22:38 Quest 'MrShlyapa1_Quest' can be given now
I       QuestState.cpp[0904]03/10 17:22:38 Quest 'FindBen2_Quest' can be given now
I       QuestState.cpp[0904]03/10 17:22:38 Quest 'd_FindHouseOfBen_Quest' can be given now
I       QuestState.cpp[0904]03/10 17:22:38 Quest 'r1m2_TW_BanAboutAlien' can be given now
I       QuestState.cpp[0904]03/10 17:22:38 Quest 'r1m3_DestroyOracle' can be given now
I       QuestState.cpp[0904]03/10 17:22:38 Quest 'Pomiritsa_Quest' can be given now
I       QuestState.cpp[0904]03/10 17:22:38 Quest 'VYar_Quest' can be given now
I       QuestState.cpp[0904]03/10 17:22:38 Quest 'FindBenMZ_Quest' can be given now
I       QuestState.cpp[0904]03/10 17:22:38 Quest 'QuickFindBen' can be given now
I       QuestState.cpp[0904]03/10 17:22:38 Quest 'OpenMid_Quest' can be given now
I       QuestState.cpp[0904]03/10 17:22:38 Quest 'TalkBeforeDesert' can be given now
I       QuestState.cpp[0904]03/10 17:22:38 Quest 'ZashitaGotova' can be given now
I       QuestState.cpp[0904]03/10 17:22:38 Quest 'FakeQuest1' can be given now
I       QuestState.cpp[0904]03/10 17:22:38 Quest 'Chehly_Quest' can be given now
I       QuestState.cpp[0904]03/10 17:22:38 Quest 'WorkGiver_Quest1' can be given now
I       QuestState.cpp[0904]03/10 17:22:38 Quest 'd_PunishBandits_Quest' can be given now
I       QuestState.cpp[0904]03/10 17:22:38 Quest 'r1m1_Hospital_Quest' can be given now
I       QuestState.cpp[0904]03/10 17:22:38 Quest 'r1m1_Botanik_Quest' can be given now
I       QuestState.cpp[0904]03/10 17:22:38 Quest 'r1m1_FindBotanik_Quest' can be given now
I       QuestState.cpp[0904]03/10 17:22:38 Quest 'Buyer_Quest1' can be given now
I       QuestState.cpp[0904]03/10 17:22:38 Quest 'FirstTimePlay' can be given now
I       QuestState.cpp[0904]03/10 17:22:38 Quest 'TalkWithFather_Quest' can be given now
I       QuestState.cpp[0904]03/10 17:22:38 Quest 'LisaAtSouth' can be given now
I       QuestState.cpp[0904]03/10 17:22:38 Quest 'FindBen_Quest' can be given now
I       QuestState.cpp[0904]03/10 17:22:38 Quest 'FindBenAgain_Quest' can be given now
I       QuestState.cpp[0904]03/10 17:22:38 Quest 'd_SinFather_Quest' can be given now
I       QuestState.cpp[0904]03/10 17:22:38 Quest 'TalkToVasily' can be given now
I       QuestState.cpp[0904]03/10 17:22:38 Quest 'CheckTheEast' can be given now
I       QuestState.cpp[0904]03/10 17:22:38 Quest 'BenSouth_Quest' can be given now
I           server.cpp[0826]03/10 17:22:38 	AI: QuestStates loaded
I           server.cpp[0828]03/10 17:22:38 	AI: Loading DynamicScene
I     DynamicScene.cpp[1470]03/10 17:22:38 		 Scene loading begin
I     DynamicScene.cpp[1472]03/10 17:22:38 		 Scene loading end
I           server.cpp[0837]03/10 17:22:38 	AI: DynamicScene loaded
I           server.cpp[0852]03/10 17:22:38 	AI: Loading Triggers
E           server.cpp[1242]03/10 17:22:38 Error: cannot open data\maps\MainMenu\
I           server.cpp[0855]03/10 17:22:38 	AI: Triggers loaded
I           server.cpp[0857]03/10 17:22:38 	AI: Loading Object Names
E     ObjContainer.cpp[1104]03/10 17:22:38 Error: cannot open data\maps\MainMenu\object_names.xml
I           server.cpp[0868]03/10 17:22:38 	AI: Initing Player
I           server.cpp[0888]03/10 17:22:38 		Before first Update
I   TruxxUiManager.cpp[1422]03/10 17:22:38 Game mode changed. Old mode = 2, new mode = 1
I           server.cpp[0909]03/10 17:22:38 		After first Update
I           server.cpp[0911]03/10 17:22:38 AI: Finished Loading Server
I           view32.cpp[1106]03/10 17:22:38 Load server end
I        QuestInfo.cpp[0847]03/10 17:22:38 Quest infos were loaded successfully from file data\if\diz\QuestInfoGlobal.xml
I        QuestInfo.cpp[0783]03/10 17:22:38 QuestInfo manager was inited successfully
I       MsgManager.cpp[0391]03/10 17:22:38 Can't open file data\maps\MainMenu\strings.xml for read.
I    GameUiManager.cpp[0303]03/10 17:22:38 Interface: is initializing...
I    GameUiManager.cpp[0405]03/10 17:22:38 Interface: is clearing...
I    GameUiManager.cpp[0495]03/10 17:22:38 Interface: is cleared successfully
I    GameUiManager.cpp[0395]03/10 17:22:38 Interface: is inited successfully
I blockMusicManager.cpp[0199]03/10 17:22:38 BlockMusicManager: resetting
I      gameimpulse.cpp[0618]03/10 17:22:38 Key bindings: unbind all is done
I      gameimpulse.cpp[0618]03/10 17:22:38 Key bindings: unbind all is done
I      gameimpulse.cpp[0324]03/10 17:22:38 Key bindings: were loaded successfully from file data/profiles/riverzone\KeyBindings.lua
I      gameimpulse.cpp[1222]03/10 17:22:38 Key bindings: were loaded from profile
I        SplashWnd.cpp[0244]03/10 17:22:47 Start splashing 11
I   TruxxUiManager.cpp[1422]03/10 17:22:47 Game mode changed. Old mode = 1, new mode = 0
I    GameUiManager.cpp[0405]03/10 17:22:47 Interface: is clearing...
I    GameUiManager.cpp[0495]03/10 17:22:47 Interface: is cleared successfully
I           view32.cpp[1048]03/10 17:22:47 -- Loading Level: data\maps\r1m1.ssl --
I            world.cpp[0132]03/10 17:22:47 ----------------------- World Loading
F        landscape.cpp[1674]03/10 17:22:47  +- Enter function: Landscape::Load()
I        landscape.cpp[1911]03/10 17:22:47  |  ----------------------- Normal map loaded in: 21
I        landscape.cpp[1920]03/10 17:22:47  |  ----------------------- Tiles loaded in: 46
I        landscape.cpp[1944]03/10 17:22:47  |  ----------------------- ShoreLine loaded in: 6
F        landscape.cpp[1944]03/10 17:22:47  +- Exit function: Landscape::Load()
I            world.cpp[0169]03/10 17:22:47 ----------------------- Landscape loaded in: 290
I       DataServer.cpp[0587]03/10 17:22:47 Loading Servers: data\maps\r1m1\servers.xml
E       DraftModel.cpp[1002]03/10 17:22:52 Error: Couldn't load texture data\models\vehicles\belaz\cab01_mt.dds for model cargov1.gam
E       DraftModel.cpp[1002]03/10 17:22:52 Error: Couldn't load texture data\models\vehicles\belaz\cab01_mt.dds for model cargov1.gam
E       DraftModel.cpp[1002]03/10 17:22:52 Error: Couldn't load texture data\models\vehicles\belaz\cab01_mt.dds for model cargov1.gam
E       DraftModel.cpp[1002]03/10 17:22:52 Error: Couldn't load texture data\models\vehicles\belaz\cab01_mt.dds for model cargov1.gam
E       DraftModel.cpp[1002]03/10 17:22:52 Error: Couldn't load texture data\models\vehicles\belaz\cab01_mt.dds for model cargov1.gam
I serverAnimatedModel.cpp[0630]03/10 17:22:55 ### Total time: 7562, GAM time: 6985
I           m3dapp.cpp[1343]03/10 17:22:56 snd: Cannot load sound sample from file data\sounds\Shooting\Special\smoke.wav. Error: An invalid parameter was passed to this function
I      serverSound.cpp[0622]03/10 17:22:56 SoundServer: cannot add sound data\sounds\Shooting\Special\smoke.wav
I      serverSound.cpp[0546]03/10 17:22:56 DataServer: cannot read data\sounds\Shooting\Special\smoke.wav id = S_SHOOTING_SMOKE
I       DataServer.cpp[0587]03/10 17:22:58 Loading Servers: data\models\commonservers.xml
E      serverMusic.cpp[0216]03/10 17:22:58 MusicServer: cannot read file: data\music\music.xml id = 'LaBelleTown'
E      serverMusic.cpp[0216]03/10 17:22:58 MusicServer: cannot read file: data\music\music.xml id = 'block6_driving2'
I            world.cpp[0210]03/10 17:22:58 ----------------------- Servers loaded in: 10632
I            world.cpp[0338]03/10 17:22:58 LoadWorld begin...
I            world.cpp[0350]03/10 17:22:58 %%%% read/parse xml: 51
I            world.cpp[0362]03/10 17:22:58 %%%% read from xml: 15
I            world.cpp[0444]03/10 17:22:58 %%%% link nodes: 41
I            world.cpp[0220]03/10 17:22:58 ----------------------- Nodes loaded in: 109
I            world.cpp[0228]03/10 17:22:58 ----------------------- Prefabs loaded in: 1
I            world.cpp[0247]03/10 17:22:58 ----------------------- World loaded in: 11167
I            world.cpp[0278]03/10 17:22:58 ----------------------- Roads loaded in: 110
I           view32.cpp[1078]03/10 17:22:58 Load Server begin...
I            Reply.cpp[0415]03/10 17:22:58 Replies were loaded successfully from file data\if\diz\DialogsGlobal.xml
I            Reply.cpp[0415]03/10 17:22:58 Replies were loaded successfully from file data\if\diz\DynamicDialogsGlobal.xml
I            Reply.cpp[0343]03/10 17:22:58 RepliesManager was inited successfully
I    GameUiManager.cpp[1603]03/10 17:22:58 Interface: loading resources ...
I     ObjectsIcons.cpp[0198]03/10 17:22:59 ObjectsIcons::AddIcon warning - ico with id SpeedPointer already exists and wiil be replaced
I    GameUiManager.cpp[1603]03/10 17:23:01 Interface: loading resources ...
I   TruxxUiManager.cpp[0974]03/10 17:23:01 Interface: is loaded successfully
I           server.cpp[0789]03/10 17:23:01 AI: Loading Server...
I           server.cpp[0796]03/10 17:23:01 	AI: Loading Relationship
I     Relationship.cpp[0134]03/10 17:23:01 		 File readed
I           server.cpp[0801]03/10 17:23:01 	AI: Loading SoilProps
I           server.cpp[0804]03/10 17:23:01 	AI: Loading ExternalPaths
I           server.cpp[0807]03/10 17:23:01 	AI: Loading PlayerPassMap
I           server.cpp[0813]03/10 17:23:01 	AI: Loading GameObjects
I           server.cpp[0816]03/10 17:23:01 	AI: Initializing VehicleGeneratorInfoCache
I           server.cpp[0820]03/10 17:23:01 	AI: Refreshing GameObjects
E      VehiclePart.cpp[0138]03/10 17:23:01 Error: collision geom in vehicle part name = 'heavy_dot1' is not BOX
I           server.cpp[0824]03/10 17:23:01 	AI: Loading QuestStates
I       QuestState.cpp[0904]03/10 17:23:01 Quest 'Human1_Quest1' can be given now
I       QuestState.cpp[0904]03/10 17:23:01 Quest 'Human1_Quest2' can be given now
I       QuestState.cpp[0904]03/10 17:23:01 Quest 'BenGoodEnd' can be given now
I       QuestState.cpp[0904]03/10 17:23:01 Quest 'q_PlaceWithSign' can be given now
I       QuestState.cpp[0904]03/10 17:23:01 Quest 'r3m2_OracleMemory' can be given now
I       QuestState.cpp[0904]03/10 17:23:01 Quest 'r3m2_TalkWithLisa' can be given now
I       QuestState.cpp[0904]03/10 17:23:01 Quest 'r3m2_TalkWithBenAboutCarAfterOracul' can be given now
I       QuestState.cpp[0904]03/10 17:23:01 Quest 'r3m2_FindInfoAboutFather' can be given now
I       QuestState.cpp[0904]03/10 17:23:01 Quest 'r3m1_LureMainDriud' can be given now
I       QuestState.cpp[0904]03/10 17:23:01 Quest 'r3m1_ClearSanctuary' can be given now
I       QuestState.cpp[0904]03/10 17:23:01 Quest 'r3m1_KnowAboutUluk' can be given now
I       QuestState.cpp[0904]03/10 17:23:01 Quest 'r3m1_RescueUlukCivil' can be given now
I       QuestState.cpp[0904]03/10 17:23:01 Quest 'q_VisitDruid' can be given now
I       QuestState.cpp[0904]03/10 17:23:01 Quest 'r2m2_Znaki2_Quest' can be given now
I       QuestState.cpp[0904]03/10 17:23:01 Quest 'r2m2_HeadsHunterQuest' can be given now
I       QuestState.cpp[0904]03/10 17:23:01 Quest 'r2m2_OldDvigatel1_Quest' can be given now
I       QuestState.cpp[0904]03/10 17:23:01 Quest 'r2m2_OldDvigatel2_Quest' can be given now
I       QuestState.cpp[0904]03/10 17:23:01 Quest 'r2m2_FightFelix' can be given now
I       QuestState.cpp[0904]03/10 17:23:01 Quest 'r2m2_ReturnToMarecciaFromCastle' can be given now
I       QuestState.cpp[0904]03/10 17:23:01 Quest 'r2m2_FightWithAxelInArena_Quest' can be given now
I       QuestState.cpp[0904]03/10 17:23:01 Quest 'r2m2_FindLisAfterAxelAndFatherDie_Quest' can be given now
I       QuestState.cpp[0904]03/10 17:23:01 Quest 'r2m2_ToLisaToMonastir' can be given now
I       QuestState.cpp[0904]03/10 17:23:01 Quest 'r2m2_FightLisaToMonastir' can be given now
I       QuestState.cpp[0904]03/10 17:23:01 Quest 'r2m2_GiveDisk2ToOrakul' can be given now
I       QuestState.cpp[0904]03/10 17:23:01 Quest 'MrShlyapa3_Quest' can be given now
I       QuestState.cpp[0904]03/10 17:23:01 Quest 'r2m1_ArtAntipod_Quest' can be given now
I       QuestState.cpp[0904]03/10 17:23:01 Quest 'r2m1_TakeNarcotics_Quest' can be given now
I       QuestState.cpp[0904]03/10 17:23:01 Quest 'r2m1_KillGodFather_Quest' can be given now
I       QuestState.cpp[0904]03/10 17:23:01 Quest 'MrShlyapaSecret' can be given now
I       QuestState.cpp[0904]03/10 17:23:01 Quest 'd_GetSupportOneOfTheBands2_Quest' can be given now
I       QuestState.cpp[0904]03/10 17:23:01 Quest 'd_GetSupportOneOfTheBands1_Quest' can be given now
I       QuestState.cpp[0904]03/10 17:23:01 Quest 'd_FindVerbInAR_Quest' can be given now
I       QuestState.cpp[0904]03/10 17:23:01 Quest 'd_FindVerbInSNG_Quest' can be given now
I       QuestState.cpp[0904]03/10 17:23:01 Quest 'd_PatrulSideSNG_Quest' can be given now
I       QuestState.cpp[0904]03/10 17:23:01 Quest 'd_TakeGeneralOfBandits_Quest' can be given now
I       QuestState.cpp[0904]03/10 17:23:01 Quest 'r2m1_TW_AlienInShip' can be given now
I       QuestState.cpp[0904]03/10 17:23:01 Quest 'Podderzhka_Quest' can be given now
I       QuestState.cpp[0904]03/10 17:23:01 Quest 'Zashita_Quest' can be given now
I       QuestState.cpp[0904]03/10 17:23:01 Quest 'preEretik_Quest' can be given now
I       QuestState.cpp[0904]03/10 17:23:01 Quest 'ReturnQuest' can be given now
I       QuestState.cpp[0904]03/10 17:23:01 Quest 'd_FindVerbInAM_Quest' can be given now
I       QuestState.cpp[0904]03/10 17:23:01 Quest 'OdettIsDead_Quest' can be given now
I       QuestState.cpp[0904]03/10 17:23:01 Quest 'Disk2OrakulLisa' can be given now
I       QuestState.cpp[0904]03/10 17:23:01 Quest 'FindGomerB_Quest1' can be given now
I       QuestState.cpp[0904]03/10 17:23:01 Quest 'FreeExtremistLeader_Quest1' can be given now
I       QuestState.cpp[0904]03/10 17:23:01 Quest 'KillExtremist_Quest1' can be given now
I       QuestState.cpp[0904]03/10 17:23:01 Quest 'r1m4_TalkWithOldTraderAboutSecondDisk' can be given now
I       QuestState.cpp[0904]03/10 17:23:01 Quest 'q_FindHusbent' can be given now
I       QuestState.cpp[0904]03/10 17:23:01 Quest 'RybakToOlm_Quest' can be given now
I       QuestState.cpp[0904]03/10 17:23:01 Quest 'AnanagaTech_Quest' can be given now
I       QuestState.cpp[0904]03/10 17:23:01 Quest 'MrShlyapa2_Quest' can be given now
I       QuestState.cpp[0904]03/10 17:23:01 Quest 'ToCordanToTikhomir_Quest' can be given now
I       QuestState.cpp[0904]03/10 17:23:01 Quest 'r1m3_BonnyAndKlideQuest' can be given now
I       QuestState.cpp[0904]03/10 17:23:01 Quest 'r1m3_ArchHelp' can be given now
I       QuestState.cpp[0904]03/10 17:23:01 Quest 'r1m3_CrazyManQuest' can be given now
I       QuestState.cpp[0904]03/10 17:23:01 Quest 'r1m3_OldTownOutsiderCar2_Quest' can be given now
I       QuestState.cpp[0904]03/10 17:23:01 Quest 'FightForPesht' can be given now
I       QuestState.cpp[0904]03/10 17:23:01 Quest 'd_RideAcrossBase_Quest' can be given now
I       QuestState.cpp[0904]03/10 17:23:01 Quest 'd_GiveMoneyToBase_Quest' can be given now
I       QuestState.cpp[0904]03/10 17:23:01 Quest 'd_GetBomb_Quest' can be given now
I       QuestState.cpp[0904]03/10 17:23:01 Quest 'd_IntrigaOfMerMinin_Quest' can be given now
I       QuestState.cpp[0904]03/10 17:23:01 Quest 'd_MoveFreelancersToOilMine_Quest' can be given now
I       QuestState.cpp[0904]03/10 17:23:01 Quest 'd_MoveCanistraToMinin_Quest' can be given now
I       QuestState.cpp[0904]03/10 17:23:01 Quest 'd_OpenTunel_Quest' can be given now
I       QuestState.cpp[0904]03/10 17:23:01 Quest 'r1m3_TalkWithThiefFromFatherHouse' can be given now
I       QuestState.cpp[0904]03/10 17:23:01 Quest 'r1m3_MoveToOraculAfterThief' can be given now
I       QuestState.cpp[0904]03/10 17:23:01 Quest 'r1m3_ToLisaToAsgard' can be given now
I       QuestState.cpp[0904]03/10 17:23:01 Quest 'r1m3_TW_OralceAboutAlien' can be given now
I       QuestState.cpp[0904]03/10 17:23:01 Quest 'r1m3_DestroyRadiationSource' can be given now
I       QuestState.cpp[0904]03/10 17:23:01 Quest 'r2m1_DestroyAlienShip' can be given now
I       QuestState.cpp[0904]03/10 17:23:01 Quest 'd_PayWorkersMoney_Quest' can be given now
I       QuestState.cpp[0904]03/10 17:23:01 Quest 'r2m1_TW_SellsCivilian' can be given now
I       QuestState.cpp[0904]03/10 17:23:01 Quest 'MorskieVrata2_Quest' can be given now
I       QuestState.cpp[0904]03/10 17:23:01 Quest 'Zachisti1_Quest' can be given now
I       QuestState.cpp[0904]03/10 17:23:01 Quest 'LisaVPeshte' can be given now
I       QuestState.cpp[0904]03/10 17:23:01 Quest 'LisaUBena' can be given now
I       QuestState.cpp[0904]03/10 17:23:01 Quest 'WhereSigns_Quest' can be given now
I       QuestState.cpp[0904]03/10 17:23:01 Quest 'CombatInKollizey_Quest' can be given now
I       QuestState.cpp[0904]03/10 17:23:01 Quest 'BuyKollizey_Quest' can be given now
I       QuestState.cpp[0904]03/10 17:23:01 Quest 'Kollizey_Quest' can be given now
I       QuestState.cpp[0904]03/10 17:23:01 Quest 'HelpRuins_Quest' can be given now
I       QuestState.cpp[0904]03/10 17:23:01 Quest 'DestroyRuins_Quest' can be given now
I       QuestState.cpp[0904]03/10 17:23:01 Quest 'DestroyRuins2_Quest' can be given now
I       QuestState.cpp[0904]03/10 17:23:01 Quest 'Signs_Quest' can be given now
I       QuestState.cpp[0904]03/10 17:23:01 Quest 'MrShlyapa1_Quest' can be given now
I       QuestState.cpp[0904]03/10 17:23:01 Quest 'FindBen2_Quest' can be given now
I       QuestState.cpp[0904]03/10 17:23:01 Quest 'd_FindHouseOfBen_Quest' can be given now
I       QuestState.cpp[0904]03/10 17:23:01 Quest 'r1m2_TW_BanAboutAlien' can be given now
I       QuestState.cpp[0904]03/10 17:23:01 Quest 'r1m3_DestroyOracle' can be given now
I       QuestState.cpp[0904]03/10 17:23:01 Quest 'Pomiritsa_Quest' can be given now
I       QuestState.cpp[0904]03/10 17:23:01 Quest 'VYar_Quest' can be given now
I       QuestState.cpp[0904]03/10 17:23:01 Quest 'FindBenMZ_Quest' can be given now
I       QuestState.cpp[0904]03/10 17:23:01 Quest 'QuickFindBen' can be given now
I       QuestState.cpp[0904]03/10 17:23:01 Quest 'OpenMid_Quest' can be given now
I       QuestState.cpp[0904]03/10 17:23:01 Quest 'TalkBeforeDesert' can be given now
I       QuestState.cpp[0904]03/10 17:23:01 Quest 'ZashitaGotova' can be given now
I       QuestState.cpp[0904]03/10 17:23:01 Quest 'FakeQuest1' can be given now
I       QuestState.cpp[0904]03/10 17:23:01 Quest 'Chehly_Quest' can be given now
I       QuestState.cpp[0904]03/10 17:23:01 Quest 'WorkGiver_Quest1' can be given now
I       QuestState.cpp[0904]03/10 17:23:01 Quest 'd_PunishBandits_Quest' can be given now
I       QuestState.cpp[0904]03/10 17:23:01 Quest 'r1m1_Hospital_Quest' can be given now
I       QuestState.cpp[0904]03/10 17:23:01 Quest 'r1m1_Botanik_Quest' can be given now
I       QuestState.cpp[0904]03/10 17:23:01 Quest 'r1m1_FindBotanik_Quest' can be given now
I       QuestState.cpp[0904]03/10 17:23:01 Quest 'Buyer_Quest1' can be given now
I       QuestState.cpp[0904]03/10 17:23:01 Quest 'FirstTimePlay' can be given now
I       QuestState.cpp[0904]03/10 17:23:01 Quest 'TalkWithFather_Quest' can be given now
I       QuestState.cpp[0904]03/10 17:23:01 Quest 'LisaAtSouth' can be given now
I       QuestState.cpp[0904]03/10 17:23:01 Quest 'FindBen_Quest' can be given now
I       QuestState.cpp[0904]03/10 17:23:01 Quest 'FindBenAgain_Quest' can be given now
I       QuestState.cpp[0904]03/10 17:23:01 Quest 'd_SinFather_Quest' can be given now
I       QuestState.cpp[0904]03/10 17:23:01 Quest 'TalkToVasily' can be given now
I       QuestState.cpp[0904]03/10 17:23:01 Quest 'CheckTheEast' can be given now
I       QuestState.cpp[0904]03/10 17:23:01 Quest 'BenSouth_Quest' can be given now
I           server.cpp[0826]03/10 17:23:01 	AI: QuestStates loaded
I           server.cpp[0828]03/10 17:23:01 	AI: Loading DynamicScene
I     DynamicScene.cpp[1470]03/10 17:23:02 		 Scene loading begin
I     DynamicScene.cpp[1472]03/10 17:23:02 		 Scene loading end
I           server.cpp[0837]03/10 17:23:02 	AI: DynamicScene loaded
I           server.cpp[0852]03/10 17:23:02 	AI: Loading Triggers
I           server.cpp[0855]03/10 17:23:02 	AI: Triggers loaded
I           server.cpp[0857]03/10 17:23:02 	AI: Loading Object Names
I           server.cpp[0868]03/10 17:23:02 	AI: Initing Player
I           server.cpp[0888]03/10 17:23:02 		Before first Update
E              Gun.cpp[0866]03/10 17:23:02 Error: LoadPoint not found: LP_GUN for MinePusher id = 5216 prototype = 'minePusher', modelName = minoYkladchiK
E              Gun.cpp[0866]03/10 17:23:02 Error: LoadPoint not found: LP_GUN for MinePusher id = 5217 prototype = 'minePusher', modelName = minoYkladchiK
I DynamicQuestManager.cpp[0089]03/10 17:23:02 DynamicQuestDestroy id = 5218 prototype = 'dynamicQuestDestroy' created
I DynamicQuestManager.cpp[0090]03/10 17:23:02 targetName = 'u6', hirerName = 'TheGloohoe', reward = 413
E              Gun.cpp[0866]03/10 17:23:02 Error: LoadPoint not found: LP_GUN for MinePusher id = 5219 prototype = 'minePusher', modelName = minoYkladchiK
E              Gun.cpp[0866]03/10 17:23:02 Error: LoadPoint not found: LP_GUN for MinePusher id = 5220 prototype = 'minePusher', modelName = minoYkladchiK
E              Gun.cpp[0866]03/10 17:23:02 Error: LoadPoint not found: LP_GUN for MinePusher id = 5221 prototype = 'minePusher', modelName = minoYkladchiK
E              Gun.cpp[0866]03/10 17:23:02 Error: LoadPoint not found: LP_GUN for MinePusher id = 5222 prototype = 'minePusher', modelName = minoYkladchiK
E              Gun.cpp[0866]03/10 17:23:02 Error: LoadPoint not found: LP_GUN for MinePusher id = 5223 prototype = 'minePusher', modelName = minoYkladchiK
E              Gun.cpp[0866]03/10 17:23:02 Error: LoadPoint not found: LP_GUN for MinePusher id = 5224 prototype = 'minePusher', modelName = minoYkladchiK
I DynamicQuestManager.cpp[0089]03/10 17:23:02 DynamicQuestReach id = 5231 prototype = 'dynamicQuestReach' created
I DynamicQuestManager.cpp[0090]03/10 17:23:02 targetName = 'TheGloohoe', hirerName = 'TheContraVillage', reward = 489
I DynamicQuestManager.cpp[0089]03/10 17:23:02 DynamicQuestHunt id = 5238 prototype = 'dynamicQuestHunt' created
I DynamicQuestManager.cpp[0090]03/10 17:23:02 targetName = 'MyCar', hirerName = 'TheFreedom', reward = 110
I DynamicQuestManager.cpp[0089]03/10 17:23:02 DynamicQuestHunt id = 5245 prototype = 'dynamicQuestHunt' created
I DynamicQuestManager.cpp[0090]03/10 17:23:02 targetName = 'MyCar', hirerName = 'PetrolStationTown1', reward = 110
I DynamicQuestManager.cpp[0089]03/10 17:23:02 DynamicQuestReach id = 5246 prototype = 'dynamicQuestReach' created
I DynamicQuestManager.cpp[0090]03/10 17:23:02 targetName = 'TheOilVillage', hirerName = 'PetrolStationTown2', reward = 250
I   TruxxUiManager.cpp[1422]03/10 17:23:02 Game mode changed. Old mode = 0, new mode = 1
E          Vehicle.cpp[5160]03/10 17:23:02 Error: LoadPoint not found: LP_SSP03L for model 'dozerChassis'
I           server.cpp[0909]03/10 17:23:02 		After first Update
I           server.cpp[0911]03/10 17:23:02 AI: Finished Loading Server
I           view32.cpp[1106]03/10 17:23:02 Load server end
I        QuestInfo.cpp[0847]03/10 17:23:02 Quest infos were loaded successfully from file data\if\diz\QuestInfoGlobal.xml
I        QuestInfo.cpp[0783]03/10 17:23:02 QuestInfo manager was inited successfully
I    GameUiManager.cpp[0303]03/10 17:23:02 Interface: is initializing...
I    GameUiManager.cpp[0395]03/10 17:23:02 Interface: is inited successfully
I     GlobalMapWnd.cpp[0157]03/10 17:23:02 Make control error: control mainmenu_ico is not found or incorrect type
I     GlobalMapWnd.cpp[0157]03/10 17:23:02 Make control error: control r1m8_ico is not found or incorrect type
I     GlobalMapWnd.cpp[0157]03/10 17:23:02 Make control error: control r1m7_ico is not found or incorrect type
I     GlobalMapWnd.cpp[0157]03/10 17:23:02 Make control error: control r9m1_ico is not found or incorrect type
I     GlobalMapWnd.cpp[0203]03/10 17:23:02 GlobalMapWnd: error - fail to init because of a bad resource
I        FadingMsg.cpp[0199]03/10 17:23:02 Fading message: 'Нажмите гудок (%1m) для въезда в город'
I blockMusicManager.cpp[0185]03/10 17:23:02 BlockMusicManager: start playing new music: blockNum = 0, musicType = 0, name = 'block0_driving'
I   triggeratgrolikend[0011]03/10 17:23:02 KRAYCITY ADDON IS NOT INSTALLED.
I   TruxxUiManager.cpp[1422]03/10 17:23:03 Game mode changed. Old mode = 1, new mode = 0
I   TruxxUiManager.cpp[1422]03/10 17:23:03 Game mode changed. Old mode = 0, new mode = 1
I   TruxxUiManager.cpp[1422]03/10 17:23:03 Game mode changed. Old mode = 1, new mode = 1
I   TruxxUiManager.cpp[1422]03/10 17:23:03 Game mode changed. Old mode = 1, new mode = 1
I   TruxxUiManager.cpp[1422]03/10 17:23:03 Game mode changed. Old mode = 1, new mode = 1
I   TruxxUiManager.cpp[1422]03/10 17:23:03 Game mode changed. Old mode = 1, new mode = 1
I   TruxxUiManager.cpp[1422]03/10 17:23:03 Game mode changed. Old mode = 1, new mode = 1
I   TruxxUiManager.cpp[1422]03/10 17:23:03 Game mode changed. Old mode = 1, new mode = 1
I   TruxxUiManager.cpp[1422]03/10 17:23:03 Game mode changed. Old mode = 1, new mode = 1
I   TruxxUiManager.cpp[1422]03/10 17:23:03 Game mode changed. Old mode = 1, new mode = 1
I   TruxxUiManager.cpp[1422]03/10 17:23:03 Game mode changed. Old mode = 1, new mode = 1
I   TruxxUiManager.cpp[1422]03/10 17:23:03 Game mode changed. Old mode = 1, new mode = 1
I   TruxxUiManager.cpp[1422]03/10 17:23:03 Game mode changed. Old mode = 1, new mode = 1
I   TruxxUiManager.cpp[1422]03/10 17:23:03 Game mode changed. Old mode = 1, new mode = 1
I   TruxxUiManager.cpp[1422]03/10 17:23:03 Game mode changed. Old mode = 1, new mode = 1
I   TruxxUiManager.cpp[1422]03/10 17:23:03 Game mode changed. Old mode = 1, new mode = 1
I   TruxxUiManager.cpp[1422]03/10 17:23:03 Game mode changed. Old mode = 1, new mode = 1
I   TruxxUiManager.cpp[1422]03/10 17:23:03 Game mode changed. Old mode = 1, new mode = 1
I   TruxxUiManager.cpp[1422]03/10 17:23:03 Game mode changed. Old mode = 1, new mode = 1
I       QuestState.cpp[0881]03/10 17:23:03 Quest 'Buyer_Quest1' is taken
I       QuestState.cpp[0956]03/10 17:23:03 	Recalc begin...
I       QuestState.cpp[1004]03/10 17:23:03 	Recalc end...
I        FadingMsg.cpp[0199]03/10 17:23:03 Fading message: 'Вы получили новое задание.'
I        FadingMsg.cpp[0199]03/10 17:23:03 Fading message: 'Новая запись в дневнике.'
I   TruxxUiManager.cpp[1422]03/10 17:23:04 Game mode changed. Old mode = 1, new mode = 0
I blockMusicManager.cpp[0199]03/10 17:23:04 BlockMusicManager: resetting
I blockMusicManager.cpp[0185]03/10 17:23:04 BlockMusicManager: start playing new music: blockNum = 1, musicType = 0, name = 'block1_driving'
I        FadingMsg.cpp[0199]03/10 17:23:05 Fading message: 'Мистер Шляпа включен.'
I        FadingMsg.cpp[0199]03/10 17:23:05 Fading message: 'Нажмите гудок (%1m) для въезда в город'
I        SplashWnd.cpp[0244]03/10 17:24:00 Start splashing 11
I   TruxxUiManager.cpp[1422]03/10 17:24:00 Game mode changed. Old mode = 0, new mode = 0
I    GameUiManager.cpp[0405]03/10 17:24:00 Interface: is clearing...
I    GameUiManager.cpp[0495]03/10 17:24:00 Interface: is cleared successfully
I           view32.cpp[1048]03/10 17:24:00 -- Loading Level: data\maps\r4m1.ssl --
I            world.cpp[0132]03/10 17:24:00 ----------------------- World Loading
F        landscape.cpp[1674]03/10 17:24:00  +- Enter function: Landscape::Load()
I        landscape.cpp[1911]03/10 17:24:00  |  ----------------------- Normal map loaded in: 32
I        landscape.cpp[1920]03/10 17:24:00  |  ----------------------- Tiles loaded in: 106
I        landscape.cpp[1944]03/10 17:24:00  |  ----------------------- ShoreLine loaded in: 10
F        landscape.cpp[1944]03/10 17:24:00  +- Exit function: Landscape::Load()
I            world.cpp[0169]03/10 17:24:00 ----------------------- Landscape loaded in: 359
I       DataServer.cpp[0587]03/10 17:24:00 Loading Servers: data\maps\r4m1\servers.xml
E       DraftModel.cpp[1002]03/10 17:24:01 Error: Couldn't load texture data\models\vehicles\belaz\cab01_mt.dds for model cargov1.gam
E       DraftModel.cpp[1002]03/10 17:24:01 Error: Couldn't load texture data\models\vehicles\belaz\cab01_mt.dds for model cargov1.gam
I serverAnimatedModel.cpp[0630]03/10 17:24:02 ### Total time: 1609, GAM time: 907
I       DataServer.cpp[0587]03/10 17:24:02 Loading Servers: data\models\commonservers.xml
E      serverMusic.cpp[0216]03/10 17:24:02 MusicServer: cannot read file: data\music\music.xml id = 'LaBelleTown'
E      serverMusic.cpp[0216]03/10 17:24:02 MusicServer: cannot read file: data\music\music.xml id = 'block6_driving2'
I            world.cpp[0210]03/10 17:24:02 ----------------------- Servers loaded in: 1915
I            world.cpp[0338]03/10 17:24:02 LoadWorld begin...
I            world.cpp[0350]03/10 17:24:02 %%%% read/parse xml: 42
I            world.cpp[0362]03/10 17:24:02 %%%% read from xml: 13
I            world.cpp[0444]03/10 17:24:03 %%%% link nodes: 180
I            world.cpp[0220]03/10 17:24:03 ----------------------- Nodes loaded in: 237
I            world.cpp[0228]03/10 17:24:03 ----------------------- Prefabs loaded in: 1
I            world.cpp[0247]03/10 17:24:03 ----------------------- World loaded in: 2634
