---------------------------------------------- Log begins on Wed Oct 08 01:00:54 2025 ----------------------------------------------
I           m3dapp.cpp[0088]08/10 01:00:54 Starting up...
I           m3dapp.cpp[1498]08/10 01:00:54 ExMachina - release version release build v1.02 (Dec 21 2005 12:15:10)
I      Stackwalker.cpp[0608]08/10 01:00:54 Stackwalker: log file name will be 'b:/exmachina.gm.mod.sdk_/exceptions/hta.exe0012.log'
I      Stackwalker.cpp[0609]08/10 01:00:54 Stackwalker: dump file name will be 'b:/exmachina.gm.mod.sdk_/exceptions/hta.exe0012.dmp'
I      Stackwalker.cpp[0610]08/10 01:00:54 Stackwalker: game log file name will be 'b:/exmachina.gm.mod.sdk_/exceptions/hta.exe0012_game.log'
I           m3dapp.cpp[1391]08/10 01:00:54 Path: B:\ExMachina.GM.mod.SDK_
I           m3dapp.cpp[1392]08/10 01:00:54 Exe: B:\ExMachina.GM.mod.SDK_\hta.exe
I           m3dapp.cpp[1401]08/10 01:00:54 Windows version: 6.2.9200
I           m3dapp.cpp[1410]08/10 01:00:54 Computer name: DESKTOP-QQPV5MQ
I           m3dapp.cpp[1430]08/10 01:00:54 Cpu: GenuineIntel
I           m3dapp.cpp[1434]08/10 01:00:54 Cpu clock: ~3302
I           m3dapp.cpp[1459]08/10 01:00:54 Processor is mmx able
I           m3dapp.cpp[1470]08/10 01:00:54 Physical memory: 4095 MB
I           m3dapp.cpp[1471]08/10 01:00:54 Total memory:    4095 MB
I           m3dapp.cpp[1472]08/10 01:00:54 Physical memory available: 4095 MB
I           m3dapp.cpp[1473]08/10 01:00:54 Total memory available:    3857 MB
I           m3dapp.cpp[2846]08/10 01:00:54 SetCodepage -- using codepage 1251 '1251  (ANSI - кириллица)'
I           m3dapp.cpp[2154]08/10 01:00:54 NOTE! renderer is bind to dxrender9.dll
I           m3dapp.cpp[1336]08/10 01:00:54 d3d: Given device behavior: 80
I           m3dapp.cpp[1336]08/10 01:00:54 d3d: Confirmed device behavior: 80
I           m3dapp.cpp[1336]08/10 01:00:55 d3d: Description: NVIDIA GeForce GTX 1650
I           m3dapp.cpp[1336]08/10 01:00:55 d3d: Driver:      nvldumd.dll
I           m3dapp.cpp[1336]08/10 01:00:55 d3d: VendorId:    0x10de
I           m3dapp.cpp[1336]08/10 01:00:55 d3d: DeviceId:    0x1f0a
I           m3dapp.cpp[1336]08/10 01:00:55 d3d: SubSysId:    0x145c1771
I           m3dapp.cpp[1336]08/10 01:00:55 d3d: Revision:    161
I           m3dapp.cpp[1336]08/10 01:00:55 d3d: Driver version info:
I           m3dapp.cpp[1336]08/10 01:00:55 d3d:   Product:    32
I           m3dapp.cpp[1336]08/10 01:00:55 d3d:   Version:    0
I           m3dapp.cpp[1336]08/10 01:00:55 d3d:   SubVersion: 15
I           m3dapp.cpp[1336]08/10 01:00:55 d3d:   Build:      8129
I           m3dapp.cpp[1336]08/10 01:00:55 d3d: WHQLLevel:    0
I           m3dapp.cpp[1336]08/10 01:00:55 d3d: Texture max size: 16384x16384
I           m3dapp.cpp[1336]08/10 01:00:55 d3d: Guard band: (-100000000.000,-100000000.000,100000000.000,100000000.000)
I           m3dapp.cpp[1336]08/10 01:00:55 d3d: MaxTextureBlendStages: 8
I           m3dapp.cpp[1336]08/10 01:00:55 d3d: MaxSimultaneousTextures: 8
I           m3dapp.cpp[1336]08/10 01:00:55 d3d: MaxActiveLights: 10
I           m3dapp.cpp[1336]08/10 01:00:55 d3d: MaxUserClipPlanes: 8
I           m3dapp.cpp[1336]08/10 01:00:55 d3d: VertexShaderVersion: 0xfffe0300
I           m3dapp.cpp[1336]08/10 01:00:55 d3d: PixelShaderVersion: 0xffff0300
I           m3dapp.cpp[1336]08/10 01:00:55 d3d: Geometry instancing: supported
I           m3dapp.cpp[1336]08/10 01:00:55 d3d: Depth bias supported: yes
I           m3dapp.cpp[1336]08/10 01:00:55 d3d: Slope-scale based depth bias supported: yes
I           m3dapp.cpp[1336]08/10 01:00:55 d3d: HwRasterization: true
I           m3dapp.cpp[1336]08/10 01:00:55 d3d: HwTnL: true
I           m3dapp.cpp[1336]08/10 01:00:55 d3d: PureDevice: true
I           m3dapp.cpp[1336]08/10 01:00:55 d3d: CubeMap: true
I           m3dapp.cpp[1336]08/10 01:00:55 d3d: VolumeMap: true
I           m3dapp.cpp[1336]08/10 01:00:55 d3d: TextureAddressCaps:
I           m3dapp.cpp[1336]08/10 01:00:55 d3d: 	wrap: true
I           m3dapp.cpp[1336]08/10 01:00:55 d3d: 	clamp: true
I           m3dapp.cpp[1336]08/10 01:00:55 d3d: 	border: true
I           m3dapp.cpp[1336]08/10 01:00:55 d3d: Projective textures: true
I           m3dapp.cpp[1336]08/10 01:00:55 d3d: MaxPointSize: 8192.000
I           m3dapp.cpp[1336]08/10 01:00:55 d3d: MaxPrimitiveCount: 16777215
I           m3dapp.cpp[1336]08/10 01:00:55 d3d: MaxVertexIndex: 16777215
I           m3dapp.cpp[1336]08/10 01:00:55 d3d: MaxStreams: 16
I           m3dapp.cpp[1336]08/10 01:00:55 d3d: MaxStreamsStride: 255
I           m3dapp.cpp[1336]08/10 01:00:55 d3d: MaxAnisotropy: 16
I           m3dapp.cpp[1336]08/10 01:00:55 d3d: MaxVertexBlendMatrices: 4
I           m3dapp.cpp[1336]08/10 01:00:55 d3d: MaxVertexBlendMatrixIndex: 8
I           m3dapp.cpp[1336]08/10 01:00:55 d3d: FullScreenGamma: true
I           m3dapp.cpp[1336]08/10 01:00:55 d3d: COLORWRITEENABLE: true
I           m3dapp.cpp[1336]08/10 01:00:55 d3d: MASKZ: true
I           m3dapp.cpp[1336]08/10 01:00:55 d3d: BLENDOP: true
I           m3dapp.cpp[1336]08/10 01:00:55 d3d: CLIPPLANESCALEDPOINTS: false
I           m3dapp.cpp[1336]08/10 01:00:55 d3d: CLIPTLVERTS: true
I           m3dapp.cpp[1336]08/10 01:00:55 d3d: TSSARGTEMP: true
I           m3dapp.cpp[1336]08/10 01:00:55 d3d: DIRECTIONALLIGHTS: true
I           m3dapp.cpp[1336]08/10 01:00:55 d3d: LOCALVIEWER: true
I           m3dapp.cpp[1336]08/10 01:00:55 d3d: POSITIONALLIGHTS: true
I           m3dapp.cpp[1336]08/10 01:00:55 d3d: TEXGEN:  true
I           m3dapp.cpp[1336]08/10 01:00:55 d3d: TWEENING:  true
I           m3dapp.cpp[1336]08/10 01:00:55 d3d: Dp3: true
I           m3dapp.cpp[1336]08/10 01:00:55 d3d: Lerp: true
I           m3dapp.cpp[1336]08/10 01:00:55 d3d: MaxNpatchTessellationLevel: 0.000
I           m3dapp.cpp[1336]08/10 01:00:55 d3d: Query VCACHE support: true
I           m3dapp.cpp[1336]08/10 01:00:55 d3d: Query EVENT support: true
I           m3dapp.cpp[1336]08/10 01:00:55 d3d: Query OCCLUSION support: true
I           m3dapp.cpp[1336]08/10 01:00:55 d3d: Query TIMESTAMP support: true
I           m3dapp.cpp[1336]08/10 01:00:55 d3d: Query TIMESTAMPDISJOINT support: true
I           m3dapp.cpp[1336]08/10 01:00:55 d3d: Query TIMESTAMPFREQ support: true
I           m3dapp.cpp[1336]08/10 01:00:55 d3d: Query PIPELINETIMINGS support: false
I           m3dapp.cpp[1336]08/10 01:00:55 d3d: Query INTERFACETIMINGS support: false
I           m3dapp.cpp[1336]08/10 01:00:55 d3d: Query VERTEXTIMINGS support: false
I           m3dapp.cpp[1336]08/10 01:00:55 d3d: Query PIXELTIMINGS support: false
I           m3dapp.cpp[1336]08/10 01:00:55 d3d: Query BANDWIDTHTIMINGS support: false
I           m3dapp.cpp[1336]08/10 01:00:55 d3d: Query CACHEUTILIZATION support: false
I           m3dapp.cpp[1336]08/10 01:00:55 d3d: Creating or resetting the device
I           m3dapp.cpp[1336]08/10 01:00:55 d3d: Back buffer format: X8R8G8B8
I           m3dapp.cpp[1336]08/10 01:00:55 d3d: Depth/stencil buffer format: D24S8
I           m3dapp.cpp[1336]08/10 01:00:55 d3d: Stenciling: off
I           m3dapp.cpp[1336]08/10 01:00:55 d3d: Rgba textures format: DXT5
I           m3dapp.cpp[1336]08/10 01:00:55 d3d: Rgba no c. textures format: A8R8G8B8
I           m3dapp.cpp[1336]08/10 01:00:55 d3d: RgbA textures format: DXT5
I           m3dapp.cpp[1336]08/10 01:00:55 d3d: RgbA no c. textures format: A4R4G4B4
I           m3dapp.cpp[1336]08/10 01:00:55 d3d: Rt textures format: A8R8G8B8
I           m3dapp.cpp[1336]08/10 01:00:55 d3d: Shadow textures format: R5G6B5
I           m3dapp.cpp[1336]08/10 01:00:55 d3d: Rt depth format: D16
I           m3dapp.cpp[2206]08/10 01:00:55 NOTE! input is bind to input_di8.dll
I           m3dapp.cpp[1938]08/10 01:00:55 NOTE! sound is bind to sound.dll
I           m3dapp.cpp[1343]08/10 01:00:55 snd: Max sound channels available: 128
I           m3dapp.cpp[1343]08/10 01:00:55 snd: Sound is inited successfully
I           m3dapp.cpp[1350]08/10 01:00:55 input: Joystick not found
I             font.cpp[0976]08/10 01:00:55 FontManager: fonts are loaded successfully
I           m3dapp.cpp[1336]08/10 01:00:55 d3d: Cannot open data\models\logos\fishmen.dds
I           m3dapp.cpp[1336]08/10 01:00:55 d3d: texmap failed to load: data\models\logos\fishmen.dds
E       DraftModel.cpp[1002]08/10 01:00:55 Error: Couldn't load texture data\models\logos\fishmen.dds for model logos.gam
I           m3dapp.cpp[1336]08/10 01:00:55 d3d: Cannot open data\models\logos\logo32.dds
I           m3dapp.cpp[1336]08/10 01:00:55 d3d: texmap failed to load: data\models\logos\logo32.dds
E       DraftModel.cpp[1002]08/10 01:00:55 Error: Couldn't load texture data\models\logos\logo32.dds for model logos.gam
I           m3dapp.cpp[1336]08/10 01:00:55 d3d: Cannot open data\models\logos\logo33.dds
I           m3dapp.cpp[1336]08/10 01:00:55 d3d: texmap failed to load: data\models\logos\logo33.dds
E       DraftModel.cpp[1002]08/10 01:00:55 Error: Couldn't load texture data\models\logos\logo33.dds for model logos.gam
I           m3dapp.cpp[1336]08/10 01:00:55 d3d: Cannot open data\models\logos\logo34.dds
I           m3dapp.cpp[1336]08/10 01:00:55 d3d: texmap failed to load: data\models\logos\logo34.dds
E       DraftModel.cpp[1002]08/10 01:00:55 Error: Couldn't load texture data\models\logos\logo34.dds for model logos.gam
I           m3dapp.cpp[1336]08/10 01:00:55 d3d: Cannot open data\models\logos\logo35.dds
I           m3dapp.cpp[1336]08/10 01:00:55 d3d: texmap failed to load: data\models\logos\logo35.dds
E       DraftModel.cpp[1002]08/10 01:00:55 Error: Couldn't load texture data\models\logos\logo35.dds for model logos.gam
I           m3dapp.cpp[1336]08/10 01:00:55 d3d: Cannot open data\models\logos\logo36.dds
I           m3dapp.cpp[1336]08/10 01:00:55 d3d: texmap failed to load: data\models\logos\logo36.dds
E       DraftModel.cpp[1002]08/10 01:00:55 Error: Couldn't load texture data\models\logos\logo36.dds for model logos.gam
I           m3dapp.cpp[1336]08/10 01:00:55 d3d: Cannot open data\models\logos\logo37.dds
I           m3dapp.cpp[1336]08/10 01:00:55 d3d: texmap failed to load: data\models\logos\logo37.dds
E       DraftModel.cpp[1002]08/10 01:00:55 Error: Couldn't load texture data\models\logos\logo37.dds for model logos.gam
I           m3dapp.cpp[1336]08/10 01:00:55 d3d: Cannot open data\models\logos\logo38.dds
I           m3dapp.cpp[1336]08/10 01:00:55 d3d: texmap failed to load: data\models\logos\logo38.dds
E       DraftModel.cpp[1002]08/10 01:00:55 Error: Couldn't load texture data\models\logos\logo38.dds for model logos.gam
I           m3dapp.cpp[1336]08/10 01:00:55 d3d: Cannot open data\models\logos\logo39.dds
I           m3dapp.cpp[1336]08/10 01:00:55 d3d: texmap failed to load: data\models\logos\logo39.dds
E       DraftModel.cpp[1002]08/10 01:00:55 Error: Couldn't load texture data\models\logos\logo39.dds for model logos.gam
I           m3dapp.cpp[1336]08/10 01:00:55 d3d: Cannot open data\models\logos\logo40.dds
I           m3dapp.cpp[1336]08/10 01:00:55 d3d: texmap failed to load: data\models\logos\logo40.dds
E       DraftModel.cpp[1002]08/10 01:00:55 Error: Couldn't load texture data\models\logos\logo40.dds for model logos.gam
I           m3dapp.cpp[1336]08/10 01:00:55 d3d: Cannot open data\models\logos\logo41.dds
I           m3dapp.cpp[1336]08/10 01:00:55 d3d: texmap failed to load: data\models\logos\logo41.dds
E       DraftModel.cpp[1002]08/10 01:00:55 Error: Couldn't load texture data\models\logos\logo41.dds for model logos.gam
I           m3dapp.cpp[1336]08/10 01:00:55 d3d: Cannot open data\models\logos\logo42.dds
I           m3dapp.cpp[1336]08/10 01:00:55 d3d: texmap failed to load: data\models\logos\logo42.dds
E       DraftModel.cpp[1002]08/10 01:00:55 Error: Couldn't load texture data\models\logos\logo42.dds for model logos.gam
I           m3dapp.cpp[1336]08/10 01:00:55 d3d: Cannot open data\models\logos\logo43.dds
I           m3dapp.cpp[1336]08/10 01:00:55 d3d: texmap failed to load: data\models\logos\logo43.dds
E       DraftModel.cpp[1002]08/10 01:00:55 Error: Couldn't load texture data\models\logos\logo43.dds for model logos.gam
I           m3dapp.cpp[1336]08/10 01:00:55 d3d: Cannot open data\models\logos\logo44.dds
I           m3dapp.cpp[1336]08/10 01:00:55 d3d: texmap failed to load: data\models\logos\logo44.dds
E       DraftModel.cpp[1002]08/10 01:00:55 Error: Couldn't load texture data\models\logos\logo44.dds for model logos.gam
I           m3dapp.cpp[1336]08/10 01:00:55 d3d: Cannot open data\models\logos\logo45.dds
I           m3dapp.cpp[1336]08/10 01:00:55 d3d: texmap failed to load: data\models\logos\logo45.dds
E       DraftModel.cpp[1002]08/10 01:00:55 Error: Couldn't load texture data\models\logos\logo45.dds for model logos.gam
I           m3dapp.cpp[1336]08/10 01:00:55 d3d: Cannot open data\models\logos\logo46.dds
I           m3dapp.cpp[1336]08/10 01:00:55 d3d: texmap failed to load: data\models\logos\logo46.dds
E       DraftModel.cpp[1002]08/10 01:00:55 Error: Couldn't load texture data\models\logos\logo46.dds for model logos.gam
I           m3dapp.cpp[1336]08/10 01:00:55 d3d: Cannot open data\models\logos\logo47.dds
I           m3dapp.cpp[1336]08/10 01:00:55 d3d: texmap failed to load: data\models\logos\logo47.dds
E       DraftModel.cpp[1002]08/10 01:00:55 Error: Couldn't load texture data\models\logos\logo47.dds for model logos.gam
I           m3dapp.cpp[1336]08/10 01:00:55 d3d: Cannot open data\models\logos\logo48.dds
I           m3dapp.cpp[1336]08/10 01:00:55 d3d: texmap failed to load: data\models\logos\logo48.dds
E       DraftModel.cpp[1002]08/10 01:00:55 Error: Couldn't load texture data\models\logos\logo48.dds for model logos.gam
I           m3dapp.cpp[1336]08/10 01:00:55 d3d: Cannot open data\models\logos\logo49.dds
I           m3dapp.cpp[1336]08/10 01:00:55 d3d: texmap failed to load: data\models\logos\logo49.dds
E       DraftModel.cpp[1002]08/10 01:00:55 Error: Couldn't load texture data\models\logos\logo49.dds for model logos.gam
I           m3dapp.cpp[1336]08/10 01:00:55 d3d: Cannot open data\models\logos\logo50.dds
I           m3dapp.cpp[1336]08/10 01:00:55 d3d: texmap failed to load: data\models\logos\logo50.dds
E       DraftModel.cpp[1002]08/10 01:00:55 Error: Couldn't load texture data\models\logos\logo50.dds for model logos.gam
I           m3dapp.cpp[1336]08/10 01:00:55 d3d: Cannot open data\models\logos\logo51.dds
I           m3dapp.cpp[1336]08/10 01:00:55 d3d: texmap failed to load: data\models\logos\logo51.dds
E       DraftModel.cpp[1002]08/10 01:00:55 Error: Couldn't load texture data\models\logos\logo51.dds for model logos.gam
I           m3dapp.cpp[1336]08/10 01:00:55 d3d: Cannot open data\models\logos\logo52.dds
I           m3dapp.cpp[1336]08/10 01:00:55 d3d: texmap failed to load: data\models\logos\logo52.dds
E       DraftModel.cpp[1002]08/10 01:00:55 Error: Couldn't load texture data\models\logos\logo52.dds for model logos.gam
I           m3dapp.cpp[1336]08/10 01:00:55 d3d: Cannot open data\models\logos\logo53.dds
I           m3dapp.cpp[1336]08/10 01:00:55 d3d: texmap failed to load: data\models\logos\logo53.dds
E       DraftModel.cpp[1002]08/10 01:00:55 Error: Couldn't load texture data\models\logos\logo53.dds for model logos.gam
I           m3dapp.cpp[1336]08/10 01:00:55 d3d: Cannot open data\models\logos\logo54.dds
I           m3dapp.cpp[1336]08/10 01:00:55 d3d: texmap failed to load: data\models\logos\logo54.dds
E       DraftModel.cpp[1002]08/10 01:00:55 Error: Couldn't load texture data\models\logos\logo54.dds for model logos.gam
I           m3dapp.cpp[1336]08/10 01:00:55 d3d: Cannot open data\models\logos\logo55.dds
I           m3dapp.cpp[1336]08/10 01:00:55 d3d: texmap failed to load: data\models\logos\logo55.dds
E       DraftModel.cpp[1002]08/10 01:00:55 Error: Couldn't load texture data\models\logos\logo55.dds for model logos.gam
I           m3dapp.cpp[1336]08/10 01:00:55 d3d: Cannot open data\models\logos\logo56.dds
I           m3dapp.cpp[1336]08/10 01:00:55 d3d: texmap failed to load: data\models\logos\logo56.dds
E       DraftModel.cpp[1002]08/10 01:00:55 Error: Couldn't load texture data\models\logos\logo56.dds for model logos.gam
I           m3dapp.cpp[1336]08/10 01:00:55 d3d: Cannot open data\models\logos\logo57.dds
I           m3dapp.cpp[1336]08/10 01:00:55 d3d: texmap failed to load: data\models\logos\logo57.dds
E       DraftModel.cpp[1002]08/10 01:00:55 Error: Couldn't load texture data\models\logos\logo57.dds for model logos.gam
I           m3dapp.cpp[1336]08/10 01:00:55 d3d: Cannot open data\models\logos\logo58.dds
I           m3dapp.cpp[1336]08/10 01:00:55 d3d: texmap failed to load: data\models\logos\logo58.dds
E       DraftModel.cpp[1002]08/10 01:00:55 Error: Couldn't load texture data\models\logos\logo58.dds for model logos.gam
I           m3dapp.cpp[1336]08/10 01:00:55 d3d: Cannot open data\models\logos\logo59.dds
I           m3dapp.cpp[1336]08/10 01:00:55 d3d: texmap failed to load: data\models\logos\logo59.dds
E       DraftModel.cpp[1002]08/10 01:00:55 Error: Couldn't load texture data\models\logos\logo59.dds for model logos.gam
I           m3dapp.cpp[1336]08/10 01:00:55 d3d: Cannot open data\models\logos\logo60.dds
I           m3dapp.cpp[1336]08/10 01:00:55 d3d: texmap failed to load: data\models\logos\logo60.dds
E       DraftModel.cpp[1002]08/10 01:00:55 Error: Couldn't load texture data\models\logos\logo60.dds for model logos.gam
I           m3dapp.cpp[1336]08/10 01:00:55 d3d: Cannot open data\models\logos\logo61.dds
I           m3dapp.cpp[1336]08/10 01:00:55 d3d: texmap failed to load: data\models\logos\logo61.dds
E       DraftModel.cpp[1002]08/10 01:00:55 Error: Couldn't load texture data\models\logos\logo61.dds for model logos.gam
I           m3dapp.cpp[1336]08/10 01:00:55 d3d: Cannot open data\models\logos\logo62.dds
I           m3dapp.cpp[1336]08/10 01:00:55 d3d: texmap failed to load: data\models\logos\logo62.dds
E       DraftModel.cpp[1002]08/10 01:00:55 Error: Couldn't load texture data\models\logos\logo62.dds for model logos.gam
I           m3dapp.cpp[1336]08/10 01:00:55 d3d: Cannot open data\models\logos\logo63.dds
I           m3dapp.cpp[1336]08/10 01:00:55 d3d: texmap failed to load: data\models\logos\logo63.dds
E       DraftModel.cpp[1002]08/10 01:00:55 Error: Couldn't load texture data\models\logos\logo63.dds for model logos.gam
I           m3dapp.cpp[1336]08/10 01:00:55 d3d: Cannot open data\models\logos\logo64.dds
I           m3dapp.cpp[1336]08/10 01:00:55 d3d: texmap failed to load: data\models\logos\logo64.dds
E       DraftModel.cpp[1002]08/10 01:00:55 Error: Couldn't load texture data\models\logos\logo64.dds for model logos.gam
I           m3dapp.cpp[1336]08/10 01:00:55 d3d: Cannot open data\models\logos\logo65.dds
I           m3dapp.cpp[1336]08/10 01:00:55 d3d: texmap failed to load: data\models\logos\logo65.dds
E       DraftModel.cpp[1002]08/10 01:00:55 Error: Couldn't load texture data\models\logos\logo65.dds for model logos.gam
I           m3dapp.cpp[1336]08/10 01:00:55 d3d: Cannot open data\models\logos\logo66.dds
I           m3dapp.cpp[1336]08/10 01:00:55 d3d: texmap failed to load: data\models\logos\logo66.dds
E       DraftModel.cpp[1002]08/10 01:00:55 Error: Couldn't load texture data\models\logos\logo66.dds for model logos.gam
I           m3dapp.cpp[1336]08/10 01:00:55 d3d: Cannot open data\models\logos\logo67.dds
I           m3dapp.cpp[1336]08/10 01:00:55 d3d: texmap failed to load: data\models\logos\logo67.dds
E       DraftModel.cpp[1002]08/10 01:00:55 Error: Couldn't load texture data\models\logos\logo67.dds for model logos.gam
I           m3dapp.cpp[1336]08/10 01:00:55 d3d: Cannot open data\models\logos\logo68.dds
I           m3dapp.cpp[1336]08/10 01:00:55 d3d: texmap failed to load: data\models\logos\logo68.dds
E       DraftModel.cpp[1002]08/10 01:00:55 Error: Couldn't load texture data\models\logos\logo68.dds for model logos.gam
I           m3dapp.cpp[1336]08/10 01:00:55 d3d: Cannot open data\models\logos\logo69.dds
I           m3dapp.cpp[1336]08/10 01:00:55 d3d: texmap failed to load: data\models\logos\logo69.dds
E       DraftModel.cpp[1002]08/10 01:00:55 Error: Couldn't load texture data\models\logos\logo69.dds for model logos.gam
I           m3dapp.cpp[1336]08/10 01:00:55 d3d: Cannot open data\models\logos\logo70.dds
I           m3dapp.cpp[1336]08/10 01:00:55 d3d: texmap failed to load: data\models\logos\logo70.dds
E       DraftModel.cpp[1002]08/10 01:00:55 Error: Couldn't load texture data\models\logos\logo70.dds for model logos.gam
I      gameimpulse.cpp[0288]08/10 01:00:55 Key bindings: were inited successfully
I           view32.cpp[0705]08/10 01:00:55 --- Init Media ---
I    GameUiManager.cpp[0303]08/10 01:00:55 Interface: is initializing...
I    GameUiManager.cpp[1580]08/10 01:00:55 Interface: clearing resource infos ...
I    GameUiManager.cpp[1491]08/10 01:00:55 Interface: loading resource infos ...
I    GameUiManager.cpp[1603]08/10 01:00:55 Interface: loading resources ...
I           m3dapp.cpp[1343]08/10 01:00:55 snd: Error: Can't Open SoundFile: 
I           m3dapp.cpp[1343]08/10 01:00:55 snd: Cannot open sound stream from file . Error: File not found, flags: 8272
I    GameUiManager.cpp[0395]08/10 01:00:55 Interface: is inited successfully
I        LevelInfo.cpp[0806]08/10 01:00:55 Level infos were loaded successfully from file data\if\diz\LevelInfo.xml
I        LevelInfo.cpp[0837]08/10 01:00:55 Error: could't open data\maps\r1m8.ssl file
E        LevelInfo.cpp[0749]08/10 01:00:55 LevelInfoManager was inited with errors
I   TruxxUiManager.cpp[0191]08/10 01:00:55 TruxxUiManager: was inited successfully
I      gameimpulse.cpp[0618]08/10 01:00:55 Key bindings: unbind all is done
I      gameimpulse.cpp[0324]08/10 01:00:55 Key bindings: were loaded successfully from file data\scripts\DefaultKeyBindings.lua
I      gameimpulse.cpp[1194]08/10 01:00:55 Key bindings: were bind from defaults
I            video.cpp[0704]08/10 01:00:55 Could not load specified video file: data\video\logobuka.wmv (hr = 80070003)
I     view32_video.cpp[0061]08/10 01:00:55 Error: couldn't load video 'data\video\logobuka.wmv'
I            video.cpp[0704]08/10 01:00:55 Could not load specified video file: data\video\logotargem.wmv (hr = 80070003)
I     view32_video.cpp[0061]08/10 01:00:55 Error: couldn't load video 'data\video\logotargem.wmv'
I            video.cpp[0704]08/10 01:00:55 Could not load specified video file: data\video\INTRO_RUS_FIELD.wmv (hr = 80070003)
I     view32_video.cpp[0061]08/10 01:00:55 Error: couldn't load video 'data\video\INTRO_RUS_FIELD.wmv'
I             core.lua[0013]08/10 01:00:55 IMPROVED STORYLINE V1.0.5.3 ORIGINAL BUILD 220422
I           m3dapp.cpp[1808]08/10 01:00:55 ----------------------- Engine inited in: 0
I          Profile.cpp[0602]08/10 01:00:55 Profile "RiverZone" set
I   TruxxUiManager.cpp[1422]08/10 01:00:55 Game mode changed. Old mode = 3, new mode = 2
I        SplashWnd.cpp[0244]08/10 01:00:55 Start splashing 11
I           view32.cpp[1048]08/10 01:00:55 -- Loading Level: data\maps\mainmenu.ssl --
I            world.cpp[0132]08/10 01:00:55 ----------------------- World Loading
F        landscape.cpp[1674]08/10 01:00:55  +- Enter function: Landscape::Load()
I        landscape.cpp[1911]08/10 01:00:55  |  ----------------------- Normal map loaded in: 1
I        landscape.cpp[1920]08/10 01:00:55  |  ----------------------- Tiles loaded in: 13
I        landscape.cpp[1944]08/10 01:00:56  |  ----------------------- ShoreLine loaded in: 0
F        landscape.cpp[1944]08/10 01:00:56  +- Exit function: Landscape::Load()
I            world.cpp[0169]08/10 01:00:56 ----------------------- Landscape loaded in: 54
I       DataServer.cpp[0587]08/10 01:00:56 Loading Servers: data\maps\MainMenu\servers.xml
I serverAnimatedModel.cpp[0630]08/10 01:00:57 ### Total time: 1016, GAM time: 172
I       DataServer.cpp[0587]08/10 01:00:57 Loading Servers: data\models\commonservers.xml
E      serverMusic.cpp[0216]08/10 01:00:58 MusicServer: cannot read file: data\music\music.xml id = 'LaBelleTown'
E      serverMusic.cpp[0216]08/10 01:00:58 MusicServer: cannot read file: data\music\music.xml id = 'block6_driving2'
I            world.cpp[0210]08/10 01:00:58 ----------------------- Servers loaded in: 2606
I            world.cpp[0338]08/10 01:00:58 LoadWorld begin...
I            world.cpp[0350]08/10 01:00:58 %%%% read/parse xml: 6
I            world.cpp[0362]08/10 01:00:58 %%%% read from xml: 3
E    PlayerPassMap.cpp[0139]08/10 01:00:58 Couldn't load player pass map from file data\maps\MainMenu\player_passmap.xml
I            world.cpp[0444]08/10 01:00:58 %%%% link nodes: 8
I            world.cpp[0220]08/10 01:00:58 ----------------------- Nodes loaded in: 18
I            world.cpp[0228]08/10 01:00:58 ----------------------- Prefabs loaded in: 1
I            world.cpp[0247]08/10 01:00:58 ----------------------- World loaded in: 2759
I            world.cpp[0278]08/10 01:00:58 ----------------------- Roads loaded in: 70
I           view32.cpp[1078]08/10 01:00:58 Load Server begin...
I   TruxxUiManager.cpp[0974]08/10 01:00:58 Interface: is loaded successfully
I           server.cpp[0789]08/10 01:00:58 AI: Loading Server...
I           server.cpp[0796]08/10 01:00:58 	AI: Loading Relationship
I     Relationship.cpp[0134]08/10 01:00:58 		 File readed
I           server.cpp[0801]08/10 01:00:58 	AI: Loading SoilProps
I           server.cpp[0804]08/10 01:00:58 	AI: Loading ExternalPaths
I           server.cpp[0807]08/10 01:00:58 	AI: Loading PlayerPassMap
E    PlayerPassMap.cpp[0139]08/10 01:00:58 Couldn't load player pass map from file data\maps\MainMenu\player_passmap.xml
I           server.cpp[0813]08/10 01:00:58 	AI: Loading GameObjects
I           server.cpp[0816]08/10 01:00:58 	AI: Initializing VehicleGeneratorInfoCache
I           server.cpp[0820]08/10 01:00:58 	AI: Refreshing GameObjects
I           server.cpp[0824]08/10 01:00:58 	AI: Loading QuestStates
I       QuestState.cpp[0904]08/10 01:00:58 Quest 'Human1_Quest1' can be given now
I       QuestState.cpp[0904]08/10 01:00:58 Quest 'Human1_Quest2' can be given now
I       QuestState.cpp[0904]08/10 01:00:58 Quest 'BenGoodEnd' can be given now
I       QuestState.cpp[0904]08/10 01:00:58 Quest 'q_PlaceWithSign' can be given now
I       QuestState.cpp[0904]08/10 01:00:58 Quest 'r3m2_OracleMemory' can be given now
I       QuestState.cpp[0904]08/10 01:00:58 Quest 'r3m2_TalkWithLisa' can be given now
I       QuestState.cpp[0904]08/10 01:00:58 Quest 'r3m2_TalkWithBenAboutCarAfterOracul' can be given now
I       QuestState.cpp[0904]08/10 01:00:58 Quest 'r3m2_FindInfoAboutFather' can be given now
I       QuestState.cpp[0904]08/10 01:00:58 Quest 'r3m1_LureMainDriud' can be given now
I       QuestState.cpp[0904]08/10 01:00:58 Quest 'r3m1_ClearSanctuary' can be given now
I       QuestState.cpp[0904]08/10 01:00:58 Quest 'r3m1_KnowAboutUluk' can be given now
I       QuestState.cpp[0904]08/10 01:00:58 Quest 'r3m1_RescueUlukCivil' can be given now
I       QuestState.cpp[0904]08/10 01:00:58 Quest 'q_VisitDruid' can be given now
I       QuestState.cpp[0904]08/10 01:00:58 Quest 'r2m2_Znaki2_Quest' can be given now
I       QuestState.cpp[0904]08/10 01:00:58 Quest 'r2m2_HeadsHunterQuest' can be given now
I       QuestState.cpp[0904]08/10 01:00:58 Quest 'r2m2_OldDvigatel1_Quest' can be given now
I       QuestState.cpp[0904]08/10 01:00:58 Quest 'r2m2_OldDvigatel2_Quest' can be given now
I       QuestState.cpp[0904]08/10 01:00:58 Quest 'r2m2_FightFelix' can be given now
I       QuestState.cpp[0904]08/10 01:00:58 Quest 'r2m2_ReturnToMarecciaFromCastle' can be given now
I       QuestState.cpp[0904]08/10 01:00:58 Quest 'r2m2_FightWithAxelInArena_Quest' can be given now
I       QuestState.cpp[0904]08/10 01:00:58 Quest 'r2m2_FindLisAfterAxelAndFatherDie_Quest' can be given now
I       QuestState.cpp[0904]08/10 01:00:58 Quest 'r2m2_ToLisaToMonastir' can be given now
I       QuestState.cpp[0904]08/10 01:00:58 Quest 'r2m2_FightLisaToMonastir' can be given now
I       QuestState.cpp[0904]08/10 01:00:58 Quest 'r2m2_GiveDisk2ToOrakul' can be given now
I       QuestState.cpp[0904]08/10 01:00:58 Quest 'MrShlyapa3_Quest' can be given now
I       QuestState.cpp[0904]08/10 01:00:58 Quest 'r2m1_ArtAntipod_Quest' can be given now
I       QuestState.cpp[0904]08/10 01:00:58 Quest 'r2m1_TakeNarcotics_Quest' can be given now
I       QuestState.cpp[0904]08/10 01:00:58 Quest 'r2m1_KillGodFather_Quest' can be given now
I       QuestState.cpp[0904]08/10 01:00:58 Quest 'MrShlyapaSecret' can be given now
I       QuestState.cpp[0904]08/10 01:00:58 Quest 'd_GetSupportOneOfTheBands2_Quest' can be given now
I       QuestState.cpp[0904]08/10 01:00:58 Quest 'd_GetSupportOneOfTheBands1_Quest' can be given now
I       QuestState.cpp[0904]08/10 01:00:58 Quest 'd_FindVerbInAR_Quest' can be given now
I       QuestState.cpp[0904]08/10 01:00:58 Quest 'd_FindVerbInSNG_Quest' can be given now
I       QuestState.cpp[0904]08/10 01:00:58 Quest 'd_PatrulSideSNG_Quest' can be given now
I       QuestState.cpp[0904]08/10 01:00:58 Quest 'd_TakeGeneralOfBandits_Quest' can be given now
I       QuestState.cpp[0904]08/10 01:00:58 Quest 'r2m1_TW_AlienInShip' can be given now
I       QuestState.cpp[0904]08/10 01:00:58 Quest 'Podderzhka_Quest' can be given now
I       QuestState.cpp[0904]08/10 01:00:58 Quest 'Zashita_Quest' can be given now
I       QuestState.cpp[0904]08/10 01:00:58 Quest 'preEretik_Quest' can be given now
I       QuestState.cpp[0904]08/10 01:00:58 Quest 'ReturnQuest' can be given now
I       QuestState.cpp[0904]08/10 01:00:58 Quest 'd_FindVerbInAM_Quest' can be given now
I       QuestState.cpp[0904]08/10 01:00:58 Quest 'OdettIsDead_Quest' can be given now
I       QuestState.cpp[0904]08/10 01:00:58 Quest 'Disk2OrakulLisa' can be given now
I       QuestState.cpp[0904]08/10 01:00:58 Quest 'FindGomerB_Quest1' can be given now
I       QuestState.cpp[0904]08/10 01:00:58 Quest 'FreeExtremistLeader_Quest1' can be given now
I       QuestState.cpp[0904]08/10 01:00:58 Quest 'KillExtremist_Quest1' can be given now
I       QuestState.cpp[0904]08/10 01:00:58 Quest 'r1m4_TalkWithOldTraderAboutSecondDisk' can be given now
I       QuestState.cpp[0904]08/10 01:00:58 Quest 'q_FindHusbent' can be given now
I       QuestState.cpp[0904]08/10 01:00:58 Quest 'RybakToOlm_Quest' can be given now
I       QuestState.cpp[0904]08/10 01:00:58 Quest 'AnanagaTech_Quest' can be given now
I       QuestState.cpp[0904]08/10 01:00:58 Quest 'MrShlyapa2_Quest' can be given now
I       QuestState.cpp[0904]08/10 01:00:58 Quest 'ToCordanToTikhomir_Quest' can be given now
I       QuestState.cpp[0904]08/10 01:00:58 Quest 'r1m3_BonnyAndKlideQuest' can be given now
I       QuestState.cpp[0904]08/10 01:00:58 Quest 'r1m3_ArchHelp' can be given now
I       QuestState.cpp[0904]08/10 01:00:58 Quest 'r1m3_CrazyManQuest' can be given now
I       QuestState.cpp[0904]08/10 01:00:58 Quest 'r1m3_OldTownOutsiderCar2_Quest' can be given now
I       QuestState.cpp[0904]08/10 01:00:58 Quest 'FightForPesht' can be given now
I       QuestState.cpp[0904]08/10 01:00:58 Quest 'd_RideAcrossBase_Quest' can be given now
I       QuestState.cpp[0904]08/10 01:00:58 Quest 'd_GiveMoneyToBase_Quest' can be given now
I       QuestState.cpp[0904]08/10 01:00:58 Quest 'd_GetBomb_Quest' can be given now
I       QuestState.cpp[0904]08/10 01:00:58 Quest 'd_IntrigaOfMerMinin_Quest' can be given now
I       QuestState.cpp[0904]08/10 01:00:58 Quest 'd_MoveFreelancersToOilMine_Quest' can be given now
I       QuestState.cpp[0904]08/10 01:00:58 Quest 'd_MoveCanistraToMinin_Quest' can be given now
I       QuestState.cpp[0904]08/10 01:00:58 Quest 'd_OpenTunel_Quest' can be given now
I       QuestState.cpp[0904]08/10 01:00:58 Quest 'r1m3_TalkWithThiefFromFatherHouse' can be given now
I       QuestState.cpp[0904]08/10 01:00:58 Quest 'r1m3_MoveToOraculAfterThief' can be given now
I       QuestState.cpp[0904]08/10 01:00:58 Quest 'r1m3_ToLisaToAsgard' can be given now
I       QuestState.cpp[0904]08/10 01:00:58 Quest 'r1m3_TW_OralceAboutAlien' can be given now
I       QuestState.cpp[0904]08/10 01:00:58 Quest 'r1m3_DestroyRadiationSource' can be given now
I       QuestState.cpp[0904]08/10 01:00:58 Quest 'r2m1_DestroyAlienShip' can be given now
I       QuestState.cpp[0904]08/10 01:00:58 Quest 'd_PayWorkersMoney_Quest' can be given now
I       QuestState.cpp[0904]08/10 01:00:58 Quest 'r2m1_TW_SellsCivilian' can be given now
I       QuestState.cpp[0904]08/10 01:00:58 Quest 'MorskieVrata2_Quest' can be given now
I       QuestState.cpp[0904]08/10 01:00:58 Quest 'Zachisti1_Quest' can be given now
I       QuestState.cpp[0904]08/10 01:00:58 Quest 'LisaVPeshte' can be given now
I       QuestState.cpp[0904]08/10 01:00:58 Quest 'LisaUBena' can be given now
I       QuestState.cpp[0904]08/10 01:00:58 Quest 'WhereSigns_Quest' can be given now
I       QuestState.cpp[0904]08/10 01:00:58 Quest 'CombatInKollizey_Quest' can be given now
I       QuestState.cpp[0904]08/10 01:00:58 Quest 'BuyKollizey_Quest' can be given now
I       QuestState.cpp[0904]08/10 01:00:58 Quest 'Kollizey_Quest' can be given now
I       QuestState.cpp[0904]08/10 01:00:58 Quest 'HelpRuins_Quest' can be given now
I       QuestState.cpp[0904]08/10 01:00:58 Quest 'DestroyRuins_Quest' can be given now
I       QuestState.cpp[0904]08/10 01:00:58 Quest 'DestroyRuins2_Quest' can be given now
I       QuestState.cpp[0904]08/10 01:00:58 Quest 'Signs_Quest' can be given now
I       QuestState.cpp[0904]08/10 01:00:58 Quest 'MrShlyapa1_Quest' can be given now
I       QuestState.cpp[0904]08/10 01:00:58 Quest 'FindBen2_Quest' can be given now
I       QuestState.cpp[0904]08/10 01:00:58 Quest 'd_FindHouseOfBen_Quest' can be given now
I       QuestState.cpp[0904]08/10 01:00:58 Quest 'r1m2_TW_BanAboutAlien' can be given now
I       QuestState.cpp[0904]08/10 01:00:58 Quest 'r1m3_DestroyOracle' can be given now
I       QuestState.cpp[0904]08/10 01:00:58 Quest 'Pomiritsa_Quest' can be given now
I       QuestState.cpp[0904]08/10 01:00:58 Quest 'VYar_Quest' can be given now
I       QuestState.cpp[0904]08/10 01:00:58 Quest 'FindBenMZ_Quest' can be given now
I       QuestState.cpp[0904]08/10 01:00:58 Quest 'QuickFindBen' can be given now
I       QuestState.cpp[0904]08/10 01:00:58 Quest 'OpenMid_Quest' can be given now
I       QuestState.cpp[0904]08/10 01:00:58 Quest 'TalkBeforeDesert' can be given now
I       QuestState.cpp[0904]08/10 01:00:58 Quest 'ZashitaGotova' can be given now
I       QuestState.cpp[0904]08/10 01:00:58 Quest 'FakeQuest1' can be given now
I       QuestState.cpp[0904]08/10 01:00:58 Quest 'Chehly_Quest' can be given now
I       QuestState.cpp[0904]08/10 01:00:58 Quest 'WorkGiver_Quest1' can be given now
I       QuestState.cpp[0904]08/10 01:00:58 Quest 'd_PunishBandits_Quest' can be given now
I       QuestState.cpp[0904]08/10 01:00:58 Quest 'r1m1_Hospital_Quest' can be given now
I       QuestState.cpp[0904]08/10 01:00:58 Quest 'r1m1_Botanik_Quest' can be given now
I       QuestState.cpp[0904]08/10 01:00:58 Quest 'r1m1_FindBotanik_Quest' can be given now
I       QuestState.cpp[0904]08/10 01:00:58 Quest 'Buyer_Quest1' can be given now
I       QuestState.cpp[0904]08/10 01:00:58 Quest 'FirstTimePlay' can be given now
I       QuestState.cpp[0904]08/10 01:00:58 Quest 'TalkWithFather_Quest' can be given now
I       QuestState.cpp[0904]08/10 01:00:58 Quest 'LisaAtSouth' can be given now
I       QuestState.cpp[0904]08/10 01:00:58 Quest 'FindBen_Quest' can be given now
I       QuestState.cpp[0904]08/10 01:00:58 Quest 'FindBenAgain_Quest' can be given now
I       QuestState.cpp[0904]08/10 01:00:58 Quest 'd_SinFather_Quest' can be given now
I       QuestState.cpp[0904]08/10 01:00:58 Quest 'TalkToVasily' can be given now
I       QuestState.cpp[0904]08/10 01:00:58 Quest 'CheckTheEast' can be given now
I       QuestState.cpp[0904]08/10 01:00:58 Quest 'BenSouth_Quest' can be given now
I           server.cpp[0826]08/10 01:00:58 	AI: QuestStates loaded
I           server.cpp[0828]08/10 01:00:58 	AI: Loading DynamicScene
I     DynamicScene.cpp[1470]08/10 01:00:58 		 Scene loading begin
I     DynamicScene.cpp[1472]08/10 01:00:58 		 Scene loading end
I           server.cpp[0837]08/10 01:00:58 	AI: DynamicScene loaded
I           server.cpp[0852]08/10 01:00:58 	AI: Loading Triggers
E           server.cpp[1242]08/10 01:00:58 Error: cannot open data\maps\MainMenu\
I           server.cpp[0855]08/10 01:00:58 	AI: Triggers loaded
I           server.cpp[0857]08/10 01:00:58 	AI: Loading Object Names
E     ObjContainer.cpp[1104]08/10 01:00:58 Error: cannot open data\maps\MainMenu\object_names.xml
I           server.cpp[0868]08/10 01:00:58 	AI: Initing Player
I           server.cpp[0888]08/10 01:00:58 		Before first Update
I   TruxxUiManager.cpp[1422]08/10 01:00:59 Game mode changed. Old mode = 2, new mode = 1
I           server.cpp[0909]08/10 01:00:59 		After first Update
I           server.cpp[0911]08/10 01:00:59 AI: Finished Loading Server
I           view32.cpp[1106]08/10 01:00:59 Load server end
I        QuestInfo.cpp[0847]08/10 01:00:59 Quest infos were loaded successfully from file data\if\diz\QuestInfoGlobal.xml
I        QuestInfo.cpp[0783]08/10 01:00:59 QuestInfo manager was inited successfully
I       MsgManager.cpp[0391]08/10 01:00:59 Can't open file data\maps\MainMenu\strings.xml for read.
I    GameUiManager.cpp[0303]08/10 01:00:59 Interface: is initializing...
I    GameUiManager.cpp[0405]08/10 01:00:59 Interface: is clearing...
I    GameUiManager.cpp[0495]08/10 01:00:59 Interface: is cleared successfully
I    GameUiManager.cpp[0395]08/10 01:00:59 Interface: is inited successfully
I blockMusicManager.cpp[0199]08/10 01:00:59 BlockMusicManager: resetting
I      gameimpulse.cpp[0618]08/10 01:00:59 Key bindings: unbind all is done
I      gameimpulse.cpp[0618]08/10 01:00:59 Key bindings: unbind all is done
I      gameimpulse.cpp[0324]08/10 01:00:59 Key bindings: were loaded successfully from file data/profiles/riverzone\KeyBindings.lua
I      gameimpulse.cpp[1222]08/10 01:00:59 Key bindings: were loaded from profile
I        SplashWnd.cpp[0244]08/10 01:01:08 Start splashing 11
I   TruxxUiManager.cpp[1422]08/10 01:01:08 Game mode changed. Old mode = 1, new mode = 0
I    GameUiManager.cpp[0405]08/10 01:01:08 Interface: is clearing...
I    GameUiManager.cpp[0495]08/10 01:01:08 Interface: is cleared successfully
I           view32.cpp[1048]08/10 01:01:08 -- Loading Level: data\maps\r1m10.ssl --
I            world.cpp[0132]08/10 01:01:08 ----------------------- World Loading
F        landscape.cpp[1674]08/10 01:01:08  +- Enter function: Landscape::Load()
I        landscape.cpp[1911]08/10 01:01:08  |  ----------------------- Normal map loaded in: 17
I        landscape.cpp[1920]08/10 01:01:09  |  ----------------------- Tiles loaded in: 918
I        landscape.cpp[1944]08/10 01:01:09  |  ----------------------- ShoreLine loaded in: 1
F        landscape.cpp[1944]08/10 01:01:09  +- Exit function: Landscape::Load()
I            world.cpp[0169]08/10 01:01:09 ----------------------- Landscape loaded in: 1005
I       DataServer.cpp[0587]08/10 01:01:09 Loading Servers: data\maps\r1m10\servers.xml
I       DataServer.cpp[0594]08/10 01:01:09 Load servers: ReadXmlFile: Cannot open file data\maps\r1m10\servers.xml
I       DataServer.cpp[0587]08/10 01:01:09 Loading Servers: data\models\servers.xml
E        GamParser.cpp[0399]08/10 01:01:09 AnimatedModel::LoadGAM -- cannot open file data\models\objects\dweller_debik.gam
E        GamParser.cpp[0399]08/10 01:01:10 AnimatedModel::LoadGAM -- cannot open file data\models\Masks\Main\mask_debik.gam
E       DraftModel.cpp[1002]08/10 01:01:11 Error: Couldn't load texture data\models\vehicles\belaz\cab01_mt.dds for model cargov1.gam
E       DraftModel.cpp[1002]08/10 01:01:11 Error: Couldn't load texture data\models\vehicles\belaz\cab01_mt.dds for model cargov1.gam
E       DraftModel.cpp[1002]08/10 01:01:11 Error: Couldn't load texture data\models\vehicles\belaz\cab01_mt.dds for model cargov1.gam
E       DraftModel.cpp[1002]08/10 01:01:11 Error: Couldn't load texture data\models\vehicles\belaz\cab01_mt.dds for model cargov1.gam
E       DraftModel.cpp[1002]08/10 01:01:11 Error: Couldn't load texture data\models\vehicles\belaz\cab01_mt.dds for model cargov1.gam
E       DraftModel.cpp[1002]08/10 01:01:11 Error: Couldn't load texture data\models\vehicles\belaz\cab01_mt.dds for model cargov1.gam
E       DraftModel.cpp[1002]08/10 01:01:11 Error: Couldn't load texture data\models\vehicles\belaz\cab01_mt.dds for model cargov1.gam
E       DraftModel.cpp[1002]08/10 01:01:11 Error: Couldn't load texture data\models\vehicles\belaz\cab01_mt.dds for model cargov1.gam
E       DraftModel.cpp[1002]08/10 01:01:11 Error: Couldn't load texture data\models\vehicles\belaz\cab01_mt.dds for model cargov1.gam
E serverAnimatedModel.cpp[0627]08/10 01:01:13 ServerAnimatedModels: cannot read file: file:data\models\AnimModels.xml id = dweller_brodyaga
E serverAnimatedModel.cpp[0627]08/10 01:01:13 ServerAnimatedModels: cannot read file: file:data\models\AnimModels.xml id = mask_debik
E serverAnimatedModel.cpp[0627]08/10 01:01:13 ServerAnimatedModels: cannot read file: file:data\models\AnimModels.xml id = big_brock_wall
E serverAnimatedModel.cpp[0627]08/10 01:01:13 ServerAnimatedModels: cannot read file: file:data\models\AnimModels.xml id = dub1_r2
E serverAnimatedModel.cpp[0627]08/10 01:01:13 ServerAnimatedModels: cannot read file: file:data\models\AnimModels.xml id = boss_barrel
I serverAnimatedModel.cpp[0630]08/10 01:01:13 ### Total time: 4250, GAM time: 3591
I       DataServer.cpp[0587]08/10 01:01:13 Loading Servers: data\models\commonservers.xml
E      serverMusic.cpp[0216]08/10 01:01:13 MusicServer: cannot read file: data\music\music.xml id = 'LaBelleTown'
E      serverMusic.cpp[0216]08/10 01:01:13 MusicServer: cannot read file: data\music\music.xml id = 'block6_driving2'
I            world.cpp[0210]08/10 01:01:13 ----------------------- Servers loaded in: 4573
I            world.cpp[0338]08/10 01:01:13 LoadWorld begin...
I            world.cpp[0350]08/10 01:01:13 %%%% read/parse xml: 1
I            world.cpp[0362]08/10 01:01:13 %%%% read from xml: 1
I            world.cpp[0444]08/10 01:01:14 %%%% link nodes: 14
I            world.cpp[0220]08/10 01:01:14 ----------------------- Nodes loaded in: 17
I            world.cpp[0228]08/10 01:01:14 ----------------------- Prefabs loaded in: 1
I           m3dapp.cpp[1336]08/10 01:01:14 d3d: Cannot open data\weatherTexs\LoadMe.txt
I           m3dapp.cpp[1336]08/10 01:01:14 d3d: texmap failed to load: data\weatherTexs\LoadMe.txt
I            world.cpp[0247]08/10 01:01:14 ----------------------- World loaded in: 5787
E        GamParser.cpp[0399]08/10 01:01:14 AnimatedModel::LoadGAM -- cannot open file data\models\roads\road_small_highway\small_highway_end.gam-
I      roadManager.cpp[0139]08/10 01:01:14 RoadManager error( model not loaded ): data\models\roads\road_small_highway\small_highway_end.gam-
I            world.cpp[0278]08/10 01:01:14 ----------------------- Roads loaded in: 110
I           view32.cpp[1078]08/10 01:01:14 Load Server begin...
I            Reply.cpp[0415]08/10 01:01:14 Replies were loaded successfully from file data\if\diz\DialogsGlobal.xml
I            Reply.cpp[0415]08/10 01:01:14 Replies were loaded successfully from file data\if\diz\DynamicDialogsGlobal.xml
I            Reply.cpp[0343]08/10 01:01:14 RepliesManager was inited successfully
I    GameUiManager.cpp[1603]08/10 01:01:14 Interface: loading resources ...
I     ObjectsIcons.cpp[0198]08/10 01:01:14 ObjectsIcons::AddIcon warning - ico with id SpeedPointer already exists and wiil be replaced
I    GameUiManager.cpp[1603]08/10 01:01:15 Interface: loading resources ...
I   TruxxUiManager.cpp[0974]08/10 01:01:15 Interface: is loaded successfully
I           server.cpp[0789]08/10 01:01:15 AI: Loading Server...
I           server.cpp[0796]08/10 01:01:15 	AI: Loading Relationship
I     Relationship.cpp[0134]08/10 01:01:15 		 File readed
I           server.cpp[0801]08/10 01:01:15 	AI: Loading SoilProps
I           server.cpp[0804]08/10 01:01:15 	AI: Loading ExternalPaths
I           server.cpp[0807]08/10 01:01:15 	AI: Loading PlayerPassMap
I           server.cpp[0813]08/10 01:01:15 	AI: Loading GameObjects
I           server.cpp[0816]08/10 01:01:15 	AI: Initializing VehicleGeneratorInfoCache
I           server.cpp[0820]08/10 01:01:15 	AI: Refreshing GameObjects
E      VehiclePart.cpp[0138]08/10 01:01:15 Error: collision geom in vehicle part name = 'boss04station' is not BOX
E      VehiclePart.cpp[0138]08/10 01:01:15 Error: collision geom in vehicle part name = 'heavy_dot1' is not BOX
I           server.cpp[0824]08/10 01:01:15 	AI: Loading QuestStates
I       QuestState.cpp[0904]08/10 01:01:15 Quest 'Human1_Quest1' can be given now
I       QuestState.cpp[0904]08/10 01:01:15 Quest 'Human1_Quest2' can be given now
I       QuestState.cpp[0904]08/10 01:01:15 Quest 'BenGoodEnd' can be given now
I       QuestState.cpp[0904]08/10 01:01:15 Quest 'q_PlaceWithSign' can be given now
I       QuestState.cpp[0904]08/10 01:01:15 Quest 'r3m2_OracleMemory' can be given now
I       QuestState.cpp[0904]08/10 01:01:15 Quest 'r3m2_TalkWithLisa' can be given now
I       QuestState.cpp[0904]08/10 01:01:15 Quest 'r3m2_TalkWithBenAboutCarAfterOracul' can be given now
I       QuestState.cpp[0904]08/10 01:01:15 Quest 'r3m2_FindInfoAboutFather' can be given now
I       QuestState.cpp[0904]08/10 01:01:15 Quest 'r3m1_LureMainDriud' can be given now
I       QuestState.cpp[0904]08/10 01:01:15 Quest 'r3m1_ClearSanctuary' can be given now
I       QuestState.cpp[0904]08/10 01:01:15 Quest 'r3m1_KnowAboutUluk' can be given now
I       QuestState.cpp[0904]08/10 01:01:15 Quest 'r3m1_RescueUlukCivil' can be given now
I       QuestState.cpp[0904]08/10 01:01:15 Quest 'q_VisitDruid' can be given now
I       QuestState.cpp[0904]08/10 01:01:15 Quest 'r2m2_Znaki2_Quest' can be given now
I       QuestState.cpp[0904]08/10 01:01:15 Quest 'r2m2_HeadsHunterQuest' can be given now
I       QuestState.cpp[0904]08/10 01:01:15 Quest 'r2m2_OldDvigatel1_Quest' can be given now
I       QuestState.cpp[0904]08/10 01:01:15 Quest 'r2m2_OldDvigatel2_Quest' can be given now
I       QuestState.cpp[0904]08/10 01:01:15 Quest 'r2m2_FightFelix' can be given now
I       QuestState.cpp[0904]08/10 01:01:15 Quest 'r2m2_ReturnToMarecciaFromCastle' can be given now
I       QuestState.cpp[0904]08/10 01:01:15 Quest 'r2m2_FightWithAxelInArena_Quest' can be given now
I       QuestState.cpp[0904]08/10 01:01:15 Quest 'r2m2_FindLisAfterAxelAndFatherDie_Quest' can be given now
I       QuestState.cpp[0904]08/10 01:01:15 Quest 'r2m2_ToLisaToMonastir' can be given now
I       QuestState.cpp[0904]08/10 01:01:15 Quest 'r2m2_FightLisaToMonastir' can be given now
I       QuestState.cpp[0904]08/10 01:01:15 Quest 'r2m2_GiveDisk2ToOrakul' can be given now
I       QuestState.cpp[0904]08/10 01:01:15 Quest 'MrShlyapa3_Quest' can be given now
I       QuestState.cpp[0904]08/10 01:01:15 Quest 'r2m1_ArtAntipod_Quest' can be given now
I       QuestState.cpp[0904]08/10 01:01:15 Quest 'r2m1_TakeNarcotics_Quest' can be given now
I       QuestState.cpp[0904]08/10 01:01:15 Quest 'r2m1_KillGodFather_Quest' can be given now
I       QuestState.cpp[0904]08/10 01:01:15 Quest 'MrShlyapaSecret' can be given now
I       QuestState.cpp[0904]08/10 01:01:15 Quest 'd_GetSupportOneOfTheBands2_Quest' can be given now
I       QuestState.cpp[0904]08/10 01:01:15 Quest 'd_GetSupportOneOfTheBands1_Quest' can be given now
I       QuestState.cpp[0904]08/10 01:01:15 Quest 'd_FindVerbInAR_Quest' can be given now
I       QuestState.cpp[0904]08/10 01:01:15 Quest 'd_FindVerbInSNG_Quest' can be given now
I       QuestState.cpp[0904]08/10 01:01:15 Quest 'd_PatrulSideSNG_Quest' can be given now
I       QuestState.cpp[0904]08/10 01:01:15 Quest 'd_TakeGeneralOfBandits_Quest' can be given now
I       QuestState.cpp[0904]08/10 01:01:15 Quest 'r2m1_TW_AlienInShip' can be given now
I       QuestState.cpp[0904]08/10 01:01:15 Quest 'Podderzhka_Quest' can be given now
I       QuestState.cpp[0904]08/10 01:01:15 Quest 'Zashita_Quest' can be given now
I       QuestState.cpp[0904]08/10 01:01:15 Quest 'preEretik_Quest' can be given now
I       QuestState.cpp[0904]08/10 01:01:15 Quest 'ReturnQuest' can be given now
I       QuestState.cpp[0904]08/10 01:01:15 Quest 'd_FindVerbInAM_Quest' can be given now
I       QuestState.cpp[0904]08/10 01:01:15 Quest 'OdettIsDead_Quest' can be given now
I       QuestState.cpp[0904]08/10 01:01:15 Quest 'Disk2OrakulLisa' can be given now
I       QuestState.cpp[0904]08/10 01:01:15 Quest 'FindGomerB_Quest1' can be given now
I       QuestState.cpp[0904]08/10 01:01:15 Quest 'FreeExtremistLeader_Quest1' can be given now
I       QuestState.cpp[0904]08/10 01:01:15 Quest 'KillExtremist_Quest1' can be given now
I       QuestState.cpp[0904]08/10 01:01:15 Quest 'r1m4_TalkWithOldTraderAboutSecondDisk' can be given now
I       QuestState.cpp[0904]08/10 01:01:15 Quest 'q_FindHusbent' can be given now
I       QuestState.cpp[0904]08/10 01:01:15 Quest 'RybakToOlm_Quest' can be given now
I       QuestState.cpp[0904]08/10 01:01:15 Quest 'AnanagaTech_Quest' can be given now
I       QuestState.cpp[0904]08/10 01:01:15 Quest 'MrShlyapa2_Quest' can be given now
I       QuestState.cpp[0904]08/10 01:01:15 Quest 'ToCordanToTikhomir_Quest' can be given now
I       QuestState.cpp[0904]08/10 01:01:15 Quest 'r1m3_BonnyAndKlideQuest' can be given now
I       QuestState.cpp[0904]08/10 01:01:15 Quest 'r1m3_ArchHelp' can be given now
I       QuestState.cpp[0904]08/10 01:01:15 Quest 'r1m3_CrazyManQuest' can be given now
I       QuestState.cpp[0904]08/10 01:01:15 Quest 'r1m3_OldTownOutsiderCar2_Quest' can be given now
I       QuestState.cpp[0904]08/10 01:01:15 Quest 'FightForPesht' can be given now
I       QuestState.cpp[0904]08/10 01:01:15 Quest 'd_RideAcrossBase_Quest' can be given now
I       QuestState.cpp[0904]08/10 01:01:15 Quest 'd_GiveMoneyToBase_Quest' can be given now
I       QuestState.cpp[0904]08/10 01:01:15 Quest 'd_GetBomb_Quest' can be given now
I       QuestState.cpp[0904]08/10 01:01:15 Quest 'd_IntrigaOfMerMinin_Quest' can be given now
I       QuestState.cpp[0904]08/10 01:01:15 Quest 'd_MoveFreelancersToOilMine_Quest' can be given now
I       QuestState.cpp[0904]08/10 01:01:15 Quest 'd_MoveCanistraToMinin_Quest' can be given now
I       QuestState.cpp[0904]08/10 01:01:15 Quest 'd_OpenTunel_Quest' can be given now
I       QuestState.cpp[0904]08/10 01:01:15 Quest 'r1m3_TalkWithThiefFromFatherHouse' can be given now
I       QuestState.cpp[0904]08/10 01:01:15 Quest 'r1m3_MoveToOraculAfterThief' can be given now
I       QuestState.cpp[0904]08/10 01:01:15 Quest 'r1m3_ToLisaToAsgard' can be given now
I       QuestState.cpp[0904]08/10 01:01:15 Quest 'r1m3_TW_OralceAboutAlien' can be given now
I       QuestState.cpp[0904]08/10 01:01:15 Quest 'r1m3_DestroyRadiationSource' can be given now
I       QuestState.cpp[0904]08/10 01:01:15 Quest 'r2m1_DestroyAlienShip' can be given now
I       QuestState.cpp[0904]08/10 01:01:15 Quest 'd_PayWorkersMoney_Quest' can be given now
I       QuestState.cpp[0904]08/10 01:01:15 Quest 'r2m1_TW_SellsCivilian' can be given now
I       QuestState.cpp[0904]08/10 01:01:15 Quest 'MorskieVrata2_Quest' can be given now
I       QuestState.cpp[0904]08/10 01:01:15 Quest 'Zachisti1_Quest' can be given now
I       QuestState.cpp[0904]08/10 01:01:15 Quest 'LisaVPeshte' can be given now
I       QuestState.cpp[0904]08/10 01:01:15 Quest 'LisaUBena' can be given now
I       QuestState.cpp[0904]08/10 01:01:15 Quest 'WhereSigns_Quest' can be given now
I       QuestState.cpp[0904]08/10 01:01:15 Quest 'CombatInKollizey_Quest' can be given now
I       QuestState.cpp[0904]08/10 01:01:15 Quest 'BuyKollizey_Quest' can be given now
I       QuestState.cpp[0904]08/10 01:01:15 Quest 'Kollizey_Quest' can be given now
I       QuestState.cpp[0904]08/10 01:01:15 Quest 'HelpRuins_Quest' can be given now
I       QuestState.cpp[0904]08/10 01:01:15 Quest 'DestroyRuins_Quest' can be given now
I       QuestState.cpp[0904]08/10 01:01:15 Quest 'DestroyRuins2_Quest' can be given now
I       QuestState.cpp[0904]08/10 01:01:15 Quest 'Signs_Quest' can be given now
I       QuestState.cpp[0904]08/10 01:01:15 Quest 'MrShlyapa1_Quest' can be given now
I       QuestState.cpp[0904]08/10 01:01:15 Quest 'FindBen2_Quest' can be given now
I       QuestState.cpp[0904]08/10 01:01:15 Quest 'd_FindHouseOfBen_Quest' can be given now
I       QuestState.cpp[0904]08/10 01:01:15 Quest 'r1m2_TW_BanAboutAlien' can be given now
I       QuestState.cpp[0904]08/10 01:01:15 Quest 'r1m3_DestroyOracle' can be given now
I       QuestState.cpp[0904]08/10 01:01:15 Quest 'Pomiritsa_Quest' can be given now
I       QuestState.cpp[0904]08/10 01:01:15 Quest 'VYar_Quest' can be given now
I       QuestState.cpp[0904]08/10 01:01:15 Quest 'FindBenMZ_Quest' can be given now
I       QuestState.cpp[0904]08/10 01:01:15 Quest 'QuickFindBen' can be given now
I       QuestState.cpp[0904]08/10 01:01:15 Quest 'OpenMid_Quest' can be given now
I       QuestState.cpp[0904]08/10 01:01:15 Quest 'TalkBeforeDesert' can be given now
I       QuestState.cpp[0904]08/10 01:01:15 Quest 'ZashitaGotova' can be given now
I       QuestState.cpp[0904]08/10 01:01:15 Quest 'FakeQuest1' can be given now
I       QuestState.cpp[0904]08/10 01:01:15 Quest 'Chehly_Quest' can be given now
I       QuestState.cpp[0904]08/10 01:01:15 Quest 'WorkGiver_Quest1' can be given now
I       QuestState.cpp[0904]08/10 01:01:15 Quest 'd_PunishBandits_Quest' can be given now
I       QuestState.cpp[0904]08/10 01:01:15 Quest 'r1m1_Hospital_Quest' can be given now
I       QuestState.cpp[0904]08/10 01:01:15 Quest 'r1m1_Botanik_Quest' can be given now
I       QuestState.cpp[0904]08/10 01:01:15 Quest 'r1m1_FindBotanik_Quest' can be given now
I       QuestState.cpp[0904]08/10 01:01:15 Quest 'Buyer_Quest1' can be given now
I       QuestState.cpp[0904]08/10 01:01:15 Quest 'FirstTimePlay' can be given now
I       QuestState.cpp[0904]08/10 01:01:15 Quest 'TalkWithFather_Quest' can be given now
I       QuestState.cpp[0904]08/10 01:01:15 Quest 'LisaAtSouth' can be given now
I       QuestState.cpp[0904]08/10 01:01:15 Quest 'FindBen_Quest' can be given now
I       QuestState.cpp[0904]08/10 01:01:15 Quest 'FindBenAgain_Quest' can be given now
I       QuestState.cpp[0904]08/10 01:01:15 Quest 'd_SinFather_Quest' can be given now
I       QuestState.cpp[0904]08/10 01:01:15 Quest 'TalkToVasily' can be given now
I       QuestState.cpp[0904]08/10 01:01:15 Quest 'CheckTheEast' can be given now
I       QuestState.cpp[0904]08/10 01:01:15 Quest 'BenSouth_Quest' can be given now
I           server.cpp[0826]08/10 01:01:15 	AI: QuestStates loaded
I           server.cpp[0828]08/10 01:01:15 	AI: Loading DynamicScene
I     DynamicScene.cpp[1470]08/10 01:01:15 		 Scene loading begin
I     DynamicScene.cpp[1472]08/10 01:01:15 		 Scene loading end
I           server.cpp[0837]08/10 01:01:15 	AI: DynamicScene loaded
I           server.cpp[0852]08/10 01:01:15 	AI: Loading Triggers
I           server.cpp[0855]08/10 01:01:15 	AI: Triggers loaded
I           server.cpp[0857]08/10 01:01:15 	AI: Loading Object Names
I           server.cpp[0868]08/10 01:01:15 	AI: Initing Player
I           server.cpp[0888]08/10 01:01:15 		Before first Update
I           server.cpp[0909]08/10 01:01:15 		After first Update
I           server.cpp[0911]08/10 01:01:15 AI: Finished Loading Server
I           view32.cpp[1106]08/10 01:01:15 Load server end
I        QuestInfo.cpp[0847]08/10 01:01:15 Quest infos were loaded successfully from file data\if\diz\QuestInfoGlobal.xml
I        QuestInfo.cpp[0783]08/10 01:01:15 QuestInfo manager was inited successfully
I        LevelInfo.cpp[1619]08/10 01:01:15 LevelInfoManager::AddVisitedLevel error - level with name 'r1m10' does not exist
I        LevelInfo.cpp[1602]08/10 01:01:15 LevelInfoManager::AddKnownLevel error - level with name 'r1m10' does not exist
I    GameUiManager.cpp[0303]08/10 01:01:15 Interface: is initializing...
I    GameUiManager.cpp[0395]08/10 01:01:15 Interface: is inited successfully
I      MapComboBox.cpp[0195]08/10 01:01:15 Error in updating map list: no info for current map exists
I     GlobalMapWnd.cpp[0157]08/10 01:01:15 Make control error: control mainmenu_ico is not found or incorrect type
I     GlobalMapWnd.cpp[0157]08/10 01:01:15 Make control error: control r1m8_ico is not found or incorrect type
I     GlobalMapWnd.cpp[0157]08/10 01:01:15 Make control error: control r1m7_ico is not found or incorrect type
I     GlobalMapWnd.cpp[0157]08/10 01:01:15 Make control error: control r4m0_ico is not found or incorrect type
I     GlobalMapWnd.cpp[0157]08/10 01:01:15 Make control error: control r9m1_ico is not found or incorrect type
I     GlobalMapWnd.cpp[0203]08/10 01:01:15 GlobalMapWnd: error - fail to init because of a bad resource
I blockMusicManager.cpp[0185]08/10 01:01:15 BlockMusicManager: start playing new music: blockNum = 0, musicType = 0, name = 'block0_driving'
I       console_string[0236]08/10 01:01:36 ---------------------- CHEAT WAS USED --------- ANTICHEAT -----------------
I        FadingMsg.cpp[0199]08/10 01:01:36 Fading message: '@FFFF1493Обнаружено использование чит-кодов. Система достижений @FFFF0000ЗАБЛОКИРОВАНА. @FFFF1493В техподдержке @FFFF0000ОТКАЗАНО.'
I        FadingMsg.cpp[0199]08/10 01:01:36 Fading message: '@FFFF1493Обнаружено использование чит-кодов. Система достижений @FFFF0000ЗАБЛОКИРОВАНА. @FFFF1493В техподдержке @FFFF0000ОТКАЗАНО.'
I           m3dapp.cpp[1336]08/10 01:04:24 d3d: Device reset ok
I           m3dapp.cpp[1336]08/10 01:08:51 d3d: Device reset ok
I        SplashWnd.cpp[0244]08/10 01:10:50 Start splashing 11
I   TruxxUiManager.cpp[1422]08/10 01:10:50 Game mode changed. Old mode = 0, new mode = 0
I    GameUiManager.cpp[0405]08/10 01:10:50 Interface: is clearing...
I    GameUiManager.cpp[0495]08/10 01:10:50 Interface: is cleared successfully
I           view32.cpp[1048]08/10 01:10:51 -- Loading Level: data\maps\r11m1.ssl --
I            world.cpp[0132]08/10 01:10:51 ----------------------- World Loading
F        landscape.cpp[1674]08/10 01:10:51  +- Enter function: Landscape::Load()
I        landscape.cpp[1911]08/10 01:10:51  |  ----------------------- Normal map loaded in: 23
I        landscape.cpp[1920]08/10 01:10:52  |  ----------------------- Tiles loaded in: 992
I        landscape.cpp[1944]08/10 01:10:52  |  ----------------------- ShoreLine loaded in: 41
F        landscape.cpp[1944]08/10 01:10:52  +- Exit function: Landscape::Load()
I            world.cpp[0169]08/10 01:10:52 ----------------------- Landscape loaded in: 1186
I       DataServer.cpp[0587]08/10 01:10:52 Loading Servers: data\maps\r11m1\servers.xml
E serverAnimatedModel.cpp[0627]08/10 01:10:52 ServerAnimatedModels: cannot read file: file:data\models\AnimModels.xml id = brick_debris1
E serverAnimatedModel.cpp[0627]08/10 01:10:52 ServerAnimatedModels: cannot read file: file:data\models\AnimModels.xml id = octopus01
E serverAnimatedModel.cpp[0627]08/10 01:10:52 ServerAnimatedModels: cannot read file: file:data\models\AnimModels.xml id = octopus01gun
E serverAnimatedModel.cpp[0627]08/10 01:10:52 ServerAnimatedModels: cannot read file: file:data\models\AnimModels.xml id = big_swingfire01
E serverAnimatedModel.cpp[0627]08/10 01:10:52 ServerAnimatedModels: cannot read file: file:data\models\AnimModels.xml id = vulcan01
E serverAnimatedModel.cpp[0627]08/10 01:10:52 ServerAnimatedModels: cannot read file: file:data\models\AnimModels.xml id = vulcan01gun
E serverAnimatedModel.cpp[0627]08/10 01:10:52 ServerAnimatedModels: cannot read file: file:data\models\AnimModels.xml id = rainmetal01
E serverAnimatedModel.cpp[0627]08/10 01:10:52 ServerAnimatedModels: cannot read file: file:data\models\AnimModels.xml id = rainmetal01gun
E serverAnimatedModel.cpp[0627]08/10 01:10:52 ServerAnimatedModels: cannot read file: file:data\models\AnimModels.xml id = rapier01gun
E serverAnimatedModel.cpp[0627]08/10 01:10:52 ServerAnimatedModels: cannot read file: file:data\models\AnimModels.xml id = cyclops01gun
E serverAnimatedModel.cpp[0627]08/10 01:10:52 ServerAnimatedModels: cannot read file: file:data\models\AnimModels.xml id = big_hammer01
E serverAnimatedModel.cpp[0627]08/10 01:10:52 ServerAnimatedModels: cannot read file: file:data\models\AnimModels.xml id = big_hammer01gun
E serverAnimatedModel.cpp[0627]08/10 01:10:52 ServerAnimatedModels: cannot read file: file:data\models\AnimModels.xml id = hail01Lgun
E serverAnimatedModel.cpp[0627]08/10 01:10:52 ServerAnimatedModels: cannot read file: file:data\models\AnimModels.xml id = hail01R
E serverAnimatedModel.cpp[0627]08/10 01:10:52 ServerAnimatedModels: cannot read file: file:data\models\AnimModels.xml id = heavy_dot_brocken4
E serverAnimatedModel.cpp[0627]08/10 01:10:52 ServerAnimatedModels: cannot read file: file:data\models\AnimModels.xml id = sack_dot_brocken1
I serverAnimatedModel.cpp[0630]08/10 01:10:52 ### Total time: 141, GAM time: 0
I       DataServer.cpp[0587]08/10 01:10:52 Loading Servers: data\models\commonservers.xml
E      serverMusic.cpp[0216]08/10 01:10:53 MusicServer: cannot read file: data\music\music.xml id = 'LaBelleTown'
E      serverMusic.cpp[0216]08/10 01:10:53 MusicServer: cannot read file: data\music\music.xml id = 'block6_driving2'
I            world.cpp[0210]08/10 01:10:53 ----------------------- Servers loaded in: 819
I            world.cpp[0338]08/10 01:10:53 LoadWorld begin...
I            world.cpp[0350]08/10 01:10:53 %%%% read/parse xml: 226
I            world.cpp[0362]08/10 01:10:53 %%%% read from xml: 485
I            world.cpp[0444]08/10 01:10:54 %%%% link nodes: 55
I            world.cpp[0220]08/10 01:10:54 ----------------------- Nodes loaded in: 772
I            world.cpp[0228]08/10 01:10:54 ----------------------- Prefabs loaded in: 1
I            world.cpp[0247]08/10 01:10:54 ----------------------- World loaded in: 3184
E        GamParser.cpp[0399]08/10 01:10:54 AnimatedModel::LoadGAM -- cannot open file data\models\roads\road_small_highway\small_highway_end.gam-
I      roadManager.cpp[0139]08/10 01:10:54 RoadManager error( model not loaded ): data\models\roads\road_small_highway\small_highway_end.gam-
I           Kernel.cpp[0280]08/10 01:10:54 EffectImpl: failed to load fx file 'data/shaders/road_detail.fx' with: No D3DX error message.
I           Kernel.cpp[0280]08/10 01:10:54 EffectImpl: failed to load fx file 'data/shaders/road_detail.fx' with: No D3DX error message.
I           Kernel.cpp[0280]08/10 01:10:54 EffectImpl: failed to load fx file 'data/shaders/road_detail.fx' with: No D3DX error message.
I           Kernel.cpp[0280]08/10 01:10:54 EffectImpl: failed to load fx file 'data/shaders/road_detail.fx' with: No D3DX error message.
I           Kernel.cpp[0280]08/10 01:10:54 EffectImpl: failed to load fx file 'data/shaders/road_detail.fx' with: No D3DX error message.
I           Kernel.cpp[0280]08/10 01:10:54 EffectImpl: failed to load fx file 'data/shaders/road_detail.fx' with: No D3DX error message.
I           Kernel.cpp[0280]08/10 01:10:54 EffectImpl: failed to load fx file 'data/shaders/road_detail.fx' with: No D3DX error message.
I           Kernel.cpp[0280]08/10 01:10:54 EffectImpl: failed to load fx file 'data/shaders/road_detail.fx' with: No D3DX error message.
I           Kernel.cpp[0280]08/10 01:10:54 EffectImpl: failed to load fx file 'data/shaders/road_detail.fx' with: No D3DX error message.
I           Kernel.cpp[0280]08/10 01:10:54 EffectImpl: failed to load fx file 'data/shaders/road_detail.fx' with: No D3DX error message.
I           Kernel.cpp[0280]08/10 01:10:54 EffectImpl: failed to load fx file 'data/shaders/road_detail.fx' with: No D3DX error message.
I           Kernel.cpp[0280]08/10 01:10:54 EffectImpl: failed to load fx file 'data/shaders/road_detail.fx' with: No D3DX error message.
I           Kernel.cpp[0280]08/10 01:10:54 EffectImpl: failed to load fx file 'data/shaders/road_detail.fx' with: No D3DX error message.
I           Kernel.cpp[0280]08/10 01:10:54 EffectImpl: failed to load fx file 'data/shaders/road_detail.fx' with: No D3DX error message.
I            world.cpp[0278]08/10 01:10:54 ----------------------- Roads loaded in: 124
I           view32.cpp[1078]08/10 01:10:54 Load Server begin...
I    GameUiManager.cpp[1603]08/10 01:10:54 Interface: loading resources ...
I   TruxxUiManager.cpp[0974]08/10 01:10:54 Interface: is loaded successfully
I           server.cpp[0789]08/10 01:10:54 AI: Loading Server...
I           server.cpp[0796]08/10 01:10:54 	AI: Loading Relationship
I     Relationship.cpp[0134]08/10 01:10:54 		 File readed
I           server.cpp[0801]08/10 01:10:54 	AI: Loading SoilProps
I           server.cpp[0804]08/10 01:10:54 	AI: Loading ExternalPaths
I           server.cpp[0807]08/10 01:10:54 	AI: Loading PlayerPassMap
I           server.cpp[0813]08/10 01:10:54 	AI: Loading GameObjects
I           server.cpp[0816]08/10 01:10:54 	AI: Initializing VehicleGeneratorInfoCache
I           server.cpp[0820]08/10 01:10:54 	AI: Refreshing GameObjects
E      VehiclePart.cpp[0138]08/10 01:10:54 Error: collision geom in vehicle part name = 'heavy_dot1' is not BOX
I           server.cpp[0824]08/10 01:10:54 	AI: Loading QuestStates
I       QuestState.cpp[0904]08/10 01:10:54 Quest 'Human1_Quest1' can be given now
I       QuestState.cpp[0904]08/10 01:10:54 Quest 'Human1_Quest2' can be given now
I       QuestState.cpp[0904]08/10 01:10:54 Quest 'BenGoodEnd' can be given now
I       QuestState.cpp[0904]08/10 01:10:54 Quest 'q_PlaceWithSign' can be given now
I       QuestState.cpp[0904]08/10 01:10:54 Quest 'r3m2_OracleMemory' can be given now
I       QuestState.cpp[0904]08/10 01:10:54 Quest 'r3m2_TalkWithLisa' can be given now
I       QuestState.cpp[0904]08/10 01:10:54 Quest 'r3m2_TalkWithBenAboutCarAfterOracul' can be given now
I       QuestState.cpp[0904]08/10 01:10:54 Quest 'r3m2_FindInfoAboutFather' can be given now
I       QuestState.cpp[0904]08/10 01:10:54 Quest 'r3m1_LureMainDriud' can be given now
I       QuestState.cpp[0904]08/10 01:10:54 Quest 'r3m1_ClearSanctuary' can be given now
I       QuestState.cpp[0904]08/10 01:10:54 Quest 'r3m1_KnowAboutUluk' can be given now
I       QuestState.cpp[0904]08/10 01:10:54 Quest 'r3m1_RescueUlukCivil' can be given now
I       QuestState.cpp[0904]08/10 01:10:54 Quest 'q_VisitDruid' can be given now
I       QuestState.cpp[0904]08/10 01:10:54 Quest 'r2m2_Znaki2_Quest' can be given now
I       QuestState.cpp[0904]08/10 01:10:54 Quest 'r2m2_HeadsHunterQuest' can be given now
I       QuestState.cpp[0904]08/10 01:10:54 Quest 'r2m2_OldDvigatel1_Quest' can be given now
I       QuestState.cpp[0904]08/10 01:10:54 Quest 'r2m2_OldDvigatel2_Quest' can be given now
I       QuestState.cpp[0904]08/10 01:10:54 Quest 'r2m2_FightFelix' can be given now
I       QuestState.cpp[0904]08/10 01:10:54 Quest 'r2m2_ReturnToMarecciaFromCastle' can be given now
I       QuestState.cpp[0904]08/10 01:10:54 Quest 'r2m2_FightWithAxelInArena_Quest' can be given now
I       QuestState.cpp[0904]08/10 01:10:54 Quest 'r2m2_FindLisAfterAxelAndFatherDie_Quest' can be given now
I       QuestState.cpp[0904]08/10 01:10:54 Quest 'r2m2_ToLisaToMonastir' can be given now
I       QuestState.cpp[0904]08/10 01:10:54 Quest 'r2m2_FightLisaToMonastir' can be given now
I       QuestState.cpp[0904]08/10 01:10:54 Quest 'r2m2_GiveDisk2ToOrakul' can be given now
I       QuestState.cpp[0904]08/10 01:10:54 Quest 'MrShlyapa3_Quest' can be given now
I       QuestState.cpp[0904]08/10 01:10:54 Quest 'r2m1_ArtAntipod_Quest' can be given now
I       QuestState.cpp[0904]08/10 01:10:54 Quest 'r2m1_TakeNarcotics_Quest' can be given now
I       QuestState.cpp[0904]08/10 01:10:54 Quest 'r2m1_KillGodFather_Quest' can be given now
I       QuestState.cpp[0904]08/10 01:10:54 Quest 'MrShlyapaSecret' can be given now
I       QuestState.cpp[0904]08/10 01:10:54 Quest 'd_GetSupportOneOfTheBands2_Quest' can be given now
I       QuestState.cpp[0904]08/10 01:10:54 Quest 'd_GetSupportOneOfTheBands1_Quest' can be given now
I       QuestState.cpp[0904]08/10 01:10:54 Quest 'd_FindVerbInAR_Quest' can be given now
I       QuestState.cpp[0904]08/10 01:10:54 Quest 'd_FindVerbInSNG_Quest' can be given now
I       QuestState.cpp[0904]08/10 01:10:54 Quest 'd_PatrulSideSNG_Quest' can be given now
I       QuestState.cpp[0904]08/10 01:10:54 Quest 'd_TakeGeneralOfBandits_Quest' can be given now
I       QuestState.cpp[0904]08/10 01:10:54 Quest 'r2m1_TW_AlienInShip' can be given now
I       QuestState.cpp[0904]08/10 01:10:54 Quest 'Podderzhka_Quest' can be given now
I       QuestState.cpp[0904]08/10 01:10:54 Quest 'Zashita_Quest' can be given now
I       QuestState.cpp[0904]08/10 01:10:54 Quest 'preEretik_Quest' can be given now
I       QuestState.cpp[0904]08/10 01:10:54 Quest 'ReturnQuest' can be given now
I       QuestState.cpp[0904]08/10 01:10:54 Quest 'd_FindVerbInAM_Quest' can be given now
I       QuestState.cpp[0904]08/10 01:10:54 Quest 'OdettIsDead_Quest' can be given now
I       QuestState.cpp[0904]08/10 01:10:54 Quest 'Disk2OrakulLisa' can be given now
I       QuestState.cpp[0904]08/10 01:10:54 Quest 'FindGomerB_Quest1' can be given now
I       QuestState.cpp[0904]08/10 01:10:54 Quest 'FreeExtremistLeader_Quest1' can be given now
I       QuestState.cpp[0904]08/10 01:10:54 Quest 'KillExtremist_Quest1' can be given now
I       QuestState.cpp[0904]08/10 01:10:54 Quest 'r1m4_TalkWithOldTraderAboutSecondDisk' can be given now
I       QuestState.cpp[0904]08/10 01:10:54 Quest 'q_FindHusbent' can be given now
I       QuestState.cpp[0904]08/10 01:10:54 Quest 'RybakToOlm_Quest' can be given now
I       QuestState.cpp[0904]08/10 01:10:54 Quest 'AnanagaTech_Quest' can be given now
I       QuestState.cpp[0904]08/10 01:10:54 Quest 'MrShlyapa2_Quest' can be given now
I       QuestState.cpp[0904]08/10 01:10:54 Quest 'ToCordanToTikhomir_Quest' can be given now
I       QuestState.cpp[0904]08/10 01:10:54 Quest 'r1m3_BonnyAndKlideQuest' can be given now
I       QuestState.cpp[0904]08/10 01:10:54 Quest 'r1m3_ArchHelp' can be given now
I       QuestState.cpp[0904]08/10 01:10:54 Quest 'r1m3_CrazyManQuest' can be given now
I       QuestState.cpp[0904]08/10 01:10:54 Quest 'r1m3_OldTownOutsiderCar2_Quest' can be given now
I       QuestState.cpp[0904]08/10 01:10:54 Quest 'FightForPesht' can be given now
I       QuestState.cpp[0904]08/10 01:10:54 Quest 'd_RideAcrossBase_Quest' can be given now
I       QuestState.cpp[0904]08/10 01:10:54 Quest 'd_GiveMoneyToBase_Quest' can be given now
I       QuestState.cpp[0904]08/10 01:10:54 Quest 'd_GetBomb_Quest' can be given now
I       QuestState.cpp[0904]08/10 01:10:54 Quest 'd_IntrigaOfMerMinin_Quest' can be given now
I       QuestState.cpp[0904]08/10 01:10:54 Quest 'd_MoveFreelancersToOilMine_Quest' can be given now
I       QuestState.cpp[0904]08/10 01:10:54 Quest 'd_MoveCanistraToMinin_Quest' can be given now
I       QuestState.cpp[0904]08/10 01:10:54 Quest 'd_OpenTunel_Quest' can be given now
I       QuestState.cpp[0904]08/10 01:10:54 Quest 'r1m3_TalkWithThiefFromFatherHouse' can be given now
I       QuestState.cpp[0904]08/10 01:10:54 Quest 'r1m3_MoveToOraculAfterThief' can be given now
I       QuestState.cpp[0904]08/10 01:10:54 Quest 'r1m3_ToLisaToAsgard' can be given now
I       QuestState.cpp[0904]08/10 01:10:54 Quest 'r1m3_TW_OralceAboutAlien' can be given now
I       QuestState.cpp[0904]08/10 01:10:54 Quest 'r1m3_DestroyRadiationSource' can be given now
I       QuestState.cpp[0904]08/10 01:10:54 Quest 'r2m1_DestroyAlienShip' can be given now
I       QuestState.cpp[0904]08/10 01:10:54 Quest 'd_PayWorkersMoney_Quest' can be given now
I       QuestState.cpp[0904]08/10 01:10:54 Quest 'r2m1_TW_SellsCivilian' can be given now
I       QuestState.cpp[0904]08/10 01:10:54 Quest 'MorskieVrata2_Quest' can be given now
I       QuestState.cpp[0904]08/10 01:10:54 Quest 'Zachisti1_Quest' can be given now
I       QuestState.cpp[0904]08/10 01:10:54 Quest 'LisaVPeshte' can be given now
I       QuestState.cpp[0904]08/10 01:10:54 Quest 'LisaUBena' can be given now
I       QuestState.cpp[0904]08/10 01:10:54 Quest 'WhereSigns_Quest' can be given now
I       QuestState.cpp[0904]08/10 01:10:54 Quest 'CombatInKollizey_Quest' can be given now
I       QuestState.cpp[0904]08/10 01:10:54 Quest 'BuyKollizey_Quest' can be given now
I       QuestState.cpp[0904]08/10 01:10:54 Quest 'Kollizey_Quest' can be given now
I       QuestState.cpp[0904]08/10 01:10:54 Quest 'HelpRuins_Quest' can be given now
I       QuestState.cpp[0904]08/10 01:10:54 Quest 'DestroyRuins_Quest' can be given now
I       QuestState.cpp[0904]08/10 01:10:54 Quest 'DestroyRuins2_Quest' can be given now
I       QuestState.cpp[0904]08/10 01:10:54 Quest 'Signs_Quest' can be given now
I       QuestState.cpp[0904]08/10 01:10:54 Quest 'MrShlyapa1_Quest' can be given now
I       QuestState.cpp[0904]08/10 01:10:54 Quest 'FindBen2_Quest' can be given now
I       QuestState.cpp[0904]08/10 01:10:54 Quest 'd_FindHouseOfBen_Quest' can be given now
I       QuestState.cpp[0904]08/10 01:10:54 Quest 'r1m2_TW_BanAboutAlien' can be given now
I       QuestState.cpp[0904]08/10 01:10:54 Quest 'r1m3_DestroyOracle' can be given now
I       QuestState.cpp[0904]08/10 01:10:54 Quest 'Pomiritsa_Quest' can be given now
I       QuestState.cpp[0904]08/10 01:10:54 Quest 'VYar_Quest' can be given now
I       QuestState.cpp[0904]08/10 01:10:54 Quest 'FindBenMZ_Quest' can be given now
I       QuestState.cpp[0904]08/10 01:10:54 Quest 'QuickFindBen' can be given now
I       QuestState.cpp[0904]08/10 01:10:54 Quest 'OpenMid_Quest' can be given now
I       QuestState.cpp[0904]08/10 01:10:54 Quest 'TalkBeforeDesert' can be given now
I       QuestState.cpp[0904]08/10 01:10:54 Quest 'ZashitaGotova' can be given now
I       QuestState.cpp[0904]08/10 01:10:54 Quest 'FakeQuest1' can be given now
I       QuestState.cpp[0904]08/10 01:10:54 Quest 'Chehly_Quest' can be given now
I       QuestState.cpp[0904]08/10 01:10:54 Quest 'WorkGiver_Quest1' can be given now
I       QuestState.cpp[0904]08/10 01:10:54 Quest 'd_PunishBandits_Quest' can be given now
I       QuestState.cpp[0904]08/10 01:10:54 Quest 'r1m1_Hospital_Quest' can be given now
I       QuestState.cpp[0904]08/10 01:10:54 Quest 'r1m1_Botanik_Quest' can be given now
I       QuestState.cpp[0904]08/10 01:10:54 Quest 'r1m1_FindBotanik_Quest' can be given now
I       QuestState.cpp[0904]08/10 01:10:54 Quest 'Buyer_Quest1' can be given now
I       QuestState.cpp[0904]08/10 01:10:54 Quest 'FirstTimePlay' can be given now
I       QuestState.cpp[0904]08/10 01:10:54 Quest 'TalkWithFather_Quest' can be given now
I       QuestState.cpp[0904]08/10 01:10:54 Quest 'LisaAtSouth' can be given now
I       QuestState.cpp[0904]08/10 01:10:54 Quest 'FindBen_Quest' can be given now
I       QuestState.cpp[0904]08/10 01:10:54 Quest 'FindBenAgain_Quest' can be given now
I       QuestState.cpp[0904]08/10 01:10:54 Quest 'd_SinFather_Quest' can be given now
I       QuestState.cpp[0904]08/10 01:10:54 Quest 'TalkToVasily' can be given now
I       QuestState.cpp[0904]08/10 01:10:54 Quest 'CheckTheEast' can be given now
I       QuestState.cpp[0904]08/10 01:10:54 Quest 'BenSouth_Quest' can be given now
I           server.cpp[0826]08/10 01:10:54 	AI: QuestStates loaded
I           server.cpp[0828]08/10 01:10:54 	AI: Loading DynamicScene
I     DynamicScene.cpp[1470]08/10 01:10:54 		 Scene loading begin
E     DynamicScene.cpp[1589]08/10 01:10:54 Attempting to load object Father of prototype NPC, but an object with this name already exists!
I     DynamicScene.cpp[1472]08/10 01:10:54 		 Scene loading end
I           server.cpp[0837]08/10 01:10:54 	AI: DynamicScene loaded
I           server.cpp[0852]08/10 01:10:54 	AI: Loading Triggers
I           server.cpp[0855]08/10 01:10:54 	AI: Triggers loaded
I           server.cpp[0857]08/10 01:10:54 	AI: Loading Object Names
I           server.cpp[0868]08/10 01:10:54 	AI: Initing Player
I           server.cpp[0888]08/10 01:10:54 		Before first Update
E              Gun.cpp[0866]08/10 01:10:54 Error: LoadPoint not found: LP_GUN for MinePusher id = 4838 prototype = 'minePusher', modelName = minoYkladchiK
E              Gun.cpp[0866]08/10 01:10:54 Error: LoadPoint not found: LP_GUN for MinePusher id = 4839 prototype = 'minePusher', modelName = minoYkladchiK
E              Gun.cpp[0866]08/10 01:10:54 Error: LoadPoint not found: LP_GUN for MinePusher id = 4840 prototype = 'minePusher', modelName = minoYkladchiK
E              Gun.cpp[0866]08/10 01:10:54 Error: LoadPoint not found: LP_GUN for MinePusher id = 4841 prototype = 'minePusher', modelName = minoYkladchiK
E              Gun.cpp[0866]08/10 01:10:54 Error: LoadPoint not found: LP_GUN for MinePusher id = 4842 prototype = 'minePusher', modelName = minoYkladchiK
E              Gun.cpp[0866]08/10 01:10:54 Error: LoadPoint not found: LP_GUN for MinePusher id = 4843 prototype = 'minePusher', modelName = minoYkladchiK
E              Gun.cpp[0866]08/10 01:10:54 Error: LoadPoint not found: LP_GUN for MinePusher id = 4844 prototype = 'minePusher', modelName = minoYkladchiK
E              Gun.cpp[0866]08/10 01:10:54 Error: LoadPoint not found: LP_GUN for MinePusher id = 4845 prototype = 'minePusher', modelName = minoYkladchiK
E              Gun.cpp[0866]08/10 01:10:54 Error: LoadPoint not found: LP_GUN for MinePusher id = 4846 prototype = 'minePusher', modelName = minoYkladchiK
E              Gun.cpp[0866]08/10 01:10:54 Error: LoadPoint not found: LP_GUN for MinePusher id = 4847 prototype = 'minePusher', modelName = minoYkladchiK
E              Gun.cpp[0866]08/10 01:10:54 Error: LoadPoint not found: LP_GUN for MinePusher id = 4848 prototype = 'minePusher', modelName = minoYkladchiK
E              Gun.cpp[0866]08/10 01:10:54 Error: LoadPoint not found: LP_GUN for MinePusher id = 4849 prototype = 'minePusher', modelName = minoYkladchiK
E              Gun.cpp[0866]08/10 01:10:54 Error: LoadPoint not found: LP_GUN for MinePusher id = 4850 prototype = 'minePusher', modelName = minoYkladchiK
E              Gun.cpp[0866]08/10 01:10:54 Error: LoadPoint not found: LP_GUN for MinePusher id = 4851 prototype = 'minePusher', modelName = minoYkladchiK
E              Gun.cpp[0866]08/10 01:10:54 Error: LoadPoint not found: LP_GUN for MinePusher id = 4852 prototype = 'minePusher', modelName = minoYkladchiK
E              Gun.cpp[0866]08/10 01:10:54 Error: LoadPoint not found: LP_GUN for MinePusher id = 4853 prototype = 'minePusher', modelName = minoYkladchiK
E              Gun.cpp[0866]08/10 01:10:54 Error: LoadPoint not found: LP_GUN for MinePusher id = 4854 prototype = 'minePusher', modelName = minoYkladchiK
E              Gun.cpp[0866]08/10 01:10:54 Error: LoadPoint not found: LP_GUN for MinePusher id = 4855 prototype = 'minePusher', modelName = minoYkladchiK
E              Gun.cpp[0866]08/10 01:10:54 Error: LoadPoint not found: LP_GUN for MinePusher id = 4856 prototype = 'minePusher', modelName = minoYkladchiK
E              Gun.cpp[0866]08/10 01:10:54 Error: LoadPoint not found: LP_GUN for MinePusher id = 4857 prototype = 'minePusher', modelName = minoYkladchiK
E              Gun.cpp[0866]08/10 01:10:54 Error: LoadPoint not found: LP_GUN for MinePusher id = 4858 prototype = 'minePusher', modelName = minoYkladchiK
E              Gun.cpp[0866]08/10 01:10:54 Error: LoadPoint not found: LP_GUN for MinePusher id = 4859 prototype = 'minePusher', modelName = minoYkladchiK
E              Gun.cpp[0866]08/10 01:10:54 Error: LoadPoint not found: LP_GUN for MinePusher id = 4860 prototype = 'minePusher', modelName = minoYkladchiK
E              Gun.cpp[0866]08/10 01:10:54 Error: LoadPoint not found: LP_GUN for MinePusher id = 4861 prototype = 'minePusher', modelName = minoYkladchiK
I DynamicQuestManager.cpp[0089]08/10 01:10:54 DynamicQuestReach id = 4862 prototype = 'dynamicQuestReach' created
I DynamicQuestManager.cpp[0090]08/10 01:10:54 targetName = 'Namlea', hirerName = 'Kendari', reward = 250
E              Gun.cpp[0866]08/10 01:10:54 Error: LoadPoint not found: LP_GUN for MinePusher id = 4863 prototype = 'minePusher', modelName = minoYkladchiK
E              Gun.cpp[0866]08/10 01:10:54 Error: LoadPoint not found: LP_GUN for MinePusher id = 4864 prototype = 'minePusher', modelName = minoYkladchiK
E              Gun.cpp[0866]08/10 01:10:54 Error: LoadPoint not found: LP_GUN for MinePusher id = 4865 prototype = 'minePusher', modelName = minoYkladchiK
E              Gun.cpp[0866]08/10 01:10:54 Error: LoadPoint not found: LP_GUN for MinePusher id = 4866 prototype = 'minePusher', modelName = minoYkladchiK
E              Gun.cpp[0866]08/10 01:10:54 Error: LoadPoint not found: LP_GUN for MinePusher id = 4867 prototype = 'minePusher', modelName = minoYkladchiK
E              Gun.cpp[0866]08/10 01:10:54 Error: LoadPoint not found: LP_GUN for MinePusher id = 4868 prototype = 'minePusher', modelName = minoYkladchiK
E              Gun.cpp[0866]08/10 01:10:54 Error: LoadPoint not found: LP_GUN for MinePusher id = 4869 prototype = 'minePusher', modelName = minoYkladchiK
E              Gun.cpp[0866]08/10 01:10:54 Error: LoadPoint not found: LP_GUN for MinePusher id = 4870 prototype = 'minePusher', modelName = minoYkladchiK
E              Gun.cpp[0866]08/10 01:10:54 Error: LoadPoint not found: LP_GUN for MinePusher id = 4871 prototype = 'minePusher', modelName = minoYkladchiK
E              Gun.cpp[0866]08/10 01:10:54 Error: LoadPoint not found: LP_GUN for MinePusher id = 4872 prototype = 'minePusher', modelName = minoYkladchiK
E              Gun.cpp[0866]08/10 01:10:54 Error: LoadPoint not found: LP_GUN for MinePusher id = 4873 prototype = 'minePusher', modelName = minoYkladchiK
E              Gun.cpp[0866]08/10 01:10:54 Error: LoadPoint not found: LP_GUN for MinePusher id = 4874 prototype = 'minePusher', modelName = minoYkladchiK
E              Gun.cpp[0866]08/10 01:10:54 Error: LoadPoint not found: LP_GUN for MinePusher id = 4889 prototype = 'minePusher', modelName = minoYkladchiK
E              Gun.cpp[0866]08/10 01:10:54 Error: LoadPoint not found: LP_GUN for MinePusher id = 4890 prototype = 'minePusher', modelName = minoYkladchiK
I           server.cpp[0909]08/10 01:10:54 		After first Update
I           server.cpp[0911]08/10 01:10:54 AI: Finished Loading Server
I           view32.cpp[1106]08/10 01:10:54 Load server end
I        QuestInfo.cpp[0847]08/10 01:10:54 Quest infos were loaded successfully from file data\if\diz\QuestInfoGlobal.xml
I        QuestInfo.cpp[0783]08/10 01:10:54 QuestInfo manager was inited successfully
I    GameUiManager.cpp[0303]08/10 01:10:54 Interface: is initializing...
I    GameUiManager.cpp[0395]08/10 01:10:54 Interface: is inited successfully
I blockMusicManager.cpp[0199]08/10 01:10:54 BlockMusicManager: resetting
I blockMusicManager.cpp[0185]08/10 01:10:54 BlockMusicManager: start playing new music: blockNum = 18, musicType = 0, name = 'r11_1_driving'
I       console_string[0236]08/10 01:11:30 ---------------------- CHEAT WAS USED --------- ANTICHEAT -----------------
I        FadingMsg.cpp[0199]08/10 01:11:30 Fading message: '@FFFF1493Обнаружено использование чит-кодов. Система достижений @FFFF0000ЗАБЛОКИРОВАНА. @FFFF1493В техподдержке @FFFF0000ОТКАЗАНО.'
I        FadingMsg.cpp[0199]08/10 01:11:30 Fading message: '@FFFF1493Обнаружено использование чит-кодов. Система достижений @FFFF0000ЗАБЛОКИРОВАНА. @FFFF1493В техподдержке @FFFF0000ОТКАЗАНО.'
I       console_string[0236]08/10 01:11:33 ---------------------- CHEAT WAS USED --------- ANTICHEAT -----------------
I        FadingMsg.cpp[0199]08/10 01:11:33 Fading message: '@FFFF1493Обнаружено использование чит-кодов. Система достижений @FFFF0000ЗАБЛОКИРОВАНА. @FFFF1493В техподдержке @FFFF0000ОТКАЗАНО.'
I        FadingMsg.cpp[0199]08/10 01:11:33 Fading message: '@FFFF1493Обнаружено использование чит-кодов. Система достижений @FFFF0000ЗАБЛОКИРОВАНА. @FFFF1493В техподдержке @FFFF0000ОТКАЗАНО.'
E           client.cpp[0082]08/10 01:11:33 Error: Cant find server item for name: 'cub'
I        FadingMsg.cpp[0199]08/10 01:12:34 Fading message: 'Нажмите гудок (%1m) для въезда в город'
I townMusicManager.cpp[0096]08/10 01:12:44 TownMusicManager: start playing new music: 'Indo_town2'
I blockMusicManager.cpp[0199]08/10 01:13:02 BlockMusicManager: resetting
I        FadingMsg.cpp[0199]08/10 01:13:02 Fading message: 'Наступил вечер.'
I blockMusicManager.cpp[0185]08/10 01:13:02 BlockMusicManager: start playing new music: blockNum = 18, musicType = 0, name = 'r11_1_driving'
I        FadingMsg.cpp[0199]08/10 01:14:19 Fading message: 'Нажмите гудок (%1m) для въезда в город'
I townMusicManager.cpp[0096]08/10 01:14:24 TownMusicManager: start playing new music: 'Indo_town1'
I blockMusicManager.cpp[0199]08/10 01:14:59 BlockMusicManager: resetting
I blockMusicManager.cpp[0185]08/10 01:14:59 BlockMusicManager: start playing new music: blockNum = 18, musicType = 0, name = 'r11_1_driving'
I        FadingMsg.cpp[0199]08/10 01:15:04 Fading message: 'Нажмите гудок (%1m) для въезда в город'
I        FadingMsg.cpp[0199]08/10 01:15:17 Fading message: 'Нажмите гудок (%1m) для въезда в город'
I        FadingMsg.cpp[0199]08/10 01:15:43 Fading message: 'Нажмите гудок (%1m) для въезда в город'
I        FadingMsg.cpp[0199]08/10 01:16:27 Fading message: 'Нажмите гудок (%1m) для въезда в город'
I townMusicManager.cpp[0096]08/10 01:16:33 TownMusicManager: start playing new music: 'Indo_town3'
I blockMusicManager.cpp[0199]08/10 01:18:59 BlockMusicManager: resetting
I blockMusicManager.cpp[0185]08/10 01:18:59 BlockMusicManager: start playing new music: blockNum = 19, musicType = 0, name = 'r11_2_driving'
I             util.cpp[0423]08/10 01:20:16 Maximum joint count reached: 23
I        FadingMsg.cpp[0199]08/10 01:20:34 Fading message: 'Нажмите гудок (%1m) для въезда в город'
I   TruxxUiManager.cpp[1422]08/10 01:20:35 Game mode changed. Old mode = 0, new mode = 1
I   TruxxUiManager.cpp[1422]08/10 01:20:42 Game mode changed. Old mode = 1, new mode = 0
I townMusicManager.cpp[0096]08/10 01:20:42 TownMusicManager: start playing new music: 'military_town1'
I blockMusicManager.cpp[0199]08/10 01:22:58 BlockMusicManager: resetting
I   TruxxUiManager.cpp[1422]08/10 01:22:58 Game mode changed. Old mode = 0, new mode = 1
I blockMusicManager.cpp[0185]08/10 01:22:58 BlockMusicManager: start playing new music: blockNum = 18, musicType = 0, name = 'r11_1_driving'
I        FadingMsg.cpp[0199]08/10 01:22:58 Fading message: 'Наступила ночь.'
I   TruxxUiManager.cpp[1422]08/10 01:22:58 Game mode changed. Old mode = 1, new mode = 0
I        FadingMsg.cpp[0199]08/10 01:24:10 Fading message: 'Нажмите гудок (%1m) для въезда в город'
I townMusicManager.cpp[0096]08/10 01:24:12 TownMusicManager: start playing new music: 'Indo_town3'
I blockMusicManager.cpp[0199]08/10 01:25:35 BlockMusicManager: resetting
I blockMusicManager.cpp[0185]08/10 01:25:35 BlockMusicManager: start playing new music: blockNum = 19, musicType = 0, name = 'r11_2_driving'
I        SplashWnd.cpp[0244]08/10 01:26:48 Start splashing 11
I   TruxxUiManager.cpp[1422]08/10 01:26:48 Game mode changed. Old mode = 0, new mode = 0
I    GameUiManager.cpp[0405]08/10 01:26:48 Interface: is clearing...
I    GameUiManager.cpp[0495]08/10 01:26:48 Interface: is cleared successfully
I           view32.cpp[1048]08/10 01:26:48 -- Loading Level: data\maps\r1m9.ssl --
I            world.cpp[0132]08/10 01:26:48 ----------------------- World Loading
F        landscape.cpp[1674]08/10 01:26:48  +- Enter function: Landscape::Load()
I        landscape.cpp[1911]08/10 01:26:48  |  ----------------------- Normal map loaded in: 2
I        landscape.cpp[1920]08/10 01:26:49  |  ----------------------- Tiles loaded in: 942
I        landscape.cpp[1944]08/10 01:26:49  |  ----------------------- ShoreLine loaded in: 0
F        landscape.cpp[1944]08/10 01:26:49  +- Exit function: Landscape::Load()
I            world.cpp[0169]08/10 01:26:49 ----------------------- Landscape loaded in: 1008
I       DataServer.cpp[0587]08/10 01:26:49 Loading Servers: data\maps\r1m9\servers.xml
I           Kernel.cpp[0280]08/10 01:26:49 EffectImpl() error: effect = 'data/shaders/diffuse_detail.fx', unsupported vertex format '' in technique 'Test1', skipping it...
