---------------------------------------------- Log begins on Tue Aug 25 21:22:24 2026 ----------------------------------------------
I           m3dapp.cpp[0088]25/08 21:22:24 Starting up...
I           m3dapp.cpp[1498]25/08 21:22:24 ExMachina - release version release build v1.02 (Dec 21 2005 12:15:10)
I      Stackwalker.cpp[0608]25/08 21:22:24 Stackwalker: log file name will be 'b:/exmachina.gm.mod.sdk_/exceptions/hta.exe0030.log'
I      Stackwalker.cpp[0609]25/08 21:22:24 Stackwalker: dump file name will be 'b:/exmachina.gm.mod.sdk_/exceptions/hta.exe0030.dmp'
I      Stackwalker.cpp[0610]25/08 21:22:24 Stackwalker: game log file name will be 'b:/exmachina.gm.mod.sdk_/exceptions/hta.exe0030_game.log'
I           m3dapp.cpp[1391]25/08 21:22:24 Path: B:\ExMachina.GM.mod.SDK_
I           m3dapp.cpp[1392]25/08 21:22:24 Exe: B:\ExMachina.GM.mod.SDK_\hta.exe
I           m3dapp.cpp[1401]25/08 21:22:24 Windows version: 6.2.9200
I           m3dapp.cpp[1410]25/08 21:22:24 Computer name: DESKTOP-QQPV5MQ
I           m3dapp.cpp[1430]25/08 21:22:24 Cpu: GenuineIntel
I           m3dapp.cpp[1434]25/08 21:22:24 Cpu clock: ~3302
I           m3dapp.cpp[1459]25/08 21:22:24 Processor is mmx able
I           m3dapp.cpp[1470]25/08 21:22:24 Physical memory: 4095 MB
I           m3dapp.cpp[1471]25/08 21:22:24 Total memory:    4095 MB
I           m3dapp.cpp[1472]25/08 21:22:24 Physical memory available: 4095 MB
I           m3dapp.cpp[1473]25/08 21:22:24 Total memory available:    3809 MB
I           m3dapp.cpp[2846]25/08 21:22:24 SetCodepage -- using codepage 1251 '1251  (ANSI - кириллица)'
I           m3dapp.cpp[2154]25/08 21:22:24 NOTE! renderer is bind to dxrender9.dll
I           m3dapp.cpp[1336]25/08 21:22:24 d3d: Given device behavior: 80
I           m3dapp.cpp[1336]25/08 21:22:24 d3d: Confirmed device behavior: 80
I           m3dapp.cpp[1336]25/08 21:22:24 d3d: Description: NVIDIA GeForce GTX 1650
I           m3dapp.cpp[1336]25/08 21:22:24 d3d: Driver:      nvldumd.dll
I           m3dapp.cpp[1336]25/08 21:22:24 d3d: VendorId:    0x10de
I           m3dapp.cpp[1336]25/08 21:22:24 d3d: DeviceId:    0x1f0a
I           m3dapp.cpp[1336]25/08 21:22:24 d3d: SubSysId:    0x145c1771
I           m3dapp.cpp[1336]25/08 21:22:24 d3d: Revision:    161
I           m3dapp.cpp[1336]25/08 21:22:24 d3d: Driver version info:
I           m3dapp.cpp[1336]25/08 21:22:24 d3d:   Product:    32
I           m3dapp.cpp[1336]25/08 21:22:24 d3d:   Version:    0
I           m3dapp.cpp[1336]25/08 21:22:24 d3d:   SubVersion: 15
I           m3dapp.cpp[1336]25/08 21:22:24 d3d:   Build:      8129
I           m3dapp.cpp[1336]25/08 21:22:24 d3d: WHQLLevel:    0
I           m3dapp.cpp[1336]25/08 21:22:24 d3d: Texture max size: 16384x16384
I           m3dapp.cpp[1336]25/08 21:22:24 d3d: Guard band: (-100000000.000,-100000000.000,100000000.000,100000000.000)
I           m3dapp.cpp[1336]25/08 21:22:24 d3d: MaxTextureBlendStages: 8
I           m3dapp.cpp[1336]25/08 21:22:24 d3d: MaxSimultaneousTextures: 8
I           m3dapp.cpp[1336]25/08 21:22:24 d3d: MaxActiveLights: 10
I           m3dapp.cpp[1336]25/08 21:22:24 d3d: MaxUserClipPlanes: 8
I           m3dapp.cpp[1336]25/08 21:22:24 d3d: VertexShaderVersion: 0xfffe0300
I           m3dapp.cpp[1336]25/08 21:22:24 d3d: PixelShaderVersion: 0xffff0300
I           m3dapp.cpp[1336]25/08 21:22:24 d3d: Geometry instancing: supported
I           m3dapp.cpp[1336]25/08 21:22:24 d3d: Depth bias supported: yes
I           m3dapp.cpp[1336]25/08 21:22:24 d3d: Slope-scale based depth bias supported: yes
I           m3dapp.cpp[1336]25/08 21:22:24 d3d: HwRasterization: true
I           m3dapp.cpp[1336]25/08 21:22:24 d3d: HwTnL: true
I           m3dapp.cpp[1336]25/08 21:22:24 d3d: PureDevice: true
I           m3dapp.cpp[1336]25/08 21:22:24 d3d: CubeMap: true
I           m3dapp.cpp[1336]25/08 21:22:24 d3d: VolumeMap: true
I           m3dapp.cpp[1336]25/08 21:22:24 d3d: TextureAddressCaps:
I           m3dapp.cpp[1336]25/08 21:22:24 d3d: 	wrap: true
I           m3dapp.cpp[1336]25/08 21:22:24 d3d: 	clamp: true
I           m3dapp.cpp[1336]25/08 21:22:24 d3d: 	border: true
I           m3dapp.cpp[1336]25/08 21:22:24 d3d: Projective textures: true
I           m3dapp.cpp[1336]25/08 21:22:24 d3d: MaxPointSize: 8192.000
I           m3dapp.cpp[1336]25/08 21:22:24 d3d: MaxPrimitiveCount: 16777215
I           m3dapp.cpp[1336]25/08 21:22:24 d3d: MaxVertexIndex: 16777215
I           m3dapp.cpp[1336]25/08 21:22:24 d3d: MaxStreams: 16
I           m3dapp.cpp[1336]25/08 21:22:24 d3d: MaxStreamsStride: 255
I           m3dapp.cpp[1336]25/08 21:22:24 d3d: MaxAnisotropy: 16
I           m3dapp.cpp[1336]25/08 21:22:24 d3d: MaxVertexBlendMatrices: 4
I           m3dapp.cpp[1336]25/08 21:22:24 d3d: MaxVertexBlendMatrixIndex: 8
I           m3dapp.cpp[1336]25/08 21:22:24 d3d: FullScreenGamma: true
I           m3dapp.cpp[1336]25/08 21:22:24 d3d: COLORWRITEENABLE: true
I           m3dapp.cpp[1336]25/08 21:22:24 d3d: MASKZ: true
I           m3dapp.cpp[1336]25/08 21:22:24 d3d: BLENDOP: true
I           m3dapp.cpp[1336]25/08 21:22:24 d3d: CLIPPLANESCALEDPOINTS: false
I           m3dapp.cpp[1336]25/08 21:22:24 d3d: CLIPTLVERTS: true
I           m3dapp.cpp[1336]25/08 21:22:24 d3d: TSSARGTEMP: true
I           m3dapp.cpp[1336]25/08 21:22:24 d3d: DIRECTIONALLIGHTS: true
I           m3dapp.cpp[1336]25/08 21:22:24 d3d: LOCALVIEWER: true
I           m3dapp.cpp[1336]25/08 21:22:24 d3d: POSITIONALLIGHTS: true
I           m3dapp.cpp[1336]25/08 21:22:24 d3d: TEXGEN:  true
I           m3dapp.cpp[1336]25/08 21:22:24 d3d: TWEENING:  true
I           m3dapp.cpp[1336]25/08 21:22:24 d3d: Dp3: true
I           m3dapp.cpp[1336]25/08 21:22:24 d3d: Lerp: true
I           m3dapp.cpp[1336]25/08 21:22:24 d3d: MaxNpatchTessellationLevel: 0.000
I           m3dapp.cpp[1336]25/08 21:22:24 d3d: Query VCACHE support: true
I           m3dapp.cpp[1336]25/08 21:22:24 d3d: Query EVENT support: true
I           m3dapp.cpp[1336]25/08 21:22:24 d3d: Query OCCLUSION support: true
I           m3dapp.cpp[1336]25/08 21:22:24 d3d: Query TIMESTAMP support: true
I           m3dapp.cpp[1336]25/08 21:22:24 d3d: Query TIMESTAMPDISJOINT support: true
I           m3dapp.cpp[1336]25/08 21:22:24 d3d: Query TIMESTAMPFREQ support: true
I           m3dapp.cpp[1336]25/08 21:22:24 d3d: Query PIPELINETIMINGS support: false
I           m3dapp.cpp[1336]25/08 21:22:24 d3d: Query INTERFACETIMINGS support: false
I           m3dapp.cpp[1336]25/08 21:22:24 d3d: Query VERTEXTIMINGS support: false
I           m3dapp.cpp[1336]25/08 21:22:24 d3d: Query PIXELTIMINGS support: false
I           m3dapp.cpp[1336]25/08 21:22:24 d3d: Query BANDWIDTHTIMINGS support: false
I           m3dapp.cpp[1336]25/08 21:22:24 d3d: Query CACHEUTILIZATION support: false
I           m3dapp.cpp[1336]25/08 21:22:24 d3d: Creating or resetting the device
I           m3dapp.cpp[1336]25/08 21:22:24 d3d: Back buffer format: X8R8G8B8
I           m3dapp.cpp[1336]25/08 21:22:24 d3d: Depth/stencil buffer format: D24S8
I           m3dapp.cpp[1336]25/08 21:22:24 d3d: Stenciling: off
I           m3dapp.cpp[1336]25/08 21:22:24 d3d: Rgba textures format: DXT5
I           m3dapp.cpp[1336]25/08 21:22:24 d3d: Rgba no c. textures format: A8R8G8B8
I           m3dapp.cpp[1336]25/08 21:22:24 d3d: RgbA textures format: DXT5
I           m3dapp.cpp[1336]25/08 21:22:24 d3d: RgbA no c. textures format: A4R4G4B4
I           m3dapp.cpp[1336]25/08 21:22:24 d3d: Rt textures format: A8R8G8B8
I           m3dapp.cpp[1336]25/08 21:22:24 d3d: Shadow textures format: R5G6B5
I           m3dapp.cpp[1336]25/08 21:22:24 d3d: Rt depth format: D16
I           m3dapp.cpp[2206]25/08 21:22:24 NOTE! input is bind to input_di8.dll
I           m3dapp.cpp[1938]25/08 21:22:24 NOTE! sound is bind to sound.dll
I           m3dapp.cpp[1350]25/08 21:22:24 input: Joystick not found
I           m3dapp.cpp[1343]25/08 21:22:24 snd: Max sound channels available: 128
I           m3dapp.cpp[1343]25/08 21:22:24 snd: Sound is inited successfully
I             font.cpp[0976]25/08 21:22:24 FontManager: fonts are loaded successfully
I           m3dapp.cpp[1336]25/08 21:22:24 d3d: Cannot open data\models\logos\fishmen.dds
I           m3dapp.cpp[1336]25/08 21:22:24 d3d: texmap failed to load: data\models\logos\fishmen.dds
E       DraftModel.cpp[1002]25/08 21:22:24 Error: Couldn't load texture data\models\logos\fishmen.dds for model logos.gam
I           m3dapp.cpp[1336]25/08 21:22:24 d3d: Cannot open data\models\logos\logo36.dds
I           m3dapp.cpp[1336]25/08 21:22:24 d3d: texmap failed to load: data\models\logos\logo36.dds
E       DraftModel.cpp[1002]25/08 21:22:24 Error: Couldn't load texture data\models\logos\logo36.dds for model logos.gam
I           m3dapp.cpp[1336]25/08 21:22:24 d3d: Cannot open data\models\logos\logo37.dds
I           m3dapp.cpp[1336]25/08 21:22:24 d3d: texmap failed to load: data\models\logos\logo37.dds
E       DraftModel.cpp[1002]25/08 21:22:24 Error: Couldn't load texture data\models\logos\logo37.dds for model logos.gam
I           m3dapp.cpp[1336]25/08 21:22:24 d3d: Cannot open data\models\logos\logo38.dds
I           m3dapp.cpp[1336]25/08 21:22:24 d3d: texmap failed to load: data\models\logos\logo38.dds
E       DraftModel.cpp[1002]25/08 21:22:24 Error: Couldn't load texture data\models\logos\logo38.dds for model logos.gam
I           m3dapp.cpp[1336]25/08 21:22:24 d3d: Cannot open data\models\logos\logo39.dds
I           m3dapp.cpp[1336]25/08 21:22:24 d3d: texmap failed to load: data\models\logos\logo39.dds
E       DraftModel.cpp[1002]25/08 21:22:24 Error: Couldn't load texture data\models\logos\logo39.dds for model logos.gam
I           m3dapp.cpp[1336]25/08 21:22:24 d3d: Cannot open data\models\logos\logo40.dds
I           m3dapp.cpp[1336]25/08 21:22:24 d3d: texmap failed to load: data\models\logos\logo40.dds
E       DraftModel.cpp[1002]25/08 21:22:24 Error: Couldn't load texture data\models\logos\logo40.dds for model logos.gam
I           m3dapp.cpp[1336]25/08 21:22:24 d3d: Cannot open data\models\logos\logo41.dds
I           m3dapp.cpp[1336]25/08 21:22:24 d3d: texmap failed to load: data\models\logos\logo41.dds
E       DraftModel.cpp[1002]25/08 21:22:24 Error: Couldn't load texture data\models\logos\logo41.dds for model logos.gam
I           m3dapp.cpp[1336]25/08 21:22:24 d3d: Cannot open data\models\logos\logo42.dds
I           m3dapp.cpp[1336]25/08 21:22:24 d3d: texmap failed to load: data\models\logos\logo42.dds
E       DraftModel.cpp[1002]25/08 21:22:24 Error: Couldn't load texture data\models\logos\logo42.dds for model logos.gam
I           m3dapp.cpp[1336]25/08 21:22:24 d3d: Cannot open data\models\logos\logo43.dds
I           m3dapp.cpp[1336]25/08 21:22:24 d3d: texmap failed to load: data\models\logos\logo43.dds
E       DraftModel.cpp[1002]25/08 21:22:24 Error: Couldn't load texture data\models\logos\logo43.dds for model logos.gam
I           m3dapp.cpp[1336]25/08 21:22:24 d3d: Cannot open data\models\logos\logo44.dds
I           m3dapp.cpp[1336]25/08 21:22:24 d3d: texmap failed to load: data\models\logos\logo44.dds
E       DraftModel.cpp[1002]25/08 21:22:24 Error: Couldn't load texture data\models\logos\logo44.dds for model logos.gam
I           m3dapp.cpp[1336]25/08 21:22:24 d3d: Cannot open data\models\logos\logo45.dds
I           m3dapp.cpp[1336]25/08 21:22:24 d3d: texmap failed to load: data\models\logos\logo45.dds
E       DraftModel.cpp[1002]25/08 21:22:24 Error: Couldn't load texture data\models\logos\logo45.dds for model logos.gam
I           m3dapp.cpp[1336]25/08 21:22:24 d3d: Cannot open data\models\logos\logo46.dds
I           m3dapp.cpp[1336]25/08 21:22:24 d3d: texmap failed to load: data\models\logos\logo46.dds
E       DraftModel.cpp[1002]25/08 21:22:24 Error: Couldn't load texture data\models\logos\logo46.dds for model logos.gam
I           m3dapp.cpp[1336]25/08 21:22:24 d3d: Cannot open data\models\logos\logo47.dds
I           m3dapp.cpp[1336]25/08 21:22:24 d3d: texmap failed to load: data\models\logos\logo47.dds
E       DraftModel.cpp[1002]25/08 21:22:24 Error: Couldn't load texture data\models\logos\logo47.dds for model logos.gam
I           m3dapp.cpp[1336]25/08 21:22:24 d3d: Cannot open data\models\logos\logo48.dds
I           m3dapp.cpp[1336]25/08 21:22:24 d3d: texmap failed to load: data\models\logos\logo48.dds
E       DraftModel.cpp[1002]25/08 21:22:24 Error: Couldn't load texture data\models\logos\logo48.dds for model logos.gam
I           m3dapp.cpp[1336]25/08 21:22:24 d3d: Cannot open data\models\logos\logo49.dds
I           m3dapp.cpp[1336]25/08 21:22:24 d3d: texmap failed to load: data\models\logos\logo49.dds
E       DraftModel.cpp[1002]25/08 21:22:24 Error: Couldn't load texture data\models\logos\logo49.dds for model logos.gam
I           m3dapp.cpp[1336]25/08 21:22:24 d3d: Cannot open data\models\logos\logo50.dds
I           m3dapp.cpp[1336]25/08 21:22:24 d3d: texmap failed to load: data\models\logos\logo50.dds
E       DraftModel.cpp[1002]25/08 21:22:24 Error: Couldn't load texture data\models\logos\logo50.dds for model logos.gam
I           m3dapp.cpp[1336]25/08 21:22:24 d3d: Cannot open data\models\logos\logo51.dds
I           m3dapp.cpp[1336]25/08 21:22:24 d3d: texmap failed to load: data\models\logos\logo51.dds
E       DraftModel.cpp[1002]25/08 21:22:24 Error: Couldn't load texture data\models\logos\logo51.dds for model logos.gam
I           m3dapp.cpp[1336]25/08 21:22:24 d3d: Cannot open data\models\logos\logo52.dds
I           m3dapp.cpp[1336]25/08 21:22:24 d3d: texmap failed to load: data\models\logos\logo52.dds
E       DraftModel.cpp[1002]25/08 21:22:24 Error: Couldn't load texture data\models\logos\logo52.dds for model logos.gam
I           m3dapp.cpp[1336]25/08 21:22:24 d3d: Cannot open data\models\logos\logo53.dds
I           m3dapp.cpp[1336]25/08 21:22:24 d3d: texmap failed to load: data\models\logos\logo53.dds
E       DraftModel.cpp[1002]25/08 21:22:24 Error: Couldn't load texture data\models\logos\logo53.dds for model logos.gam
I           m3dapp.cpp[1336]25/08 21:22:24 d3d: Cannot open data\models\logos\logo54.dds
I           m3dapp.cpp[1336]25/08 21:22:24 d3d: texmap failed to load: data\models\logos\logo54.dds
E       DraftModel.cpp[1002]25/08 21:22:24 Error: Couldn't load texture data\models\logos\logo54.dds for model logos.gam
I           m3dapp.cpp[1336]25/08 21:22:24 d3d: Cannot open data\models\logos\logo55.dds
I           m3dapp.cpp[1336]25/08 21:22:24 d3d: texmap failed to load: data\models\logos\logo55.dds
E       DraftModel.cpp[1002]25/08 21:22:24 Error: Couldn't load texture data\models\logos\logo55.dds for model logos.gam
I           m3dapp.cpp[1336]25/08 21:22:24 d3d: Cannot open data\models\logos\logo56.dds
I           m3dapp.cpp[1336]25/08 21:22:24 d3d: texmap failed to load: data\models\logos\logo56.dds
E       DraftModel.cpp[1002]25/08 21:22:24 Error: Couldn't load texture data\models\logos\logo56.dds for model logos.gam
I           m3dapp.cpp[1336]25/08 21:22:24 d3d: Cannot open data\models\logos\logo57.dds
I           m3dapp.cpp[1336]25/08 21:22:24 d3d: texmap failed to load: data\models\logos\logo57.dds
E       DraftModel.cpp[1002]25/08 21:22:24 Error: Couldn't load texture data\models\logos\logo57.dds for model logos.gam
I           m3dapp.cpp[1336]25/08 21:22:24 d3d: Cannot open data\models\logos\logo58.dds
I           m3dapp.cpp[1336]25/08 21:22:24 d3d: texmap failed to load: data\models\logos\logo58.dds
E       DraftModel.cpp[1002]25/08 21:22:24 Error: Couldn't load texture data\models\logos\logo58.dds for model logos.gam
I           m3dapp.cpp[1336]25/08 21:22:24 d3d: Cannot open data\models\logos\logo59.dds
I           m3dapp.cpp[1336]25/08 21:22:24 d3d: texmap failed to load: data\models\logos\logo59.dds
E       DraftModel.cpp[1002]25/08 21:22:24 Error: Couldn't load texture data\models\logos\logo59.dds for model logos.gam
I           m3dapp.cpp[1336]25/08 21:22:24 d3d: Cannot open data\models\logos\logo60.dds
I           m3dapp.cpp[1336]25/08 21:22:24 d3d: texmap failed to load: data\models\logos\logo60.dds
E       DraftModel.cpp[1002]25/08 21:22:24 Error: Couldn't load texture data\models\logos\logo60.dds for model logos.gam
I           m3dapp.cpp[1336]25/08 21:22:24 d3d: Cannot open data\models\logos\logo61.dds
I           m3dapp.cpp[1336]25/08 21:22:24 d3d: texmap failed to load: data\models\logos\logo61.dds
E       DraftModel.cpp[1002]25/08 21:22:24 Error: Couldn't load texture data\models\logos\logo61.dds for model logos.gam
I           m3dapp.cpp[1336]25/08 21:22:24 d3d: Cannot open data\models\logos\logo62.dds
I           m3dapp.cpp[1336]25/08 21:22:24 d3d: texmap failed to load: data\models\logos\logo62.dds
E       DraftModel.cpp[1002]25/08 21:22:24 Error: Couldn't load texture data\models\logos\logo62.dds for model logos.gam
I           m3dapp.cpp[1336]25/08 21:22:24 d3d: Cannot open data\models\logos\logo63.dds
I           m3dapp.cpp[1336]25/08 21:22:24 d3d: texmap failed to load: data\models\logos\logo63.dds
E       DraftModel.cpp[1002]25/08 21:22:24 Error: Couldn't load texture data\models\logos\logo63.dds for model logos.gam
I           m3dapp.cpp[1336]25/08 21:22:24 d3d: Cannot open data\models\logos\logo64.dds
I           m3dapp.cpp[1336]25/08 21:22:24 d3d: texmap failed to load: data\models\logos\logo64.dds
E       DraftModel.cpp[1002]25/08 21:22:24 Error: Couldn't load texture data\models\logos\logo64.dds for model logos.gam
I           m3dapp.cpp[1336]25/08 21:22:24 d3d: Cannot open data\models\logos\logo65.dds
I           m3dapp.cpp[1336]25/08 21:22:24 d3d: texmap failed to load: data\models\logos\logo65.dds
E       DraftModel.cpp[1002]25/08 21:22:24 Error: Couldn't load texture data\models\logos\logo65.dds for model logos.gam
I           m3dapp.cpp[1336]25/08 21:22:24 d3d: Cannot open data\models\logos\logo66.dds
I           m3dapp.cpp[1336]25/08 21:22:24 d3d: texmap failed to load: data\models\logos\logo66.dds
E       DraftModel.cpp[1002]25/08 21:22:24 Error: Couldn't load texture data\models\logos\logo66.dds for model logos.gam
I           m3dapp.cpp[1336]25/08 21:22:24 d3d: Cannot open data\models\logos\logo67.dds
I           m3dapp.cpp[1336]25/08 21:22:24 d3d: texmap failed to load: data\models\logos\logo67.dds
E       DraftModel.cpp[1002]25/08 21:22:24 Error: Couldn't load texture data\models\logos\logo67.dds for model logos.gam
I           m3dapp.cpp[1336]25/08 21:22:24 d3d: Cannot open data\models\logos\logo68.dds
I           m3dapp.cpp[1336]25/08 21:22:24 d3d: texmap failed to load: data\models\logos\logo68.dds
E       DraftModel.cpp[1002]25/08 21:22:24 Error: Couldn't load texture data\models\logos\logo68.dds for model logos.gam
I           m3dapp.cpp[1336]25/08 21:22:24 d3d: Cannot open data\models\logos\logo69.dds
I           m3dapp.cpp[1336]25/08 21:22:24 d3d: texmap failed to load: data\models\logos\logo69.dds
E       DraftModel.cpp[1002]25/08 21:22:24 Error: Couldn't load texture data\models\logos\logo69.dds for model logos.gam
I           m3dapp.cpp[1336]25/08 21:22:24 d3d: Cannot open data\models\logos\logo70.dds
I           m3dapp.cpp[1336]25/08 21:22:24 d3d: texmap failed to load: data\models\logos\logo70.dds
E       DraftModel.cpp[1002]25/08 21:22:24 Error: Couldn't load texture data\models\logos\logo70.dds for model logos.gam
I      gameimpulse.cpp[0288]25/08 21:22:24 Key bindings: were inited successfully
I           view32.cpp[0705]25/08 21:22:24 --- Init Media ---
I    GameUiManager.cpp[0303]25/08 21:22:24 Interface: is initializing...
I    GameUiManager.cpp[1580]25/08 21:22:24 Interface: clearing resource infos ...
I    GameUiManager.cpp[1491]25/08 21:22:24 Interface: loading resource infos ...
I    GameUiManager.cpp[1603]25/08 21:22:24 Interface: loading resources ...
I           m3dapp.cpp[1343]25/08 21:22:24 snd: Error: Can't Open SoundFile: 
I           m3dapp.cpp[1343]25/08 21:22:24 snd: Cannot open sound stream from file . Error: File not found, flags: 8272
I    GameUiManager.cpp[0395]25/08 21:22:24 Interface: is inited successfully
I        LevelInfo.cpp[0806]25/08 21:22:24 Level infos were loaded successfully from file data\if\diz\LevelInfo.xml
I        LevelInfo.cpp[0837]25/08 21:22:24 Error: could't open data\maps\r1m8.ssl file
E        LevelInfo.cpp[0749]25/08 21:22:24 LevelInfoManager was inited with errors
I   TruxxUiManager.cpp[0191]25/08 21:22:24 TruxxUiManager: was inited successfully
I      gameimpulse.cpp[0618]25/08 21:22:25 Key bindings: unbind all is done
I      gameimpulse.cpp[0324]25/08 21:22:25 Key bindings: were loaded successfully from file data\scripts\DefaultKeyBindings.lua
I      gameimpulse.cpp[1194]25/08 21:22:25 Key bindings: were bind from defaults
I            video.cpp[0704]25/08 21:22:25 Could not load specified video file: data\video\logobuka.wmv (hr = 80070003)
I     view32_video.cpp[0061]25/08 21:22:25 Error: couldn't load video 'data\video\logobuka.wmv'
I            video.cpp[0704]25/08 21:22:25 Could not load specified video file: data\video\logotargem.wmv (hr = 80070003)
I     view32_video.cpp[0061]25/08 21:22:25 Error: couldn't load video 'data\video\logotargem.wmv'
I            video.cpp[0704]25/08 21:22:25 Could not load specified video file: data\video\INTRO_RUS_FIELD.wmv (hr = 80070003)
I     view32_video.cpp[0061]25/08 21:22:25 Error: couldn't load video 'data\video\INTRO_RUS_FIELD.wmv'
I             core.lua[0013]25/08 21:22:25 IMPROVED STORYLINE V1.0.5.3 ORIGINAL BUILD 220422
I           m3dapp.cpp[1808]25/08 21:22:25 ----------------------- Engine inited in: 0
I          Profile.cpp[0602]25/08 21:22:25 Profile "RiverZone" set
I   TruxxUiManager.cpp[1422]25/08 21:22:25 Game mode changed. Old mode = 3, new mode = 2
I        SplashWnd.cpp[0244]25/08 21:22:25 Start splashing 11
I           view32.cpp[1048]25/08 21:22:25 -- Loading Level: data\maps\mainmenu.ssl --
I            world.cpp[0132]25/08 21:22:25 ----------------------- World Loading
F        landscape.cpp[1674]25/08 21:22:25  +- Enter function: Landscape::Load()
I        landscape.cpp[1911]25/08 21:22:25  |  ----------------------- Normal map loaded in: 0
I        landscape.cpp[1920]25/08 21:22:25  |  ----------------------- Tiles loaded in: 10
I        landscape.cpp[1944]25/08 21:22:25  |  ----------------------- ShoreLine loaded in: 0
F        landscape.cpp[1944]25/08 21:22:25  +- Exit function: Landscape::Load()
I            world.cpp[0169]25/08 21:22:25 ----------------------- Landscape loaded in: 46
I       DataServer.cpp[0587]25/08 21:22:25 Loading Servers: data\maps\MainMenu\servers.xml
I serverAnimatedModel.cpp[0630]25/08 21:22:25 ### Total time: 469, GAM time: 220
I       DataServer.cpp[0587]25/08 21:22:25 Loading Servers: data\models\commonservers.xml
E      serverMusic.cpp[0216]25/08 21:22:26 MusicServer: cannot read file: data\music\music.xml id = 'LaBelleTown'
E      serverMusic.cpp[0216]25/08 21:22:26 MusicServer: cannot read file: data\music\music.xml id = 'block6_driving2'
I            world.cpp[0210]25/08 21:22:26 ----------------------- Servers loaded in: 1631
I            world.cpp[0338]25/08 21:22:26 LoadWorld begin...
I            world.cpp[0350]25/08 21:22:26 %%%% read/parse xml: 6
I            world.cpp[0362]25/08 21:22:26 %%%% read from xml: 2
E    PlayerPassMap.cpp[0139]25/08 21:22:26 Couldn't load player pass map from file data\maps\MainMenu\player_passmap.xml
I            world.cpp[0444]25/08 21:22:26 %%%% link nodes: 9
I            world.cpp[0220]25/08 21:22:26 ----------------------- Nodes loaded in: 17
I            world.cpp[0228]25/08 21:22:26 ----------------------- Prefabs loaded in: 0
I            world.cpp[0247]25/08 21:22:27 ----------------------- World loaded in: 1766
I            world.cpp[0278]25/08 21:22:27 ----------------------- Roads loaded in: 60
I           view32.cpp[1078]25/08 21:22:27 Load Server begin...
I   TruxxUiManager.cpp[0974]25/08 21:22:27 Interface: is loaded successfully
I           server.cpp[0789]25/08 21:22:27 AI: Loading Server...
I           server.cpp[0796]25/08 21:22:27 	AI: Loading Relationship
I     Relationship.cpp[0134]25/08 21:22:27 		 File readed
I           server.cpp[0801]25/08 21:22:27 	AI: Loading SoilProps
I           server.cpp[0804]25/08 21:22:27 	AI: Loading ExternalPaths
I           server.cpp[0807]25/08 21:22:27 	AI: Loading PlayerPassMap
E    PlayerPassMap.cpp[0139]25/08 21:22:27 Couldn't load player pass map from file data\maps\MainMenu\player_passmap.xml
I           server.cpp[0813]25/08 21:22:27 	AI: Loading GameObjects
I           server.cpp[0816]25/08 21:22:27 	AI: Initializing VehicleGeneratorInfoCache
I           server.cpp[0820]25/08 21:22:27 	AI: Refreshing GameObjects
I           server.cpp[0824]25/08 21:22:27 	AI: Loading QuestStates
I       QuestState.cpp[0904]25/08 21:22:27 Quest 'Human1_Quest1' can be given now
I       QuestState.cpp[0904]25/08 21:22:27 Quest 'Human1_Quest2' can be given now
I       QuestState.cpp[0904]25/08 21:22:27 Quest 'BenGoodEnd' can be given now
I       QuestState.cpp[0904]25/08 21:22:27 Quest 'q_PlaceWithSign' can be given now
I       QuestState.cpp[0904]25/08 21:22:27 Quest 'r3m2_OracleMemory' can be given now
I       QuestState.cpp[0904]25/08 21:22:27 Quest 'r3m2_TalkWithLisa' can be given now
I       QuestState.cpp[0904]25/08 21:22:27 Quest 'r3m2_TalkWithBenAboutCarAfterOracul' can be given now
I       QuestState.cpp[0904]25/08 21:22:27 Quest 'r3m2_FindInfoAboutFather' can be given now
I       QuestState.cpp[0904]25/08 21:22:27 Quest 'r3m1_LureMainDriud' can be given now
I       QuestState.cpp[0904]25/08 21:22:27 Quest 'r3m1_ClearSanctuary' can be given now
I       QuestState.cpp[0904]25/08 21:22:27 Quest 'r3m1_KnowAboutUluk' can be given now
I       QuestState.cpp[0904]25/08 21:22:27 Quest 'r3m1_RescueUlukCivil' can be given now
I       QuestState.cpp[0904]25/08 21:22:27 Quest 'q_VisitDruid' can be given now
I       QuestState.cpp[0904]25/08 21:22:27 Quest 'r2m2_Znaki2_Quest' can be given now
I       QuestState.cpp[0904]25/08 21:22:27 Quest 'r2m2_HeadsHunterQuest' can be given now
I       QuestState.cpp[0904]25/08 21:22:27 Quest 'r2m2_OldDvigatel1_Quest' can be given now
I       QuestState.cpp[0904]25/08 21:22:27 Quest 'r2m2_OldDvigatel2_Quest' can be given now
I       QuestState.cpp[0904]25/08 21:22:27 Quest 'r2m2_FightFelix' can be given now
I       QuestState.cpp[0904]25/08 21:22:27 Quest 'r2m2_ReturnToMarecciaFromCastle' can be given now
I       QuestState.cpp[0904]25/08 21:22:27 Quest 'r2m2_FightWithAxelInArena_Quest' can be given now
I       QuestState.cpp[0904]25/08 21:22:27 Quest 'r2m2_FindLisAfterAxelAndFatherDie_Quest' can be given now
I       QuestState.cpp[0904]25/08 21:22:27 Quest 'r2m2_ToLisaToMonastir' can be given now
I       QuestState.cpp[0904]25/08 21:22:27 Quest 'r2m2_FightLisaToMonastir' can be given now
I       QuestState.cpp[0904]25/08 21:22:27 Quest 'r2m2_GiveDisk2ToOrakul' can be given now
I       QuestState.cpp[0904]25/08 21:22:27 Quest 'MrShlyapa3_Quest' can be given now
I       QuestState.cpp[0904]25/08 21:22:27 Quest 'r2m1_ArtAntipod_Quest' can be given now
I       QuestState.cpp[0904]25/08 21:22:27 Quest 'r2m1_TakeNarcotics_Quest' can be given now
I       QuestState.cpp[0904]25/08 21:22:27 Quest 'r2m1_KillGodFather_Quest' can be given now
I       QuestState.cpp[0904]25/08 21:22:27 Quest 'MrShlyapaSecret' can be given now
I       QuestState.cpp[0904]25/08 21:22:27 Quest 'd_GetSupportOneOfTheBands2_Quest' can be given now
I       QuestState.cpp[0904]25/08 21:22:27 Quest 'd_GetSupportOneOfTheBands1_Quest' can be given now
I       QuestState.cpp[0904]25/08 21:22:27 Quest 'd_FindVerbInAR_Quest' can be given now
I       QuestState.cpp[0904]25/08 21:22:27 Quest 'd_FindVerbInSNG_Quest' can be given now
I       QuestState.cpp[0904]25/08 21:22:27 Quest 'd_PatrulSideSNG_Quest' can be given now
I       QuestState.cpp[0904]25/08 21:22:27 Quest 'd_TakeGeneralOfBandits_Quest' can be given now
I       QuestState.cpp[0904]25/08 21:22:27 Quest 'r2m1_TW_AlienInShip' can be given now
I       QuestState.cpp[0904]25/08 21:22:27 Quest 'Podderzhka_Quest' can be given now
I       QuestState.cpp[0904]25/08 21:22:27 Quest 'Zashita_Quest' can be given now
I       QuestState.cpp[0904]25/08 21:22:27 Quest 'preEretik_Quest' can be given now
I       QuestState.cpp[0904]25/08 21:22:27 Quest 'ReturnQuest' can be given now
I       QuestState.cpp[0904]25/08 21:22:27 Quest 'd_FindVerbInAM_Quest' can be given now
I       QuestState.cpp[0904]25/08 21:22:27 Quest 'OdettIsDead_Quest' can be given now
I       QuestState.cpp[0904]25/08 21:22:27 Quest 'Disk2OrakulLisa' can be given now
I       QuestState.cpp[0904]25/08 21:22:27 Quest 'FindGomerB_Quest1' can be given now
I       QuestState.cpp[0904]25/08 21:22:27 Quest 'FreeExtremistLeader_Quest1' can be given now
I       QuestState.cpp[0904]25/08 21:22:27 Quest 'KillExtremist_Quest1' can be given now
I       QuestState.cpp[0904]25/08 21:22:27 Quest 'r1m4_TalkWithOldTraderAboutSecondDisk' can be given now
I       QuestState.cpp[0904]25/08 21:22:27 Quest 'q_FindHusbent' can be given now
I       QuestState.cpp[0904]25/08 21:22:27 Quest 'RybakToOlm_Quest' can be given now
I       QuestState.cpp[0904]25/08 21:22:27 Quest 'AnanagaTech_Quest' can be given now
I       QuestState.cpp[0904]25/08 21:22:27 Quest 'MrShlyapa2_Quest' can be given now
I       QuestState.cpp[0904]25/08 21:22:27 Quest 'ToCordanToTikhomir_Quest' can be given now
I       QuestState.cpp[0904]25/08 21:22:27 Quest 'r1m3_BonnyAndKlideQuest' can be given now
I       QuestState.cpp[0904]25/08 21:22:27 Quest 'r1m3_ArchHelp' can be given now
I       QuestState.cpp[0904]25/08 21:22:27 Quest 'r1m3_CrazyManQuest' can be given now
I       QuestState.cpp[0904]25/08 21:22:27 Quest 'r1m3_OldTownOutsiderCar2_Quest' can be given now
I       QuestState.cpp[0904]25/08 21:22:27 Quest 'FightForPesht' can be given now
I       QuestState.cpp[0904]25/08 21:22:27 Quest 'd_RideAcrossBase_Quest' can be given now
I       QuestState.cpp[0904]25/08 21:22:27 Quest 'd_GiveMoneyToBase_Quest' can be given now
I       QuestState.cpp[0904]25/08 21:22:27 Quest 'd_GetBomb_Quest' can be given now
I       QuestState.cpp[0904]25/08 21:22:27 Quest 'd_IntrigaOfMerMinin_Quest' can be given now
I       QuestState.cpp[0904]25/08 21:22:27 Quest 'd_MoveFreelancersToOilMine_Quest' can be given now
I       QuestState.cpp[0904]25/08 21:22:27 Quest 'd_MoveCanistraToMinin_Quest' can be given now
I       QuestState.cpp[0904]25/08 21:22:27 Quest 'd_OpenTunel_Quest' can be given now
I       QuestState.cpp[0904]25/08 21:22:27 Quest 'r1m3_TalkWithThiefFromFatherHouse' can be given now
I       QuestState.cpp[0904]25/08 21:22:27 Quest 'r1m3_MoveToOraculAfterThief' can be given now
I       QuestState.cpp[0904]25/08 21:22:27 Quest 'r1m3_ToLisaToAsgard' can be given now
I       QuestState.cpp[0904]25/08 21:22:27 Quest 'r1m3_TW_OralceAboutAlien' can be given now
I       QuestState.cpp[0904]25/08 21:22:27 Quest 'r1m3_DestroyRadiationSource' can be given now
I       QuestState.cpp[0904]25/08 21:22:27 Quest 'r2m1_DestroyAlienShip' can be given now
I       QuestState.cpp[0904]25/08 21:22:27 Quest 'd_PayWorkersMoney_Quest' can be given now
I       QuestState.cpp[0904]25/08 21:22:27 Quest 'r2m1_TW_SellsCivilian' can be given now
I       QuestState.cpp[0904]25/08 21:22:27 Quest 'MorskieVrata2_Quest' can be given now
I       QuestState.cpp[0904]25/08 21:22:27 Quest 'Zachisti1_Quest' can be given now
I       QuestState.cpp[0904]25/08 21:22:27 Quest 'LisaVPeshte' can be given now
I       QuestState.cpp[0904]25/08 21:22:27 Quest 'LisaUBena' can be given now
I       QuestState.cpp[0904]25/08 21:22:27 Quest 'WhereSigns_Quest' can be given now
I       QuestState.cpp[0904]25/08 21:22:27 Quest 'CombatInKollizey_Quest' can be given now
I       QuestState.cpp[0904]25/08 21:22:27 Quest 'BuyKollizey_Quest' can be given now
I       QuestState.cpp[0904]25/08 21:22:27 Quest 'Kollizey_Quest' can be given now
I       QuestState.cpp[0904]25/08 21:22:27 Quest 'HelpRuins_Quest' can be given now
I       QuestState.cpp[0904]25/08 21:22:27 Quest 'DestroyRuins_Quest' can be given now
I       QuestState.cpp[0904]25/08 21:22:27 Quest 'DestroyRuins2_Quest' can be given now
I       QuestState.cpp[0904]25/08 21:22:27 Quest 'Signs_Quest' can be given now
I       QuestState.cpp[0904]25/08 21:22:27 Quest 'MrShlyapa1_Quest' can be given now
I       QuestState.cpp[0904]25/08 21:22:27 Quest 'FindBen2_Quest' can be given now
I       QuestState.cpp[0904]25/08 21:22:27 Quest 'd_FindHouseOfBen_Quest' can be given now
I       QuestState.cpp[0904]25/08 21:22:27 Quest 'r1m2_TW_BanAboutAlien' can be given now
I       QuestState.cpp[0904]25/08 21:22:27 Quest 'r1m3_DestroyOracle' can be given now
I       QuestState.cpp[0904]25/08 21:22:27 Quest 'Pomiritsa_Quest' can be given now
I       QuestState.cpp[0904]25/08 21:22:27 Quest 'VYar_Quest' can be given now
I       QuestState.cpp[0904]25/08 21:22:27 Quest 'FindBenMZ_Quest' can be given now
I       QuestState.cpp[0904]25/08 21:22:27 Quest 'QuickFindBen' can be given now
I       QuestState.cpp[0904]25/08 21:22:27 Quest 'OpenMid_Quest' can be given now
I       QuestState.cpp[0904]25/08 21:22:27 Quest 'TalkBeforeDesert' can be given now
I       QuestState.cpp[0904]25/08 21:22:27 Quest 'ZashitaGotova' can be given now
I       QuestState.cpp[0904]25/08 21:22:27 Quest 'FakeQuest1' can be given now
I       QuestState.cpp[0904]25/08 21:22:27 Quest 'Chehly_Quest' can be given now
I       QuestState.cpp[0904]25/08 21:22:27 Quest 'WorkGiver_Quest1' can be given now
I       QuestState.cpp[0904]25/08 21:22:27 Quest 'd_PunishBandits_Quest' can be given now
I       QuestState.cpp[0904]25/08 21:22:27 Quest 'r1m1_Hospital_Quest' can be given now
I       QuestState.cpp[0904]25/08 21:22:27 Quest 'r1m1_Botanik_Quest' can be given now
I       QuestState.cpp[0904]25/08 21:22:27 Quest 'r1m1_FindBotanik_Quest' can be given now
I       QuestState.cpp[0904]25/08 21:22:27 Quest 'Buyer_Quest1' can be given now
I       QuestState.cpp[0904]25/08 21:22:27 Quest 'FirstTimePlay' can be given now
I       QuestState.cpp[0904]25/08 21:22:27 Quest 'TalkWithFather_Quest' can be given now
I       QuestState.cpp[0904]25/08 21:22:27 Quest 'LisaAtSouth' can be given now
I       QuestState.cpp[0904]25/08 21:22:27 Quest 'FindBen_Quest' can be given now
I       QuestState.cpp[0904]25/08 21:22:27 Quest 'FindBenAgain_Quest' can be given now
I       QuestState.cpp[0904]25/08 21:22:27 Quest 'd_SinFather_Quest' can be given now
I       QuestState.cpp[0904]25/08 21:22:27 Quest 'TalkToVasily' can be given now
I       QuestState.cpp[0904]25/08 21:22:27 Quest 'CheckTheEast' can be given now
I       QuestState.cpp[0904]25/08 21:22:27 Quest 'BenSouth_Quest' can be given now
I           server.cpp[0826]25/08 21:22:27 	AI: QuestStates loaded
I           server.cpp[0828]25/08 21:22:27 	AI: Loading DynamicScene
I     DynamicScene.cpp[1470]25/08 21:22:27 		 Scene loading begin
I     DynamicScene.cpp[1472]25/08 21:22:27 		 Scene loading end
I           server.cpp[0837]25/08 21:22:27 	AI: DynamicScene loaded
I           server.cpp[0852]25/08 21:22:27 	AI: Loading Triggers
E           server.cpp[1242]25/08 21:22:27 Error: cannot open data\maps\MainMenu\
I           server.cpp[0855]25/08 21:22:27 	AI: Triggers loaded
I           server.cpp[0857]25/08 21:22:27 	AI: Loading Object Names
E     ObjContainer.cpp[1104]25/08 21:22:27 Error: cannot open data\maps\MainMenu\object_names.xml
I           server.cpp[0868]25/08 21:22:27 	AI: Initing Player
I           server.cpp[0888]25/08 21:22:27 		Before first Update
I   TruxxUiManager.cpp[1422]25/08 21:22:27 Game mode changed. Old mode = 2, new mode = 1
I           server.cpp[0909]25/08 21:22:27 		After first Update
I           server.cpp[0911]25/08 21:22:27 AI: Finished Loading Server
I           view32.cpp[1106]25/08 21:22:27 Load server end
I        QuestInfo.cpp[0847]25/08 21:22:27 Quest infos were loaded successfully from file data\if\diz\QuestInfoGlobal.xml
I        QuestInfo.cpp[0783]25/08 21:22:27 QuestInfo manager was inited successfully
I       MsgManager.cpp[0391]25/08 21:22:27 Can't open file data\maps\MainMenu\strings.xml for read.
I    GameUiManager.cpp[0303]25/08 21:22:27 Interface: is initializing...
I    GameUiManager.cpp[0405]25/08 21:22:27 Interface: is clearing...
I    GameUiManager.cpp[0495]25/08 21:22:27 Interface: is cleared successfully
I    GameUiManager.cpp[0395]25/08 21:22:27 Interface: is inited successfully
I blockMusicManager.cpp[0199]25/08 21:22:27 BlockMusicManager: resetting
I      gameimpulse.cpp[0618]25/08 21:22:27 Key bindings: unbind all is done
I      gameimpulse.cpp[0618]25/08 21:22:27 Key bindings: unbind all is done
I      gameimpulse.cpp[0324]25/08 21:22:27 Key bindings: were loaded successfully from file data/profiles/riverzone\KeyBindings.lua
I      gameimpulse.cpp[1222]25/08 21:22:27 Key bindings: were loaded from profile
I        SplashWnd.cpp[0244]25/08 21:22:33 Start splashing 11
I   TruxxUiManager.cpp[1422]25/08 21:22:33 Game mode changed. Old mode = 1, new mode = 0
I    GameUiManager.cpp[0405]25/08 21:22:33 Interface: is clearing...
I    GameUiManager.cpp[0495]25/08 21:22:33 Interface: is cleared successfully
I           view32.cpp[1048]25/08 21:22:33 -- Loading Level: data\maps\r8m1.ssl --
I            world.cpp[0132]25/08 21:22:33 ----------------------- World Loading
F        landscape.cpp[1674]25/08 21:22:33  +- Enter function: Landscape::Load()
I        landscape.cpp[1911]25/08 21:22:33  |  ----------------------- Normal map loaded in: 2
I        landscape.cpp[1920]25/08 21:22:33  |  ----------------------- Tiles loaded in: 12
I        landscape.cpp[1944]25/08 21:22:33  |  ----------------------- ShoreLine loaded in: 0
F        landscape.cpp[1944]25/08 21:22:33  +- Exit function: Landscape::Load()
I            world.cpp[0169]25/08 21:22:33 ----------------------- Landscape loaded in: 62
I       DataServer.cpp[0587]25/08 21:22:33 Loading Servers: data\maps\r8m1\servers.xml
E       DraftModel.cpp[1002]25/08 21:22:35 Error: Couldn't load texture data\models\vehicles\belaz\cab01_mt.dds for model cargov1.gam
E       DraftModel.cpp[1002]25/08 21:22:35 Error: Couldn't load texture data\models\vehicles\belaz\cab01_mt.dds for model cargov1.gam
E       DraftModel.cpp[1002]25/08 21:22:35 Error: Couldn't load texture data\models\vehicles\belaz\cab01_mt.dds for model cargov1.gam
E       DraftModel.cpp[1002]25/08 21:22:35 Error: Couldn't load texture data\models\vehicles\belaz\cab01_mt.dds for model cargov1.gam
E       DraftModel.cpp[1002]25/08 21:22:35 Error: Couldn't load texture data\models\vehicles\belaz\cab01_mt.dds for model cargov1.gam
E       DraftModel.cpp[1002]25/08 21:22:35 Error: Couldn't load texture data\models\vehicles\belaz\cab01_mt.dds for model cargov1.gam
E       DraftModel.cpp[1002]25/08 21:22:35 Error: Couldn't load texture data\models\vehicles\belaz\cab01_mt.dds for model cargov1.gam
E       DraftModel.cpp[1002]25/08 21:22:35 Error: Couldn't load texture data\models\vehicles\belaz\cab01_mt.dds for model cargov1.gam
E       DraftModel.cpp[1002]25/08 21:22:35 Error: Couldn't load texture data\models\vehicles\belaz\cab01_mt.dds for model cargov1.gam
E serverAnimatedModel.cpp[0627]25/08 21:22:36 ServerAnimatedModels: cannot read file: file:data\models\AnimModels.xml id = barrel1_dyn
E serverAnimatedModel.cpp[0627]25/08 21:22:36 ServerAnimatedModels: cannot read file: file:data\models\AnimModels.xml id = barrel3_dyn
E serverAnimatedModel.cpp[0627]25/08 21:22:36 ServerAnimatedModels: cannot read file: file:data\models\AnimModels.xml id = brick_dot1gun
E serverAnimatedModel.cpp[0627]25/08 21:22:36 ServerAnimatedModels: cannot read file: file:data\models\AnimModels.xml id = brick_dot2gun
E serverAnimatedModel.cpp[0627]25/08 21:22:36 ServerAnimatedModels: cannot read file: file:data\models\AnimModels.xml id = data\models\Ammo\plasma01.gam
E serverAnimatedModel.cpp[0627]25/08 21:22:36 ServerAnimatedModels: cannot read file: file:data\models\AnimModels.xml id = data\models\ammo\shell_big_gun01.gam
E serverAnimatedModel.cpp[0627]25/08 21:22:36 ServerAnimatedModels: cannot read file: file:data\models\AnimModels.xml id = data\models\ammo\shell_big_gun02.gam
E serverAnimatedModel.cpp[0627]25/08 21:22:36 ServerAnimatedModels: cannot read file: file:data\models\AnimModels.xml id = data\models\ammo\shell_sml_pulemet01.gam
E serverAnimatedModel.cpp[0627]25/08 21:22:36 ServerAnimatedModels: cannot read file: file:data\models\AnimModels.xml id = data\models\buildings\region1\brick_debris1.gam
E serverAnimatedModel.cpp[0627]25/08 21:22:36 ServerAnimatedModels: cannot read file: file:data\models\AnimModels.xml id = data\models\buildings\region1\wood_debris1.gam
E serverAnimatedModel.cpp[0627]25/08 21:22:36 ServerAnimatedModels: cannot read file: file:data\models\AnimModels.xml id = dungeon_1
E serverAnimatedModel.cpp[0627]25/08 21:22:36 ServerAnimatedModels: cannot read file: file:data\models\AnimModels.xml id = dungeon_1_dead
E serverAnimatedModel.cpp[0627]25/08 21:22:36 ServerAnimatedModels: cannot read file: file:data\models\AnimModels.xml id = heavy_dot1gun
E serverAnimatedModel.cpp[0627]25/08 21:22:36 ServerAnimatedModels: cannot read file: file:data\models\AnimModels.xml id = heavy_dot2gun
E serverAnimatedModel.cpp[0627]25/08 21:22:36 ServerAnimatedModels: cannot read file: file:data\models\AnimModels.xml id = heavy_dot3gun
E serverAnimatedModel.cpp[0627]25/08 21:22:36 ServerAnimatedModels: cannot read file: file:data\models\AnimModels.xml id = heavy_dot4gun
E serverAnimatedModel.cpp[0627]25/08 21:22:36 ServerAnimatedModels: cannot read file: file:data\models\AnimModels.xml id = sack_dot1gun
E serverAnimatedModel.cpp[0627]25/08 21:22:36 ServerAnimatedModels: cannot read file: file:data\models\AnimModels.xml id = sack_dot2gun
E serverAnimatedModel.cpp[0627]25/08 21:22:36 ServerAnimatedModels: cannot read file: file:data\models\AnimModels.xml id = shell
E serverAnimatedModel.cpp[0627]25/08 21:22:36 ServerAnimatedModels: cannot read file: file:data\models\AnimModels.xml id = tankSusp01
I serverAnimatedModel.cpp[0630]25/08 21:22:36 ### Total time: 2516, GAM time: 2326
I           m3dapp.cpp[1343]25/08 21:22:36 snd: Cannot load sound sample from file data\sounds\Driving\Motors\belaz2_engine_noise_high.wav. Error: An invalid parameter was passed to this function
I      serverSound.cpp[0622]25/08 21:22:36 SoundServer: cannot add sound data\sounds\Driving\Motors\belaz2_engine_noise_high.wav
I      serverSound.cpp[0546]25/08 21:22:36 DataServer: cannot read data\sounds\Driving\Motors\belaz2_engine_noise_high.wav id = S_ENGINE_BELAZ_2_HIGH
E      serverSound.cpp[0293]25/08 21:22:36 MusicServer: cannot read file: data\sounds\sounds.xml id = 'Fake_Sound_Do_Not_Use_It'
I       DataServer.cpp[0587]25/08 21:22:36 Loading Servers: data\models\commonservers.xml
E      serverMusic.cpp[0216]25/08 21:22:36 MusicServer: cannot read file: data\music\music.xml id = 'LaBelleTown'
E      serverMusic.cpp[0216]25/08 21:22:36 MusicServer: cannot read file: data\music\music.xml id = 'block6_driving2'
I            world.cpp[0210]25/08 21:22:36 ----------------------- Servers loaded in: 2799
I            world.cpp[0338]25/08 21:22:36 LoadWorld begin...
I            world.cpp[0350]25/08 21:22:36 %%%% read/parse xml: 127
I            world.cpp[0362]25/08 21:22:36 %%%% read from xml: 173
I            world.cpp[0444]25/08 21:22:37 %%%% link nodes: 261
I            world.cpp[0220]25/08 21:22:37 ----------------------- Nodes loaded in: 564
I            world.cpp[0228]25/08 21:22:37 ----------------------- Prefabs loaded in: 1
I            world.cpp[0247]25/08 21:22:37 ----------------------- World loaded in: 3573
E        GamParser.cpp[0399]25/08 21:22:37 AnimatedModel::LoadGAM -- cannot open file data\models\roads\road_small_highway\small_highway_end.gam-
I      roadManager.cpp[0139]25/08 21:22:37 RoadManager error( model not loaded ): data\models\roads\road_small_highway\small_highway_end.gam-
