---------------------------------------------- Log begins on Fri Feb 27 21:47:40 2026 ----------------------------------------------
I           m3dapp.cpp[0088]27/02 21:47:40 Starting up...
I           m3dapp.cpp[1498]27/02 21:47:40 ExMachina - release version release build v1.02 (Dec 21 2005 12:15:10)
I      Stackwalker.cpp[0608]27/02 21:47:40 Stackwalker: log file name will be 'b:/exmachina.gm.mod.sdk_/exceptions/hta.exe0015.log'
I      Stackwalker.cpp[0609]27/02 21:47:40 Stackwalker: dump file name will be 'b:/exmachina.gm.mod.sdk_/exceptions/hta.exe0015.dmp'
I      Stackwalker.cpp[0610]27/02 21:47:40 Stackwalker: game log file name will be 'b:/exmachina.gm.mod.sdk_/exceptions/hta.exe0015_game.log'
I           m3dapp.cpp[1391]27/02 21:47:40 Path: B:\ExMachina.GM.mod.SDK_
I           m3dapp.cpp[1392]27/02 21:47:40 Exe: B:\ExMachina.GM.mod.SDK_\hta.exe
I           m3dapp.cpp[1401]27/02 21:47:40 Windows version: 6.2.9200
I           m3dapp.cpp[1410]27/02 21:47:40 Computer name: DESKTOP-QQPV5MQ
I           m3dapp.cpp[1430]27/02 21:47:40 Cpu: GenuineIntel
I           m3dapp.cpp[1434]27/02 21:47:40 Cpu clock: ~3302
I           m3dapp.cpp[1459]27/02 21:47:40 Processor is mmx able
I           m3dapp.cpp[1470]27/02 21:47:40 Physical memory: 4095 MB
I           m3dapp.cpp[1471]27/02 21:47:40 Total memory:    4095 MB
I           m3dapp.cpp[1472]27/02 21:47:40 Physical memory available: 4095 MB
I           m3dapp.cpp[1473]27/02 21:47:40 Total memory available:    3809 MB
I           m3dapp.cpp[2846]27/02 21:47:40 SetCodepage -- using codepage 1251 '1251  (ANSI - кириллица)'
I           m3dapp.cpp[2154]27/02 21:47:40 NOTE! renderer is bind to dxrender9.dll
I           m3dapp.cpp[1336]27/02 21:47:41 d3d: Given device behavior: 80
I           m3dapp.cpp[1336]27/02 21:47:41 d3d: Confirmed device behavior: 80
I           m3dapp.cpp[1336]27/02 21:47:41 d3d: Description: NVIDIA GeForce GTX 1650
I           m3dapp.cpp[1336]27/02 21:47:41 d3d: Driver:      nvldumd.dll
I           m3dapp.cpp[1336]27/02 21:47:41 d3d: VendorId:    0x10de
I           m3dapp.cpp[1336]27/02 21:47:41 d3d: DeviceId:    0x1f0a
I           m3dapp.cpp[1336]27/02 21:47:41 d3d: SubSysId:    0x145c1771
I           m3dapp.cpp[1336]27/02 21:47:41 d3d: Revision:    161
I           m3dapp.cpp[1336]27/02 21:47:41 d3d: Driver version info:
I           m3dapp.cpp[1336]27/02 21:47:41 d3d:   Product:    32
I           m3dapp.cpp[1336]27/02 21:47:41 d3d:   Version:    0
I           m3dapp.cpp[1336]27/02 21:47:41 d3d:   SubVersion: 15
I           m3dapp.cpp[1336]27/02 21:47:41 d3d:   Build:      8129
I           m3dapp.cpp[1336]27/02 21:47:41 d3d: WHQLLevel:    0
I           m3dapp.cpp[1336]27/02 21:47:41 d3d: Texture max size: 16384x16384
I           m3dapp.cpp[1336]27/02 21:47:41 d3d: Guard band: (-100000000.000,-100000000.000,100000000.000,100000000.000)
I           m3dapp.cpp[1336]27/02 21:47:41 d3d: MaxTextureBlendStages: 8
I           m3dapp.cpp[1336]27/02 21:47:41 d3d: MaxSimultaneousTextures: 8
I           m3dapp.cpp[1336]27/02 21:47:41 d3d: MaxActiveLights: 10
I           m3dapp.cpp[1336]27/02 21:47:41 d3d: MaxUserClipPlanes: 8
I           m3dapp.cpp[1336]27/02 21:47:41 d3d: VertexShaderVersion: 0xfffe0300
I           m3dapp.cpp[1336]27/02 21:47:41 d3d: PixelShaderVersion: 0xffff0300
I           m3dapp.cpp[1336]27/02 21:47:41 d3d: Geometry instancing: supported
I           m3dapp.cpp[1336]27/02 21:47:41 d3d: Depth bias supported: yes
I           m3dapp.cpp[1336]27/02 21:47:41 d3d: Slope-scale based depth bias supported: yes
I           m3dapp.cpp[1336]27/02 21:47:41 d3d: HwRasterization: true
I           m3dapp.cpp[1336]27/02 21:47:41 d3d: HwTnL: true
I           m3dapp.cpp[1336]27/02 21:47:41 d3d: PureDevice: true
I           m3dapp.cpp[1336]27/02 21:47:41 d3d: CubeMap: true
I           m3dapp.cpp[1336]27/02 21:47:41 d3d: VolumeMap: true
I           m3dapp.cpp[1336]27/02 21:47:41 d3d: TextureAddressCaps:
I           m3dapp.cpp[1336]27/02 21:47:41 d3d: 	wrap: true
I           m3dapp.cpp[1336]27/02 21:47:41 d3d: 	clamp: true
I           m3dapp.cpp[1336]27/02 21:47:41 d3d: 	border: true
I           m3dapp.cpp[1336]27/02 21:47:41 d3d: Projective textures: true
I           m3dapp.cpp[1336]27/02 21:47:41 d3d: MaxPointSize: 8192.000
I           m3dapp.cpp[1336]27/02 21:47:41 d3d: MaxPrimitiveCount: 16777215
I           m3dapp.cpp[1336]27/02 21:47:41 d3d: MaxVertexIndex: 16777215
I           m3dapp.cpp[1336]27/02 21:47:41 d3d: MaxStreams: 16
I           m3dapp.cpp[1336]27/02 21:47:41 d3d: MaxStreamsStride: 255
I           m3dapp.cpp[1336]27/02 21:47:41 d3d: MaxAnisotropy: 16
I           m3dapp.cpp[1336]27/02 21:47:41 d3d: MaxVertexBlendMatrices: 4
I           m3dapp.cpp[1336]27/02 21:47:41 d3d: MaxVertexBlendMatrixIndex: 8
I           m3dapp.cpp[1336]27/02 21:47:41 d3d: FullScreenGamma: true
I           m3dapp.cpp[1336]27/02 21:47:41 d3d: COLORWRITEENABLE: true
I           m3dapp.cpp[1336]27/02 21:47:41 d3d: MASKZ: true
I           m3dapp.cpp[1336]27/02 21:47:41 d3d: BLENDOP: true
I           m3dapp.cpp[1336]27/02 21:47:41 d3d: CLIPPLANESCALEDPOINTS: false
I           m3dapp.cpp[1336]27/02 21:47:41 d3d: CLIPTLVERTS: true
I           m3dapp.cpp[1336]27/02 21:47:41 d3d: TSSARGTEMP: true
I           m3dapp.cpp[1336]27/02 21:47:41 d3d: DIRECTIONALLIGHTS: true
I           m3dapp.cpp[1336]27/02 21:47:41 d3d: LOCALVIEWER: true
I           m3dapp.cpp[1336]27/02 21:47:41 d3d: POSITIONALLIGHTS: true
I           m3dapp.cpp[1336]27/02 21:47:41 d3d: TEXGEN:  true
I           m3dapp.cpp[1336]27/02 21:47:41 d3d: TWEENING:  true
I           m3dapp.cpp[1336]27/02 21:47:41 d3d: Dp3: true
I           m3dapp.cpp[1336]27/02 21:47:41 d3d: Lerp: true
I           m3dapp.cpp[1336]27/02 21:47:41 d3d: MaxNpatchTessellationLevel: 0.000
I           m3dapp.cpp[1336]27/02 21:47:41 d3d: Query VCACHE support: true
I           m3dapp.cpp[1336]27/02 21:47:41 d3d: Query EVENT support: true
I           m3dapp.cpp[1336]27/02 21:47:41 d3d: Query OCCLUSION support: true
I           m3dapp.cpp[1336]27/02 21:47:41 d3d: Query TIMESTAMP support: true
I           m3dapp.cpp[1336]27/02 21:47:41 d3d: Query TIMESTAMPDISJOINT support: true
I           m3dapp.cpp[1336]27/02 21:47:41 d3d: Query TIMESTAMPFREQ support: true
I           m3dapp.cpp[1336]27/02 21:47:41 d3d: Query PIPELINETIMINGS support: false
I           m3dapp.cpp[1336]27/02 21:47:41 d3d: Query INTERFACETIMINGS support: false
I           m3dapp.cpp[1336]27/02 21:47:41 d3d: Query VERTEXTIMINGS support: false
I           m3dapp.cpp[1336]27/02 21:47:41 d3d: Query PIXELTIMINGS support: false
I           m3dapp.cpp[1336]27/02 21:47:41 d3d: Query BANDWIDTHTIMINGS support: false
I           m3dapp.cpp[1336]27/02 21:47:41 d3d: Query CACHEUTILIZATION support: false
I           m3dapp.cpp[1336]27/02 21:47:41 d3d: Creating or resetting the device
I           m3dapp.cpp[1336]27/02 21:47:41 d3d: Back buffer format: X8R8G8B8
I           m3dapp.cpp[1336]27/02 21:47:41 d3d: Depth/stencil buffer format: D24S8
I           m3dapp.cpp[1336]27/02 21:47:41 d3d: Stenciling: off
I           m3dapp.cpp[1336]27/02 21:47:41 d3d: Rgba textures format: DXT5
I           m3dapp.cpp[1336]27/02 21:47:41 d3d: Rgba no c. textures format: A8R8G8B8
I           m3dapp.cpp[1336]27/02 21:47:41 d3d: RgbA textures format: DXT5
I           m3dapp.cpp[1336]27/02 21:47:41 d3d: RgbA no c. textures format: A4R4G4B4
I           m3dapp.cpp[1336]27/02 21:47:41 d3d: Rt textures format: A8R8G8B8
I           m3dapp.cpp[1336]27/02 21:47:41 d3d: Shadow textures format: R5G6B5
I           m3dapp.cpp[1336]27/02 21:47:41 d3d: Rt depth format: D16
I           m3dapp.cpp[2206]27/02 21:47:41 NOTE! input is bind to input_di8.dll
I           m3dapp.cpp[1938]27/02 21:47:41 NOTE! sound is bind to sound.dll
I           m3dapp.cpp[1350]27/02 21:47:41 input: Joystick not found
I           m3dapp.cpp[1343]27/02 21:47:41 snd: Max sound channels available: 128
I           m3dapp.cpp[1343]27/02 21:47:41 snd: Sound is inited successfully
I             font.cpp[0976]27/02 21:47:41 FontManager: fonts are loaded successfully
I           m3dapp.cpp[1336]27/02 21:47:41 d3d: Cannot open data\models\logos\fishmen.dds
I           m3dapp.cpp[1336]27/02 21:47:41 d3d: texmap failed to load: data\models\logos\fishmen.dds
E       DraftModel.cpp[1002]27/02 21:47:41 Error: Couldn't load texture data\models\logos\fishmen.dds for model logos.gam
I           m3dapp.cpp[1336]27/02 21:47:41 d3d: Cannot open data\models\logos\logo36.dds
I           m3dapp.cpp[1336]27/02 21:47:41 d3d: texmap failed to load: data\models\logos\logo36.dds
E       DraftModel.cpp[1002]27/02 21:47:41 Error: Couldn't load texture data\models\logos\logo36.dds for model logos.gam
I           m3dapp.cpp[1336]27/02 21:47:41 d3d: Cannot open data\models\logos\logo37.dds
I           m3dapp.cpp[1336]27/02 21:47:41 d3d: texmap failed to load: data\models\logos\logo37.dds
E       DraftModel.cpp[1002]27/02 21:47:41 Error: Couldn't load texture data\models\logos\logo37.dds for model logos.gam
I           m3dapp.cpp[1336]27/02 21:47:41 d3d: Cannot open data\models\logos\logo38.dds
I           m3dapp.cpp[1336]27/02 21:47:41 d3d: texmap failed to load: data\models\logos\logo38.dds
E       DraftModel.cpp[1002]27/02 21:47:41 Error: Couldn't load texture data\models\logos\logo38.dds for model logos.gam
I           m3dapp.cpp[1336]27/02 21:47:41 d3d: Cannot open data\models\logos\logo39.dds
I           m3dapp.cpp[1336]27/02 21:47:41 d3d: texmap failed to load: data\models\logos\logo39.dds
E       DraftModel.cpp[1002]27/02 21:47:41 Error: Couldn't load texture data\models\logos\logo39.dds for model logos.gam
I           m3dapp.cpp[1336]27/02 21:47:41 d3d: Cannot open data\models\logos\logo40.dds
I           m3dapp.cpp[1336]27/02 21:47:41 d3d: texmap failed to load: data\models\logos\logo40.dds
E       DraftModel.cpp[1002]27/02 21:47:41 Error: Couldn't load texture data\models\logos\logo40.dds for model logos.gam
I           m3dapp.cpp[1336]27/02 21:47:41 d3d: Cannot open data\models\logos\logo41.dds
I           m3dapp.cpp[1336]27/02 21:47:41 d3d: texmap failed to load: data\models\logos\logo41.dds
E       DraftModel.cpp[1002]27/02 21:47:41 Error: Couldn't load texture data\models\logos\logo41.dds for model logos.gam
I           m3dapp.cpp[1336]27/02 21:47:41 d3d: Cannot open data\models\logos\logo42.dds
I           m3dapp.cpp[1336]27/02 21:47:41 d3d: texmap failed to load: data\models\logos\logo42.dds
E       DraftModel.cpp[1002]27/02 21:47:41 Error: Couldn't load texture data\models\logos\logo42.dds for model logos.gam
I           m3dapp.cpp[1336]27/02 21:47:41 d3d: Cannot open data\models\logos\logo43.dds
I           m3dapp.cpp[1336]27/02 21:47:41 d3d: texmap failed to load: data\models\logos\logo43.dds
E       DraftModel.cpp[1002]27/02 21:47:41 Error: Couldn't load texture data\models\logos\logo43.dds for model logos.gam
I           m3dapp.cpp[1336]27/02 21:47:41 d3d: Cannot open data\models\logos\logo44.dds
I           m3dapp.cpp[1336]27/02 21:47:41 d3d: texmap failed to load: data\models\logos\logo44.dds
E       DraftModel.cpp[1002]27/02 21:47:41 Error: Couldn't load texture data\models\logos\logo44.dds for model logos.gam
I           m3dapp.cpp[1336]27/02 21:47:41 d3d: Cannot open data\models\logos\logo45.dds
I           m3dapp.cpp[1336]27/02 21:47:41 d3d: texmap failed to load: data\models\logos\logo45.dds
E       DraftModel.cpp[1002]27/02 21:47:41 Error: Couldn't load texture data\models\logos\logo45.dds for model logos.gam
I           m3dapp.cpp[1336]27/02 21:47:41 d3d: Cannot open data\models\logos\logo46.dds
I           m3dapp.cpp[1336]27/02 21:47:41 d3d: texmap failed to load: data\models\logos\logo46.dds
E       DraftModel.cpp[1002]27/02 21:47:41 Error: Couldn't load texture data\models\logos\logo46.dds for model logos.gam
I           m3dapp.cpp[1336]27/02 21:47:41 d3d: Cannot open data\models\logos\logo47.dds
I           m3dapp.cpp[1336]27/02 21:47:41 d3d: texmap failed to load: data\models\logos\logo47.dds
E       DraftModel.cpp[1002]27/02 21:47:41 Error: Couldn't load texture data\models\logos\logo47.dds for model logos.gam
I           m3dapp.cpp[1336]27/02 21:47:41 d3d: Cannot open data\models\logos\logo48.dds
I           m3dapp.cpp[1336]27/02 21:47:41 d3d: texmap failed to load: data\models\logos\logo48.dds
E       DraftModel.cpp[1002]27/02 21:47:41 Error: Couldn't load texture data\models\logos\logo48.dds for model logos.gam
I           m3dapp.cpp[1336]27/02 21:47:41 d3d: Cannot open data\models\logos\logo49.dds
I           m3dapp.cpp[1336]27/02 21:47:41 d3d: texmap failed to load: data\models\logos\logo49.dds
E       DraftModel.cpp[1002]27/02 21:47:41 Error: Couldn't load texture data\models\logos\logo49.dds for model logos.gam
I           m3dapp.cpp[1336]27/02 21:47:41 d3d: Cannot open data\models\logos\logo50.dds
I           m3dapp.cpp[1336]27/02 21:47:41 d3d: texmap failed to load: data\models\logos\logo50.dds
E       DraftModel.cpp[1002]27/02 21:47:41 Error: Couldn't load texture data\models\logos\logo50.dds for model logos.gam
I           m3dapp.cpp[1336]27/02 21:47:41 d3d: Cannot open data\models\logos\logo51.dds
I           m3dapp.cpp[1336]27/02 21:47:41 d3d: texmap failed to load: data\models\logos\logo51.dds
E       DraftModel.cpp[1002]27/02 21:47:41 Error: Couldn't load texture data\models\logos\logo51.dds for model logos.gam
I           m3dapp.cpp[1336]27/02 21:47:41 d3d: Cannot open data\models\logos\logo52.dds
I           m3dapp.cpp[1336]27/02 21:47:41 d3d: texmap failed to load: data\models\logos\logo52.dds
E       DraftModel.cpp[1002]27/02 21:47:41 Error: Couldn't load texture data\models\logos\logo52.dds for model logos.gam
I           m3dapp.cpp[1336]27/02 21:47:41 d3d: Cannot open data\models\logos\logo53.dds
I           m3dapp.cpp[1336]27/02 21:47:41 d3d: texmap failed to load: data\models\logos\logo53.dds
E       DraftModel.cpp[1002]27/02 21:47:41 Error: Couldn't load texture data\models\logos\logo53.dds for model logos.gam
I           m3dapp.cpp[1336]27/02 21:47:41 d3d: Cannot open data\models\logos\logo54.dds
I           m3dapp.cpp[1336]27/02 21:47:41 d3d: texmap failed to load: data\models\logos\logo54.dds
E       DraftModel.cpp[1002]27/02 21:47:41 Error: Couldn't load texture data\models\logos\logo54.dds for model logos.gam
I           m3dapp.cpp[1336]27/02 21:47:41 d3d: Cannot open data\models\logos\logo55.dds
I           m3dapp.cpp[1336]27/02 21:47:41 d3d: texmap failed to load: data\models\logos\logo55.dds
E       DraftModel.cpp[1002]27/02 21:47:41 Error: Couldn't load texture data\models\logos\logo55.dds for model logos.gam
I           m3dapp.cpp[1336]27/02 21:47:41 d3d: Cannot open data\models\logos\logo56.dds
I           m3dapp.cpp[1336]27/02 21:47:41 d3d: texmap failed to load: data\models\logos\logo56.dds
E       DraftModel.cpp[1002]27/02 21:47:41 Error: Couldn't load texture data\models\logos\logo56.dds for model logos.gam
I           m3dapp.cpp[1336]27/02 21:47:41 d3d: Cannot open data\models\logos\logo57.dds
I           m3dapp.cpp[1336]27/02 21:47:41 d3d: texmap failed to load: data\models\logos\logo57.dds
E       DraftModel.cpp[1002]27/02 21:47:41 Error: Couldn't load texture data\models\logos\logo57.dds for model logos.gam
I           m3dapp.cpp[1336]27/02 21:47:41 d3d: Cannot open data\models\logos\logo58.dds
I           m3dapp.cpp[1336]27/02 21:47:41 d3d: texmap failed to load: data\models\logos\logo58.dds
E       DraftModel.cpp[1002]27/02 21:47:41 Error: Couldn't load texture data\models\logos\logo58.dds for model logos.gam
I           m3dapp.cpp[1336]27/02 21:47:41 d3d: Cannot open data\models\logos\logo59.dds
I           m3dapp.cpp[1336]27/02 21:47:41 d3d: texmap failed to load: data\models\logos\logo59.dds
E       DraftModel.cpp[1002]27/02 21:47:41 Error: Couldn't load texture data\models\logos\logo59.dds for model logos.gam
I           m3dapp.cpp[1336]27/02 21:47:41 d3d: Cannot open data\models\logos\logo60.dds
I           m3dapp.cpp[1336]27/02 21:47:41 d3d: texmap failed to load: data\models\logos\logo60.dds
E       DraftModel.cpp[1002]27/02 21:47:41 Error: Couldn't load texture data\models\logos\logo60.dds for model logos.gam
I           m3dapp.cpp[1336]27/02 21:47:41 d3d: Cannot open data\models\logos\logo61.dds
I           m3dapp.cpp[1336]27/02 21:47:41 d3d: texmap failed to load: data\models\logos\logo61.dds
E       DraftModel.cpp[1002]27/02 21:47:41 Error: Couldn't load texture data\models\logos\logo61.dds for model logos.gam
I           m3dapp.cpp[1336]27/02 21:47:41 d3d: Cannot open data\models\logos\logo62.dds
I           m3dapp.cpp[1336]27/02 21:47:41 d3d: texmap failed to load: data\models\logos\logo62.dds
E       DraftModel.cpp[1002]27/02 21:47:41 Error: Couldn't load texture data\models\logos\logo62.dds for model logos.gam
I           m3dapp.cpp[1336]27/02 21:47:41 d3d: Cannot open data\models\logos\logo63.dds
I           m3dapp.cpp[1336]27/02 21:47:41 d3d: texmap failed to load: data\models\logos\logo63.dds
E       DraftModel.cpp[1002]27/02 21:47:41 Error: Couldn't load texture data\models\logos\logo63.dds for model logos.gam
I           m3dapp.cpp[1336]27/02 21:47:41 d3d: Cannot open data\models\logos\logo64.dds
I           m3dapp.cpp[1336]27/02 21:47:41 d3d: texmap failed to load: data\models\logos\logo64.dds
E       DraftModel.cpp[1002]27/02 21:47:41 Error: Couldn't load texture data\models\logos\logo64.dds for model logos.gam
I           m3dapp.cpp[1336]27/02 21:47:41 d3d: Cannot open data\models\logos\logo65.dds
I           m3dapp.cpp[1336]27/02 21:47:41 d3d: texmap failed to load: data\models\logos\logo65.dds
E       DraftModel.cpp[1002]27/02 21:47:41 Error: Couldn't load texture data\models\logos\logo65.dds for model logos.gam
I           m3dapp.cpp[1336]27/02 21:47:41 d3d: Cannot open data\models\logos\logo66.dds
I           m3dapp.cpp[1336]27/02 21:47:41 d3d: texmap failed to load: data\models\logos\logo66.dds
E       DraftModel.cpp[1002]27/02 21:47:41 Error: Couldn't load texture data\models\logos\logo66.dds for model logos.gam
I           m3dapp.cpp[1336]27/02 21:47:41 d3d: Cannot open data\models\logos\logo67.dds
I           m3dapp.cpp[1336]27/02 21:47:41 d3d: texmap failed to load: data\models\logos\logo67.dds
E       DraftModel.cpp[1002]27/02 21:47:41 Error: Couldn't load texture data\models\logos\logo67.dds for model logos.gam
I           m3dapp.cpp[1336]27/02 21:47:41 d3d: Cannot open data\models\logos\logo68.dds
I           m3dapp.cpp[1336]27/02 21:47:41 d3d: texmap failed to load: data\models\logos\logo68.dds
E       DraftModel.cpp[1002]27/02 21:47:41 Error: Couldn't load texture data\models\logos\logo68.dds for model logos.gam
I           m3dapp.cpp[1336]27/02 21:47:41 d3d: Cannot open data\models\logos\logo69.dds
I           m3dapp.cpp[1336]27/02 21:47:41 d3d: texmap failed to load: data\models\logos\logo69.dds
E       DraftModel.cpp[1002]27/02 21:47:41 Error: Couldn't load texture data\models\logos\logo69.dds for model logos.gam
I           m3dapp.cpp[1336]27/02 21:47:41 d3d: Cannot open data\models\logos\logo70.dds
I           m3dapp.cpp[1336]27/02 21:47:41 d3d: texmap failed to load: data\models\logos\logo70.dds
E       DraftModel.cpp[1002]27/02 21:47:41 Error: Couldn't load texture data\models\logos\logo70.dds for model logos.gam
I      gameimpulse.cpp[0288]27/02 21:47:41 Key bindings: were inited successfully
I           view32.cpp[0705]27/02 21:47:41 --- Init Media ---
I    GameUiManager.cpp[0303]27/02 21:47:41 Interface: is initializing...
I    GameUiManager.cpp[1580]27/02 21:47:41 Interface: clearing resource infos ...
I    GameUiManager.cpp[1491]27/02 21:47:41 Interface: loading resource infos ...
I    GameUiManager.cpp[1603]27/02 21:47:41 Interface: loading resources ...
I           m3dapp.cpp[1343]27/02 21:47:41 snd: Error: Can't Open SoundFile: 
I           m3dapp.cpp[1343]27/02 21:47:41 snd: Cannot open sound stream from file . Error: File not found, flags: 8272
I    GameUiManager.cpp[0395]27/02 21:47:41 Interface: is inited successfully
I        LevelInfo.cpp[0806]27/02 21:47:41 Level infos were loaded successfully from file data\if\diz\LevelInfo.xml
I        LevelInfo.cpp[0837]27/02 21:47:41 Error: could't open data\maps\r1m8.ssl file
E        LevelInfo.cpp[0749]27/02 21:47:41 LevelInfoManager was inited with errors
I   TruxxUiManager.cpp[0191]27/02 21:47:41 TruxxUiManager: was inited successfully
I      gameimpulse.cpp[0618]27/02 21:47:42 Key bindings: unbind all is done
I      gameimpulse.cpp[0324]27/02 21:47:42 Key bindings: were loaded successfully from file data\scripts\DefaultKeyBindings.lua
I      gameimpulse.cpp[1194]27/02 21:47:42 Key bindings: were bind from defaults
I            video.cpp[0704]27/02 21:47:42 Could not load specified video file: data\video\logobuka.wmv (hr = 80070003)
I     view32_video.cpp[0061]27/02 21:47:42 Error: couldn't load video 'data\video\logobuka.wmv'
I            video.cpp[0704]27/02 21:47:42 Could not load specified video file: data\video\logotargem.wmv (hr = 80070003)
I     view32_video.cpp[0061]27/02 21:47:42 Error: couldn't load video 'data\video\logotargem.wmv'
I            video.cpp[0704]27/02 21:47:42 Could not load specified video file: data\video\INTRO_RUS_FIELD.wmv (hr = 80070003)
I     view32_video.cpp[0061]27/02 21:47:42 Error: couldn't load video 'data\video\INTRO_RUS_FIELD.wmv'
I             core.lua[0013]27/02 21:47:42 IMPROVED STORYLINE V1.0.5.3 ORIGINAL BUILD 220422
I           m3dapp.cpp[1808]27/02 21:47:42 ----------------------- Engine inited in: 0
I          Profile.cpp[0602]27/02 21:47:42 Profile "RiverZone" set
I   TruxxUiManager.cpp[1422]27/02 21:47:42 Game mode changed. Old mode = 3, new mode = 2
I        SplashWnd.cpp[0244]27/02 21:47:42 Start splashing 11
I           view32.cpp[1048]27/02 21:47:42 -- Loading Level: data\maps\mainmenu.ssl --
I            world.cpp[0132]27/02 21:47:42 ----------------------- World Loading
F        landscape.cpp[1674]27/02 21:47:42  +- Enter function: Landscape::Load()
I        landscape.cpp[1911]27/02 21:47:42  |  ----------------------- Normal map loaded in: 10
I        landscape.cpp[1920]27/02 21:47:42  |  ----------------------- Tiles loaded in: 128
I        landscape.cpp[1944]27/02 21:47:42  |  ----------------------- ShoreLine loaded in: 0
F        landscape.cpp[1944]27/02 21:47:42  +- Exit function: Landscape::Load()
I            world.cpp[0169]27/02 21:47:42 ----------------------- Landscape loaded in: 317
I       DataServer.cpp[0587]27/02 21:47:42 Loading Servers: data\maps\MainMenu\servers.xml
I serverAnimatedModel.cpp[0630]27/02 21:47:47 ### Total time: 4265, GAM time: 3470
I       DataServer.cpp[0587]27/02 21:47:47 Loading Servers: data\models\commonservers.xml
E      serverMusic.cpp[0216]27/02 21:47:51 MusicServer: cannot read file: data\music\music.xml id = 'LaBelleTown'
E      serverMusic.cpp[0216]27/02 21:47:51 MusicServer: cannot read file: data\music\music.xml id = 'block6_driving2'
I            world.cpp[0210]27/02 21:47:51 ----------------------- Servers loaded in: 8525
I            world.cpp[0338]27/02 21:47:51 LoadWorld begin...
I            world.cpp[0350]27/02 21:47:51 %%%% read/parse xml: 12
I            world.cpp[0362]27/02 21:47:51 %%%% read from xml: 19
E    PlayerPassMap.cpp[0139]27/02 21:47:51 Couldn't load player pass map from file data\maps\MainMenu\player_passmap.xml
I            world.cpp[0444]27/02 21:47:51 %%%% link nodes: 27
I            world.cpp[0220]27/02 21:47:51 ----------------------- Nodes loaded in: 61
I            world.cpp[0228]27/02 21:47:51 ----------------------- Prefabs loaded in: 0
I            world.cpp[0247]27/02 21:47:51 ----------------------- World loaded in: 9083
I            world.cpp[0278]27/02 21:47:52 ----------------------- Roads loaded in: 572
I           view32.cpp[1078]27/02 21:47:52 Load Server begin...
I   TruxxUiManager.cpp[0974]27/02 21:47:52 Interface: is loaded successfully
I           server.cpp[0789]27/02 21:47:52 AI: Loading Server...
I           server.cpp[0796]27/02 21:47:52 	AI: Loading Relationship
I     Relationship.cpp[0134]27/02 21:47:52 		 File readed
I           server.cpp[0801]27/02 21:47:52 	AI: Loading SoilProps
I           server.cpp[0804]27/02 21:47:52 	AI: Loading ExternalPaths
I           server.cpp[0807]27/02 21:47:52 	AI: Loading PlayerPassMap
E    PlayerPassMap.cpp[0139]27/02 21:47:52 Couldn't load player pass map from file data\maps\MainMenu\player_passmap.xml
I           server.cpp[0813]27/02 21:47:52 	AI: Loading GameObjects
I           server.cpp[0816]27/02 21:47:52 	AI: Initializing VehicleGeneratorInfoCache
I           server.cpp[0820]27/02 21:47:52 	AI: Refreshing GameObjects
I           server.cpp[0824]27/02 21:47:52 	AI: Loading QuestStates
I       QuestState.cpp[0904]27/02 21:47:52 Quest 'Human1_Quest1' can be given now
I       QuestState.cpp[0904]27/02 21:47:52 Quest 'Human1_Quest2' can be given now
I       QuestState.cpp[0904]27/02 21:47:52 Quest 'BenGoodEnd' can be given now
I       QuestState.cpp[0904]27/02 21:47:52 Quest 'q_PlaceWithSign' can be given now
I       QuestState.cpp[0904]27/02 21:47:52 Quest 'r3m2_OracleMemory' can be given now
I       QuestState.cpp[0904]27/02 21:47:52 Quest 'r3m2_TalkWithLisa' can be given now
I       QuestState.cpp[0904]27/02 21:47:52 Quest 'r3m2_TalkWithBenAboutCarAfterOracul' can be given now
I       QuestState.cpp[0904]27/02 21:47:52 Quest 'r3m2_FindInfoAboutFather' can be given now
I       QuestState.cpp[0904]27/02 21:47:52 Quest 'r3m1_LureMainDriud' can be given now
I       QuestState.cpp[0904]27/02 21:47:52 Quest 'r3m1_ClearSanctuary' can be given now
I       QuestState.cpp[0904]27/02 21:47:52 Quest 'r3m1_KnowAboutUluk' can be given now
I       QuestState.cpp[0904]27/02 21:47:52 Quest 'r3m1_RescueUlukCivil' can be given now
I       QuestState.cpp[0904]27/02 21:47:52 Quest 'q_VisitDruid' can be given now
I       QuestState.cpp[0904]27/02 21:47:52 Quest 'r2m2_Znaki2_Quest' can be given now
I       QuestState.cpp[0904]27/02 21:47:52 Quest 'r2m2_HeadsHunterQuest' can be given now
I       QuestState.cpp[0904]27/02 21:47:52 Quest 'r2m2_OldDvigatel1_Quest' can be given now
I       QuestState.cpp[0904]27/02 21:47:52 Quest 'r2m2_OldDvigatel2_Quest' can be given now
I       QuestState.cpp[0904]27/02 21:47:52 Quest 'r2m2_FightFelix' can be given now
I       QuestState.cpp[0904]27/02 21:47:52 Quest 'r2m2_ReturnToMarecciaFromCastle' can be given now
I       QuestState.cpp[0904]27/02 21:47:52 Quest 'r2m2_FightWithAxelInArena_Quest' can be given now
I       QuestState.cpp[0904]27/02 21:47:52 Quest 'r2m2_FindLisAfterAxelAndFatherDie_Quest' can be given now
I       QuestState.cpp[0904]27/02 21:47:52 Quest 'r2m2_ToLisaToMonastir' can be given now
I       QuestState.cpp[0904]27/02 21:47:52 Quest 'r2m2_FightLisaToMonastir' can be given now
I       QuestState.cpp[0904]27/02 21:47:52 Quest 'r2m2_GiveDisk2ToOrakul' can be given now
I       QuestState.cpp[0904]27/02 21:47:52 Quest 'MrShlyapa3_Quest' can be given now
I       QuestState.cpp[0904]27/02 21:47:52 Quest 'r2m1_ArtAntipod_Quest' can be given now
I       QuestState.cpp[0904]27/02 21:47:52 Quest 'r2m1_TakeNarcotics_Quest' can be given now
I       QuestState.cpp[0904]27/02 21:47:52 Quest 'r2m1_KillGodFather_Quest' can be given now
I       QuestState.cpp[0904]27/02 21:47:52 Quest 'MrShlyapaSecret' can be given now
I       QuestState.cpp[0904]27/02 21:47:52 Quest 'd_GetSupportOneOfTheBands2_Quest' can be given now
I       QuestState.cpp[0904]27/02 21:47:52 Quest 'd_GetSupportOneOfTheBands1_Quest' can be given now
I       QuestState.cpp[0904]27/02 21:47:52 Quest 'd_FindVerbInAR_Quest' can be given now
I       QuestState.cpp[0904]27/02 21:47:52 Quest 'd_FindVerbInSNG_Quest' can be given now
I       QuestState.cpp[0904]27/02 21:47:52 Quest 'd_PatrulSideSNG_Quest' can be given now
I       QuestState.cpp[0904]27/02 21:47:52 Quest 'd_TakeGeneralOfBandits_Quest' can be given now
I       QuestState.cpp[0904]27/02 21:47:52 Quest 'r2m1_TW_AlienInShip' can be given now
I       QuestState.cpp[0904]27/02 21:47:52 Quest 'Podderzhka_Quest' can be given now
I       QuestState.cpp[0904]27/02 21:47:52 Quest 'Zashita_Quest' can be given now
I       QuestState.cpp[0904]27/02 21:47:52 Quest 'preEretik_Quest' can be given now
I       QuestState.cpp[0904]27/02 21:47:52 Quest 'ReturnQuest' can be given now
I       QuestState.cpp[0904]27/02 21:47:52 Quest 'd_FindVerbInAM_Quest' can be given now
I       QuestState.cpp[0904]27/02 21:47:52 Quest 'OdettIsDead_Quest' can be given now
I       QuestState.cpp[0904]27/02 21:47:52 Quest 'Disk2OrakulLisa' can be given now
I       QuestState.cpp[0904]27/02 21:47:52 Quest 'FindGomerB_Quest1' can be given now
I       QuestState.cpp[0904]27/02 21:47:52 Quest 'FreeExtremistLeader_Quest1' can be given now
I       QuestState.cpp[0904]27/02 21:47:52 Quest 'KillExtremist_Quest1' can be given now
I       QuestState.cpp[0904]27/02 21:47:52 Quest 'r1m4_TalkWithOldTraderAboutSecondDisk' can be given now
I       QuestState.cpp[0904]27/02 21:47:52 Quest 'q_FindHusbent' can be given now
I       QuestState.cpp[0904]27/02 21:47:52 Quest 'RybakToOlm_Quest' can be given now
I       QuestState.cpp[0904]27/02 21:47:52 Quest 'AnanagaTech_Quest' can be given now
I       QuestState.cpp[0904]27/02 21:47:52 Quest 'MrShlyapa2_Quest' can be given now
I       QuestState.cpp[0904]27/02 21:47:52 Quest 'ToCordanToTikhomir_Quest' can be given now
I       QuestState.cpp[0904]27/02 21:47:52 Quest 'r1m3_BonnyAndKlideQuest' can be given now
I       QuestState.cpp[0904]27/02 21:47:52 Quest 'r1m3_ArchHelp' can be given now
I       QuestState.cpp[0904]27/02 21:47:52 Quest 'r1m3_CrazyManQuest' can be given now
I       QuestState.cpp[0904]27/02 21:47:52 Quest 'r1m3_OldTownOutsiderCar2_Quest' can be given now
I       QuestState.cpp[0904]27/02 21:47:52 Quest 'FightForPesht' can be given now
I       QuestState.cpp[0904]27/02 21:47:52 Quest 'd_RideAcrossBase_Quest' can be given now
I       QuestState.cpp[0904]27/02 21:47:52 Quest 'd_GiveMoneyToBase_Quest' can be given now
I       QuestState.cpp[0904]27/02 21:47:52 Quest 'd_GetBomb_Quest' can be given now
I       QuestState.cpp[0904]27/02 21:47:52 Quest 'd_IntrigaOfMerMinin_Quest' can be given now
I       QuestState.cpp[0904]27/02 21:47:52 Quest 'd_MoveFreelancersToOilMine_Quest' can be given now
I       QuestState.cpp[0904]27/02 21:47:52 Quest 'd_MoveCanistraToMinin_Quest' can be given now
I       QuestState.cpp[0904]27/02 21:47:52 Quest 'd_OpenTunel_Quest' can be given now
I       QuestState.cpp[0904]27/02 21:47:52 Quest 'r1m3_TalkWithThiefFromFatherHouse' can be given now
I       QuestState.cpp[0904]27/02 21:47:52 Quest 'r1m3_MoveToOraculAfterThief' can be given now
I       QuestState.cpp[0904]27/02 21:47:52 Quest 'r1m3_ToLisaToAsgard' can be given now
I       QuestState.cpp[0904]27/02 21:47:52 Quest 'r1m3_TW_OralceAboutAlien' can be given now
I       QuestState.cpp[0904]27/02 21:47:52 Quest 'r1m3_DestroyRadiationSource' can be given now
I       QuestState.cpp[0904]27/02 21:47:52 Quest 'r2m1_DestroyAlienShip' can be given now
I       QuestState.cpp[0904]27/02 21:47:52 Quest 'd_PayWorkersMoney_Quest' can be given now
I       QuestState.cpp[0904]27/02 21:47:52 Quest 'r2m1_TW_SellsCivilian' can be given now
I       QuestState.cpp[0904]27/02 21:47:52 Quest 'MorskieVrata2_Quest' can be given now
I       QuestState.cpp[0904]27/02 21:47:52 Quest 'Zachisti1_Quest' can be given now
I       QuestState.cpp[0904]27/02 21:47:52 Quest 'LisaVPeshte' can be given now
I       QuestState.cpp[0904]27/02 21:47:52 Quest 'LisaUBena' can be given now
I       QuestState.cpp[0904]27/02 21:47:52 Quest 'WhereSigns_Quest' can be given now
I       QuestState.cpp[0904]27/02 21:47:52 Quest 'CombatInKollizey_Quest' can be given now
I       QuestState.cpp[0904]27/02 21:47:52 Quest 'BuyKollizey_Quest' can be given now
I       QuestState.cpp[0904]27/02 21:47:52 Quest 'Kollizey_Quest' can be given now
I       QuestState.cpp[0904]27/02 21:47:52 Quest 'HelpRuins_Quest' can be given now
I       QuestState.cpp[0904]27/02 21:47:52 Quest 'DestroyRuins_Quest' can be given now
I       QuestState.cpp[0904]27/02 21:47:52 Quest 'DestroyRuins2_Quest' can be given now
I       QuestState.cpp[0904]27/02 21:47:52 Quest 'Signs_Quest' can be given now
I       QuestState.cpp[0904]27/02 21:47:52 Quest 'MrShlyapa1_Quest' can be given now
I       QuestState.cpp[0904]27/02 21:47:52 Quest 'FindBen2_Quest' can be given now
I       QuestState.cpp[0904]27/02 21:47:52 Quest 'd_FindHouseOfBen_Quest' can be given now
I       QuestState.cpp[0904]27/02 21:47:52 Quest 'r1m2_TW_BanAboutAlien' can be given now
I       QuestState.cpp[0904]27/02 21:47:52 Quest 'r1m3_DestroyOracle' can be given now
I       QuestState.cpp[0904]27/02 21:47:52 Quest 'Pomiritsa_Quest' can be given now
I       QuestState.cpp[0904]27/02 21:47:52 Quest 'VYar_Quest' can be given now
I       QuestState.cpp[0904]27/02 21:47:52 Quest 'FindBenMZ_Quest' can be given now
I       QuestState.cpp[0904]27/02 21:47:52 Quest 'QuickFindBen' can be given now
I       QuestState.cpp[0904]27/02 21:47:52 Quest 'OpenMid_Quest' can be given now
I       QuestState.cpp[0904]27/02 21:47:52 Quest 'TalkBeforeDesert' can be given now
I       QuestState.cpp[0904]27/02 21:47:52 Quest 'ZashitaGotova' can be given now
I       QuestState.cpp[0904]27/02 21:47:52 Quest 'FakeQuest1' can be given now
I       QuestState.cpp[0904]27/02 21:47:52 Quest 'Chehly_Quest' can be given now
I       QuestState.cpp[0904]27/02 21:47:52 Quest 'WorkGiver_Quest1' can be given now
I       QuestState.cpp[0904]27/02 21:47:52 Quest 'd_PunishBandits_Quest' can be given now
I       QuestState.cpp[0904]27/02 21:47:52 Quest 'r1m1_Hospital_Quest' can be given now
I       QuestState.cpp[0904]27/02 21:47:52 Quest 'r1m1_Botanik_Quest' can be given now
I       QuestState.cpp[0904]27/02 21:47:52 Quest 'r1m1_FindBotanik_Quest' can be given now
I       QuestState.cpp[0904]27/02 21:47:52 Quest 'Buyer_Quest1' can be given now
I       QuestState.cpp[0904]27/02 21:47:52 Quest 'FirstTimePlay' can be given now
I       QuestState.cpp[0904]27/02 21:47:52 Quest 'TalkWithFather_Quest' can be given now
I       QuestState.cpp[0904]27/02 21:47:52 Quest 'LisaAtSouth' can be given now
I       QuestState.cpp[0904]27/02 21:47:52 Quest 'FindBen_Quest' can be given now
I       QuestState.cpp[0904]27/02 21:47:52 Quest 'FindBenAgain_Quest' can be given now
I       QuestState.cpp[0904]27/02 21:47:52 Quest 'd_SinFather_Quest' can be given now
I       QuestState.cpp[0904]27/02 21:47:52 Quest 'TalkToVasily' can be given now
I       QuestState.cpp[0904]27/02 21:47:52 Quest 'CheckTheEast' can be given now
I       QuestState.cpp[0904]27/02 21:47:52 Quest 'BenSouth_Quest' can be given now
I           server.cpp[0826]27/02 21:47:52 	AI: QuestStates loaded
I           server.cpp[0828]27/02 21:47:52 	AI: Loading DynamicScene
I     DynamicScene.cpp[1470]27/02 21:47:52 		 Scene loading begin
I     DynamicScene.cpp[1472]27/02 21:47:52 		 Scene loading end
I           server.cpp[0837]27/02 21:47:52 	AI: DynamicScene loaded
I           server.cpp[0852]27/02 21:47:52 	AI: Loading Triggers
E           server.cpp[1242]27/02 21:47:52 Error: cannot open data\maps\MainMenu\
I           server.cpp[0855]27/02 21:47:52 	AI: Triggers loaded
I           server.cpp[0857]27/02 21:47:52 	AI: Loading Object Names
E     ObjContainer.cpp[1104]27/02 21:47:52 Error: cannot open data\maps\MainMenu\object_names.xml
I           server.cpp[0868]27/02 21:47:52 	AI: Initing Player
I           server.cpp[0888]27/02 21:47:52 		Before first Update
I   TruxxUiManager.cpp[1422]27/02 21:47:52 Game mode changed. Old mode = 2, new mode = 1
I           server.cpp[0909]27/02 21:47:52 		After first Update
I           server.cpp[0911]27/02 21:47:52 AI: Finished Loading Server
I           view32.cpp[1106]27/02 21:47:52 Load server end
I        QuestInfo.cpp[0847]27/02 21:47:52 Quest infos were loaded successfully from file data\if\diz\QuestInfoGlobal.xml
I        QuestInfo.cpp[0783]27/02 21:47:52 QuestInfo manager was inited successfully
I       MsgManager.cpp[0391]27/02 21:47:52 Can't open file data\maps\MainMenu\strings.xml for read.
I    GameUiManager.cpp[0303]27/02 21:47:52 Interface: is initializing...
I    GameUiManager.cpp[0405]27/02 21:47:52 Interface: is clearing...
I    GameUiManager.cpp[0495]27/02 21:47:52 Interface: is cleared successfully
I    GameUiManager.cpp[0395]27/02 21:47:52 Interface: is inited successfully
I blockMusicManager.cpp[0199]27/02 21:47:52 BlockMusicManager: resetting
I      gameimpulse.cpp[0618]27/02 21:47:52 Key bindings: unbind all is done
I      gameimpulse.cpp[0618]27/02 21:47:52 Key bindings: unbind all is done
I      gameimpulse.cpp[0324]27/02 21:47:52 Key bindings: were loaded successfully from file data/profiles/riverzone\KeyBindings.lua
I      gameimpulse.cpp[1222]27/02 21:47:52 Key bindings: were loaded from profile
I        SplashWnd.cpp[0244]27/02 21:48:02 Start splashing 11
I   TruxxUiManager.cpp[1422]27/02 21:48:02 Game mode changed. Old mode = 1, new mode = 0
I    GameUiManager.cpp[0405]27/02 21:48:02 Interface: is clearing...
I    GameUiManager.cpp[0495]27/02 21:48:02 Interface: is cleared successfully
I           view32.cpp[1048]27/02 21:48:02 -- Loading Level: data\maps\r9m1.ssl --
I            world.cpp[0132]27/02 21:48:02 ----------------------- World Loading
F        landscape.cpp[1674]27/02 21:48:02  +- Enter function: Landscape::Load()
I        landscape.cpp[1911]27/02 21:48:02  |  ----------------------- Normal map loaded in: 23
I        landscape.cpp[1920]27/02 21:48:03  |  ----------------------- Tiles loaded in: 917
I        landscape.cpp[1944]27/02 21:48:03  |  ----------------------- ShoreLine loaded in: 0
F        landscape.cpp[1944]27/02 21:48:03  +- Exit function: Landscape::Load()
I            world.cpp[0169]27/02 21:48:03 ----------------------- Landscape loaded in: 1012
I       DataServer.cpp[0587]27/02 21:48:03 Loading Servers: data\maps\r9m1\servers.xml
I       DataServer.cpp[0594]27/02 21:48:03 Load servers: ReadXmlFile: Cannot open file data\maps\r9m1\servers.xml
I       DataServer.cpp[0587]27/02 21:48:03 Loading Servers: data\models\servers.xml
E        GamParser.cpp[0399]27/02 21:48:04 AnimatedModel::LoadGAM -- cannot open file data\models\objects\dweller_debik.gam
E        GamParser.cpp[0399]27/02 21:48:05 AnimatedModel::LoadGAM -- cannot open file data\models\Masks\Main\mask_debik.gam
E       DraftModel.cpp[1002]27/02 21:48:10 Error: Couldn't load texture data\models\vehicles\belaz\cab01_mt.dds for model cargov1.gam
E       DraftModel.cpp[1002]27/02 21:48:10 Error: Couldn't load texture data\models\vehicles\belaz\cab01_mt.dds for model cargov1.gam
E       DraftModel.cpp[1002]27/02 21:48:10 Error: Couldn't load texture data\models\vehicles\belaz\cab01_mt.dds for model cargov1.gam
E       DraftModel.cpp[1002]27/02 21:48:10 Error: Couldn't load texture data\models\vehicles\belaz\cab01_mt.dds for model cargov1.gam
E       DraftModel.cpp[1002]27/02 21:48:10 Error: Couldn't load texture data\models\vehicles\belaz\cab01_mt.dds for model cargov1.gam
E       DraftModel.cpp[1002]27/02 21:48:10 Error: Couldn't load texture data\models\vehicles\belaz\cab01_mt.dds for model cargov1.gam
E       DraftModel.cpp[1002]27/02 21:48:10 Error: Couldn't load texture data\models\vehicles\belaz\cab01_mt.dds for model cargov1.gam
E       DraftModel.cpp[1002]27/02 21:48:10 Error: Couldn't load texture data\models\vehicles\belaz\cab01_mt.dds for model cargov1.gam
E       DraftModel.cpp[1002]27/02 21:48:10 Error: Couldn't load texture data\models\vehicles\belaz\cab01_mt.dds for model cargov1.gam
E serverAnimatedModel.cpp[0627]27/02 21:48:17 ServerAnimatedModels: cannot read file: file:data\models\AnimModels.xml id = dweller_brodyaga
E serverAnimatedModel.cpp[0627]27/02 21:48:17 ServerAnimatedModels: cannot read file: file:data\models\AnimModels.xml id = mask_debik
E serverAnimatedModel.cpp[0627]27/02 21:48:17 ServerAnimatedModels: cannot read file: file:data\models\AnimModels.xml id = big_brock_wall
E serverAnimatedModel.cpp[0627]27/02 21:48:17 ServerAnimatedModels: cannot read file: file:data\models\AnimModels.xml id = dub1_r2
E serverAnimatedModel.cpp[0627]27/02 21:48:17 ServerAnimatedModels: cannot read file: file:data\models\AnimModels.xml id = boss_barrel
I serverAnimatedModel.cpp[0630]27/02 21:48:17 ### Total time: 14328, GAM time: 13891
I       DataServer.cpp[0587]27/02 21:48:17 Loading Servers: data\models\commonservers.xml
E      serverMusic.cpp[0216]27/02 21:48:18 MusicServer: cannot read file: data\music\music.xml id = 'LaBelleTown'
E      serverMusic.cpp[0216]27/02 21:48:18 MusicServer: cannot read file: data\music\music.xml id = 'block6_driving2'
I            world.cpp[0210]27/02 21:48:18 ----------------------- Servers loaded in: 14813
I            world.cpp[0338]27/02 21:48:18 LoadWorld begin...
I            world.cpp[0350]27/02 21:48:18 %%%% read/parse xml: 34
E    serialization.cpp[0205]27/02 21:48:18 ChildNodeFromXmlNode: node w/ same name already exists as a child: 'ET_S_RAIN', address = 1924047124
I            world.cpp[0362]27/02 21:48:18 %%%% read from xml: 3
I            world.cpp[0444]27/02 21:48:18 %%%% link nodes: 39
I            world.cpp[0220]27/02 21:48:18 ----------------------- Nodes loaded in: 79
I            world.cpp[0228]27/02 21:48:18 ----------------------- Prefabs loaded in: 1
I            world.cpp[0247]27/02 21:48:18 ----------------------- World loaded in: 16033
E        GamParser.cpp[0399]27/02 21:48:18 AnimatedModel::LoadGAM -- cannot open file data\models\roads\road_small_highway\small_highway_end.gam-
I      roadManager.cpp[0139]27/02 21:48:18 RoadManager error( model not loaded ): data\models\roads\road_small_highway\small_highway_end.gam-
