-==- -==- -==- -==- -==- -==- -==- -==- -==- -==- -==- -==- -==- -==- -==-
-==
-== Log category   : Unhandled exception info
-== Build          : ExMachina - release version release build v1.02 (Dec 21 2005 12:15:04)
-==
-== Exception      : 0xC0000005 at address 0x108DDA4C
-== Exception type : ACCESS VIOLATION  read attempt to address 0x7F510B0B 
-==
-==- -==- -==- -==- -==- -==- -==- -==- -==- -==- -==- -==- -==- -==- -==-

1: 03/13/26 19:35:29
1: Physical memory = 4095 MB
1: Total memory    = 4095 MB
1: Physical memory available      = 4095 MB
1: Total virtual memory           = 4095 MB
1: Total virtual memory available = 2243 MB
1: Page file available            = 4095 MB

1: Data from MemoryManager:
1: mem used:           225552087
1: mem allocated:      293830132
1: mem overhead:        25636480
1: last allocation:            0
1: mem used by sound:  109416330


1:   0     createIRenderer +631276 bytes
1:     Decl: createIRenderer
1:     Mod:  dxrender9, base: 10830000h

1:   1     createIRenderer +633496 bytes
1:     Decl: createIRenderer
1:     Mod:  dxrender9, base: 10830000h

1:   2     createIRenderer +649382 bytes
1:     Decl: createIRenderer
1:     Mod:  dxrender9, base: 10830000h

1:   3     createIRenderer +229141 bytes
1:     Decl: createIRenderer
1:     Mod:  dxrender9, base: 10830000h

1:   4     createIRenderer +188447 bytes
1:     Decl: createIRenderer
1:     Mod:  dxrender9, base: 10830000h


Registers:
	CS:EIP 0x0023:108DDA4C
	SS:ESP 0x002B:039C3EA8
	DS:EDI 0x002B:7A6F6A44
	ES:ESI 0x002B:00000000
	   EAX        7F510AFB
	   EBX        7A6F6A44
	   ECX        0000F504
	   EDX        03B00574

