---------------------------------------------- Log begins on Wed Jul 01 14:19:48 2026 ----------------------------------------------
I           m3dapp.cpp[0088]01/07 14:19:48 Starting up...
I           m3dapp.cpp[1498]01/07 14:19:48 ExMachina - release version release build v1.02 (Dec 21 2005 12:15:10)
I      Stackwalker.cpp[0608]01/07 14:19:48 Stackwalker: log file name will be 'b:/exmachina.gm.mod.sdk_/exceptions/hta.exe0021.log'
I      Stackwalker.cpp[0609]01/07 14:19:48 Stackwalker: dump file name will be 'b:/exmachina.gm.mod.sdk_/exceptions/hta.exe0021.dmp'
I      Stackwalker.cpp[0610]01/07 14:19:48 Stackwalker: game log file name will be 'b:/exmachina.gm.mod.sdk_/exceptions/hta.exe0021_game.log'
I           m3dapp.cpp[1391]01/07 14:19:48 Path: B:\ExMachina.GM.mod.SDK_
I           m3dapp.cpp[1392]01/07 14:19:48 Exe: B:\ExMachina.GM.mod.SDK_\hta.exe
I           m3dapp.cpp[1401]01/07 14:19:48 Windows version: 6.2.9200
I           m3dapp.cpp[1410]01/07 14:19:48 Computer name: DESKTOP-QQPV5MQ
I           m3dapp.cpp[1430]01/07 14:19:48 Cpu: GenuineIntel
I           m3dapp.cpp[1434]01/07 14:19:48 Cpu clock: ~3302
I           m3dapp.cpp[1459]01/07 14:19:48 Processor is mmx able
I           m3dapp.cpp[1470]01/07 14:19:48 Physical memory: 4095 MB
I           m3dapp.cpp[1471]01/07 14:19:48 Total memory:    4095 MB
I           m3dapp.cpp[1472]01/07 14:19:48 Physical memory available: 4095 MB
I           m3dapp.cpp[1473]01/07 14:19:48 Total memory available:    3809 MB
I           m3dapp.cpp[2846]01/07 14:19:48 SetCodepage -- using codepage 1251 '1251  (ANSI - кириллица)'
I           m3dapp.cpp[2154]01/07 14:19:48 NOTE! renderer is bind to dxrender9.dll
I           m3dapp.cpp[1336]01/07 14:19:49 d3d: Given device behavior: 80
I           m3dapp.cpp[1336]01/07 14:19:49 d3d: Confirmed device behavior: 80
I           m3dapp.cpp[1336]01/07 14:19:49 d3d: Description: NVIDIA GeForce GTX 1650
I           m3dapp.cpp[1336]01/07 14:19:49 d3d: Driver:      nvldumd.dll
I           m3dapp.cpp[1336]01/07 14:19:49 d3d: VendorId:    0x10de
I           m3dapp.cpp[1336]01/07 14:19:49 d3d: DeviceId:    0x1f0a
I           m3dapp.cpp[1336]01/07 14:19:49 d3d: SubSysId:    0x145c1771
I           m3dapp.cpp[1336]01/07 14:19:49 d3d: Revision:    161
I           m3dapp.cpp[1336]01/07 14:19:49 d3d: Driver version info:
I           m3dapp.cpp[1336]01/07 14:19:49 d3d:   Product:    32
I           m3dapp.cpp[1336]01/07 14:19:49 d3d:   Version:    0
I           m3dapp.cpp[1336]01/07 14:19:49 d3d:   SubVersion: 15
I           m3dapp.cpp[1336]01/07 14:19:49 d3d:   Build:      8129
I           m3dapp.cpp[1336]01/07 14:19:49 d3d: WHQLLevel:    0
I           m3dapp.cpp[1336]01/07 14:19:49 d3d: Texture max size: 16384x16384
I           m3dapp.cpp[1336]01/07 14:19:49 d3d: Guard band: (-100000000.000,-100000000.000,100000000.000,100000000.000)
I           m3dapp.cpp[1336]01/07 14:19:49 d3d: MaxTextureBlendStages: 8
I           m3dapp.cpp[1336]01/07 14:19:49 d3d: MaxSimultaneousTextures: 8
I           m3dapp.cpp[1336]01/07 14:19:49 d3d: MaxActiveLights: 10
I           m3dapp.cpp[1336]01/07 14:19:49 d3d: MaxUserClipPlanes: 8
I           m3dapp.cpp[1336]01/07 14:19:49 d3d: VertexShaderVersion: 0xfffe0300
I           m3dapp.cpp[1336]01/07 14:19:49 d3d: PixelShaderVersion: 0xffff0300
I           m3dapp.cpp[1336]01/07 14:19:49 d3d: Geometry instancing: supported
I           m3dapp.cpp[1336]01/07 14:19:49 d3d: Depth bias supported: yes
I           m3dapp.cpp[1336]01/07 14:19:49 d3d: Slope-scale based depth bias supported: yes
I           m3dapp.cpp[1336]01/07 14:19:49 d3d: HwRasterization: true
I           m3dapp.cpp[1336]01/07 14:19:49 d3d: HwTnL: true
I           m3dapp.cpp[1336]01/07 14:19:49 d3d: PureDevice: true
I           m3dapp.cpp[1336]01/07 14:19:49 d3d: CubeMap: true
I           m3dapp.cpp[1336]01/07 14:19:49 d3d: VolumeMap: true
I           m3dapp.cpp[1336]01/07 14:19:49 d3d: TextureAddressCaps:
I           m3dapp.cpp[1336]01/07 14:19:49 d3d: 	wrap: true
I           m3dapp.cpp[1336]01/07 14:19:49 d3d: 	clamp: true
I           m3dapp.cpp[1336]01/07 14:19:49 d3d: 	border: true
I           m3dapp.cpp[1336]01/07 14:19:49 d3d: Projective textures: true
I           m3dapp.cpp[1336]01/07 14:19:49 d3d: MaxPointSize: 8192.000
I           m3dapp.cpp[1336]01/07 14:19:49 d3d: MaxPrimitiveCount: 16777215
I           m3dapp.cpp[1336]01/07 14:19:49 d3d: MaxVertexIndex: 16777215
I           m3dapp.cpp[1336]01/07 14:19:49 d3d: MaxStreams: 16
I           m3dapp.cpp[1336]01/07 14:19:49 d3d: MaxStreamsStride: 255
I           m3dapp.cpp[1336]01/07 14:19:49 d3d: MaxAnisotropy: 16
I           m3dapp.cpp[1336]01/07 14:19:49 d3d: MaxVertexBlendMatrices: 4
I           m3dapp.cpp[1336]01/07 14:19:49 d3d: MaxVertexBlendMatrixIndex: 8
I           m3dapp.cpp[1336]01/07 14:19:49 d3d: FullScreenGamma: true
I           m3dapp.cpp[1336]01/07 14:19:49 d3d: COLORWRITEENABLE: true
I           m3dapp.cpp[1336]01/07 14:19:49 d3d: MASKZ: true
I           m3dapp.cpp[1336]01/07 14:19:49 d3d: BLENDOP: true
I           m3dapp.cpp[1336]01/07 14:19:49 d3d: CLIPPLANESCALEDPOINTS: false
I           m3dapp.cpp[1336]01/07 14:19:49 d3d: CLIPTLVERTS: true
I           m3dapp.cpp[1336]01/07 14:19:49 d3d: TSSARGTEMP: true
I           m3dapp.cpp[1336]01/07 14:19:49 d3d: DIRECTIONALLIGHTS: true
I           m3dapp.cpp[1336]01/07 14:19:49 d3d: LOCALVIEWER: true
I           m3dapp.cpp[1336]01/07 14:19:49 d3d: POSITIONALLIGHTS: true
I           m3dapp.cpp[1336]01/07 14:19:49 d3d: TEXGEN:  true
I           m3dapp.cpp[1336]01/07 14:19:49 d3d: TWEENING:  true
I           m3dapp.cpp[1336]01/07 14:19:49 d3d: Dp3: true
I           m3dapp.cpp[1336]01/07 14:19:49 d3d: Lerp: true
I           m3dapp.cpp[1336]01/07 14:19:49 d3d: MaxNpatchTessellationLevel: 0.000
I           m3dapp.cpp[1336]01/07 14:19:49 d3d: Query VCACHE support: true
I           m3dapp.cpp[1336]01/07 14:19:49 d3d: Query EVENT support: true
I           m3dapp.cpp[1336]01/07 14:19:49 d3d: Query OCCLUSION support: true
I           m3dapp.cpp[1336]01/07 14:19:49 d3d: Query TIMESTAMP support: true
I           m3dapp.cpp[1336]01/07 14:19:49 d3d: Query TIMESTAMPDISJOINT support: true
I           m3dapp.cpp[1336]01/07 14:19:49 d3d: Query TIMESTAMPFREQ support: true
I           m3dapp.cpp[1336]01/07 14:19:49 d3d: Query PIPELINETIMINGS support: false
I           m3dapp.cpp[1336]01/07 14:19:49 d3d: Query INTERFACETIMINGS support: false
I           m3dapp.cpp[1336]01/07 14:19:49 d3d: Query VERTEXTIMINGS support: false
I           m3dapp.cpp[1336]01/07 14:19:49 d3d: Query PIXELTIMINGS support: false
I           m3dapp.cpp[1336]01/07 14:19:49 d3d: Query BANDWIDTHTIMINGS support: false
I           m3dapp.cpp[1336]01/07 14:19:49 d3d: Query CACHEUTILIZATION support: false
I           m3dapp.cpp[1336]01/07 14:19:49 d3d: Creating or resetting the device
I           m3dapp.cpp[1336]01/07 14:19:49 d3d: Back buffer format: X8R8G8B8
I           m3dapp.cpp[1336]01/07 14:19:49 d3d: Depth/stencil buffer format: D24S8
I           m3dapp.cpp[1336]01/07 14:19:49 d3d: Stenciling: off
I           m3dapp.cpp[1336]01/07 14:19:49 d3d: Rgba textures format: DXT5
I           m3dapp.cpp[1336]01/07 14:19:49 d3d: Rgba no c. textures format: A8R8G8B8
I           m3dapp.cpp[1336]01/07 14:19:49 d3d: RgbA textures format: DXT5
I           m3dapp.cpp[1336]01/07 14:19:49 d3d: RgbA no c. textures format: A4R4G4B4
I           m3dapp.cpp[1336]01/07 14:19:49 d3d: Rt textures format: A8R8G8B8
I           m3dapp.cpp[1336]01/07 14:19:49 d3d: Shadow textures format: R5G6B5
I           m3dapp.cpp[1336]01/07 14:19:49 d3d: Rt depth format: D16
I           m3dapp.cpp[2206]01/07 14:19:49 NOTE! input is bind to input_di8.dll
I           m3dapp.cpp[1938]01/07 14:19:49 NOTE! sound is bind to sound.dll
I           m3dapp.cpp[1343]01/07 14:19:49 snd: Max sound channels available: 128
I           m3dapp.cpp[1343]01/07 14:19:49 snd: Sound is inited successfully
I           m3dapp.cpp[1350]01/07 14:19:49 input: Joystick not found
I             font.cpp[0976]01/07 14:19:49 FontManager: fonts are loaded successfully
I           m3dapp.cpp[1336]01/07 14:19:49 d3d: Cannot open data\models\logos\fishmen.dds
I           m3dapp.cpp[1336]01/07 14:19:49 d3d: texmap failed to load: data\models\logos\fishmen.dds
E       DraftModel.cpp[1002]01/07 14:19:49 Error: Couldn't load texture data\models\logos\fishmen.dds for model logos.gam
I           m3dapp.cpp[1336]01/07 14:19:49 d3d: Cannot open data\models\logos\logo36.dds
I           m3dapp.cpp[1336]01/07 14:19:49 d3d: texmap failed to load: data\models\logos\logo36.dds
E       DraftModel.cpp[1002]01/07 14:19:49 Error: Couldn't load texture data\models\logos\logo36.dds for model logos.gam
I           m3dapp.cpp[1336]01/07 14:19:49 d3d: Cannot open data\models\logos\logo37.dds
I           m3dapp.cpp[1336]01/07 14:19:49 d3d: texmap failed to load: data\models\logos\logo37.dds
E       DraftModel.cpp[1002]01/07 14:19:49 Error: Couldn't load texture data\models\logos\logo37.dds for model logos.gam
I           m3dapp.cpp[1336]01/07 14:19:49 d3d: Cannot open data\models\logos\logo38.dds
I           m3dapp.cpp[1336]01/07 14:19:49 d3d: texmap failed to load: data\models\logos\logo38.dds
E       DraftModel.cpp[1002]01/07 14:19:49 Error: Couldn't load texture data\models\logos\logo38.dds for model logos.gam
I           m3dapp.cpp[1336]01/07 14:19:49 d3d: Cannot open data\models\logos\logo39.dds
I           m3dapp.cpp[1336]01/07 14:19:49 d3d: texmap failed to load: data\models\logos\logo39.dds
E       DraftModel.cpp[1002]01/07 14:19:49 Error: Couldn't load texture data\models\logos\logo39.dds for model logos.gam
I           m3dapp.cpp[1336]01/07 14:19:49 d3d: Cannot open data\models\logos\logo40.dds
I           m3dapp.cpp[1336]01/07 14:19:49 d3d: texmap failed to load: data\models\logos\logo40.dds
E       DraftModel.cpp[1002]01/07 14:19:49 Error: Couldn't load texture data\models\logos\logo40.dds for model logos.gam
I           m3dapp.cpp[1336]01/07 14:19:49 d3d: Cannot open data\models\logos\logo41.dds
I           m3dapp.cpp[1336]01/07 14:19:49 d3d: texmap failed to load: data\models\logos\logo41.dds
E       DraftModel.cpp[1002]01/07 14:19:49 Error: Couldn't load texture data\models\logos\logo41.dds for model logos.gam
I           m3dapp.cpp[1336]01/07 14:19:49 d3d: Cannot open data\models\logos\logo42.dds
I           m3dapp.cpp[1336]01/07 14:19:49 d3d: texmap failed to load: data\models\logos\logo42.dds
E       DraftModel.cpp[1002]01/07 14:19:49 Error: Couldn't load texture data\models\logos\logo42.dds for model logos.gam
I           m3dapp.cpp[1336]01/07 14:19:49 d3d: Cannot open data\models\logos\logo43.dds
I           m3dapp.cpp[1336]01/07 14:19:49 d3d: texmap failed to load: data\models\logos\logo43.dds
E       DraftModel.cpp[1002]01/07 14:19:49 Error: Couldn't load texture data\models\logos\logo43.dds for model logos.gam
I           m3dapp.cpp[1336]01/07 14:19:49 d3d: Cannot open data\models\logos\logo44.dds
I           m3dapp.cpp[1336]01/07 14:19:49 d3d: texmap failed to load: data\models\logos\logo44.dds
E       DraftModel.cpp[1002]01/07 14:19:49 Error: Couldn't load texture data\models\logos\logo44.dds for model logos.gam
I           m3dapp.cpp[1336]01/07 14:19:49 d3d: Cannot open data\models\logos\logo45.dds
I           m3dapp.cpp[1336]01/07 14:19:49 d3d: texmap failed to load: data\models\logos\logo45.dds
E       DraftModel.cpp[1002]01/07 14:19:49 Error: Couldn't load texture data\models\logos\logo45.dds for model logos.gam
I           m3dapp.cpp[1336]01/07 14:19:49 d3d: Cannot open data\models\logos\logo46.dds
I           m3dapp.cpp[1336]01/07 14:19:49 d3d: texmap failed to load: data\models\logos\logo46.dds
E       DraftModel.cpp[1002]01/07 14:19:49 Error: Couldn't load texture data\models\logos\logo46.dds for model logos.gam
I           m3dapp.cpp[1336]01/07 14:19:49 d3d: Cannot open data\models\logos\logo47.dds
I           m3dapp.cpp[1336]01/07 14:19:49 d3d: texmap failed to load: data\models\logos\logo47.dds
E       DraftModel.cpp[1002]01/07 14:19:49 Error: Couldn't load texture data\models\logos\logo47.dds for model logos.gam
I           m3dapp.cpp[1336]01/07 14:19:49 d3d: Cannot open data\models\logos\logo48.dds
I           m3dapp.cpp[1336]01/07 14:19:49 d3d: texmap failed to load: data\models\logos\logo48.dds
E       DraftModel.cpp[1002]01/07 14:19:49 Error: Couldn't load texture data\models\logos\logo48.dds for model logos.gam
I           m3dapp.cpp[1336]01/07 14:19:49 d3d: Cannot open data\models\logos\logo49.dds
I           m3dapp.cpp[1336]01/07 14:19:49 d3d: texmap failed to load: data\models\logos\logo49.dds
E       DraftModel.cpp[1002]01/07 14:19:49 Error: Couldn't load texture data\models\logos\logo49.dds for model logos.gam
I           m3dapp.cpp[1336]01/07 14:19:49 d3d: Cannot open data\models\logos\logo50.dds
I           m3dapp.cpp[1336]01/07 14:19:49 d3d: texmap failed to load: data\models\logos\logo50.dds
E       DraftModel.cpp[1002]01/07 14:19:49 Error: Couldn't load texture data\models\logos\logo50.dds for model logos.gam
I           m3dapp.cpp[1336]01/07 14:19:49 d3d: Cannot open data\models\logos\logo51.dds
I           m3dapp.cpp[1336]01/07 14:19:49 d3d: texmap failed to load: data\models\logos\logo51.dds
E       DraftModel.cpp[1002]01/07 14:19:49 Error: Couldn't load texture data\models\logos\logo51.dds for model logos.gam
I           m3dapp.cpp[1336]01/07 14:19:49 d3d: Cannot open data\models\logos\logo52.dds
I           m3dapp.cpp[1336]01/07 14:19:49 d3d: texmap failed to load: data\models\logos\logo52.dds
E       DraftModel.cpp[1002]01/07 14:19:49 Error: Couldn't load texture data\models\logos\logo52.dds for model logos.gam
I           m3dapp.cpp[1336]01/07 14:19:49 d3d: Cannot open data\models\logos\logo53.dds
I           m3dapp.cpp[1336]01/07 14:19:49 d3d: texmap failed to load: data\models\logos\logo53.dds
E       DraftModel.cpp[1002]01/07 14:19:49 Error: Couldn't load texture data\models\logos\logo53.dds for model logos.gam
I           m3dapp.cpp[1336]01/07 14:19:49 d3d: Cannot open data\models\logos\logo54.dds
I           m3dapp.cpp[1336]01/07 14:19:49 d3d: texmap failed to load: data\models\logos\logo54.dds
E       DraftModel.cpp[1002]01/07 14:19:49 Error: Couldn't load texture data\models\logos\logo54.dds for model logos.gam
I           m3dapp.cpp[1336]01/07 14:19:49 d3d: Cannot open data\models\logos\logo55.dds
I           m3dapp.cpp[1336]01/07 14:19:49 d3d: texmap failed to load: data\models\logos\logo55.dds
E       DraftModel.cpp[1002]01/07 14:19:49 Error: Couldn't load texture data\models\logos\logo55.dds for model logos.gam
I           m3dapp.cpp[1336]01/07 14:19:49 d3d: Cannot open data\models\logos\logo56.dds
I           m3dapp.cpp[1336]01/07 14:19:49 d3d: texmap failed to load: data\models\logos\logo56.dds
E       DraftModel.cpp[1002]01/07 14:19:49 Error: Couldn't load texture data\models\logos\logo56.dds for model logos.gam
I           m3dapp.cpp[1336]01/07 14:19:49 d3d: Cannot open data\models\logos\logo57.dds
I           m3dapp.cpp[1336]01/07 14:19:49 d3d: texmap failed to load: data\models\logos\logo57.dds
E       DraftModel.cpp[1002]01/07 14:19:49 Error: Couldn't load texture data\models\logos\logo57.dds for model logos.gam
I           m3dapp.cpp[1336]01/07 14:19:49 d3d: Cannot open data\models\logos\logo58.dds
I           m3dapp.cpp[1336]01/07 14:19:49 d3d: texmap failed to load: data\models\logos\logo58.dds
E       DraftModel.cpp[1002]01/07 14:19:49 Error: Couldn't load texture data\models\logos\logo58.dds for model logos.gam
I           m3dapp.cpp[1336]01/07 14:19:49 d3d: Cannot open data\models\logos\logo59.dds
I           m3dapp.cpp[1336]01/07 14:19:49 d3d: texmap failed to load: data\models\logos\logo59.dds
E       DraftModel.cpp[1002]01/07 14:19:49 Error: Couldn't load texture data\models\logos\logo59.dds for model logos.gam
I           m3dapp.cpp[1336]01/07 14:19:49 d3d: Cannot open data\models\logos\logo60.dds
I           m3dapp.cpp[1336]01/07 14:19:49 d3d: texmap failed to load: data\models\logos\logo60.dds
E       DraftModel.cpp[1002]01/07 14:19:49 Error: Couldn't load texture data\models\logos\logo60.dds for model logos.gam
I           m3dapp.cpp[1336]01/07 14:19:49 d3d: Cannot open data\models\logos\logo61.dds
I           m3dapp.cpp[1336]01/07 14:19:49 d3d: texmap failed to load: data\models\logos\logo61.dds
E       DraftModel.cpp[1002]01/07 14:19:49 Error: Couldn't load texture data\models\logos\logo61.dds for model logos.gam
I           m3dapp.cpp[1336]01/07 14:19:49 d3d: Cannot open data\models\logos\logo62.dds
I           m3dapp.cpp[1336]01/07 14:19:49 d3d: texmap failed to load: data\models\logos\logo62.dds
E       DraftModel.cpp[1002]01/07 14:19:49 Error: Couldn't load texture data\models\logos\logo62.dds for model logos.gam
I           m3dapp.cpp[1336]01/07 14:19:49 d3d: Cannot open data\models\logos\logo63.dds
I           m3dapp.cpp[1336]01/07 14:19:49 d3d: texmap failed to load: data\models\logos\logo63.dds
E       DraftModel.cpp[1002]01/07 14:19:49 Error: Couldn't load texture data\models\logos\logo63.dds for model logos.gam
I           m3dapp.cpp[1336]01/07 14:19:49 d3d: Cannot open data\models\logos\logo64.dds
I           m3dapp.cpp[1336]01/07 14:19:49 d3d: texmap failed to load: data\models\logos\logo64.dds
E       DraftModel.cpp[1002]01/07 14:19:49 Error: Couldn't load texture data\models\logos\logo64.dds for model logos.gam
I           m3dapp.cpp[1336]01/07 14:19:49 d3d: Cannot open data\models\logos\logo65.dds
I           m3dapp.cpp[1336]01/07 14:19:49 d3d: texmap failed to load: data\models\logos\logo65.dds
E       DraftModel.cpp[1002]01/07 14:19:49 Error: Couldn't load texture data\models\logos\logo65.dds for model logos.gam
I           m3dapp.cpp[1336]01/07 14:19:49 d3d: Cannot open data\models\logos\logo66.dds
I           m3dapp.cpp[1336]01/07 14:19:49 d3d: texmap failed to load: data\models\logos\logo66.dds
E       DraftModel.cpp[1002]01/07 14:19:49 Error: Couldn't load texture data\models\logos\logo66.dds for model logos.gam
I           m3dapp.cpp[1336]01/07 14:19:49 d3d: Cannot open data\models\logos\logo67.dds
I           m3dapp.cpp[1336]01/07 14:19:49 d3d: texmap failed to load: data\models\logos\logo67.dds
E       DraftModel.cpp[1002]01/07 14:19:49 Error: Couldn't load texture data\models\logos\logo67.dds for model logos.gam
I           m3dapp.cpp[1336]01/07 14:19:49 d3d: Cannot open data\models\logos\logo68.dds
I           m3dapp.cpp[1336]01/07 14:19:49 d3d: texmap failed to load: data\models\logos\logo68.dds
E       DraftModel.cpp[1002]01/07 14:19:49 Error: Couldn't load texture data\models\logos\logo68.dds for model logos.gam
I           m3dapp.cpp[1336]01/07 14:19:49 d3d: Cannot open data\models\logos\logo69.dds
I           m3dapp.cpp[1336]01/07 14:19:49 d3d: texmap failed to load: data\models\logos\logo69.dds
E       DraftModel.cpp[1002]01/07 14:19:49 Error: Couldn't load texture data\models\logos\logo69.dds for model logos.gam
I           m3dapp.cpp[1336]01/07 14:19:49 d3d: Cannot open data\models\logos\logo70.dds
I           m3dapp.cpp[1336]01/07 14:19:49 d3d: texmap failed to load: data\models\logos\logo70.dds
E       DraftModel.cpp[1002]01/07 14:19:49 Error: Couldn't load texture data\models\logos\logo70.dds for model logos.gam
I      gameimpulse.cpp[0288]01/07 14:19:49 Key bindings: were inited successfully
I           view32.cpp[0705]01/07 14:19:49 --- Init Media ---
I    GameUiManager.cpp[0303]01/07 14:19:49 Interface: is initializing...
I    GameUiManager.cpp[1580]01/07 14:19:49 Interface: clearing resource infos ...
I    GameUiManager.cpp[1491]01/07 14:19:49 Interface: loading resource infos ...
I    GameUiManager.cpp[1603]01/07 14:19:49 Interface: loading resources ...
I           m3dapp.cpp[1343]01/07 14:19:49 snd: Error: Can't Open SoundFile: 
I           m3dapp.cpp[1343]01/07 14:19:49 snd: Cannot open sound stream from file . Error: File not found, flags: 8272
I    GameUiManager.cpp[0395]01/07 14:19:49 Interface: is inited successfully
I        LevelInfo.cpp[0806]01/07 14:19:49 Level infos were loaded successfully from file data\if\diz\LevelInfo.xml
I        LevelInfo.cpp[0837]01/07 14:19:49 Error: could't open data\maps\r1m8.ssl file
E        LevelInfo.cpp[0749]01/07 14:19:49 LevelInfoManager was inited with errors
I   TruxxUiManager.cpp[0191]01/07 14:19:49 TruxxUiManager: was inited successfully
I      gameimpulse.cpp[0618]01/07 14:19:49 Key bindings: unbind all is done
I      gameimpulse.cpp[0324]01/07 14:19:49 Key bindings: were loaded successfully from file data\scripts\DefaultKeyBindings.lua
I      gameimpulse.cpp[1194]01/07 14:19:49 Key bindings: were bind from defaults
I            video.cpp[0704]01/07 14:19:49 Could not load specified video file: data\video\logobuka.wmv (hr = 80070003)
I     view32_video.cpp[0061]01/07 14:19:49 Error: couldn't load video 'data\video\logobuka.wmv'
I            video.cpp[0704]01/07 14:19:49 Could not load specified video file: data\video\logotargem.wmv (hr = 80070003)
I     view32_video.cpp[0061]01/07 14:19:49 Error: couldn't load video 'data\video\logotargem.wmv'
I            video.cpp[0704]01/07 14:19:49 Could not load specified video file: data\video\INTRO_RUS_FIELD.wmv (hr = 80070003)
I     view32_video.cpp[0061]01/07 14:19:49 Error: couldn't load video 'data\video\INTRO_RUS_FIELD.wmv'
I             core.lua[0013]01/07 14:19:49 IMPROVED STORYLINE V1.0.5.3 ORIGINAL BUILD 220422
I           m3dapp.cpp[1808]01/07 14:19:49 ----------------------- Engine inited in: 0
I          Profile.cpp[0602]01/07 14:19:49 Profile "RiverZone" set
I   TruxxUiManager.cpp[1422]01/07 14:19:49 Game mode changed. Old mode = 3, new mode = 2
I        SplashWnd.cpp[0244]01/07 14:19:49 Start splashing 11
I           view32.cpp[1048]01/07 14:19:49 -- Loading Level: data\maps\mainmenu.ssl --
I            world.cpp[0132]01/07 14:19:49 ----------------------- World Loading
F        landscape.cpp[1674]01/07 14:19:49  +- Enter function: Landscape::Load()
I        landscape.cpp[1911]01/07 14:19:49  |  ----------------------- Normal map loaded in: 0
I        landscape.cpp[1920]01/07 14:19:49  |  ----------------------- Tiles loaded in: 10
I        landscape.cpp[1944]01/07 14:19:49  |  ----------------------- ShoreLine loaded in: 0
F        landscape.cpp[1944]01/07 14:19:49  +- Exit function: Landscape::Load()
I            world.cpp[0169]01/07 14:19:49 ----------------------- Landscape loaded in: 46
I       DataServer.cpp[0587]01/07 14:19:49 Loading Servers: data\maps\MainMenu\servers.xml
I serverAnimatedModel.cpp[0630]01/07 14:19:50 ### Total time: 485, GAM time: 236
I       DataServer.cpp[0587]01/07 14:19:50 Loading Servers: data\models\commonservers.xml
E      serverMusic.cpp[0216]01/07 14:19:51 MusicServer: cannot read file: data\music\music.xml id = 'LaBelleTown'
E      serverMusic.cpp[0216]01/07 14:19:51 MusicServer: cannot read file: data\music\music.xml id = 'block6_driving2'
I            world.cpp[0210]01/07 14:19:51 ----------------------- Servers loaded in: 1654
I            world.cpp[0338]01/07 14:19:51 LoadWorld begin...
I            world.cpp[0350]01/07 14:19:51 %%%% read/parse xml: 6
I            world.cpp[0362]01/07 14:19:51 %%%% read from xml: 2
E    PlayerPassMap.cpp[0139]01/07 14:19:51 Couldn't load player pass map from file data\maps\MainMenu\player_passmap.xml
I            world.cpp[0444]01/07 14:19:51 %%%% link nodes: 8
I            world.cpp[0220]01/07 14:19:51 ----------------------- Nodes loaded in: 16
I            world.cpp[0228]01/07 14:19:51 ----------------------- Prefabs loaded in: 1
I            world.cpp[0247]01/07 14:19:51 ----------------------- World loaded in: 1790
I            world.cpp[0278]01/07 14:19:51 ----------------------- Roads loaded in: 60
I           view32.cpp[1078]01/07 14:19:51 Load Server begin...
I   TruxxUiManager.cpp[0974]01/07 14:19:51 Interface: is loaded successfully
I           server.cpp[0789]01/07 14:19:51 AI: Loading Server...
I           server.cpp[0796]01/07 14:19:51 	AI: Loading Relationship
I     Relationship.cpp[0134]01/07 14:19:51 		 File readed
I           server.cpp[0801]01/07 14:19:51 	AI: Loading SoilProps
I           server.cpp[0804]01/07 14:19:51 	AI: Loading ExternalPaths
I           server.cpp[0807]01/07 14:19:51 	AI: Loading PlayerPassMap
E    PlayerPassMap.cpp[0139]01/07 14:19:51 Couldn't load player pass map from file data\maps\MainMenu\player_passmap.xml
I           server.cpp[0813]01/07 14:19:51 	AI: Loading GameObjects
I           server.cpp[0816]01/07 14:19:51 	AI: Initializing VehicleGeneratorInfoCache
I           server.cpp[0820]01/07 14:19:51 	AI: Refreshing GameObjects
I           server.cpp[0824]01/07 14:19:51 	AI: Loading QuestStates
I       QuestState.cpp[0904]01/07 14:19:51 Quest 'Human1_Quest1' can be given now
I       QuestState.cpp[0904]01/07 14:19:51 Quest 'Human1_Quest2' can be given now
I       QuestState.cpp[0904]01/07 14:19:51 Quest 'BenGoodEnd' can be given now
I       QuestState.cpp[0904]01/07 14:19:51 Quest 'q_PlaceWithSign' can be given now
I       QuestState.cpp[0904]01/07 14:19:51 Quest 'r3m2_OracleMemory' can be given now
I       QuestState.cpp[0904]01/07 14:19:51 Quest 'r3m2_TalkWithLisa' can be given now
I       QuestState.cpp[0904]01/07 14:19:51 Quest 'r3m2_TalkWithBenAboutCarAfterOracul' can be given now
I       QuestState.cpp[0904]01/07 14:19:51 Quest 'r3m2_FindInfoAboutFather' can be given now
I       QuestState.cpp[0904]01/07 14:19:51 Quest 'r3m1_LureMainDriud' can be given now
I       QuestState.cpp[0904]01/07 14:19:51 Quest 'r3m1_ClearSanctuary' can be given now
I       QuestState.cpp[0904]01/07 14:19:51 Quest 'r3m1_KnowAboutUluk' can be given now
I       QuestState.cpp[0904]01/07 14:19:51 Quest 'r3m1_RescueUlukCivil' can be given now
I       QuestState.cpp[0904]01/07 14:19:51 Quest 'q_VisitDruid' can be given now
I       QuestState.cpp[0904]01/07 14:19:51 Quest 'r2m2_Znaki2_Quest' can be given now
I       QuestState.cpp[0904]01/07 14:19:51 Quest 'r2m2_HeadsHunterQuest' can be given now
I       QuestState.cpp[0904]01/07 14:19:51 Quest 'r2m2_OldDvigatel1_Quest' can be given now
I       QuestState.cpp[0904]01/07 14:19:51 Quest 'r2m2_OldDvigatel2_Quest' can be given now
I       QuestState.cpp[0904]01/07 14:19:51 Quest 'r2m2_FightFelix' can be given now
I       QuestState.cpp[0904]01/07 14:19:51 Quest 'r2m2_ReturnToMarecciaFromCastle' can be given now
I       QuestState.cpp[0904]01/07 14:19:51 Quest 'r2m2_FightWithAxelInArena_Quest' can be given now
I       QuestState.cpp[0904]01/07 14:19:51 Quest 'r2m2_FindLisAfterAxelAndFatherDie_Quest' can be given now
I       QuestState.cpp[0904]01/07 14:19:51 Quest 'r2m2_ToLisaToMonastir' can be given now
I       QuestState.cpp[0904]01/07 14:19:51 Quest 'r2m2_FightLisaToMonastir' can be given now
I       QuestState.cpp[0904]01/07 14:19:51 Quest 'r2m2_GiveDisk2ToOrakul' can be given now
I       QuestState.cpp[0904]01/07 14:19:51 Quest 'MrShlyapa3_Quest' can be given now
I       QuestState.cpp[0904]01/07 14:19:51 Quest 'r2m1_ArtAntipod_Quest' can be given now
I       QuestState.cpp[0904]01/07 14:19:51 Quest 'r2m1_TakeNarcotics_Quest' can be given now
I       QuestState.cpp[0904]01/07 14:19:51 Quest 'r2m1_KillGodFather_Quest' can be given now
I       QuestState.cpp[0904]01/07 14:19:51 Quest 'MrShlyapaSecret' can be given now
I       QuestState.cpp[0904]01/07 14:19:51 Quest 'd_GetSupportOneOfTheBands2_Quest' can be given now
I       QuestState.cpp[0904]01/07 14:19:51 Quest 'd_GetSupportOneOfTheBands1_Quest' can be given now
I       QuestState.cpp[0904]01/07 14:19:51 Quest 'd_FindVerbInAR_Quest' can be given now
I       QuestState.cpp[0904]01/07 14:19:51 Quest 'd_FindVerbInSNG_Quest' can be given now
I       QuestState.cpp[0904]01/07 14:19:51 Quest 'd_PatrulSideSNG_Quest' can be given now
I       QuestState.cpp[0904]01/07 14:19:51 Quest 'd_TakeGeneralOfBandits_Quest' can be given now
I       QuestState.cpp[0904]01/07 14:19:51 Quest 'r2m1_TW_AlienInShip' can be given now
I       QuestState.cpp[0904]01/07 14:19:51 Quest 'Podderzhka_Quest' can be given now
I       QuestState.cpp[0904]01/07 14:19:51 Quest 'Zashita_Quest' can be given now
I       QuestState.cpp[0904]01/07 14:19:51 Quest 'preEretik_Quest' can be given now
I       QuestState.cpp[0904]01/07 14:19:51 Quest 'ReturnQuest' can be given now
I       QuestState.cpp[0904]01/07 14:19:51 Quest 'd_FindVerbInAM_Quest' can be given now
I       QuestState.cpp[0904]01/07 14:19:51 Quest 'OdettIsDead_Quest' can be given now
I       QuestState.cpp[0904]01/07 14:19:51 Quest 'Disk2OrakulLisa' can be given now
I       QuestState.cpp[0904]01/07 14:19:51 Quest 'FindGomerB_Quest1' can be given now
I       QuestState.cpp[0904]01/07 14:19:51 Quest 'FreeExtremistLeader_Quest1' can be given now
I       QuestState.cpp[0904]01/07 14:19:51 Quest 'KillExtremist_Quest1' can be given now
I       QuestState.cpp[0904]01/07 14:19:51 Quest 'r1m4_TalkWithOldTraderAboutSecondDisk' can be given now
I       QuestState.cpp[0904]01/07 14:19:51 Quest 'q_FindHusbent' can be given now
I       QuestState.cpp[0904]01/07 14:19:51 Quest 'RybakToOlm_Quest' can be given now
I       QuestState.cpp[0904]01/07 14:19:51 Quest 'AnanagaTech_Quest' can be given now
I       QuestState.cpp[0904]01/07 14:19:51 Quest 'MrShlyapa2_Quest' can be given now
I       QuestState.cpp[0904]01/07 14:19:51 Quest 'ToCordanToTikhomir_Quest' can be given now
I       QuestState.cpp[0904]01/07 14:19:51 Quest 'r1m3_BonnyAndKlideQuest' can be given now
I       QuestState.cpp[0904]01/07 14:19:51 Quest 'r1m3_ArchHelp' can be given now
I       QuestState.cpp[0904]01/07 14:19:51 Quest 'r1m3_CrazyManQuest' can be given now
I       QuestState.cpp[0904]01/07 14:19:51 Quest 'r1m3_OldTownOutsiderCar2_Quest' can be given now
I       QuestState.cpp[0904]01/07 14:19:51 Quest 'FightForPesht' can be given now
I       QuestState.cpp[0904]01/07 14:19:51 Quest 'd_RideAcrossBase_Quest' can be given now
I       QuestState.cpp[0904]01/07 14:19:51 Quest 'd_GiveMoneyToBase_Quest' can be given now
I       QuestState.cpp[0904]01/07 14:19:51 Quest 'd_GetBomb_Quest' can be given now
I       QuestState.cpp[0904]01/07 14:19:51 Quest 'd_IntrigaOfMerMinin_Quest' can be given now
I       QuestState.cpp[0904]01/07 14:19:51 Quest 'd_MoveFreelancersToOilMine_Quest' can be given now
I       QuestState.cpp[0904]01/07 14:19:51 Quest 'd_MoveCanistraToMinin_Quest' can be given now
I       QuestState.cpp[0904]01/07 14:19:51 Quest 'd_OpenTunel_Quest' can be given now
I       QuestState.cpp[0904]01/07 14:19:51 Quest 'r1m3_TalkWithThiefFromFatherHouse' can be given now
I       QuestState.cpp[0904]01/07 14:19:51 Quest 'r1m3_MoveToOraculAfterThief' can be given now
I       QuestState.cpp[0904]01/07 14:19:51 Quest 'r1m3_ToLisaToAsgard' can be given now
I       QuestState.cpp[0904]01/07 14:19:51 Quest 'r1m3_TW_OralceAboutAlien' can be given now
I       QuestState.cpp[0904]01/07 14:19:51 Quest 'r1m3_DestroyRadiationSource' can be given now
I       QuestState.cpp[0904]01/07 14:19:51 Quest 'r2m1_DestroyAlienShip' can be given now
I       QuestState.cpp[0904]01/07 14:19:51 Quest 'd_PayWorkersMoney_Quest' can be given now
I       QuestState.cpp[0904]01/07 14:19:51 Quest 'r2m1_TW_SellsCivilian' can be given now
I       QuestState.cpp[0904]01/07 14:19:51 Quest 'MorskieVrata2_Quest' can be given now
I       QuestState.cpp[0904]01/07 14:19:51 Quest 'Zachisti1_Quest' can be given now
I       QuestState.cpp[0904]01/07 14:19:51 Quest 'LisaVPeshte' can be given now
I       QuestState.cpp[0904]01/07 14:19:51 Quest 'LisaUBena' can be given now
I       QuestState.cpp[0904]01/07 14:19:51 Quest 'WhereSigns_Quest' can be given now
I       QuestState.cpp[0904]01/07 14:19:51 Quest 'CombatInKollizey_Quest' can be given now
I       QuestState.cpp[0904]01/07 14:19:51 Quest 'BuyKollizey_Quest' can be given now
I       QuestState.cpp[0904]01/07 14:19:51 Quest 'Kollizey_Quest' can be given now
I       QuestState.cpp[0904]01/07 14:19:51 Quest 'HelpRuins_Quest' can be given now
I       QuestState.cpp[0904]01/07 14:19:51 Quest 'DestroyRuins_Quest' can be given now
I       QuestState.cpp[0904]01/07 14:19:51 Quest 'DestroyRuins2_Quest' can be given now
I       QuestState.cpp[0904]01/07 14:19:51 Quest 'Signs_Quest' can be given now
I       QuestState.cpp[0904]01/07 14:19:51 Quest 'MrShlyapa1_Quest' can be given now
I       QuestState.cpp[0904]01/07 14:19:51 Quest 'FindBen2_Quest' can be given now
I       QuestState.cpp[0904]01/07 14:19:51 Quest 'd_FindHouseOfBen_Quest' can be given now
I       QuestState.cpp[0904]01/07 14:19:51 Quest 'r1m2_TW_BanAboutAlien' can be given now
I       QuestState.cpp[0904]01/07 14:19:51 Quest 'r1m3_DestroyOracle' can be given now
I       QuestState.cpp[0904]01/07 14:19:51 Quest 'Pomiritsa_Quest' can be given now
I       QuestState.cpp[0904]01/07 14:19:51 Quest 'VYar_Quest' can be given now
I       QuestState.cpp[0904]01/07 14:19:51 Quest 'FindBenMZ_Quest' can be given now
I       QuestState.cpp[0904]01/07 14:19:51 Quest 'QuickFindBen' can be given now
I       QuestState.cpp[0904]01/07 14:19:51 Quest 'OpenMid_Quest' can be given now
I       QuestState.cpp[0904]01/07 14:19:51 Quest 'TalkBeforeDesert' can be given now
I       QuestState.cpp[0904]01/07 14:19:51 Quest 'ZashitaGotova' can be given now
I       QuestState.cpp[0904]01/07 14:19:51 Quest 'FakeQuest1' can be given now
I       QuestState.cpp[0904]01/07 14:19:51 Quest 'Chehly_Quest' can be given now
I       QuestState.cpp[0904]01/07 14:19:51 Quest 'WorkGiver_Quest1' can be given now
I       QuestState.cpp[0904]01/07 14:19:51 Quest 'd_PunishBandits_Quest' can be given now
I       QuestState.cpp[0904]01/07 14:19:51 Quest 'r1m1_Hospital_Quest' can be given now
I       QuestState.cpp[0904]01/07 14:19:51 Quest 'r1m1_Botanik_Quest' can be given now
I       QuestState.cpp[0904]01/07 14:19:51 Quest 'r1m1_FindBotanik_Quest' can be given now
I       QuestState.cpp[0904]01/07 14:19:51 Quest 'Buyer_Quest1' can be given now
I       QuestState.cpp[0904]01/07 14:19:51 Quest 'FirstTimePlay' can be given now
I       QuestState.cpp[0904]01/07 14:19:51 Quest 'TalkWithFather_Quest' can be given now
I       QuestState.cpp[0904]01/07 14:19:51 Quest 'LisaAtSouth' can be given now
I       QuestState.cpp[0904]01/07 14:19:51 Quest 'FindBen_Quest' can be given now
I       QuestState.cpp[0904]01/07 14:19:51 Quest 'FindBenAgain_Quest' can be given now
I       QuestState.cpp[0904]01/07 14:19:51 Quest 'd_SinFather_Quest' can be given now
I       QuestState.cpp[0904]01/07 14:19:51 Quest 'TalkToVasily' can be given now
I       QuestState.cpp[0904]01/07 14:19:51 Quest 'CheckTheEast' can be given now
I       QuestState.cpp[0904]01/07 14:19:51 Quest 'BenSouth_Quest' can be given now
I           server.cpp[0826]01/07 14:19:51 	AI: QuestStates loaded
I           server.cpp[0828]01/07 14:19:51 	AI: Loading DynamicScene
I     DynamicScene.cpp[1470]01/07 14:19:51 		 Scene loading begin
I     DynamicScene.cpp[1472]01/07 14:19:51 		 Scene loading end
I           server.cpp[0837]01/07 14:19:51 	AI: DynamicScene loaded
I           server.cpp[0852]01/07 14:19:51 	AI: Loading Triggers
E           server.cpp[1242]01/07 14:19:51 Error: cannot open data\maps\MainMenu\
I           server.cpp[0855]01/07 14:19:51 	AI: Triggers loaded
I           server.cpp[0857]01/07 14:19:51 	AI: Loading Object Names
E     ObjContainer.cpp[1104]01/07 14:19:51 Error: cannot open data\maps\MainMenu\object_names.xml
I           server.cpp[0868]01/07 14:19:51 	AI: Initing Player
I           server.cpp[0888]01/07 14:19:51 		Before first Update
I   TruxxUiManager.cpp[1422]01/07 14:19:51 Game mode changed. Old mode = 2, new mode = 1
I           server.cpp[0909]01/07 14:19:51 		After first Update
I           server.cpp[0911]01/07 14:19:51 AI: Finished Loading Server
I           view32.cpp[1106]01/07 14:19:51 Load server end
I        QuestInfo.cpp[0847]01/07 14:19:51 Quest infos were loaded successfully from file data\if\diz\QuestInfoGlobal.xml
I        QuestInfo.cpp[0783]01/07 14:19:51 QuestInfo manager was inited successfully
I       MsgManager.cpp[0391]01/07 14:19:51 Can't open file data\maps\MainMenu\strings.xml for read.
I    GameUiManager.cpp[0303]01/07 14:19:51 Interface: is initializing...
I    GameUiManager.cpp[0405]01/07 14:19:51 Interface: is clearing...
I    GameUiManager.cpp[0495]01/07 14:19:51 Interface: is cleared successfully
I    GameUiManager.cpp[0395]01/07 14:19:51 Interface: is inited successfully
I blockMusicManager.cpp[0199]01/07 14:19:51 BlockMusicManager: resetting
I      gameimpulse.cpp[0618]01/07 14:19:51 Key bindings: unbind all is done
I      gameimpulse.cpp[0618]01/07 14:19:51 Key bindings: unbind all is done
I      gameimpulse.cpp[0324]01/07 14:19:51 Key bindings: were loaded successfully from file data/profiles/riverzone\KeyBindings.lua
I      gameimpulse.cpp[1222]01/07 14:19:51 Key bindings: were loaded from profile
I        SplashWnd.cpp[0244]01/07 14:20:00 Start splashing 11
I   TruxxUiManager.cpp[1422]01/07 14:20:00 Game mode changed. Old mode = 1, new mode = 0
I    GameUiManager.cpp[0405]01/07 14:20:00 Interface: is clearing...
I    GameUiManager.cpp[0495]01/07 14:20:00 Interface: is cleared successfully
I           view32.cpp[1048]01/07 14:20:00 -- Loading Level: data\maps\r8m1_test.ssl --
I            world.cpp[0132]01/07 14:20:00 ----------------------- World Loading
F        landscape.cpp[1674]01/07 14:20:00  +- Enter function: Landscape::Load()
I        landscape.cpp[1911]01/07 14:20:00  |  ----------------------- Normal map loaded in: 7
I        landscape.cpp[1920]01/07 14:20:00  |  ----------------------- Tiles loaded in: 24
I        landscape.cpp[1944]01/07 14:20:00  |  ----------------------- ShoreLine loaded in: 1
F        landscape.cpp[1944]01/07 14:20:00  +- Exit function: Landscape::Load()
I            world.cpp[0169]01/07 14:20:00 ----------------------- Landscape loaded in: 107
I       DataServer.cpp[0587]01/07 14:20:00 Loading Servers: data\maps\r8m1_test\servers.xml
I       DataServer.cpp[0594]01/07 14:20:00 Load servers: ReadXmlFile: Cannot open file data\maps\r8m1_test\servers.xml
I       DataServer.cpp[0587]01/07 14:20:00 Loading Servers: data\models\servers.xml
E        GamParser.cpp[0399]01/07 14:20:00 AnimatedModel::LoadGAM -- cannot open file data\models\objects\dweller_debik.gam
E        GamParser.cpp[0399]01/07 14:20:01 AnimatedModel::LoadGAM -- cannot open file data\models\Masks\Main\mask_debik.gam
E       DraftModel.cpp[1002]01/07 14:20:02 Error: Couldn't load texture data\models\vehicles\belaz\cab01_mt.dds for model cargov1.gam
E       DraftModel.cpp[1002]01/07 14:20:02 Error: Couldn't load texture data\models\vehicles\belaz\cab01_mt.dds for model cargov1.gam
E       DraftModel.cpp[1002]01/07 14:20:02 Error: Couldn't load texture data\models\vehicles\belaz\cab01_mt.dds for model cargov1.gam
E       DraftModel.cpp[1002]01/07 14:20:02 Error: Couldn't load texture data\models\vehicles\belaz\cab01_mt.dds for model cargov1.gam
E       DraftModel.cpp[1002]01/07 14:20:02 Error: Couldn't load texture data\models\vehicles\belaz\cab01_mt.dds for model cargov1.gam
E       DraftModel.cpp[1002]01/07 14:20:02 Error: Couldn't load texture data\models\vehicles\belaz\cab01_mt.dds for model cargov1.gam
E       DraftModel.cpp[1002]01/07 14:20:02 Error: Couldn't load texture data\models\vehicles\belaz\cab01_mt.dds for model cargov1.gam
E       DraftModel.cpp[1002]01/07 14:20:02 Error: Couldn't load texture data\models\vehicles\belaz\cab01_mt.dds for model cargov1.gam
E       DraftModel.cpp[1002]01/07 14:20:02 Error: Couldn't load texture data\models\vehicles\belaz\cab01_mt.dds for model cargov1.gam
E serverAnimatedModel.cpp[0627]01/07 14:20:03 ServerAnimatedModels: cannot read file: file:data\models\AnimModels.xml id = dweller_brodyaga
E serverAnimatedModel.cpp[0627]01/07 14:20:03 ServerAnimatedModels: cannot read file: file:data\models\AnimModels.xml id = mask_debik
E serverAnimatedModel.cpp[0627]01/07 14:20:03 ServerAnimatedModels: cannot read file: file:data\models\AnimModels.xml id = big_brock_wall
E serverAnimatedModel.cpp[0627]01/07 14:20:03 ServerAnimatedModels: cannot read file: file:data\models\AnimModels.xml id = dub1_r2
E serverAnimatedModel.cpp[0627]01/07 14:20:03 ServerAnimatedModels: cannot read file: file:data\models\AnimModels.xml id = boss_barrel
I serverAnimatedModel.cpp[0630]01/07 14:20:03 ### Total time: 3407, GAM time: 3125
I       DataServer.cpp[0587]01/07 14:20:03 Loading Servers: data\models\commonservers.xml
E      serverMusic.cpp[0216]01/07 14:20:03 MusicServer: cannot read file: data\music\music.xml id = 'LaBelleTown'
E      serverMusic.cpp[0216]01/07 14:20:03 MusicServer: cannot read file: data\music\music.xml id = 'block6_driving2'
I            world.cpp[0210]01/07 14:20:03 ----------------------- Servers loaded in: 3624
I            world.cpp[0338]01/07 14:20:03 LoadWorld begin...
I            world.cpp[0350]01/07 14:20:03 %%%% read/parse xml: 19
I            world.cpp[0362]01/07 14:20:03 %%%% read from xml: 9
I            world.cpp[0444]01/07 14:20:03 %%%% link nodes: 50
I            world.cpp[0220]01/07 14:20:03 ----------------------- Nodes loaded in: 78
I            world.cpp[0228]01/07 14:20:03 ----------------------- Prefabs loaded in: 1
I            world.cpp[0247]01/07 14:20:04 ----------------------- World loaded in: 3878
