-==- -==- -==- -==- -==- -==- -==- -==- -==- -==- -==- -==- -==- -==- -==-
-==
-== Log category   : Unhandled exception info
-== Build          : ExMachina - release version release build v1.02 (Dec 21 2005 12:15:04)
-==
-== Exception      : 0xC0000005 at address 0x10A9DA4C
-== Exception type : ACCESS VIOLATION  read attempt to address 0x7C2F665B 
-==
-==- -==- -==- -==- -==- -==- -==- -==- -==- -==- -==- -==- -==- -==- -==-

1: 07/01/26 14:20:04
1: Physical memory = 4095 MB
1: Total memory    = 4095 MB
1: Physical memory available      = 4095 MB
1: Total virtual memory           = 4095 MB
1: Total virtual memory available = 1998 MB
1: Page file available            = 4095 MB

1: Data from MemoryManager:
1: mem used:           243071306
1: mem allocated:      285269753
1: mem overhead:        23081952
1: last allocation:            0
1: mem used by sound:   77099398


1:   0     createIRenderer +631276 bytes
1:     Decl: createIRenderer
1:     Mod:  dxrender9, base: 109f0000h

1:   1     createIRenderer +633496 bytes
1:     Decl: createIRenderer
1:     Mod:  dxrender9, base: 109f0000h

1:   2     createIRenderer +649382 bytes
1:     Decl: createIRenderer
1:     Mod:  dxrender9, base: 109f0000h

1:   3     createIRenderer +229141 bytes
1:     Decl: createIRenderer
1:     Mod:  dxrender9, base: 109f0000h

1:   4     createIRenderer +188447 bytes
1:     Decl: createIRenderer
1:     Mod:  dxrender9, base: 109f0000h


Registers:
	CS:EIP 0x0023:10A9DA4C
	SS:ESP 0x002B:039C3EA0
	DS:EDI 0x002B:83DB3C24
	ES:ESI 0x002B:00000000
	   EAX        7C2F664B
	   EBX        83DB3C24
	   ECX        000099B4
	   EDX        0E500574

